02-03 22:36:58.939   370  1147 D SensorService: SensorDevice::setDelay, Return(true 1, false 0) =  1
02-03 22:36:58.939   370   385 D InputTransport: Input channel constructed: name='439378c8 com.facebook.katana/com.facebook.camera.activity.CameraActivity (server)', fd=316
02-03 22:36:58.939   370   385 D InputTransport: Input channel constructed: name='439378c8 com.facebook.katana/com.facebook.camera.activity.CameraActivity (client)', fd=396
02-03 22:36:58.939   370   385 D InputTransport: Input channel destroyed: name='439378c8 com.facebook.katana/com.facebook.camera.activity.CameraActivity (client)', fd=396
02-03 22:36:58.939  7673  7673 D InputTransport: Input channel constructed: name='439378c8 com.facebook.katana/com.facebook.camera.activity.CameraActivity (client)', fd=182
02-03 22:36:58.939  7673  7673 D AbsListView: unregisterIRListener() is called 
02-03 22:36:58.949   370   541 E Sensors : activatePendingSensors : mEnabled = 30
02-03 22:36:58.949   370   541 E Sensors : requested_sensors(70) from kernel
02-03 22:36:58.949   370   541 I Sensors : Disabled 9 axis sensor fusion
02-03 22:36:58.959   370   541 I MPL-mldl_cfg_mpu:: inv_mpu_suspend(,,,,7fff) -> 0000
02-03 22:36:58.959   370   541 V Sensors : calling inv_set_mpu_sensors(0003f0)
02-03 22:36:58.959   370   541 I MPL-fifo: Actual ODR: 5000 mHz
02-03 22:36:58.959   370   541 E Sensors : set fifo rate - divider : 13, delay : 66 ms (15.00 Hz)
02-03 22:36:58.969   370   541 I MPL-fifo: Actual ODR: 14285 mHz
02-03 22:36:58.979   370   541 V Sensors : Starting DMP
02-03 22:36:58.979   370   541 I Sensors : Enabled 9 axis sensor fusion
02-03 22:36:58.979   370   541 I MPL-mldl_cfg_mpu:: inv_mpu_resume(,,,,03f0) -> 03f0
02-03 22:36:58.979   370   914 D InputDispatcher: Focus entered window: Window{439378c8 u0 com.facebook.katana/com.facebook.camera.activity.CameraActivity}
02-03 22:36:59.019   149   340 D CameraClient: stopPreview (pid 7673)
02-03 22:36:59.019   149   340 D SecCameraCoreManager: disableMsgType: 0x10
02-03 22:36:59.019   149   340 W QualcommCamera2: Q void android::disable_msg_type(camera_device*, int32_t): E
02-03 22:36:59.019   149   340 I CameraClient: stopPreview: Disable picture related messages
02-03 22:36:59.019   149   340 D SecCameraCoreManager: disableMsgType: 0x3c2
02-03 22:36:59.019   149   340 W QualcommCamera2: Q void android::disable_msg_type(camera_device*, int32_t): E
02-03 22:36:59.019   149   340 D SecCameraCoreManager: stopPreview
02-03 22:36:59.019   149   340 D ShotSingle: stopPreview
02-03 22:36:59.019   149   340 W QualcommCamera2: Q void android::disable_msg_type(camera_device*, int32_t): E
02-03 22:36:59.019   149   340 V ShotSingle: stopPreview(0)
02-03 22:36:59.019   149   340 W QualcommCamera2: Q void android::stop_preview(camera_device*): E
02-03 22:36:59.019   149   332 D SecCameraCoreManager: getParameters
02-03 22:36:59.019   149   332 D CameraClient: getParameters (pid 7673)
02-03 22:36:59.029   149   149 D CameraClient: setParameters (pid 7673)
02-03 22:36:59.029   149   149 D SecCameraCoreManager: setParameters
02-03 22:36:59.029   149   149 V ShotSingle: setParameters(0)
02-03 22:36:59.029   149   149 W QualcommCamera2: Q int android::set_parameters(camera_device*, const char*): E
02-03 22:36:59.029   149   149 W QCameraHWI_Parm: android::status_t android::QCameraHardwareInterface::setParameters(const android::QCameraParameters&): E
02-03 22:36:59.029   149   149 W QCameraHWI_Parm: @@@requested preview size 960 x 720
02-03 22:36:59.029   149   149 W QCameraHWI_Parm: type : 75 Value : 4
02-03 22:36:59.029   211  7983 E mm-camera: requested preview index 4
02-03 22:36:59.029   149   149 W QCameraHWI_Parm: @@@@setRecordSize: preview dimensions: 960x720
02-03 22:36:59.029   149   149 W QCameraHWI_Parm: @@@@setRecordSize: video dimensions: 960x720
02-03 22:36:59.029   149   149 W QCameraHWI_Parm: type : 75 Value : 19
02-03 22:36:59.029   211  7983 E mm-camera: requested preview index 19
02-03 22:36:59.029   149   149 W QCameraHWI_Parm: number of snapshots = 1
02-03 22:36:59.029   149   149 W QCameraHWI_Parm: type : 63 Value : 1
02-03 22:36:59.029   149   149 E QCameraHWI_Parm:  auto exposure value: NULL
02-03 22:36:59.029   149   149 E QCameraHWI_Parm: Wavelet Denoise is not supported for this sensor
02-03 22:36:59.029   149   149 W QCameraHWI_Parm: android::status_t android::QCameraHardwareInterface::setParameters(const android::QCameraParameters&): X
02-03 22:36:59.029   149   799 D CameraClient: setPreviewTexture(0xb73a6bb8) (pid 7673)
02-03 22:36:59.029   149   799 D SecCameraCoreManager: previewEnabled
02-03 22:36:59.029   149   799 W QualcommCamera2: Q int android::preview_enabled(camera_device*): E
02-03 22:36:59.029   149   799 W QCameraHWI: int android::QCameraHardwareInterface::previewEnabled(): mPreviewState = 0
02-03 22:36:59.029   149   340 D CameraClient: startPreview (pid 7673)
02-03 22:36:59.029   149   340 D CameraClient: startCameraMode(0)
02-03 22:36:59.029   149   340 D CameraClient: startPreviewMode
02-03 22:36:59.029   149   340 D SecCameraCoreManager: previewEnabled
02-03 22:36:59.029   149   340 W QualcommCamera2: Q int android::preview_enabled(camera_device*): E
02-03 22:36:59.029   149   340 W QCameraHWI: int android::QCameraHardwareInterface::previewEnabled(): mPreviewState = 0
02-03 22:36:59.029   149   340 D SecCameraCoreManager: setPreviewWindow
02-03 22:36:59.029   149   340 W QCameraHWI: [setPreviewWindow:3004] E mPreviewState = 0, mStreamDisplay = 0x0xb73e77b8
02-03 22:36:59.039   149   340 W QCameraHWI: android::status_t android::QCameraHardwareInterface::setPreviewWindow(preview_stream_ops_t*): mPreviewWindow = 0x0xb73c6068, mStreamDisplay = 0x0xb73e77b8
02-03 22:36:59.039   149   340 W QCameraHWI_Preview:  setPreviewWindow: E 
02-03 22:36:59.039   149   340 W QCameraHWI:  setPreviewWindow : X, mPreviewState = 0
02-03 22:36:59.039   149   340 D SecCameraCoreManager: startPreview
02-03 22:36:59.039   149   340 D SecCameraCoreManager: virtual android::status_t android::SecCameraCoreManager::startPreview():start IT Policy checking thread
02-03 22:36:59.039   149   340 D ShotSingle: startPreview
02-03 22:36:59.039   149   340 V ShotSingle: startPreview(0)
02-03 22:36:59.039   149   340 W QualcommCamera2: Q int android::start_preview(camera_device*): E
02-03 22:36:59.039   149   340 W QCameraHWI: <1149>startPreview: mPreviewState =0
02-03 22:36:59.039   149   340 W QCameraHWI: <1158> start preview now
02-03 22:36:59.039   211  7983 E mm-camera: config_CAMERA_SET_PARM_DIMENSION: 826
02-03 22:36:59.039   211  7983 E mm-camera: nishu input dimensions are 		picture w = 320, picture h = 240 		display w = 960, display h = 720 		video w = 960, video h = 720 		orig video w = 960, orig video h = 720 		orig pict w = 0, orig pict h = 0 		orig pict dx = 320, orig pict dy = 240 		raw pict w = 6528, raw pich h = 2448 		thumb w = 320, thumb h = 240 		orig thumb w = 0, orig thumb h = 0 		jpeg  w = 3264, jpeg h = 2448 		ui thumb w = 320, ui thumb h = 240,                 prev_format = 1, enc_format = 0,                 thumb_format = 3, main_img_format = 3 
02-03 22:36:59.039   211  7983 E mm-camera: nishu the dimensions are 		picture w = 320, picture h = 240 		display w = 960, display h = 720 		video w = 960, video h = 720 		orig video w = 960, orig video h = 720 		orig pict w = 0, orig pict h = 0 		orig pict dx = 320, orig pict dy = 240 		raw pict w = 1920, raw pich h = 720 		thumb w = 320, thumb h = 240 		orig thumb w = 0, orig thumb h = 0 		jpeg  w = 3264, jpeg h = 2448 		ui thumb w = 320, ui thumb h = 240 
02-03 22:36:59.039   211  7983 E mm-camera: config_CAMERA_SET_PARM_DIMENSION: Calling zoom_set_parms for DIM
02-03 22:36:59.039   211  7983 E mm-camera: config_CAMERA_SET_PARM_DIMENSION: rc = 0, pic_fmt = 3, thumb_fmt = 3, prev_fmt = 1, enc_fmt = 0, rotation = 0
02-03 22:36:59.039   149   340 W QCameraStream: android::status_t android::QCameraStream::setMode(int) :myMode 9 
02-03 22:36:59.039   149   340 W QCameraStream: android::status_t android::QCameraStream::setMode(int) :myMode 9 
02-03 22:36:59.039   149   340 W QCameraStream: android::status_t android::QCameraStream::setMode(int) :myMode 9 
02-03 22:36:59.039   149   340 W QCameraHWI: <9> myMode = 0
02-03 22:36:59.039   149   340 W QCameraHWI_Preview:  setPreviewWindow: E 
02-03 22:36:59.039   149   340 W QCameraHWI: <DEBUG><842>myMode = 9, ZSL mode = 8
02-03 22:36:59.039   211  7983 E mm-camera: config_v4l2_request, type = 0
02-03 22:36:59.039   211  7983 E mm-camera: config_MSM_V4L2_VID_CAP_TYPE rc=1
02-03 22:36:59.039   149   340 W QCameraStream: setFormat : Stream MM_CAMERA_PARM_CH_IMAGE_FMT rc = 0
02-03 22:36:59.039   149   340 W QCameraHWI_Preview: <DEBUG><670> myMode = 9
02-03 22:36:59.039   149   340 W QCameraHWI_Preview: android::status_t android::QCameraStream_preview::getBufferFromSurface(): display_width = 960, display_height = 720, format = 17
02-03 22:36:59.049  7673  7690 D ROBOT_EVENT_ALF: here18
02-03 22:36:59.049  7673  7690 D ROBOT_EVENT_ALF: here2
02-03 22:36:59.049  7673  7690 D ROBOT_UTIL_ALF: out!
02-03 22:36:59.049  7673  7690 D ROBOT_UTIL_ALF: activity: com.facebook.camera.activity.CameraActivity
02-03 22:36:59.049   149   340 W QCameraHWI_Preview: android::status_t android::QCameraStream_preview::getBufferFromSurface(): dequeue buf: 3074382268
02-03 22:36:59.049   149   340 W QCameraHWI_Preview: android::status_t android::QCameraStream_preview::getBufferFromSurface(): idx = 0, fd = 75, size = 1040384, offset = 0
02-03 22:36:59.049  7673  7690 D ROBOT_EVENT_ALF: here17com.jayway.android.robotium.solo.Sleeper@428f95e0
02-03 22:36:59.049   149   340 W QCameraHWI_Preview: android::status_t android::QCameraStream_preview::getBufferFromSurface(): dequeue buf: 3074374964
02-03 22:36:59.049   149   340 W QCameraHWI_Preview: android::status_t android::QCameraStream_preview::getBufferFromSurface(): idx = 1, fd = 80, size = 1040384, offset = 0
02-03 22:36:59.059   149   340 W QCameraHWI_Preview: android::status_t android::QCameraStream_preview::getBufferFromSurface(): dequeue buf: 3074383380
02-03 22:36:59.059   149   340 W QCameraHWI_Preview: android::status_t android::QCameraStream_preview::getBufferFromSurface(): idx = 2, fd = 84, size = 1040384, offset = 0
02-03 22:36:59.059   149   340 W QCameraHWI_Preview: android::status_t android::QCameraStream_preview::getBufferFromSurface(): dequeue buf: 3074383996
02-03 22:36:59.059   149   340 W QCameraHWI_Preview: android::status_t android::QCameraStream_preview::getBufferFromSurface(): idx = 3, fd = 88, size = 1040384, offset = 0
02-03 22:36:59.059   149   340 W QCameraHWI_Preview: android::status_t android::QCameraStream_preview::getBufferFromSurface(): dequeue buf: 3074384612
02-03 22:36:59.059   149   340 W QCameraHWI_Preview: android::status_t android::QCameraStream_preview::getBufferFromSurface(): idx = 4, fd = 92, size = 1040384, offset = 0
02-03 22:36:59.059   149   340 W QCameraHWI_Preview: Debug : virtual android::status_t android::QCameraStream_preview::start() : initDisplayBuffers
02-03 22:36:59.059   149   340 E mm-camera: mm_camera_stream_util_reg_buf: stream fd=70, ioctl VIDIOC_REQBUFS: memtype = 2, num_frames = 5, rc=0
02-03 22:36:59.059   149   340 E mm-camera: mm_camera_stream_util_reg_buf: stream_fd = 70, frame_fd = 75, frame ID = 0, offset = 0
02-03 22:36:59.059   149   340 E mm-camera: mm_camera_stream_util_reg_buf: stream_fd = 70, frame_fd = 80, frame ID = 1, offset = 0
02-03 22:36:59.059   149   340 E mm-camera: mm_camera_stream_util_reg_buf: stream_fd = 70, frame_fd = 84, frame ID = 2, offset = 0
02-03 22:36:59.059   149   340 E mm-camera: mm_camera_stream_util_reg_buf: stream_fd = 70, frame_fd = 88, frame ID = 3, offset = 0
02-03 22:36:59.059   149   340 E mm-camera: mm_camera_stream_util_reg_buf: stream_fd = 70, frame_fd = 92, frame ID = 4, offset = 0
02-03 22:36:59.059   149   340 W QCameraHWI_Preview: Debug : virtual android::status_t android::QCameraStream_preview::start() : cam_config_prepare_buf
02-03 22:36:59.059   149   340 W QCameraHWI_Preview: Setting OP MODE to MM_CAMERA_OP_MODE_ZSL
02-03 22:36:59.069   211  7983 E mm-camera: config_v4l2_request, type = 1
02-03 22:36:59.069   211  7983 E mm-camera: nishu v4l2 stream on request 
02-03 22:36:59.069   211  7983 E mm-camera: vnode_id = 0, op_mode = 4 
02-03 22:36:59.069   211  7983 E mm-camera: config_MSM_V4L2_STREAM_ON: vfeMode = 0
02-03 22:36:59.069   149   340 W QCameraHWI_Preview: virtual android::status_t android::QCameraStream_preview::start() : Preview streaming Started
02-03 22:36:59.069   149   340 W QCameraHWI_Parm: number of snapshots = 1
02-03 22:36:59.069   149   340 W QCameraHWI_Parm: type : 63 Value : 1
02-03 22:36:59.069   211  7983 E mm-camera: config_CAMERA_SET_PARM_DIMENSION: 826
02-03 22:36:59.069   211  7983 E mm-camera: nishu input dimensions are 		picture w = 3264, picture h = 2448 		display w = 960, display h = 720 		video w = 960, video h = 720 		orig video w = 960, orig video h = 720 		orig pict w = 0, orig pict h = 0 		orig pict dx = 320, orig pict dy = 240 		raw pict w = 1920, raw pich h = 720 		thumb w = 320, thumb h = 240 		orig thumb w = 0, orig thumb h = 0 		jpeg  w = 3264, jpeg h = 2448 		ui thumb w = 960, ui thumb h = 720,                 prev_format = 1, enc_format = 0,                 thumb_format = 3, main_img_format = 3 
02-03 22:36:59.069   211  7983 E mm-camera: nishu the dimensions are 		picture w = 960, picture h = 720 		display w = 960, display h = 720 		video w = 960, video h = 720 		orig video w = 960, orig video h = 720 		orig pict w = 0, orig pict h = 0 		orig pict dx = 960, orig pict dy = 720 		raw pict w = 1920, raw pich h = 720 		thumb w = 960, thumb h = 720 		orig thumb w = 0, orig thumb h = 0 		jpeg  w = 3264, jpeg h = 2448 		ui thumb w = 960, ui thumb h = 720 
02-03 22:36:59.069   211  7983 E mm-camera: config_CAMERA_SET_PARM_DIMENSION: Calling zoom_set_parms for DIM
02-03 22:36:59.069   211  7983 E mm-camera: config_CAMERA_SET_PARM_DIMENSION: rc = 0, pic_fmt = 3, thumb_fmt = 3, prev_fmt = 1, enc_fmt = 0, rotation = 0
02-03 22:36:59.069   149   340 W QCameraHWI_Still: initSnapshotFormat : mIsYuv = 1
02-03 22:36:59.069   211  7983 E mm-camera: config_v4l2_request, type = 0
02-03 22:36:59.069   211  7983 E mm-camera: config_MSM_V4L2_VID_CAP_TYPE rc=1
02-03 22:36:59.069   211  7983 E mm-camera: config_v4l2_request, type = 0
02-03 22:36:59.069   211  7983 E mm-camera: config_MSM_V4L2_VID_CAP_TYPE rc=1
02-03 22:36:59.069   149   340 W QCameraHWI_Still: @@@initSnapshotBuffers : 0, -1
02-03 22:36:59.069   149   340 W QCameraHWI_Still: <DEBUG>initSnapshotBuffers : myMode is 9
02-03 22:36:59.069   149   340 W QCameraHWI_Still: <DEBUG><1245> frame_len:7990272
02-03 22:36:59.069   149   340 W QCameraHWI_Still: <DEBUG><1316> myMode:9
02-03 22:36:59.079   149   340 E mm-camera: mm_camera_stream_util_reg_buf: stream fd=87, ioctl VIDIOC_REQBUFS: memtype = 2, num_frames = 5, rc=0
02-03 22:36:59.079   149   340 E mm-camera: mm_camera_stream_util_reg_buf: stream_fd = 87, frame_fd = 102, frame ID = 0, offset = 0
02-03 22:36:59.079   149   340 E mm-camera: mm_camera_stream_util_reg_buf: stream_fd = 87, frame_fd = 105, frame ID = 1, offset = 0
02-03 22:36:59.079   149   340 E mm-camera: mm_camera_stream_util_reg_buf: stream_fd = 87, frame_fd = 108, frame ID = 2, offset = 0
02-03 22:36:59.079   149   340 E mm-camera: mm_camera_stream_util_reg_buf: stream_fd = 87, frame_fd = 111, frame ID = 3, offset = 0
02-03 22:36:59.079   149   340 E mm-camera: mm_camera_stream_util_reg_buf: stream_fd = 87, frame_fd = 114, frame ID = 4, offset = 0
02-03 22:36:59.079   149   340 E mm-camera: <DEBUG>: Completed register for main rc:0
02-03 22:36:59.079   149   340 E mm-camera: mm_camera_stream_util_reg_buf: stream fd=91, ioctl VIDIOC_REQBUFS: memtype = 2, num_frames = 5, rc=0
02-03 22:36:59.079   149   340 E mm-camera: mm_camera_stream_util_reg_buf: stream_fd = 91, frame_fd = 117, frame ID = 0, offset = 0
02-03 22:36:59.079   149   340 E mm-camera: mm_camera_stream_util_reg_buf: stream_fd = 91, frame_fd = 120, frame ID = 1, offset = 0
02-03 22:36:59.079   149   340 E mm-camera: mm_camera_stream_util_reg_buf: stream_fd = 91, frame_fd = 123, frame ID = 2, offset = 0
02-03 22:36:59.079   149   340 E mm-camera: mm_camera_stream_util_reg_buf: stream_fd = 91, frame_fd = 126, frame ID = 3, offset = 0
02-03 22:36:59.079   149   340 E mm-camera: mm_camera_stream_util_reg_buf: stream_fd = 91, frame_fd = 129, frame ID = 4, offset = 0
02-03 22:36:59.079   149   340 E mm-camera: <DEBUG>: Completed register for thumbnail rc:0
02-03 22:36:59.079   211  7983 E mm-camera: config_v4l2_request, type = 1
02-03 22:36:59.079   211  7983 E mm-camera: nishu v4l2 stream on request 
02-03 22:36:59.079   211  7983 E mm-camera: vnode_id = 0, op_mode = 4 
02-03 22:36:59.079   211  7983 E mm-camera: config_MSM_V4L2_STREAM_ON: vfeMode = 0
02-03 22:36:59.079   211  7983 E mm-camera: config_v4l2_request, type = 1
02-03 22:36:59.079   211  7983 E mm-camera: nishu v4l2 stream on request 
02-03 22:36:59.079   211  7983 E mm-camera: vnode_id = 0, op_mode = 4 
02-03 22:36:59.079   211  7983 E mm-camera: config_CAMERA_START_ZSL: ctrl->state = 0
02-03 22:36:59.079   211  7983 E mm-camera: config_CAMERA_START_ZSL: return ctrlCmd->status = 1 
02-03 22:36:59.079   211  7983 E mm-camera: config_MSM_V4L2_STREAM_ON: vfeMode = 5
02-03 22:36:59.079   211  7983 E mm-camera: config_MSM_V4L2_STREAM_ON: Calling zoom_set_parms for MODE
02-03 22:36:59.079   211  7983 E mm-camera: config_CAMERA_DEFAULT_ZOOM:out1w=960,out1h=720,out2w=960,out2h=720, pixel=0, 959, line = 0, 719
02-03 22:36:59.079   211  7983 E mm-camera: zoom_get_crop_factor: crop_factor = 4096
02-03 22:36:59.079   211  7983 E mm-camera: config_CAMERA_DEFAULT_ZOOM: vfe_set_params x=0,y=0,crop_x=960,crop_y=720
02-03 22:36:59.079   211  7983 E mm-camera: vfe_set_params: crop_factor 4096
02-03 22:36:59.079   211  7983 E mm-camera: config_CAMERA_DEFAULT_ZOOM: vfe_set_params x=0,y=0,crop_x=960,crop_y=720,vfe_rc = 0
02-03 22:36:59.079   211  7983 E mm-camera: config_MSG_ID_RESET_ACK: nishu state = 1
02-03 22:36:59.079   211  7983 E mm-camera: config_MSG_ID_RESET_ACK: 2010
02-03 22:36:59.079   211  7983 E mm-camera: config_MSG_ID_RESET_ACK: videoHint = 0
02-03 22:36:59.079   211  7983 E mm-camera: config_MSG_ID_RESET_ACK: vfeMode = 5
02-03 22:36:59.089   149  7984 W QCameraHWI: <DEBUG><842>myMode = 9, ZSL mode = 8
02-03 22:36:59.089   149  7986 W QCameraHWI: <DEBUG><842>myMode = 9, ZSL mode = 8
02-03 22:36:59.129   211  7983 E mm-camera: config_MSG_ID_RESET_ACK: 2095
02-03 22:36:59.129   211  7983 E mm-camera: config_MSG_ID_RESET_ACK : cfg_ctrl->intelligentMode = 0..
02-03 22:36:59.129   211  7983 E mm-camera: config_MSG_ID_RESET_ACK: 2128
02-03 22:36:59.129   211  7983 E mm-camera: config_MSG_ID_RESET_ACK: 2135
02-03 22:36:59.129   211  7983 E mm-camera: config_MSG_ID_RESET_ACK: 2182
02-03 22:36:59.129   211  7983 E mm-camera: config_MSG_ID_RESET_ACK: 2189
02-03 22:36:59.129   211  7983 E mm-camera: config_MSG_ID_RESET_ACK: 2241
02-03 22:36:59.129   211  7983 E mm-camera: config_MSG_ID_RESET_ACK: 2270
02-03 22:36:59.129   211  7983 E mm-camera: nishu vfe operation mode config 
02-03 22:36:59.129   211  7983 E mm-camera: vfe_main_scaler_config: main_scaler_cmd.inWidth = 960
02-03 22:36:59.129   211  7983 E mm-camera: vfe_main_scaler_config: main_scaler_cmd.outWidth = 960
02-03 22:36:59.129   211  7983 E mm-camera: vfe_main_scaler_config: main_scaler_cmd.inHeight = 720
02-03 22:36:59.129   211  7983 E mm-camera: vfe_main_scaler_config: main_scaler_cmd.outHeight = 720
02-03 22:36:59.129   211  7983 E mm-camera: vfe_main_scaler_config: main_scaler_cmd.horizInterResolution = 3
02-03 22:36:59.129   211  7983 E mm-camera: vfe_main_scaler_config main_scaler_cmd.horizPhaseMult = 65536
02-03 22:36:59.129   211  7983 E mm-camera: vfe_main_scaler_config main_scaler_cmd.vertInterResolution = 3
02-03 22:36:59.129   211  7983 E mm-camera: vfe_main_scaler_config: main_scaler_cmd.vertPhaseMult = 65536
02-03 22:36:59.129   211  7983 E mm-camera: y_scaler_cmd.hinputSize = 960
02-03 22:36:59.129   211  7983 E mm-camera: y_scaler_cmd.houtputSize = 960
02-03 22:36:59.129   211  7983 E mm-camera: y_scaler_cmd.vinputSize = 720
02-03 22:36:59.139   211  7983 E mm-camera: y_scaler_cmd.voutputSize = 720
02-03 22:36:59.139   211  7983 E mm-camera: y_scaler_cmd.hinterpolationResolution = 3
02-03 22:36:59.139   211  7983 E mm-camera: y_scaler_cmd.hphaseMultiplicationFactor = 65536
02-03 22:36:59.139   211  7983 E mm-camera: y_scaler_cmd.vinterpolationResolution = 3
02-03 22:36:59.139   211  7983 E mm-camera: y_scaler_cmd.vphaseMultiplicationFactor = 65536
02-03 22:36:59.139   211  7983 E mm-camera: vfe_operation_config: format 6
02-03 22:36:59.139   211  7983 E mm-camera: nishu op config passed to kernel 
02-03 22:36:59.139   211  7983 E mm-camera: nishu vfe config passed
02-03 22:36:59.139   211  7983 E mm-camera: nishu axi parm config 
02-03 22:36:59.139   211  7983 E mm-camera: config_MSG_ID_RESET_ACK: 2355
02-03 22:36:59.139   211  7983 E mm-camera: axi_zsl_config: sensor_output_format = 1
02-03 22:36:59.139   211  7983 E mm-camera: nishu axi config 3264
02-03 22:36:59.139   211  7983 E mm-camera: nishu both are raw 
02-03 22:36:59.139   211  7983 E mm-camera: nishu axi_zsl_config
02-03 22:36:59.139   211  7983 E mm-camera: nishu AXI Output busCmd = 16383
02-03 22:36:59.139   211  7983 E mm-camera: nishu AXI Output busCfg = 44738417
02-03 22:36:59.139   211  7983 E mm-camera: nishu AXI Output xbarCfg0 = 10551489
02-03 22:36:59.139   211  7983 E mm-camera: nishu AXI Output xbarCfg1 = 1704705
02-03 22:36:59.139   211  7983 E mm-camera: nishu AXI Output busWrSkipCfg = 0
02-03 22:36:59.139   211  7983 E mm-camera: nishu axi_zsl_config: axi_write master 0 config
02-03 22:36:59.139   211  7983 E mm-camera: nishu AXI Output busUbOffset = 0
02-03 22:36:59.139   211  7983 E mm-camera: nishu AXI Output busUbDepth = 275
02-03 22:36:59.139   211  7983 E mm-camera: nishu AXI Output buslinesPerImage = 0
02-03 22:36:59.139   211  7983 E mm-camera: nishu AXI Output busdwordsPerLine = 255
02-03 22:36:59.139   211  7983 E mm-camera: nishu AXI Output busburstLength = 1
02-03 22:36:59.139   211  7983 E mm-camera: nishu AXI Output busbufferNumRows = 0
02-03 22:36:59.139   211  7983 E mm-camera: nishu AXI Output busrowIncrement = 512
02-03 22:36:59.139   211  7983 E mm-camera: nishu axi_zsl_config: axi_write master 1 config
02-03 22:36:59.139   211  7983 E mm-camera: nishu AXI Output busUbOffset = 0
02-03 22:36:59.139   211  7983 E mm-camera: nishu AXI Output busUbDepth = 0
02-03 22:36:59.139   211  7983 E mm-camera: nishu AXI Output buslinesPerImage = 0
02-03 22:36:59.139   211  7983 E mm-camera: nishu AXI Output busdwordsPerLine = 0
02-03 22:36:59.139   211  7983 E mm-camera: nishu AXI Output busburstLength = 0
02-03 22:36:59.139   211  7983 E mm-camera: nishu AXI Output busbufferNumRows = 0
02-03 22:36:59.139   211  7983 E mm-camera: nishu AXI Output busrowIncrement = 0
02-03 22:36:59.139   211  7983 E mm-camera: nishu axi_zsl_config: axi_write master 2 config
02-03 22:36:59.139   211  7983 E mm-camera: nishu AXI Output busUbOffset = 276
02-03 22:36:59.139   211  7983 E mm-camera: nishu AXI Output busUbDepth = 275
02-03 22:36:59.139   211  7983 E mm-camera: nishu AXI Output buslinesPerImage = 2447
02-03 22:36:59.139   211  7983 E mm-camera: nishu AXI Output busdwordsPerLine = 203
02-03 22:36:59.139   211  7983 E mm-camera: nishu AXI Output busburstLength = 1
02-03 22:36:59.139   211  7983 E mm-camera: nishu AXI Output busbufferNumRows = 2447
02-03 22:36:59.139   211  7983 E mm-camera: nishu AXI Output busrowIncrement = 408
02-03 22:36:59.139   211  7983 E mm-camera: nishu axi_zsl_config: axi_write master 3 config
02-03 22:36:59.139   211  7983 E mm-camera: nishu AXI Output busUbOffset = 734
02-03 22:36:59.139   211  7983 E mm-camera: nishu AXI Output busUbDepth = 99
02-03 22:36:59.139   211  7983 E mm-camera: nishu AXI Output buslinesPerImage = 719
02-03 22:36:59.139   211  7983 E mm-camera: nishu AXI Output busdwordsPerLine = 59
02-03 22:36:59.139   211  7983 E mm-camera: nishu AXI Output busburstLength = 1
02-03 22:36:59.139   211  7983 E mm-camera: nishu AXI Output busbufferNumRows = 719
02-03 22:36:59.139   211  7983 E mm-camera: nishu AXI Output busrowIncrement = 120
02-03 22:36:59.139   211  7983 E mm-camera: nishu axi_zsl_config: axi_write master 4 config
02-03 22:36:59.139   211  7983 E mm-camera: nishu AXI Output busUbOffset = 552
02-03 22:36:59.139   211  7983 E mm-camera: nishu AXI Output busUbDepth = 99
02-03 22:36:59.139   211  7983 E mm-camera: nishu AXI Output buslinesPerImage = 719
02-03 22:36:59.139   211  7983 E mm-camera: nishu AXI Output busdwordsPerLine = 59
02-03 22:36:59.139   211  7983 E mm-camera: nishu AXI Output busburstLength = 1
02-03 22:36:59.139   211  7983 E mm-camera: nishu AXI Output busbufferNumRows = 719
02-03 22:36:59.139   211  7983 E mm-camera: nishu AXI Output busrowIncrement = 120
02-03 22:36:59.139   211  7983 E mm-camera: nishu axi_zsl_config: axi_write master 5 config
02-03 22:36:59.139   211  7983 E mm-camera: nishu AXI Output busUbOffset = 652
02-03 22:36:59.139   211  7983 E mm-camera: nishu AXI Output busUbDepth = 81
02-03 22:36:59.139   211  7983 E mm-camera: nishu AXI Output buslinesPerImage = 359
02-03 22:36:59.139   211  7983 E mm-camera: nishu AXI Output busdwordsPerLine = 59
02-03 22:36:59.139   211  7983 E mm-camera: nishu AXI Output busburstLength = 1
02-03 22:36:59.139   211  7983 E mm-camera: nishu AXI Output busbufferNumRows = 359
02-03 22:36:59.139   211  7983 E mm-camera: nishu AXI Output busrowIncrement = 120
02-03 22:36:59.139   211  7983 E mm-camera: nishu axi_zsl_config: axi_write master 6 config
02-03 22:36:59.139   211  7983 E mm-camera: nishu AXI Output busUbOffset = 834
02-03 22:36:59.139   211  7983 E mm-camera: nishu AXI Output busUbDepth = 81
02-03 22:36:59.139   211  7983 E mm-camera: nishu AXI Output buslinesPerImage = 359
02-03 22:36:59.139   211  7983 E mm-camera: nishu AXI Output busdwordsPerLine = 59
02-03 22:36:59.139   211  7983 E mm-camera: nishu AXI Output busburstLength = 1
02-03 22:36:59.139   211  7983 E mm-camera: nishu AXI Output busbufferNumRows = 359
02-03 22:36:59.139   211  7983 E mm-camera: nishu AXI Output busrowIncrement = 120
02-03 22:36:59.139   211  7983 E mm-camera: config_MSG_ID_RESET_ACK: 2361
02-03 22:36:59.139   211  7983 E mm-camera: nishu axi process done
02-03 22:36:59.139   211  7983 E mm-camera: zsl config start 
02-03 22:36:59.159   211  7983 E mm-camera: zsl config done 
02-03 22:36:59.159   211  7983 E mm-camera: config_MSG_ID_RESET_ACK 4
02-03 22:36:59.159   211  7983 E mm-camera: config_proc_event_message_0: Unsupported message id: 37
02-03 22:36:59.159   211  7983 E mm-camera: config_MSG_ID_START_ACK: ctrl->state=4 
02-03 22:36:59.159   211  7983 E mm-camera: sending IOCTL_CTRL_CMD_DONE to kernel!, length=0 status=1
02-03 22:36:59.159   211  7983 E mm-camera: config_MSG_ID_START_ACK: new ctrl->state is 5
02-03 22:36:59.159   149   340 W QualcommCamera2: Q int android::start_preview(camera_device*): X
02-03 22:36:59.159   149   332 D CameraClient: sendCommand (pid 7673)
02-03 22:36:59.159   149   332 D SecCameraCoreManager: sendCommand : 6 0 0 
02-03 22:36:59.159   149   332 D ShotSingle: ShotSingle::sendCommand 6, 0, 0
02-03 22:36:59.159   149   332 D ShotSingle: CAMERA_CMD_START_FACE_DETECTION E
02-03 22:36:59.159   149   332 D ShotSingle: CAMERA_CMD_START_FACE_DETECTION X
02-03 22:36:59.159   149   332 I ShotSingle: sendCommand end
02-03 22:36:59.159   149   332 W QCameraHWI: Face Detection on
02-03 22:36:59.159   149   332 W QCameraHWI_Parm: #### Set FD : 1
02-03 22:36:59.159   149  7986 W QCameraHWI: <DEBUG><842>myMode = 9, ZSL mode = 8
02-03 22:36:59.159   149   149 D SecCameraCoreManager: getParameters
02-03 22:36:59.159   149   149 D CameraClient: getParameters (pid 7673)
02-03 22:36:59.169   149  7989 W QCameraHWI: zoomEvent: state:12 E
02-03 22:36:59.179   149  7989 W QCameraHWI: void android::QCameraHardwareInterface::handleZoomEventForPreview(): Crop info received: 0, 0, 0, 0 
02-03 22:36:59.179   149  7984 W QCameraHWI_Preview: mFaceDetect On
02-03 22:36:59.179   149  7989 W QCameraHWI: zoomEvent: state:12 E
02-03 22:36:59.179   149  7989 W QCameraHWI: void android::QCameraHardwareInterface::handleZoomEventForPreview(): Crop info received: 0, 0, 0, 0 
02-03 22:36:59.189   142   333 E BufferQueue: [SurfaceView] dequeueBuffer: min undequeued buffer count (2) exceeded (dequeued=4 undequeudCount=0)
02-03 22:36:59.189   149  7984 W QCameraHWI_Preview: android::status_t android::QCameraStream_preview::processPreviewFrame(mm_camera_ch_data_buf_t*): Warning in dequeue_buffer, enqueue_buffer idx = 0, no free buffer now
02-03 22:36:59.239   149  7984 W QCameraHWI_Preview: mFaceDetect On
02-03 22:36:59.239   370  1862 E EnterpriseContainerManager: ContainerPolicy Service is not yet ready!!!
02-03 22:36:59.239   370  1862 D EnterpriseDeviceManager: ContainerId: 0
02-03 22:36:59.249   370   738 W LicenseLogService: log() is called by non admin
02-03 22:36:59.249   142   667 E BufferQueue: [SurfaceView] dequeueBuffer: min undequeued buffer count (2) exceeded (dequeued=3 undequeudCount=1)
02-03 22:36:59.249   149  7984 W QCameraHWI_Preview: android::status_t android::QCameraStream_preview::processPreviewFrame(mm_camera_ch_data_buf_t*): Warning in dequeue_buffer, enqueue_buffer idx = 1, no free buffer now
02-03 22:36:59.249   149  7984 W QCameraHWI_Preview: mFaceDetect On
02-03 22:36:59.259  5199  5199 D DIOTEK  : onStartInput
02-03 22:36:59.269   370  1862 D InputTransport: Input channel constructed: name='ClientState{4346b168 uid 10189 pid 7673} (server)', fd=396
02-03 22:36:59.269   370  1862 D InputTransport: Input channel destroyed: name='ClientState{4346b168 uid 10189 pid 7673} (server)', fd=396
02-03 22:36:59.279  7673  7673 D InputTransport: Input channel constructed: name='ClientState{4346b168 uid 10189 pid 7673} (server)', fd=184
02-03 22:36:59.279  7673  7673 D InputTransport: Input channel destroyed: name='ClientState{4346b168 uid 10189 pid 7673} (server)', fd=100
02-03 22:36:59.299   149  7984 W QCameraHWI_Preview: mFaceDetect On
02-03 22:36:59.309   149  7984 W QCameraHWI_Preview: mFaceDetect On
02-03 22:36:59.340  1699  1704 E MP-Decision: mpdecision_server: received msg --Nw 2.4 --Tw 150 --Ns 1.4 --Ts 100 --util_h 100 --util_l 0
02-03 22:36:59.340  1699  1704 E MP-Decision: mpdecision_server(): New Decision parameters Nw=2.400000, Tw=150, Ns=1.400000, Ts=100, util_h=100, util_l=0
02-03 22:36:59.340  1699  1704 E MP-Decision: mpdecision_server()-new apply: New Decision parameters Nw=2.400000, Tw=150, Ns=1.400000, Ts=100, util_h=100, util_l=0
02-03 22:36:59.340  1699  1704 E MP-Decision: mpdecision_server()-new apply: New Decision parameters Nw=3.400000, Tw=151, Ns=2.400000, Ts=101, util_h=170, util_l=60
02-03 22:36:59.340  1699  1704 E MP-Decision: mpdecision_server()-new apply: New Decision parameters Nw=4.400000, Tw=152, Ns=3.400000, Ts=102, util_h=240, util_l=120
02-03 22:36:59.350   149  7984 W QCameraHWI_Preview: mFaceDetect On
02-03 22:36:59.360   370   662 I ActivityManager: Displayed com.facebook.katana/com.facebook.camera.activity.CameraActivity: +1s554ms
02-03 22:36:59.380   149  7984 W QCameraHWI_Preview: mFaceDetect On
02-03 22:36:59.410   149  7984 W QCameraHWI_Preview: mFaceDetect On
02-03 22:36:59.450   149  7984 W QCameraHWI_Preview: mFaceDetect On
02-03 22:36:59.480   149  7984 W QCameraHWI_Preview: mFaceDetect On
02-03 22:36:59.510   149  7984 W QCameraHWI_Preview: mFaceDetect On
02-03 22:36:59.550   149  7984 W QCameraHWI_Preview: mFaceDetect On
02-03 22:36:59.580   149  7984 W QCameraHWI_Preview: mFaceDetect On
02-03 22:36:59.610   149  7984 W QCameraHWI_Preview: mFaceDetect On
02-03 22:36:59.650   149  7984 W QCameraHWI_Preview: mFaceDetect On
02-03 22:36:59.660   142   248 E qdmemalloc: ION_IOC_ALLOC failed with error - Out of memory
02-03 22:36:59.660   142   248 E qdmemalloc: No Fall back to system heap, return -12
02-03 22:36:59.680   149  7984 W QCameraHWI_Preview: mFaceDetect On
02-03 22:36:59.700   370   662 I DVFSHelper: release:: mIsAcquired = true
02-03 22:36:59.700   370   663 I DVFSHelper: acquire:: timeout = 300, mIsAcquired = true
02-03 22:36:59.700   370   663 I DVFSHelper: acquire:: DVFS lock is already acquired. Previous lock will be released first.
02-03 22:36:59.700   370   663 I DVFSHelper: release:: mIsAcquired = true
02-03 22:36:59.700   370   662 I power   : *** release_dvfs_lock : lockType : 1 
02-03 22:36:59.700   370   662 I DVFSHelper: release:: cpuRequest is released.
02-03 22:36:59.710   370   663 I DVFSHelper: release:: cpuRequest is released.
02-03 22:36:59.710   370   663 I CustomFrequencyManager: newFrequencyRequest  - mFrequency = 1242000, mTimeoutMs = 300, mPkgName = ACTIVITY_RESUME_BOOSTER@8
02-03 22:36:59.710   370   663 I CustomFrequencyManager: Boost Request from package = ACTIVITY_RESUME_BOOSTER@8 frequency : 1242000type = 6
02-03 22:36:59.710   370   663 I CustomFrequencyManager: !! pkgName = ACTIVITY_RESUME_BOOSTER@8
02-03 22:36:59.710   149  7984 W QCameraHWI_Preview: mFaceDetect On
02-03 22:36:59.720   370   663 I CustomFrequencyManager: Request from package name pkgName = ACTIVITY_RESUME_BOOSTER@8
02-03 22:36:59.720   370   663 I CustomFrequencyManager: mContext is Not Null  mContext.pkgName = android
02-03 22:36:59.720   370   663 I CustomFrequencyManager: 2 Old token will be reused!
02-03 22:36:59.720   370   663 I CustomFrequencyManager: CPUDVFSControlRequest : doFrequencyRequest::  = 1242000 Timeout : 300
02-03 22:36:59.720   370   662 I DVFSHelper: release:: mIsAcquired = true
02-03 22:36:59.720   370   663 I power   : *** acquire_dvfs_lock : lockType : 1  freq : 1242000 
02-03 22:36:59.720   370   663 I DVFSHelper: acquire:: timeout = 300, mIsAcquired = true
02-03 22:36:59.730   370   663 I DVFSHelper: acquire:: DVFS lock is already acquired. Previous lock will be released first.
02-03 22:36:59.730   370   663 I DVFSHelper: release:: mIsAcquired = true
02-03 22:36:59.730   370   662 I DVFSHelper: release:: cpuNumRequest is released.
02-03 22:36:59.730   370   663 I DVFSHelper: release:: cpuNumRequest is released.
02-03 22:36:59.740   370   663 I CustomFrequencyManager: newFrequencyRequest  - mFrequency = 2, mTimeoutMs = 300, mPkgName = ACTIVITY_RESUME_BOOSTER@10
02-03 22:36:59.740   370   663 I CustomFrequencyManager: Boost Request from package = ACTIVITY_RESUME_BOOSTER@10 frequency : 2type = 4
02-03 22:36:59.740   370   663 I CustomFrequencyManager: !! pkgName = ACTIVITY_RESUME_BOOSTER@10
02-03 22:36:59.740   370   663 I CustomFrequencyManager: Request from package name pkgName = ACTIVITY_RESUME_BOOSTER@10
02-03 22:36:59.740   370   663 I CustomFrequencyManager: mContext is Not Null  mContext.pkgName = android
02-03 22:36:59.740   370   663 I CustomFrequencyManager: 2 Old token will be reused!
02-03 22:36:59.740   370   663 I CustomFrequencyManager: CPUCoreControlRequest : doFrequencyRequest::  = 2 Timeout : 300
02-03 22:36:59.750   149  7984 W QCameraHWI_Preview: mFaceDetect On
02-03 22:36:59.770  1699  1703 E MP-Decision: Error setting a sleep mode for secondary cores - -38
02-03 22:36:59.780   149  7984 W QCameraHWI_Preview: mFaceDetect On
02-03 22:36:59.800  7673  7673 D AbsListView: onVisibilityChanged() is called, visibility : 4
02-03 22:36:59.800  7673  7673 D AbsListView: unregisterIRListener() is called 
02-03 22:36:59.810   149  7984 W QCameraHWI_Preview: mFaceDetect On
02-03 22:36:59.850   149  7984 W QCameraHWI_Preview: mFaceDetect On
02-03 22:36:59.880   149  7984 W QCameraHWI_Preview: mFaceDetect On
02-03 22:36:59.910   149  7984 W QCameraHWI_Preview: mFaceDetect On
02-03 22:36:59.950   149  7984 W QCameraHWI_Preview: mFaceDetect On
02-03 22:36:59.980   149  7984 W QCameraHWI_Preview: mFaceDetect On
02-03 22:37:00.010  4193  4193 E KeyguardClockWidgetService: return : because of no lockscreen or screen off state
02-03 22:37:00.010   149  7984 W QCameraHWI_Preview: mFaceDetect On
02-03 22:37:00.050   149  7984 W QCameraHWI_Preview: mFaceDetect On
02-03 22:37:00.050   370   660 I power   : *** release_dvfs_lock : lockType : 1 
02-03 22:37:00.080   149  7984 W QCameraHWI_Preview: mFaceDetect On
02-03 22:37:00.110   149  7984 W QCameraHWI_Preview: mFaceDetect On
02-03 22:37:00.120  2176  2176 D ClockAlarmWidgetService: [ClockAlarmWidgetService] onReceive: action = android.intent.action.TIME_TICK
02-03 22:37:00.140  2176  2176 E ClockAlarmWidget: [AlarmWidgetIdManager] getListItem() : itemIndex=0, widgetID:1
02-03 22:37:00.140  2176  2176 E ClockAlarmWidget: [AlarmWidgetIdManager] getListItem() : ItemIndex exceed ListItemCount. itemIndex=1
02-03 22:37:00.140  2176  2176 E ClockAlarmWidget: [AlarmWidgetIdManager] getListItem() : itemIndex=1, widgetID:1
02-03 22:37:00.140  2176  2176 D ClockAlarmWidget: [ClockAlarmWidgetProvider] fillData() - itemIndex:0, listitemID: 0
02-03 22:37:00.150   149  7984 W QCameraHWI_Preview: mFaceDetect On
02-03 22:37:00.170  2176  2176 D ClockAlarmDataProvider: getAlarm() - too many same ID alarm data. nCount: 0
02-03 22:37:00.170  2176  2176 D ClockAlarmWidget: alarmItem = null
02-03 22:37:00.180   149  7984 W QCameraHWI_Preview: mFaceDetect On
02-03 22:37:00.190  2606  2606 D accuweather: [MSC_Accu_Daemon]>>> WCS:88 [0:0] checkDay:false, UtilgetIsDay():false
02-03 22:37:00.210   149  7984 W QCameraHWI_Preview: mFaceDetect On
02-03 22:37:00.251   149  7984 W QCameraHWI_Preview: mFaceDetect On
02-03 22:37:00.251  1072  1072 D widget  : [MSC_HERO_Accu_JB]>>> SM:1292 [0:0] bTCC WCV = 200
02-03 22:37:00.261  1072  1072 D widget  : [MSC_HERO_Accu_JB]>>> WC:1776 [0:0] drw 2nd Tm dt
02-03 22:37:00.281   149  7984 W QCameraHWI_Preview: mFaceDetect On
02-03 22:37:00.311   149  7984 W QCameraHWI_Preview: mFaceDetect On
02-03 22:37:00.351   149  7984 W QCameraHWI_Preview: mFaceDetect On
02-03 22:37:00.381   149  7984 W QCameraHWI_Preview: mFaceDetect On
02-03 22:37:00.411   149  7984 W QCameraHWI_Preview: mFaceDetect On
02-03 22:37:00.451   149  7984 W QCameraHWI_Preview: mFaceDetect On
02-03 22:37:00.481   149  7984 W QCameraHWI_Preview: mFaceDetect On
02-03 22:37:00.511   149  7984 W QCameraHWI_Preview: mFaceDetect On
02-03 22:37:00.551   149  7984 W QCameraHWI_Preview: mFaceDetect On
02-03 22:37:00.561  7673  7690 D ROBOT_EVENT_ALF: here18
02-03 22:37:00.561  7673  7690 D ROBOT_EVENT_ALF: here17com.jayway.android.robotium.solo.Sleeper@428f95e0
02-03 22:37:00.581   149  7984 W QCameraHWI_Preview: mFaceDetect On
02-03 22:37:00.611   149  7984 W QCameraHWI_Preview: mFaceDetect On
02-03 22:37:00.621   184   184 E SMD     : DCD ON
02-03 22:37:00.651   149  7984 W QCameraHWI_Preview: mFaceDetect On
02-03 22:37:00.681   149  7984 W QCameraHWI_Preview: mFaceDetect On
02-03 22:37:00.711   149  7984 W QCameraHWI_Preview: mFaceDetect On
02-03 22:37:00.751   149  7984 W QCameraHWI_Preview: mFaceDetect On
02-03 22:37:00.781   149  7984 W QCameraHWI_Preview: mFaceDetect On
02-03 22:37:00.811   149  7984 W QCameraHWI_Preview: mFaceDetect On
02-03 22:37:00.851   149  7984 W QCameraHWI_Preview: mFaceDetect On
02-03 22:37:00.881   149  7984 W QCameraHWI_Preview: mFaceDetect On
02-03 22:37:00.911   149  7984 W QCameraHWI_Preview: mFaceDetect On
02-03 22:37:00.951   149  7984 W QCameraHWI_Preview: mFaceDetect On
02-03 22:37:00.981   149  7984 W QCameraHWI_Preview: mFaceDetect On
02-03 22:37:01.011   149  7984 W QCameraHWI_Preview: mFaceDetect On
02-03 22:37:01.051   149  7984 W QCameraHWI_Preview: mFaceDetect On
02-03 22:37:01.081   149  7984 W QCameraHWI_Preview: mFaceDetect On
02-03 22:37:01.111   149  7984 W QCameraHWI_Preview: mFaceDetect On
02-03 22:37:01.151   149  7984 W QCameraHWI_Preview: mFaceDetect On
02-03 22:37:01.181   149  7984 W QCameraHWI_Preview: mFaceDetect On
02-03 22:37:01.212   149  7984 W QCameraHWI_Preview: mFaceDetect On
02-03 22:37:01.252   149  7984 W QCameraHWI_Preview: mFaceDetect On
02-03 22:37:01.282   149  7984 W QCameraHWI_Preview: mFaceDetect On
02-03 22:37:01.292   370   744 D WifiStateMachine: handleMessage: E msg.what=131155
02-03 22:37:01.292   370   744 D WifiStateMachine: processMsg: ConnectedState
02-03 22:37:01.292   370   744 D WifiStateMachine: processMsg: L2ConnectedState
02-03 22:37:01.302   370   744 D WifiNative-wlan0: doString: SIGNAL_POLL
02-03 22:37:01.322   149  7984 W QCameraHWI_Preview: mFaceDetect On
02-03 22:37:01.332   370   744 D WifiStateMachine: fetchRssiAndLinkSpeedNative - newRSSI:-65, newLinkSpeed:81
02-03 22:37:01.342   370   744 D WifiStateMachine: handleMessage: X
02-03 22:37:01.352   149  7984 W QCameraHWI_Preview: mFaceDetect On
02-03 22:37:01.382   149  7984 W QCameraHWI_Preview: mFaceDetect On
02-03 22:37:01.412   149  7984 W QCameraHWI_Preview: mFaceDetect On
02-03 22:37:01.452   149  7984 W QCameraHWI_Preview: mFaceDetect On
02-03 22:37:01.482   149  7984 W QCameraHWI_Preview: mFaceDetect On
02-03 22:37:01.512   149  7984 W QCameraHWI_Preview: mFaceDetect On
02-03 22:37:01.552   149  7984 W QCameraHWI_Preview: mFaceDetect On
02-03 22:37:01.562  7673  7690 D ROBOT_EVENT_ALF: here18
02-03 22:37:01.572  7673  7690 W ResourceType: No known package when getting name for resource number 0xffffffff
02-03 22:37:01.572  7673  7690 W ResourceType: No known package when getting name for resource number 0xffffffff
02-03 22:37:01.582  7673  7690 W ResourceType: No known package when getting name for resource number 0xffffffff
02-03 22:37:01.592  7673  7690 W ResourceType: No known package when getting name for resource number 0xffffffff
02-03 22:37:01.602  7673  7690 W ResourceType: No known package when getting name for resource number 0xffffffff
02-03 22:37:01.602  7673  7690 W ResourceType: No known package when getting name for resource number 0xffffffff
02-03 22:37:01.612  7673  7690 D ROBOT_EVENT_ALF: EVENT: click on (359.5,1153.0)
02-03 22:37:01.612   149  7984 W QCameraHWI_Preview: mFaceDetect On
02-03 22:37:01.652   149  7984 W QCameraHWI_Preview: mFaceDetect On
02-03 22:37:01.682   149  7984 W QCameraHWI_Preview: mFaceDetect On
02-03 22:37:01.692   370   541 E Sensors : accelHandler 0.281415 8.564590 4.327800
02-03 22:37:01.712   149  7984 W QCameraHWI_Preview: mFaceDetect On
02-03 22:37:01.752   149  7984 W QCameraHWI_Preview: mFaceDetect On
02-03 22:37:01.782   149  7984 W QCameraHWI_Preview: mFaceDetect On
02-03 22:37:01.822   149  7984 W QCameraHWI_Preview: mFaceDetect On
02-03 22:37:01.852   149  7984 W QCameraHWI_Preview: mFaceDetect On
02-03 22:37:01.872   149  7984 W QCameraHWI_Preview: mFaceDetect On
02-03 22:37:01.912   149  7984 W QCameraHWI_Preview: mFaceDetect On
02-03 22:37:01.942   149  7984 W QCameraHWI_Preview: mFaceDetect On
02-03 22:37:01.972   149  7984 W QCameraHWI_Preview: mFaceDetect On
02-03 22:37:02.012   149  7984 W QCameraHWI_Preview: mFaceDetect On
02-03 22:37:02.042   149  7984 W QCameraHWI_Preview: mFaceDetect On
02-03 22:37:02.072   149  7984 W QCameraHWI_Preview: mFaceDetect On
02-03 22:37:02.102   370   711 I InputDispatcher: Delivering touch to: x: 359.500, y: 1153.000, action: 0x0, channel '439378c8 com.facebook.katana/com.facebook.camera.activity.CameraActivity (server)', toolType: 0
02-03 22:37:02.112   149  7984 W QCameraHWI_Preview: mFaceDetect On
02-03 22:37:02.143   149   149 D SecCameraCoreManager: getParameters
02-03 22:37:02.143   149  7984 W QCameraHWI_Preview: mFaceDetect On
02-03 22:37:02.153   149  7984 D CameraClient: lockIfMessageWanted(1024): enter sleep
02-03 22:37:02.163   149   149 D CameraClient: getParameters (pid 7673)
02-03 22:37:02.173   149  7984 D CameraClient: lockIfMessageWanted(1024): waited for 10 ms
02-03 22:37:02.173   149  7984 W QCameraHWI_Preview: mFaceDetect On
02-03 22:37:02.183   149   340 D CameraClient: autoFocus (pid 7673)
02-03 22:37:02.193   149   340 D SecCameraCoreManager: autoFocus
02-03 22:37:02.193   149   340 W QualcommCamera2: Q int android::auto_focus(camera_device*): E
02-03 22:37:02.203   370   711 I InputDispatcher: Delivering touch to: x: 359.500, y: 1153.000, action: 0x1, channel '439378c8 com.facebook.katana/com.facebook.camera.activity.CameraActivity (server)', toolType: 0
02-03 22:37:02.213  7673  7690 D ROBOT_ALF: send time:1391485022231
02-03 22:37:02.223   149  7984 W QCameraHWI_Preview: mFaceDetect On
02-03 22:37:02.243   149  7984 W QCameraHWI_Preview: mFaceDetect On
02-03 22:37:02.243   370  1187 E DatabaseUtils: Writing exception to parcel
02-03 22:37:02.243   370  1187 E DatabaseUtils: java.lang.SecurityException: Permission Denial: get/set setting for user asks to run as user -2 but is calling from user 0; this requires android.permission.INTERACT_ACROSS_USERS_FULL
02-03 22:37:02.243   370  1187 E DatabaseUtils: 	at com.android.server.am.ActivityManagerService.handleIncomingUser(ActivityManagerService.java:13101)
02-03 22:37:02.243   370  1187 E DatabaseUtils: 	at android.app.ActivityManager.handleIncomingUser(ActivityManager.java:2038)
02-03 22:37:02.243   370  1187 E DatabaseUtils: 	at com.android.providers.settings.SettingsProvider.callFromPackage(SettingsProvider.java:607)
02-03 22:37:02.243   370  1187 E DatabaseUtils: 	at android.content.ContentProvider$Transport.call(ContentProvider.java:279)
02-03 22:37:02.243   370  1187 E DatabaseUtils: 	at android.content.ContentProviderNative.onTransact(ContentProviderNative.java:273)
02-03 22:37:02.243   370  1187 E DatabaseUtils: 	at android.os.Binder.execTransact(Binder.java:388)
02-03 22:37:02.243   370  1187 E DatabaseUtils: 	at dalvik.system.NativeStart.run(Native Method)
02-03 22:37:02.243   149   149 D SecCameraCoreManager: getParameters
02-03 22:37:02.253   149   149 D CameraClient: getParameters (pid 7673)
02-03 22:37:02.253  7673  7673 D SensorManager: unregisterListener ::  listener = android.view.OrientationEventListener$SensorEventListenerImpl@426c0440
02-03 22:37:02.253   370  1069 D SensorService: SensorDevice::activating sensor handle=4 ns=66667000 
02-03 22:37:02.253   370  1069 V Sensors : setDelay - sensor Accelerometer (handle 4), rate 66 ms (15.00 Hz)
02-03 22:37:02.253  7673  7673 D SensorManager: unregisterListener ::  listener = com.facebook.camera.utils.RotationMonitor@423ecf88
02-03 22:37:02.253   370  1070 D SensorService: SensorDevice::activating sensor handle=4 ns=200000000 
02-03 22:37:02.253   370  1070 V Sensors : setDelay - sensor Accelerometer (handle 4), rate 200 ms (5.00 Hz)
02-03 22:37:02.253   370   392 V Sensors : enable - sensor MagneticField (handle 5) en -> dis
02-03 22:37:02.253   370   392 E Sensors : mEnabled = 10
02-03 22:37:02.253   370   392 D SensorService: SensorDevice::activating sensor handle=5 ns=66667000 
02-03 22:37:02.253   370   392 V Sensors : setDelay - sensor MagneticField (handle 5), rate 66 ms (15.00 Hz)
02-03 22:37:02.263   370   541 E Sensors : activatePendingSensors : mEnabled = 10
02-03 22:37:02.263   370   541 E Sensors : requested_sensors(3f0) from kernel
02-03 22:37:02.273   370   541 I Sensors : Disabled 9 axis sensor fusion
02-03 22:37:02.273   370   541 D         : SaveParameters: prms->m_iStatusCurrent = 1
02-03 22:37:02.273   370   541 D         : SaveParameters: Ready to save the following data!
02-03 22:37:02.273   370   541 D         : HSUC_HDST = 0x0
02-03 22:37:02.273   370   541 D         : HSUC_HO(x, y, z) = (0x0, 0x0, 0x0)
02-03 22:37:02.273   370   541 D         : prms->HSUC_HDST[0] = 0x0
02-03 22:37:02.273   370   541 D         : prms->HSUC_HO[0](x, y, z) = (0x0, 0x0, 0x0)
02-03 22:37:02.273   370   541 D         : prms->HSUC_HDST[1] = 0x0
02-03 22:37:02.273   149  7984 W QCameraHWI_Preview: mFaceDetect On
02-03 22:37:02.283   370   541 D         : prms->HSUC_HO[1](x, y, z) = (0x0, 0x0, 0x0)
02-03 22:37:02.283   370   541 I MPL-mldl_cfg_mpu:: inv_mpu_suspend(,,,,7fff) -> 0000
02-03 22:37:02.283   370   541 V Sensors : calling inv_set_mpu_sensors(000070)
02-03 22:37:02.283   370   541 I MPL-fifo: Actual ODR: 14285 mHz
02-03 22:37:02.293   370   541 E Sensors : set fifo rate - divider : 39, delay : 200 ms (5.00 Hz)
02-03 22:37:02.293   370   541 I MPL-fifo: Actual ODR: 5000 mHz
02-03 22:37:02.303   370   541 V Sensors : Starting DMP
02-03 22:37:02.303   370   541 W MPL-9_sup: 9 axis sensor fusion not available - No compass detected.
02-03 22:37:02.303   370   541 I Sensors : Enabled 9 axis sensor fusion
02-03 22:37:02.313   370   541 I MPL-mldl_cfg_mpu:: inv_mpu_resume(,,,,0070) -> 0070
02-03 22:37:02.313   149  7984 W QCameraHWI_Preview: mFaceDetect On
02-03 22:37:02.313  7673  7690 D ROBOT_EVENT_ALF: here17com.jayway.android.robotium.solo.Sleeper@428f95e0
02-03 22:37:02.343   149  7984 W QCameraHWI_Preview: mFaceDetect On
02-03 22:37:02.373   149  7984 W QCameraHWI_Preview: mFaceDetect On
02-03 22:37:02.413   149  7984 W QCameraHWI_Preview: mFaceDetect On
02-03 22:37:02.443   149  7984 W QCameraHWI_Preview: mFaceDetect On
02-03 22:37:02.473   149  7984 W QCameraHWI_Preview: mFaceDetect On
02-03 22:37:02.513   149  7984 W QCameraHWI_Preview: mFaceDetect On
02-03 22:37:02.543   149  7984 W QCameraHWI_Preview: mFaceDetect On
02-03 22:37:02.573   149  7984 W QCameraHWI_Preview: mFaceDetect On
02-03 22:37:02.613   149  7984 W QCameraHWI_Preview: mFaceDetect On
02-03 22:37:02.643   149  7984 W QCameraHWI_Preview: mFaceDetect On
02-03 22:37:02.673   149  7984 W QCameraHWI: <2396> processAFoperationDone : mAFcurrentStatus 1
02-03 22:37:02.693   149  7984 W QCameraHWI_Preview: mFaceDetect On
02-03 22:37:02.703   149   799 D SecCameraCoreManager: getParameters
02-03 22:37:02.703   149   799 D CameraClient: getParameters (pid 7673)
02-03 22:37:02.713   149  7984 W QCameraHWI_Preview: mFaceDetect On
02-03 22:37:02.713   149  7984 D CameraClient: lockIfMessageWanted(1024): enter sleep
02-03 22:37:02.733   149   332 W QualcommCamera2: Q int android::get_camera_info(int, camera_info*): E
02-03 22:37:02.733   149  7984 D CameraClient: lockIfMessageWanted(1024): waited for 10 ms
