02-03 22:36:54.514   370   663 I CustomFrequencyManager: CPUDVFSControlRequest : doFrequencyRequest::  = 1242000 Timeout : 300
02-03 22:36:54.524   370   662 I DVFSHelper: release:: cpuNumRequest is released.
02-03 22:36:54.524   370   663 I power   : *** acquire_dvfs_lock : lockType : 1  freq : 1242000 
02-03 22:36:54.524   370   663 I DVFSHelper: acquire:: timeout = 300, mIsAcquired = true
02-03 22:36:54.524   370   663 I DVFSHelper: acquire:: DVFS lock is already acquired. Previous lock will be released first.
02-03 22:36:54.534   370   663 I DVFSHelper: release:: mIsAcquired = true
02-03 22:36:54.534   370   663 I DVFSHelper: release:: cpuNumRequest is released.
02-03 22:36:54.534   370   663 I CustomFrequencyManager: newFrequencyRequest  - mFrequency = 2, mTimeoutMs = 300, mPkgName = ACTIVITY_RESUME_BOOSTER@10
02-03 22:36:54.534   370   663 I CustomFrequencyManager: Boost Request from package = ACTIVITY_RESUME_BOOSTER@10 frequency : 2type = 4
02-03 22:36:54.534   370   663 I CustomFrequencyManager: !! pkgName = ACTIVITY_RESUME_BOOSTER@10
02-03 22:36:54.534   370   663 I CustomFrequencyManager: Request from package name pkgName = ACTIVITY_RESUME_BOOSTER@10
02-03 22:36:54.534   370   663 I CustomFrequencyManager: mContext is Not Null  mContext.pkgName = android
02-03 22:36:54.544   370   663 I CustomFrequencyManager: 2 Old token will be reused!
02-03 22:36:54.544   370   663 I CustomFrequencyManager: CPUCoreControlRequest : doFrequencyRequest::  = 2 Timeout : 300
02-03 22:36:54.564  1699  1703 E MP-Decision: Error setting a sleep mode for secondary cores - -38
02-03 22:36:54.614   184   184 E SMD     : DCD ON
02-03 22:36:54.635  5118  5196 D dalvikvm: GC_FOR_ALLOC freed 2386K, 30% free 13595K/19416K, paused 47ms, total 48ms
02-03 22:36:54.775  7673  7673 E View    : hasTransientState decremented below 0: unmatched pair of setHasTransientState calls
02-03 22:36:54.775  7673  7673 D AbsListView: unregisterIRListener() is called 
02-03 22:36:54.805   370  1860 D InputTransport: Input channel constructed: name='ClientState{4346b168 uid 10189 pid 7673} (server)', fd=316
02-03 22:36:54.815  5199  5199 D DIOTEK  : onStartInput
02-03 22:36:54.815   370  1860 D InputTransport: Input channel destroyed: name='ClientState{4346b168 uid 10189 pid 7673} (server)', fd=316
02-03 22:36:54.815  7673  7673 D InputTransport: Input channel constructed: name='ClientState{4346b168 uid 10189 pid 7673} (server)', fd=100
02-03 22:36:54.815  7673  7673 D InputTransport: Input channel destroyed: name='ClientState{4346b168 uid 10189 pid 7673} (server)', fd=185
02-03 22:36:54.835   370   660 I power   : *** release_dvfs_lock : lockType : 1 
02-03 22:36:54.875  7673  7673 E View    : hasTransientState decremented below 0: unmatched pair of setHasTransientState calls
02-03 22:36:54.875  7673  7673 D AbsListView: unregisterIRListener() is called 
02-03 22:36:55.105  5118  5118 D Finsky  : [1] 5.onFinished: Installation state replication succeeded.
02-03 22:36:55.235   370   744 D WifiStateMachine: handleMessage: E msg.what=131155
02-03 22:36:55.235   370   744 D WifiStateMachine: processMsg: ConnectedState
02-03 22:36:55.235   370   744 D WifiStateMachine: processMsg: L2ConnectedState
02-03 22:36:55.235   370   744 D WifiNative-wlan0: doString: SIGNAL_POLL
02-03 22:36:55.255   370   744 D WifiStateMachine: fetchRssiAndLinkSpeedNative - newRSSI:-69, newLinkSpeed:81
02-03 22:36:55.255   370   744 D WifiStateMachine: handleMessage: X
02-03 22:36:55.676  1620  2576 W Settings: Setting airplane_mode_on has moved from android.provider.Settings.System to android.provider.Settings.Global, returning read-only value.
02-03 22:36:55.676  1338  1338 D IPPolicy: onSignalStrengthsChanged
02-03 22:36:55.696  1338  1338 D IPPolicy: ReadImpu retry exceeded but impu is still empty. notifying sim not ready
02-03 22:36:55.696  1338  1338 D IPPolicy: notifyWifiCallStateChanged. 11, records: 1, string: Error: ER06 "SIM Not Ready"
02-03 22:36:55.706  1043  1059 D PhoneInterfaceManager: getActivePhoneType() = 1
02-03 22:36:55.716  1043  1541 D PhoneInterfaceManager: getActivePhoneType() = 1
02-03 22:36:55.716  1043  1536 D PhoneInterfaceManager: getActivePhoneType() = 1
02-03 22:36:55.836  7673  7690 D ROBOT_EVENT_ALF: here18
02-03 22:36:55.836  7673  7690 D ROBOT_EVENT_ALF: here17com.jayway.android.robotium.solo.Sleeper@428f95e0
02-03 22:36:55.876   370   541 I Sensors : **** Motion ****
02-03 22:36:56.476   370   541 E Sensors : accelHandler 2.641706 8.047266 5.083429
02-03 22:36:56.837  7673  7690 D ROBOT_EVENT_ALF: here18
02-03 22:36:56.857  7673  7690 W ResourceType: No known package when getting name for resource number 0xffffffff
02-03 22:36:56.867  7673  7690 W ResourceType: No known package when getting name for resource number 0xffffffff
02-03 22:36:56.867  7673  7690 W ResourceType: No known package when getting name for resource number 0xffffffff
02-03 22:36:56.887  7673  7690 W ResourceType: No known package when getting name for resource number 0xffffffff
02-03 22:36:56.887  7673  7690 W ResourceType: No known package when getting name for resource number 0xffffffff
02-03 22:36:56.897  7673  7690 W ResourceType: No known package when getting name for resource number 0xffffffff
02-03 22:36:56.897  7673  7690 D ROBOT_EVENT_ALF: EVENT: click on (60.0,1220.0)
02-03 22:36:56.947  1338  1338 D IPPolicy: onSignalStrengthsChanged
02-03 22:36:56.957  1338  1338 D IPPolicy: ReadImpu retry exceeded but impu is still empty. notifying sim not ready
02-03 22:36:56.967  1620  2576 W Settings: Setting airplane_mode_on has moved from android.provider.Settings.System to android.provider.Settings.Global, returning read-only value.
02-03 22:36:56.977  1338  1338 D IPPolicy: notifyWifiCallStateChanged. 11, records: 1, string: Error: ER06 "SIM Not Ready"
02-03 22:36:56.997  1043  1060 D PhoneInterfaceManager: getActivePhoneType() = 1
02-03 22:36:57.007  1043  1567 D PhoneInterfaceManager: getActivePhoneType() = 1
02-03 22:36:57.007  1043  1541 D PhoneInterfaceManager: getActivePhoneType() = 1
02-03 22:36:57.397   370   711 I InputDispatcher: Delivering touch to: x: 60.000, y: 1220.000, action: 0x0, channel '436bf258 com.facebook.katana/com.facebook.photos.mediapicker.MediaPickerActivity (server)', toolType: 0
02-03 22:36:57.427   370   711 I InputDispatcher: Delivering touch to: x: 60.000, y: 1220.000, action: 0x1, channel '436bf258 com.facebook.katana/com.facebook.photos.mediapicker.MediaPickerActivity (server)', toolType: 0
02-03 22:36:57.438  7673  7690 D ROBOT_ALF: send time:1391485017448
02-03 22:36:57.448   370  1041 E DatabaseUtils: Writing exception to parcel
02-03 22:36:57.448   370  1041 E DatabaseUtils: java.lang.SecurityException: Permission Denial: get/set setting for user asks to run as user -2 but is calling from user 0; this requires android.permission.INTERACT_ACROSS_USERS_FULL
02-03 22:36:57.448   370  1041 E DatabaseUtils: 	at com.android.server.am.ActivityManagerService.handleIncomingUser(ActivityManagerService.java:13101)
02-03 22:36:57.448   370  1041 E DatabaseUtils: 	at android.app.ActivityManager.handleIncomingUser(ActivityManager.java:2038)
02-03 22:36:57.448   370  1041 E DatabaseUtils: 	at com.android.providers.settings.SettingsProvider.callFromPackage(SettingsProvider.java:607)
02-03 22:36:57.448   370  1041 E DatabaseUtils: 	at android.content.ContentProvider$Transport.call(ContentProvider.java:279)
02-03 22:36:57.448   370  1041 E DatabaseUtils: 	at android.content.ContentProviderNative.onTransact(ContentProviderNative.java:273)
02-03 22:36:57.448   370  1041 E DatabaseUtils: 	at android.os.Binder.execTransact(Binder.java:388)
02-03 22:36:57.448   370  1041 E DatabaseUtils: 	at dalvik.system.NativeStart.run(Native Method)
02-03 22:36:57.468   370   392 I DVFSHelper: acquire:: timeout = -1, mIsAcquired = false
02-03 22:36:57.468   370   392 I CustomFrequencyManager: newFrequencyRequest  - mFrequency = 1242000, mTimeoutMs = -1, mPkgName = ACTIVITY_RESUME_BOOSTER@5
02-03 22:36:57.468   370   392 I CustomFrequencyManager: Boost Request from package = ACTIVITY_RESUME_BOOSTER@5 frequency : 1242000type = 6
02-03 22:36:57.468   370   392 I CustomFrequencyManager: !! pkgName = ACTIVITY_RESUME_BOOSTER@5
02-03 22:36:57.468   370   392 I CustomFrequencyManager: Request from package name pkgName = ACTIVITY_RESUME_BOOSTER@5
02-03 22:36:57.468   370   392 I CustomFrequencyManager: mContext is Not Null  mContext.pkgName = android
02-03 22:36:57.478   370   392 I CustomFrequencyManager: 2 Old token will be reused!
02-03 22:36:57.478   370   392 I CustomFrequencyManager: CPUDVFSControlRequest : doFrequencyRequest::  = 1242000 Timeout : -1
02-03 22:36:57.478   370   392 I power   : *** acquire_dvfs_lock : lockType : 1  freq : 1242000 
02-03 22:36:57.478   370   392 I DVFSHelper: acquire:: timeout = -1, mIsAcquired = false
02-03 22:36:57.478   370   392 I CustomFrequencyManager: newFrequencyRequest  - mFrequency = 2, mTimeoutMs = -1, mPkgName = ACTIVITY_RESUME_BOOSTER@7
02-03 22:36:57.488   370   392 I CustomFrequencyManager: Boost Request from package = ACTIVITY_RESUME_BOOSTER@7 frequency : 2type = 4
02-03 22:36:57.488   370   392 I CustomFrequencyManager: !! pkgName = ACTIVITY_RESUME_BOOSTER@7
02-03 22:36:57.488   370   392 I CustomFrequencyManager: Request from package name pkgName = ACTIVITY_RESUME_BOOSTER@7
02-03 22:36:57.488   370   392 I CustomFrequencyManager: mContext is Not Null  mContext.pkgName = android
02-03 22:36:57.488   370   392 I CustomFrequencyManager: 2 Old token will be reused!
02-03 22:36:57.488   370   392 I CustomFrequencyManager: CPUCoreControlRequest : doFrequencyRequest::  = 2 Timeout : -1
02-03 22:36:57.488  1699  1703 E MP-Decision: Error setting a sleep mode for secondary cores - -38
02-03 22:36:57.538  7673  7690 D ROBOT_EVENT_ALF: here17com.jayway.android.robotium.solo.Sleeper@428f95e0
02-03 22:36:57.618   184   184 E SMD     : DCD ON
02-03 22:36:57.638   370   392 D dalvikvm: GC_FOR_ALLOC freed 680K, 19% free 37913K/46680K, paused 127ms, total 128ms
02-03 22:36:57.638   370   392 I dalvikvm-heap: Grow heap (frag case) to 40.744MB for 380496-byte allocation
02-03 22:36:57.768   370   392 D dalvikvm: GC_FOR_ALLOC freed 822K, 21% free 37462K/47052K, paused 115ms, total 116ms
02-03 22:36:57.818   370  1102 D InputDispatcher: Focused application set to: AppWindowToken{443db0e8 token=Token{4398db48 ActivityRecord{42462280 u0 com.facebook.katana/com.facebook.camera.activity.CameraActivity}}}
02-03 22:36:57.818   370  1102 D InputDispatcher: Focus left window: Window{436bf258 u0 com.facebook.katana/com.facebook.photos.mediapicker.MediaPickerActivity}
02-03 22:36:57.828  1699  1704 E MP-Decision: mpdecision_server: received msg --Nw 1.99 --Tw 140 --Ns 1.1 --Ts 190 --util_h 70 --util_l 60
02-03 22:36:57.828  1699  1704 E MP-Decision: mpdecision_server(): New Decision parameters Nw=1.990000, Tw=140, Ns=1.100000, Ts=190, util_h=70, util_l=60
02-03 22:36:57.828  1699  1704 E MP-Decision: mpdecision_server()-def apply: New Decision parameters Nw=1.900000, Tw=140, Ns=1.100000, Ts=190, util_h=75, util_l=20
02-03 22:36:57.828  1699  1704 E MP-Decision: mpdecision_server()-def apply: New Decision parameters Nw=2.700000, Tw=90, Ns=2.100000, Ts=240, util_h=400, util_l=0
02-03 22:36:57.828  1699  1704 E MP-Decision: mpdecision_server()-def apply: New Decision parameters Nw=3.500000, Tw=90, Ns=3.100000, Ts=240, util_h=400, util_l=0
02-03 22:36:57.928  7673  7673 D SThemeManager: Load theme icons for theme
02-03 22:36:57.928  7673  7673 I DVFSHelper: DVFSHelper:: New instance is created for MULTIWINDOW_MODECHANGED_BOOSTER
02-03 22:36:57.938  7673  7673 I DVFSHelper: DVFSHelper:: New instance is created for MULTIWINDOW_MODECHANGED_BOOSTER
02-03 22:36:57.948  7673  7673 I DVFSHelper: acquire:: timeout = 500, mIsAcquired = false
02-03 22:36:57.948  7673  7673 I CustomFrequencyManager: newFrequencyRequest  - mFrequency = 1242000, mTimeoutMs = 500, mPkgName = MULTIWINDOW_MODECHANGED_BOOSTER@8
02-03 22:36:57.948  7673  7673 I CustomFrequencyManager: Boost Request from package = MULTIWINDOW_MODECHANGED_BOOSTER@8 frequency : 1242000type = 6
02-03 22:36:57.958  7673  7673 I CustomFrequencyManager: !! pkgName = MULTIWINDOW_MODECHANGED_BOOSTER@8
02-03 22:36:57.958  7673  7673 I CustomFrequencyManager: Request from package name pkgName = MULTIWINDOW_MODECHANGED_BOOSTER@8
02-03 22:36:57.958  7673  7673 I CustomFrequencyManager: mContext is Not Null  mContext.pkgName = com.facebook.katana
02-03 22:36:57.958  7673  7673 I CustomFrequencyManager: mToken is Null....Creating New Binder!
02-03 22:36:57.958  7673  7673 I CustomFrequencyManager: CPUDVFSControlRequest : doFrequencyRequest::  = 1242000 Timeout : 500
02-03 22:36:57.958  7673  7673 I DVFSHelper: acquire:: timeout = 500, mIsAcquired = false
02-03 22:36:57.958  7673  7673 I CustomFrequencyManager: newFrequencyRequest  - mFrequency = 2, mTimeoutMs = 500, mPkgName = MULTIWINDOW_MODECHANGED_BOOSTER@9
02-03 22:36:57.968  7673  7673 I CustomFrequencyManager: Boost Request from package = MULTIWINDOW_MODECHANGED_BOOSTER@9 frequency : 2type = 4
02-03 22:36:57.968  7673  7673 I CustomFrequencyManager: !! pkgName = MULTIWINDOW_MODECHANGED_BOOSTER@9
02-03 22:36:57.968  7673  7673 I CustomFrequencyManager: Request from package name pkgName = MULTIWINDOW_MODECHANGED_BOOSTER@9
02-03 22:36:57.968  7673  7673 I CustomFrequencyManager: mContext is Not Null  mContext.pkgName = com.facebook.katana
02-03 22:36:57.968  7673  7673 I CustomFrequencyManager: mToken is Null....Creating New Binder!
02-03 22:36:57.968  7673  7673 I CustomFrequencyManager: CPUCoreControlRequest : doFrequencyRequest::  = 2 Timeout : 500
02-03 22:36:58.088   149   799 W QualcommCamera2: Q int android::get_camera_info(int, camera_info*): E
02-03 22:36:58.108   149   149 D CameraService: CameraService::connect E (pid 7673 "com.facebook.katana", id 0)
02-03 22:36:58.108   149   149 W EDMNativeHelper: EDMNativeHelperService is published
02-03 22:36:58.108   370  1856 I EDMNativeHelperService: isCameraEnabled
02-03 22:36:58.118   149   149 W QualcommCamera2: Q int android::get_camera_info(int, camera_info*): E
02-03 22:36:58.118   149   149 W QualcommCamera2: Q int android::get_camera_info(int, camera_info*): E
02-03 22:36:58.118   149   149 V CameraService: updateStatus: Status has changed for camera ID 0 from 0x1 to 0x80000000
02-03 22:36:58.118   149   149 D CameraService: Client::Client E (pid 7673, id 0)
02-03 22:36:58.118   149   149 V CameraService: setCameraBusy cameraId=0
02-03 22:36:58.118   149   149 D CameraService: CameraService::loadSound ref=0
02-03 22:36:58.118   149   149 V MediaPlayer: constructor
02-03 22:36:58.118   149   149 V MediaPlayer: setDataSource(/system/media/audio/ui/Shutter.ogg)
02-03 22:36:58.128   149   149 V MediaPlayerService: Client(2) constructor
02-03 22:36:58.128   149   149 V MediaPlayerService: Create new client(2) from pid 7673, uid 10189, 
02-03 22:36:58.128   149   149 V MediaPlayerService: setDataSource(/system/media/audio/ui/Shutter.ogg)
02-03 22:36:58.128   149   149 I MediaPlayerFactory: Can`t play mp3 and ogg file on NuPlayer , create Awesomeplayer.
02-03 22:36:58.128   149   149 V MediaPlayerService: player type = 3
02-03 22:36:58.128   149   149 V AwesomePlayer: setDefault
02-03 22:36:58.128   149   149 V AwesomePlayer: constructor
02-03 22:36:58.128   149   149 V AwesomePlayer: setDefault
02-03 22:36:58.128   149   149 V AwesomePlayer: reset_l()
02-03 22:36:58.128   149   149 V AwesomePlayer: reset_l() while (mFlags & PREPARING) condition check
02-03 22:36:58.128   149   149 V AwesomePlayer: cancelPlayerEvents (keepNotifications=0)
02-03 22:36:58.128   149   149 V AwesomePlayer: mAudioTrackVector clear
02-03 22:36:58.128   149   149 V AwesomePlayer: reset_l() mAudioPlayer successfully deleted
02-03 22:36:58.128   149   149 V AwesomePlayer: mSecMediaClock clear
02-03 22:36:58.128   149   149 V StagefrightPlayer: StagefrightPlayer
02-03 22:36:58.128   149   149 V AwesomePlayer: setListener
02-03 22:36:58.128   149   149 V StagefrightPlayer: initCheck
02-03 22:36:58.128   149   149 V AwesomePlayer: AwesomePlayer running on behalf of uid 10189
02-03 22:36:58.128   149   149 V AudioSink: AudioOutput(12)
02-03 22:36:58.128   149   149 V AwesomePlayer: setAudioSink
02-03 22:36:58.128   149   149 V StagefrightPlayer: setDataSource (/system/media/audio/ui/Shutter.ogg)
02-03 22:36:58.128   149   149 V AwesomePlayer: setDataSource (/system/media/audio/ui/Shutter.ogg)
02-03 22:36:58.128   149   149 V AwesomePlayer: reset_l()
02-03 22:36:58.128   149   149 V AwesomePlayer: reset_l() while (mFlags & PREPARING) condition check
02-03 22:36:58.128   149   149 V AwesomePlayer: cancelPlayerEvents (keepNotifications=0)
02-03 22:36:58.128   149   149 V AwesomePlayer: mAudioTrackVector clear
02-03 22:36:58.128   149   149 V AwesomePlayer: reset_l() mAudioPlayer successfully deleted
02-03 22:36:58.128   149   149 V AwesomePlayer: mSecMediaClock clear
02-03 22:36:58.128   149   149 I AwesomePlayer: setDataSource_l(URL suppressed)
02-03 22:36:58.128   149   149 V MediaPlayerService:  setDataSource
02-03 22:36:58.128   149   149 V MediaPlayerService: [2] setParameter(1604)
02-03 22:36:58.128   149   149 V StagefrightPlayer: setParameter(key=1604)
02-03 22:36:58.138   149   149 V AwesomePlayer: setParameter key (1604)
02-03 22:36:58.138   149   149 V AwesomePlayer: Current Contet PID : 7673
02-03 22:36:58.138   149   149 V MediaPlayerService: [2] getParameter(1700)
02-03 22:36:58.138   149   149 V MediaPlayer: MediaPlayer::setAudioStreamType
02-03 22:36:58.138   149   149 V MediaPlayer: prepare
02-03 22:36:58.138   149   149 V MediaPlayerService: [2] setAudioStreamType(7)
02-03 22:36:58.138   149   149 V MediaPlayerService: [2] prepareAsync
02-03 22:36:58.138   149   149 V AwesomePlayer: prepareAsync
02-03 22:36:58.178   149  7972 V AwesomePlayer: onPrepareAsyncEvent
02-03 22:36:58.178   149  7972 I SecMediaClock: SecMediaClock constructor
02-03 22:36:58.178   149  7972 I SecMediaClock: reset
02-03 22:36:58.178   149  7972 V AwesomePlayer: finishSetDataSource_l
02-03 22:36:58.188   149  7972 V AwesomePlayer: track of type 'audio/vorbis' does not publish bitrate
02-03 22:36:58.188   149  7972 V AwesomePlayer: mBitrate = -1 bits/sec
02-03 22:36:58.188   149  7972 W AwesomePlayer: couldn't get userdata - Weather
02-03 22:36:58.188   149  7972 W AwesomePlayer: couldn't get userdata - Authorization 
02-03 22:36:58.188   149  7972 W AwesomePlayer: couldn't get userdata - SnapShot 
02-03 22:36:58.188   149  7972 W AwesomePlayer: couldn't get userdata - SMRD
02-03 22:36:58.198   149  7972 V AwesomePlayer: current audio track index (0) is added to vector
02-03 22:36:58.198   149  7972 V AwesomePlayer: setDataSource_l: Audio(1), Video(0)
02-03 22:36:58.198   149  7972 I AwesomePlayer: AwesomePlayer::setDataSource_l():: This is not a DRM content
02-03 22:36:58.198   149  7972 V AwesomePlayer: initAudioDecoder
02-03 22:36:58.198   149  7972 I OMXCodec: OMXCodec::Create mime (audio/vorbis), flags (0), matchComponentName ((null)), createEncoder (0)
02-03 22:36:58.198   149  7972 I OMXCodec: Attempting to allocate OMX node 'OMX.google.vorbis.decoder'
02-03 22:36:58.208   149  7972 I OMX     : mDispatchers.add
02-03 22:36:58.208   149  7972 I OMX     : mLiveNodes.add
02-03 22:36:58.208   149  7972 I OMXCodec: Successfully allocated OMX node 'OMX.google.vorbis.decoder'
02-03 22:36:58.208   149  7972 I OMXCodec: [OMX.google.vorbis.decoder] OMXCodec::start mState=1
02-03 22:36:58.208   149  7972 I OMXCodec: [OMX.google.vorbis.decoder] setState(LOADED_TO_IDLE)
02-03 22:36:58.218   149  7972 I OMXCodec: [OMX.google.vorbis.decoder] allocating 4 buffers of size 8192 on input port
02-03 22:36:58.218   149  7972 I OMXCodec: [OMX.google.vorbis.decoder] allocating 4 buffers of size 32768 on output port
02-03 22:36:58.218   149  7974 I OMXCodec: [OMX.google.vorbis.decoder] Now Idle. Component sends idle done Event 
02-03 22:36:58.218   149  7974 I OMXCodec: [OMX.google.vorbis.decoder] setState(IDLE_TO_EXECUTING)
02-03 22:36:58.218   149  7974 I OMXCodec: [OMX.google.vorbis.decoder] setState(EXECUTING)
02-03 22:36:58.228   149  7972 V AwesomePlayer: finishAsyncPrepare_l
02-03 22:36:58.228   149  7972 V AwesomePlayer: notifyListner_l() msg (200-MEDIA_INFO), ext1 (973), ext2 (0)
02-03 22:36:58.228   149  7972 V MediaPlayerService: [2] notify (0xb73ab810, 200, 973, 0)
02-03 22:36:58.228   149  7972 V MediaPlayer: message received msg=200, ext1=973, ext2=0
02-03 22:36:58.228   149  7972 W MediaPlayer: info/warning (973, 0)
02-03 22:36:58.228   149  7972 V AwesomePlayer: notifyListner_l() msg (5-MEDIA_SET_VIDEO_SIZE), ext1 (0), ext2 (0)
02-03 22:36:58.228   149  7972 V MediaPlayerService: [2] notify (0xb73ab810, 5, 0, 0)
02-03 22:36:58.228   149  7972 V MediaPlayer: message received msg=5, ext1=0, ext2=0
02-03 22:36:58.238   149  7972 V MediaPlayer: New video size 0 x 0
02-03 22:36:58.238   149  7972 V AwesomePlayer: notifyListner_l() msg (1-MEDIA_PREPARED), ext1 (0), ext2 (0)
02-03 22:36:58.238   149  7972 V MediaPlayerService: [2] notify (0xb73ab810, 1, 0, 0)
02-03 22:36:58.238   149  7972 V MediaPlayer: message received msg=1, ext1=0, ext2=0
02-03 22:36:58.238   149  7972 V MediaPlayer: prepared
02-03 22:36:58.238   149  7972 V MediaPlayer: signal application thread
02-03 22:36:58.248   149   149 V MediaPlayer: prepare complete - status=0
02-03 22:36:58.248   149   149 V MediaPlayer: constructor
02-03 22:36:58.248   149   149 V MediaPlayer: setDataSource(/system/media/audio/ui/Cam_Start.ogg)
02-03 22:36:58.248   149   149 V MediaPlayerService: Client(3) constructor
02-03 22:36:58.248   149   149 V MediaPlayerService: Create new client(3) from pid 7673, uid 10189, 
02-03 22:36:58.248   149   149 V MediaPlayerService: setDataSource(/system/media/audio/ui/Cam_Start.ogg)
02-03 22:36:58.248   149   149 I MediaPlayerFactory: Can`t play mp3 and ogg file on NuPlayer , create Awesomeplayer.
02-03 22:36:58.248   149   149 V MediaPlayerService: player type = 3
02-03 22:36:58.248   149   149 V AwesomePlayer: setDefault
02-03 22:36:58.248   149   149 V AwesomePlayer: constructor
02-03 22:36:58.248   149   149 V AwesomePlayer: setDefault
02-03 22:36:58.258   149   149 V AwesomePlayer: reset_l()
02-03 22:36:58.258   149   149 V AwesomePlayer: reset_l() while (mFlags & PREPARING) condition check
02-03 22:36:58.258   149   149 V AwesomePlayer: cancelPlayerEvents (keepNotifications=0)
02-03 22:36:58.258   149   149 V AwesomePlayer: mAudioTrackVector clear
02-03 22:36:58.258   370   744 D WifiStateMachine: handleMessage: E msg.what=131155
02-03 22:36:58.258   149   149 V AwesomePlayer: reset_l() mAudioPlayer successfully deleted
02-03 22:36:58.258   149   149 V AwesomePlayer: mSecMediaClock clear
02-03 22:36:58.258   149   149 V StagefrightPlayer: StagefrightPlayer
02-03 22:36:58.258   149   149 V AwesomePlayer: setListener
02-03 22:36:58.258   149   149 V StagefrightPlayer: initCheck
02-03 22:36:58.258   149   149 V AwesomePlayer: AwesomePlayer running on behalf of uid 10189
02-03 22:36:58.258   149   149 V AudioSink: AudioOutput(13)
02-03 22:36:58.258   149   149 V AwesomePlayer: setAudioSink
02-03 22:36:58.258   149   149 V StagefrightPlayer: setDataSource (/system/media/audio/ui/Cam_Start.ogg)
02-03 22:36:58.258   149   149 V AwesomePlayer: setDataSource (/system/media/audio/ui/Cam_Start.ogg)
02-03 22:36:58.258   149   149 V AwesomePlayer: reset_l()
02-03 22:36:58.258   149   149 V AwesomePlayer: reset_l() while (mFlags & PREPARING) condition check
02-03 22:36:58.258   149   149 V AwesomePlayer: cancelPlayerEvents (keepNotifications=0)
02-03 22:36:58.258   149   149 V AwesomePlayer: mAudioTrackVector clear
02-03 22:36:58.258   149   149 V AwesomePlayer: reset_l() mAudioPlayer successfully deleted
02-03 22:36:58.258   149   149 V AwesomePlayer: mSecMediaClock clear
02-03 22:36:58.258   149   149 I AwesomePlayer: setDataSource_l(URL suppressed)
02-03 22:36:58.258   149   149 V MediaPlayerService:  setDataSource
02-03 22:36:58.258   149   149 V MediaPlayerService: [3] setParameter(1604)
02-03 22:36:58.258   149   149 V StagefrightPlayer: setParameter(key=1604)
02-03 22:36:58.258   149   149 V AwesomePlayer: setParameter key (1604)
02-03 22:36:58.258   149   149 V AwesomePlayer: Current Contet PID : 7673
02-03 22:36:58.258   149   149 V MediaPlayerService: [3] getParameter(1700)
02-03 22:36:58.258   149   149 V MediaPlayer: MediaPlayer::setAudioStreamType
02-03 22:36:58.258   149   149 V MediaPlayer: prepare
02-03 22:36:58.258   149   149 V MediaPlayerService: [3] setAudioStreamType(7)
02-03 22:36:58.268   149   149 V MediaPlayerService: [3] prepareAsync
02-03 22:36:58.268   149   149 V AwesomePlayer: prepareAsync
02-03 22:36:58.268   149  7975 V AwesomePlayer: onPrepareAsyncEvent
02-03 22:36:58.268   149  7975 I SecMediaClock: SecMediaClock constructor
02-03 22:36:58.268   149  7975 I SecMediaClock: reset
02-03 22:36:58.268   149  7975 V AwesomePlayer: finishSetDataSource_l
02-03 22:36:58.268   370   744 D WifiStateMachine: processMsg: ConnectedState
02-03 22:36:58.268   370   744 D WifiStateMachine: processMsg: L2ConnectedState
02-03 22:36:58.268   370   744 D WifiNative-wlan0: doString: SIGNAL_POLL
02-03 22:36:58.278   370   744 D WifiStateMachine: fetchRssiAndLinkSpeedNative - newRSSI:-67, newLinkSpeed:81
02-03 22:36:58.278   370   744 D WifiStateMachine: handleMessage: X
02-03 22:36:58.288   149  7975 I FileSource: [Read time] time (18343) us > 10000 us, request_size (4), read_size (4)
02-03 22:36:58.288   149  7975 V AwesomePlayer: track of type 'audio/vorbis' does not publish bitrate
02-03 22:36:58.288   149  7975 V AwesomePlayer: mBitrate = -1 bits/sec
02-03 22:36:58.288   149  7975 W AwesomePlayer: couldn't get userdata - Weather
02-03 22:36:58.288   149  7975 W AwesomePlayer: couldn't get userdata - Authorization 
02-03 22:36:58.298   149  7975 W AwesomePlayer: couldn't get userdata - SnapShot 
02-03 22:36:58.298   149  7975 W AwesomePlayer: couldn't get userdata - SMRD
02-03 22:36:58.298   149  7975 V AwesomePlayer: current audio track index (0) is added to vector
02-03 22:36:58.298   149  7975 V AwesomePlayer: setDataSource_l: Audio(1), Video(0)
02-03 22:36:58.298   149  7975 I AwesomePlayer: AwesomePlayer::setDataSource_l():: This is not a DRM content
02-03 22:36:58.298   149  7975 V AwesomePlayer: initAudioDecoder
02-03 22:36:58.298   149  7975 I OMXCodec: OMXCodec::Create mime (audio/vorbis), flags (0), matchComponentName ((null)), createEncoder (0)
02-03 22:36:58.298   149  7975 I OMXCodec: Attempting to allocate OMX node 'OMX.google.vorbis.decoder'
02-03 22:36:58.308   149  7975 I OMX     : mDispatchers.add
02-03 22:36:58.308   149  7975 I OMX     : mLiveNodes.add
02-03 22:36:58.308   149  7975 I OMXCodec: Successfully allocated OMX node 'OMX.google.vorbis.decoder'
02-03 22:36:58.308   149  7975 I OMXCodec: [OMX.google.vorbis.decoder] OMXCodec::start mState=1
02-03 22:36:58.308   149  7975 I OMXCodec: [OMX.google.vorbis.decoder] setState(LOADED_TO_IDLE)
02-03 22:36:58.308   149  7975 I OMXCodec: [OMX.google.vorbis.decoder] allocating 4 buffers of size 8192 on input port
02-03 22:36:58.308   149  7975 I OMXCodec: [OMX.google.vorbis.decoder] allocating 4 buffers of size 32768 on output port
02-03 22:36:58.318   149  7977 I OMXCodec: [OMX.google.vorbis.decoder] Now Idle. Component sends idle done Event 
02-03 22:36:58.318   149  7977 I OMXCodec: [OMX.google.vorbis.decoder] setState(IDLE_TO_EXECUTING)
02-03 22:36:58.318   149  7977 I OMXCodec: [OMX.google.vorbis.decoder] setState(EXECUTING)
02-03 22:36:58.318   149  7975 V AwesomePlayer: finishAsyncPrepare_l
02-03 22:36:58.318   149  7975 V AwesomePlayer: notifyListner_l() msg (200-MEDIA_INFO), ext1 (973), ext2 (0)
02-03 22:36:58.318   149  7975 V MediaPlayerService: [3] notify (0xb739da00, 200, 973, 0)
02-03 22:36:58.328   149  7975 V MediaPlayer: message received msg=200, ext1=973, ext2=0
02-03 22:36:58.328   149  7975 W MediaPlayer: info/warning (973, 0)
02-03 22:36:58.328   149  7975 V AwesomePlayer: notifyListner_l() msg (5-MEDIA_SET_VIDEO_SIZE), ext1 (0), ext2 (0)
02-03 22:36:58.328   149  7975 V MediaPlayerService: [3] notify (0xb739da00, 5, 0, 0)
02-03 22:36:58.328   149  7975 V MediaPlayer: message received msg=5, ext1=0, ext2=0
02-03 22:36:58.328   149  7975 V MediaPlayer: New video size 0 x 0
02-03 22:36:58.328   149  7975 V AwesomePlayer: notifyListner_l() msg (1-MEDIA_PREPARED), ext1 (0), ext2 (0)
02-03 22:36:58.328   149  7975 V MediaPlayerService: [3] notify (0xb739da00, 1, 0, 0)
02-03 22:36:58.338   149  7975 V MediaPlayer: message received msg=1, ext1=0, ext2=0
02-03 22:36:58.338   149  7975 V MediaPlayer: prepared
02-03 22:36:58.338   149  7975 V MediaPlayer: signal application thread
02-03 22:36:58.338   149   149 V MediaPlayer: prepare complete - status=0
02-03 22:36:58.338   149   149 V MediaPlayer: constructor
02-03 22:36:58.338   149   149 V MediaPlayer: setDataSource(/system/media/audio/ui/Cam_Stop.ogg)
02-03 22:36:58.338   149   149 V MediaPlayerService: Client(4) constructor
02-03 22:36:58.338   149   149 V MediaPlayerService: Create new client(4) from pid 7673, uid 10189, 
02-03 22:36:58.338   149   149 V MediaPlayerService: setDataSource(/system/media/audio/ui/Cam_Stop.ogg)
02-03 22:36:58.338   149   149 I MediaPlayerFactory: Can`t play mp3 and ogg file on NuPlayer , create Awesomeplayer.
02-03 22:36:58.338   149   149 V MediaPlayerService: player type = 3
02-03 22:36:58.338   149   149 V AwesomePlayer: setDefault
02-03 22:36:58.338   149   149 V AwesomePlayer: constructor
02-03 22:36:58.338   149   149 V AwesomePlayer: setDefault
02-03 22:36:58.338   149   149 V AwesomePlayer: reset_l()
02-03 22:36:58.338   149   149 V AwesomePlayer: reset_l() while (mFlags & PREPARING) condition check
02-03 22:36:58.338   149   149 V AwesomePlayer: cancelPlayerEvents (keepNotifications=0)
02-03 22:36:58.338   149   149 V AwesomePlayer: mAudioTrackVector clear
02-03 22:36:58.338   149   149 V AwesomePlayer: reset_l() mAudioPlayer successfully deleted
02-03 22:36:58.338   149   149 V AwesomePlayer: mSecMediaClock clear
02-03 22:36:58.348   149   149 V StagefrightPlayer: StagefrightPlayer
02-03 22:36:58.348   149   149 V AwesomePlayer: setListener
02-03 22:36:58.348   149   149 V StagefrightPlayer: initCheck
02-03 22:36:58.348   149   149 V AwesomePlayer: AwesomePlayer running on behalf of uid 10189
02-03 22:36:58.348   149   149 V AudioSink: AudioOutput(14)
02-03 22:36:58.348   149   149 V AwesomePlayer: setAudioSink
02-03 22:36:58.348   149   149 V StagefrightPlayer: setDataSource (/system/media/audio/ui/Cam_Stop.ogg)
02-03 22:36:58.348   149   149 V AwesomePlayer: setDataSource (/system/media/audio/ui/Cam_Stop.ogg)
02-03 22:36:58.348   149   149 V AwesomePlayer: reset_l()
02-03 22:36:58.348   149   149 V AwesomePlayer: reset_l() while (mFlags & PREPARING) condition check
02-03 22:36:58.348   149   149 V AwesomePlayer: cancelPlayerEvents (keepNotifications=0)
02-03 22:36:58.348   149   149 V AwesomePlayer: mAudioTrackVector clear
02-03 22:36:58.348   149   149 V AwesomePlayer: reset_l() mAudioPlayer successfully deleted
02-03 22:36:58.348   149   149 V AwesomePlayer: mSecMediaClock clear
02-03 22:36:58.348   149   149 I AwesomePlayer: setDataSource_l(URL suppressed)
02-03 22:36:58.348   149   149 V MediaPlayerService:  setDataSource
02-03 22:36:58.348   149   149 V MediaPlayerService: [4] setParameter(1604)
02-03 22:36:58.348   149   149 V StagefrightPlayer: setParameter(key=1604)
02-03 22:36:58.348   149   149 V AwesomePlayer: setParameter key (1604)
02-03 22:36:58.348   149   149 V AwesomePlayer: Current Contet PID : 7673
02-03 22:36:58.348   149   149 V MediaPlayerService: [4] getParameter(1700)
02-03 22:36:58.348   149   149 V MediaPlayer: MediaPlayer::setAudioStreamType
02-03 22:36:58.348   149   149 V MediaPlayer: prepare
02-03 22:36:58.348   149   149 V MediaPlayerService: [4] setAudioStreamType(7)
02-03 22:36:58.348   149   149 V MediaPlayerService: [4] prepareAsync
02-03 22:36:58.348   149   149 V AwesomePlayer: prepareAsync
02-03 22:36:58.358   149  7978 V AwesomePlayer: onPrepareAsyncEvent
02-03 22:36:58.358   149  7978 I SecMediaClock: SecMediaClock constructor
02-03 22:36:58.358   149  7978 I SecMediaClock: reset
02-03 22:36:58.358   149  7978 V AwesomePlayer: finishSetDataSource_l
02-03 22:36:58.358   149  7978 V AwesomePlayer: track of type 'audio/vorbis' does not publish bitrate
02-03 22:36:58.368   149  7978 V AwesomePlayer: mBitrate = -1 bits/sec
02-03 22:36:58.368   149  7978 W AwesomePlayer: couldn't get userdata - Weather
02-03 22:36:58.368   149  7978 W AwesomePlayer: couldn't get userdata - Authorization 
02-03 22:36:58.368   149  7978 W AwesomePlayer: couldn't get userdata - SnapShot 
02-03 22:36:58.368   149  7978 W AwesomePlayer: couldn't get userdata - SMRD
02-03 22:36:58.379   149  7978 V AwesomePlayer: current audio track index (0) is added to vector
02-03 22:36:58.379   149  7978 V AwesomePlayer: setDataSource_l: Audio(1), Video(0)
02-03 22:36:58.379   149  7978 I AwesomePlayer: AwesomePlayer::setDataSource_l():: This is not a DRM content
02-03 22:36:58.379   149  7978 V AwesomePlayer: initAudioDecoder
02-03 22:36:58.379   149  7978 I OMXCodec: OMXCodec::Create mime (audio/vorbis), flags (0), matchComponentName ((null)), createEncoder (0)
02-03 22:36:58.379   149  7978 I OMXCodec: Attempting to allocate OMX node 'OMX.google.vorbis.decoder'
02-03 22:36:58.379   149  7978 I OMX     : mDispatchers.add
02-03 22:36:58.379   149  7978 I OMX     : mLiveNodes.add
02-03 22:36:58.379   149  7978 I OMXCodec: Successfully allocated OMX node 'OMX.google.vorbis.decoder'
02-03 22:36:58.379   149  7978 I OMXCodec: [OMX.google.vorbis.decoder] OMXCodec::start mState=1
02-03 22:36:58.379   149  7978 I OMXCodec: [OMX.google.vorbis.decoder] setState(LOADED_TO_IDLE)
02-03 22:36:58.379   149  7978 I OMXCodec: [OMX.google.vorbis.decoder] allocating 4 buffers of size 8192 on input port
02-03 22:36:58.389   149  7978 I OMXCodec: [OMX.google.vorbis.decoder] allocating 4 buffers of size 32768 on output port
02-03 22:36:58.389   149  7980 I OMXCodec: [OMX.google.vorbis.decoder] Now Idle. Component sends idle done Event 
02-03 22:36:58.389   149  7980 I OMXCodec: [OMX.google.vorbis.decoder] setState(IDLE_TO_EXECUTING)
02-03 22:36:58.389   149  7980 I OMXCodec: [OMX.google.vorbis.decoder] setState(EXECUTING)
02-03 22:36:58.389   149  7978 V AwesomePlayer: finishAsyncPrepare_l
02-03 22:36:58.389   149  7978 V AwesomePlayer: notifyListner_l() msg (200-MEDIA_INFO), ext1 (973), ext2 (0)
02-03 22:36:58.389   149  7978 V MediaPlayerService: [4] notify (0xb73a11c8, 200, 973, 0)
02-03 22:36:58.389   149  7978 V MediaPlayer: message received msg=200, ext1=973, ext2=0
02-03 22:36:58.389   149  7978 W MediaPlayer: info/warning (973, 0)
02-03 22:36:58.389   149  7978 V AwesomePlayer: notifyListner_l() msg (5-MEDIA_SET_VIDEO_SIZE), ext1 (0), ext2 (0)
02-03 22:36:58.389   149  7978 V MediaPlayerService: [4] notify (0xb73a11c8, 5, 0, 0)
02-03 22:36:58.389   149  7978 V MediaPlayer: message received msg=5, ext1=0, ext2=0
02-03 22:36:58.389   149  7978 V MediaPlayer: New video size 0 x 0
02-03 22:36:58.389   149  7978 V AwesomePlayer: notifyListner_l() msg (1-MEDIA_PREPARED), ext1 (0), ext2 (0)
02-03 22:36:58.389   149  7978 V MediaPlayerService: [4] notify (0xb73a11c8, 1, 0, 0)
02-03 22:36:58.399   149  7978 V MediaPlayer: message received msg=1, ext1=0, ext2=0
02-03 22:36:58.399   149  7978 V MediaPlayer: prepared
02-03 22:36:58.399   149  7978 V MediaPlayer: signal application thread
02-03 22:36:58.399   149   149 V MediaPlayer: prepare complete - status=0
02-03 22:36:58.399   149   149 D CameraService: Client::Client X (pid 7673, id 0)
02-03 22:36:58.399   149   149 D CameraClient: CameraClient::CameraClient E (pid 7673, id 0)
02-03 22:36:58.399   149   149 D CameraClient: CameraClient::CameraClient X (pid 7673, id 0)
02-03 22:36:58.399   149   149 D CameraClient: CameraClient::initialize E (pid 7673, id 0)
02-03 22:36:58.399   149   149 V CameraService: startCameraOps: Start camera ops, package name = com.facebook.katana, client UID = 10189
02-03 22:36:58.409   149   149 D SecCameraCoreManager: SecCameraCoreManager created: pid=149, cameraId=0
02-03 22:36:58.409   149   149 D SecCameraCoreManager: initialize
02-03 22:36:58.409   149   149 I SecCameraCoreManager: Opening camera 0
02-03 22:36:58.419   149   149 W QualcommCamera2: int android::camera_device_open(const hw_module_t*, const char*, hw_device_t**): start : 0
02-03 22:36:58.779   211   211 E mm-camera: mctl_init dev name is /dev/msm_camera/config0
02-03 22:36:58.799   211   211 E mm-camera: mctl_pp_src_init: init src_idx = 0, dest_idx = 0
02-03 22:36:58.799   211   211 E mm-camera: mctl_pp_src_init: init src_idx = 0, dest_idx = 1
02-03 22:36:58.799   211   211 E mm-camera: mctl_pp_src_init: init src_idx = 1, dest_idx = 0
02-03 22:36:58.799   211   211 E mm-camera: mctl_pp_src_init: init src_idx = 1, dest_idx = 1
02-03 22:36:58.799   211   211 E mm-camera: zoom_init: maximum_value=60
02-03 22:36:58.799   149   149 E mm-camera: mm_camera_open:  ctrl_fd = 56
02-03 22:36:58.799   149   149 E mm-camera: Errno:0
02-03 22:36:58.799   149   149 E mm-camera: mm_camera_open:  opened, break out while loop
02-03 22:36:58.799   149   149 E mm-camera: mm_camera_open:  after while loop
02-03 22:36:58.799   149   149 E mm-camera: mm_camera_open:  2
02-03 22:36:58.799   149   149 E mm-camera: mm_camera_socket_create: socket_fd=57 /data/cam_socket0
02-03 22:36:58.799   149   149 E mm-camera: mm_camera_open:  ds_fd = 57
02-03 22:36:58.799   149   149 E mm-camera: Errno:0
02-03 22:36:58.799   149   149 E mm-camera: mm_camera_open:  opened, break out while loop
02-03 22:36:58.799   149   149 E mm-camera: mm_camera_open:  after while loop for domain socket open
02-03 22:36:58.799   211  7983 E mm-camera: config_proc_CAMERA_GET_CAPABILITIES: yuv_output = 1, af_enable = 0
02-03 22:36:58.799   149   149 W QCameraHWI_Parm: void android::QCameraHardwareInterface::initDefaultParameters(): mIsYuv = 1
02-03 22:36:58.799   149   149 W QCameraHWI_Parm: type : 3 Value : 15728960
02-03 22:36:58.799   211  7983 E mm-camera: config_CAMERA_SET_PARM_DIMENSION: 826
02-03 22:36:58.799   211  7983 E mm-camera: nishu input dimensions are 		picture w = 320, picture h = 240 		display w = 320, display h = 240 		video w = 320, video h = 240 		orig video w = 320, orig video h = 240 		orig pict w = 0, orig pict h = 0 		orig pict dx = 320, orig pict dy = 240 		raw pict w = 0, raw pich h = 0 		thumb w = 0, thumb h = 0 		orig thumb w = 0, orig thumb h = 0 		jpeg  w = 3264, jpeg h = 2448 		ui thumb w = 320, ui thumb h = 240,                 prev_format = 1, enc_format = 0,                 thumb_format = 3, main_img_format = 3 
02-03 22:36:58.799   211  7983 E mm-camera: nishu the dimensions are 		picture w = 320, picture h = 240 		display w = 320, display h = 240 		video w = 320, video h = 240 		orig video w = 320, orig video h = 240 		orig pict w = 0, orig pict h = 0 		orig pict dx = 320, orig pict dy = 240 		raw pict w = 6528, raw pich h = 2448 		thumb w = 320, thumb h = 240 		orig thumb w = 0, orig thumb h = 0 		jpeg  w = 3264, jpeg h = 2448 		ui thumb w = 320, ui thumb h = 240 
02-03 22:36:58.799   211  7983 E mm-camera: config_CAMERA_SET_PARM_DIMENSION: Calling zoom_set_parms for DIM
02-03 22:36:58.799   211  7983 E mm-camera: config_CAMERA_SET_PARM_DIMENSION: rc = 0, pic_fmt = 3, thumb_fmt = 3, prev_fmt = 1, enc_fmt = 0, rotation = 0
02-03 22:36:58.799   149   149 W QCameraHWI_Parm: android::status_t android::QCameraHardwareInterface::setParameters(const android::QCameraParameters&): E
02-03 22:36:58.799   149   149 W QCameraHWI_Parm: ZSL MODE ON
02-03 22:36:58.799   149   149 W QCameraHWI_Parm: <DEBUG> mymode is 9
02-03 22:36:58.799   149   149 W QCameraHWI_Parm: <3075> Ignore anti-shake because of LLS mode
02-03 22:36:58.799   149   149 W QCameraHWI_Parm: @@@requested preview size 1280 x 720
02-03 22:36:58.799   149   149 W QCameraHWI_Parm: type : 75 Value : 6
02-03 22:36:58.809   211  7983 E mm-camera: requested preview index 6
02-03 22:36:58.809   149   149 W QCameraHWI_Parm: @@@@setRecordSize: preview dimensions: 1280x720
02-03 22:36:58.809   149   149 W QCameraHWI_Parm: @@@@setRecordSize: video dimensions: 1280x720
02-03 22:36:58.809   149   149 W QCameraHWI_Parm: type : 75 Value : 17
02-03 22:36:58.809   211  7983 E mm-camera: requested preview index 17
02-03 22:36:58.809   149   149 W QCameraHWI_Parm: @@@EXT_CAM_SET_JPEG_SIZE requested: 3264x2448
02-03 22:36:58.809   149   149 W QCameraHWI_Parm: type : 54 Value : 1
02-03 22:36:58.809   149   149 W QCameraHWI_Parm: Setting preview format to 17
02-03 22:36:58.809   149   149 W QCameraHWI_Parm: number of snapshots = 1
02-03 22:36:58.809   149   149 W QCameraHWI_Parm: type : 63 Value : 1
02-03 22:36:58.809   149   149 W QCameraHWI_Parm: Auto Focus 0
02-03 22:36:58.809   149   149 W QCameraHWI_Parm: #### Set Quality : 96
02-03 22:36:58.819   149   149 W QCameraHWI_Parm: #### Set ZOOM level : 0
02-03 22:36:58.829   149   149 W QCameraHWI_Parm: flash value = 0
02-03 22:36:58.839   149   149 E QCameraHWI_Parm:  auto exposure value: NULL
02-03 22:36:58.839   149   149 E QCameraHWI_Parm: Wavelet Denoise is not supported for this sensor
02-03 22:36:58.839   149   149 W QCameraHWI_Parm: Rear Cam Antibanding Value : 2
02-03 22:36:58.849   149   149 W QCameraHWI_Parm: type : 76 Value : 0
02-03 22:36:58.849   149   149 W QCameraHWI_Parm: android::status_t android::QCameraHardwareInterface::setParameters(const android::QCameraParameters&): X
02-03 22:36:58.849   149   149 W QCameraHWI: <111>Mymode Preview = 9
02-03 22:36:58.859   149   149 W QCameraHWI_Preview: Debug : init() cam_evt_register_buf_notify
02-03 22:36:58.859   149   149 W QCameraHWI: <55>Mymode Record = 9
02-03 22:36:58.859   149   149 W QCameraHWI: <85>Mymode Snap = 9
02-03 22:36:58.859   149   149 W QualcommCamera2: succeeded to open
02-03 22:36:58.859   149   149 W QualcommCamera2: int android::camera_device_open(const hw_module_t*, const char*, hw_device_t**):  end
02-03 22:36:58.859   149   149 I ShotCommon: ShotCommon created: pid=149
02-03 22:36:58.859   149   149 I ShotCommon: Preview width(1280), height(720)
02-03 22:36:58.859   149   149 I ShotCommon: Preview color format [yuv420sp]
02-03 22:36:58.859   149   149 I ShotCommon: Picture width(3264), height(2448)
02-03 22:36:58.859   149   149 I ShotCommon: Picture color format [jpeg]
02-03 22:36:58.859   149   149 W QCameraHWI: special shot setting : 0
02-03 22:36:58.859   149   149 I ShotSingle: ShotSingle created: pid=149
02-03 22:36:58.859   149   149 W QCameraHWI: interleave mode send data : 1
02-03 22:36:58.859   149   149 D SecCameraCoreManager: setCallbacks
02-03 22:36:58.859   149   149 V ShotSingle: setCallbacks(0)
02-03 22:36:58.859   149   149 W QCameraHWI: setCallbacks: E
02-03 22:36:58.859   149   149 W QCameraHWI: setCallbacks: X
02-03 22:36:58.859   149   149 D SecCameraCoreManager: enableMsgType: 0xc0d
02-03 22:36:58.859   149   149 D CameraClient: CameraClient::initialize X (pid 7673, id 0)
02-03 22:36:58.859   149   149 D CameraService: CameraService::connect X (id 0, this pid is 149)
02-03 22:36:58.859   149   340 D SecCameraCoreManager: getParameters
02-03 22:36:58.869   149   340 D CameraClient: getParameters (pid 7673)
02-03 22:36:58.869   149   332 D SecCameraCoreManager: getParameters
02-03 22:36:58.869   149   332 D CameraClient: getParameters (pid 7673)
02-03 22:36:58.869   149   799 D CameraClient: setParameters (pid 7673)
02-03 22:36:58.869   149   799 D SecCameraCoreManager: setParameters
02-03 22:36:58.869   149   799 V ShotSingle: setParameters(0)
02-03 22:36:58.869   149   799 W QualcommCamera2: Q int android::set_parameters(camera_device*, const char*): E
02-03 22:36:58.869   149   799 W QCameraHWI_Parm: android::status_t android::QCameraHardwareInterface::setParameters(const android::QCameraParameters&): E
02-03 22:36:58.869   149   799 W QCameraHWI_Parm: @@@requested preview size 1280 x 720
02-03 22:36:58.869   149   799 W QCameraHWI_Parm: type : 75 Value : 6
02-03 22:36:58.879   211  7983 E mm-camera: requested preview index 6
02-03 22:36:58.879   149   799 W QCameraHWI_Parm: @@@@setRecordSize: preview dimensions: 1280x720
02-03 22:36:58.879   149   799 W QCameraHWI_Parm: @@@@setRecordSize: video dimensions: 1280x720
02-03 22:36:58.879   149   799 W QCameraHWI_Parm: type : 75 Value : 17
02-03 22:36:58.879   211  7983 E mm-camera: requested preview index 17
02-03 22:36:58.879   149   799 W QCameraHWI_Parm: number of snapshots = 1
02-03 22:36:58.879   149   799 W QCameraHWI_Parm: type : 63 Value : 1
02-03 22:36:58.879   149   799 W QCameraHWI_Parm: flash value = 2
02-03 22:36:58.879   149   799 E QCameraHWI_Parm:  auto exposure value: NULL
02-03 22:36:58.879   149   799 E QCameraHWI_Parm: Wavelet Denoise is not supported for this sensor
02-03 22:36:58.879   149   799 W QCameraHWI_Parm: android::status_t android::QCameraHardwareInterface::setParameters(const android::QCameraParameters&): X
02-03 22:36:58.889   149   340 D SecCameraCoreManager: getParameters
02-03 22:36:58.889   149   340 D CameraClient: getParameters (pid 7673)
02-03 22:36:58.899   149   332 D SecCameraCoreManager: getParameters
02-03 22:36:58.899   149   332 D CameraClient: getParameters (pid 7673)
02-03 22:36:58.909   149   149 W QualcommCamera2: Q int android::get_camera_info(int, camera_info*): E
02-03 22:36:58.909   149   799 D SecCameraCoreManager: getParameters
02-03 22:36:58.909   149   799 D CameraClient: getParameters (pid 7673)
02-03 22:36:58.909   149   340 D CameraClient: setParameters (pid 7673)
02-03 22:36:58.909   149   340 D SecCameraCoreManager: setParameters
02-03 22:36:58.909   149   340 V ShotSingle: setParameters(0)
02-03 22:36:58.909   149   340 W QualcommCamera2: Q int android::set_parameters(camera_device*, const char*): E
02-03 22:36:58.909   149   340 W QCameraHWI_Parm: android::status_t android::QCameraHardwareInterface::setParameters(const android::QCameraParameters&): E
02-03 22:36:58.909   149   340 W QCameraHWI_Parm: @@@requested preview size 960 x 720
02-03 22:36:58.909   149   340 W QCameraHWI_Parm: type : 75 Value : 4
02-03 22:36:58.919   211  7983 E mm-camera: requested preview index 4
02-03 22:36:58.919   149   340 W QCameraHWI_Parm: @@@@setRecordSize: preview dimensions: 960x720
02-03 22:36:58.919   149   340 W QCameraHWI_Parm: @@@@setRecordSize: video dimensions: 960x720
02-03 22:36:58.919   149   340 W QCameraHWI_Parm: type : 75 Value : 19
02-03 22:36:58.919   211  7983 E mm-camera: requested preview index 19
02-03 22:36:58.919   149   340 W QCameraHWI_Parm: number of snapshots = 1
02-03 22:36:58.919   149   340 W QCameraHWI_Parm: type : 63 Value : 1
02-03 22:36:58.919   149   340 E QCameraHWI_Parm:  auto exposure value: NULL
02-03 22:36:58.919   149   340 E QCameraHWI_Parm: Wavelet Denoise is not supported for this sensor
02-03 22:36:58.919   149   340 W QCameraHWI_Parm: android::status_t android::QCameraHardwareInterface::setParameters(const android::QCameraParameters&): X
02-03 22:36:58.919   149   332 D CameraClient: sendCommand (pid 7673)
02-03 22:36:58.919   149   332 D SecCameraCoreManager: sendCommand : 3 90 0 
02-03 22:36:58.919   149   149 D SecCameraCoreManager: getParameters
02-03 22:36:58.919   149   149 D CameraClient: getParameters (pid 7673)
02-03 22:36:58.919   149   799 W QualcommCamera2: Q int android::get_camera_info(int, camera_info*): E
02-03 22:36:58.929  7673  7673 W fb4a(:<default>):CameraActivity: Preview resized true
02-03 22:36:58.929   370  1763 D SensorService: info.rates.add, set DEFAULT_EVENTS_PERIOD
02-03 22:36:58.929   370  1763 D SensorService: SensorDevice::activating sensor handle=4 ns=200000000 
02-03 22:36:58.929   370  1763 V Sensors : setDelay - sensor Accelerometer (handle 4), rate 200 ms (5.00 Hz)
02-03 22:36:58.929   370  1186 I SensorService: info.selectDelay() ns=66667000  
02-03 22:36:58.929   370  1186 V Sensors : setDelay - sensor Accelerometer (handle 4), rate 66 ms (15.00 Hz)
02-03 22:36:58.929   370  1186 D SensorService: SensorDevice::setDelay, Return(true 1, false 0) =  1
02-03 22:36:58.929  7673  7673 D SensorManager: registerListener :: create queue :: handler = 4, name = MPL accel, delay = 66667, listener = android.view.OrientationEventListener$SensorEventListenerImpl@426c0440
02-03 22:36:58.929   370  1041 D SensorService: info.rates.add, set DEFAULT_EVENTS_PERIOD
02-03 22:36:58.929   370  1041 D SensorService: SensorDevice::activating sensor handle=4 ns=66667000 
02-03 22:36:58.929   370  1041 V Sensors : setDelay - sensor Accelerometer (handle 4), rate 66 ms (15.00 Hz)
02-03 22:36:58.929   370  1856 I SensorService: info.selectDelay() ns=66667000  
02-03 22:36:58.929   370  1856 V Sensors : setDelay - sensor Accelerometer (handle 4), rate 66 ms (15.00 Hz)
02-03 22:36:58.929   370  1856 D SensorService: SensorDevice::setDelay, Return(true 1, false 0) =  1
02-03 22:36:58.929  7673  7673 D SensorManager: registerListener :: create queue :: handler = 4, name = MPL accel, delay = 66667, listener = com.facebook.camera.utils.RotationMonitor@423ecf88
02-03 22:36:58.929  7673  7673 D SensorManager: registerListener :: handler = 5, name = MPL magnetic field, delay = 66667, listener = com.facebook.camera.utils.RotationMonitor@423ecf88
02-03 22:36:58.939   370  1187 D SensorService: info.rates.add, set DEFAULT_EVENTS_PERIOD
02-03 22:36:58.939   370  1187 V Sensors : enable - sensor MagneticField (handle 5) dis -> en
02-03 22:36:58.939   370  1187 E Sensors : mEnabled = 30
02-03 22:36:58.939   370  1187 D SensorService: SensorDevice::activating sensor handle=5 ns=200000000 
02-03 22:36:58.939   370  1187 V Sensors : setDelay - sensor MagneticField (handle 5), rate 200 ms (5.00 Hz)
02-03 22:36:58.939   370  1147 I SensorService: info.selectDelay() ns=66667000  
02-03 22:36:58.939   370  1147 V Sensors : setDelay - sensor MagneticField (handle 5), rate 66 ms (15.00 Hz)
