02-03 22:37:36.739  8043  8043 I binder_sample: [android.app.IAlarmManager,1,52,com.sec.android.inputmethod:ACService,10]
02-03 22:37:36.739  7673  7673 I am_on_paused_called: [0,com.facebook.katana.activity.composer.ComposerActivity]
02-03 22:37:36.840   370  1862 I am_resume_activity: [0,1143110136,6,com.facebook.katana/com.facebook.photos.mediapicker.MediaPickerActivity]
02-03 22:37:37.020   370  1147 I am_finish_activity: [0,1143110136,6,com.facebook.katana/com.facebook.photos.mediapicker.MediaPickerActivity,app-request]
02-03 22:37:37.030   370  1147 I am_pause_activity: [0,1143110136,com.facebook.katana/com.facebook.photos.mediapicker.MediaPickerActivity]
02-03 22:37:37.030   370  1147 I power_partial_wake_state: [1,ActivityManager-Launch]
02-03 22:37:37.080   370  1856 I am_resume_activity: [0,1144229728,6,com.facebook.katana/.activity.FbFragmentChromeActivity]
02-03 22:37:37.090  7673  7673 I binder_sample: [android.app.IActivityManager,19,19,com.facebook.katana,3]
02-03 22:37:37.110   370  1102 I am_create_service: [0,1134202632,com.facebook.katana/com.facebook.videoads.scheduler.VideoAdsFetchService,7673]
02-03 22:37:37.140  7673  7673 I am_on_resume_called: [0,com.facebook.katana.activity.FbFragmentChromeActivity]
02-03 22:37:37.300   370  1856 I am_destroy_service: [0,1134202632,7673]
02-03 22:37:37.410   370  1102 I power_partial_wake_state: [0,ActivityManager-Launch]
02-03 22:37:37.430   370  1102 I am_destroy_activity: [0,1119682032,6,com.facebook.katana/.activity.composer.ComposerActivity,finish-imm]
02-03 22:37:37.430   370  1102 I am_destroy_activity: [0,1143110136,6,com.facebook.katana/com.facebook.photos.mediapicker.MediaPickerActivity,finish-idle]
02-03 22:37:37.440   370   701 I power_partial_wake_state: [1,AlarmManager]
02-03 22:37:37.550   370  1858 I notification_enqueue: [com.facebook.katana,-774194216,UploadNotificationManager,0,Notification(pri=0 icon=7f020870 contentView=com.facebook.katana/0x10900b4 vibrate=null sound=null defaults=0x0 flags=0x0 when=1391485057553 ledARGB=0x0 contentIntent=Y deleteIntent=N contentTitle=Facebook upload contentText=Starting upload : 1391485051436 tickerText=N kind=[null])]
02-03 22:37:39.452   370   660 I power_partial_wake_state: [0,AlarmManager]
02-03 22:37:40.533   370  1187 I notification_enqueue: [com.facebook.katana,-774194216,UploadNotificationManager,0,Notification(pri=0 icon=7f020870 contentView=com.facebook.katana/0x10900b4 vibrate=null sound=null defaults=0x0 flags=0x0 when=1391485060543 ledARGB=0x0 contentIntent=Y deleteIntent=N contentTitle=Facebook upload contentText=Uploading 1 of 2 : 1391485051436 tickerText=N kind=[null])]
02-03 22:37:40.624   370   370 I notification_enqueue: [com.facebook.katana,-774194216,UploadNotificationManager,0,Notification(pri=0 icon=7f020870 contentView=com.facebook.katana/0x10900b4 vibrate=null sound=null defaults=0x0 flags=0x0 when=1391485060614 ledARGB=0x0 contentIntent=Y deleteIntent=N contentTitle=Facebook upload contentText=Uploading 1 of 2 : 1391485051436 tickerText=N kind=[null])]
02-03 22:37:40.694   370  1861 I notification_enqueue: [com.facebook.katana,-774194216,UploadNotificationManager,0,Notification(pri=0 icon=7f020870 contentView=com.facebook.katana/0x10900b4 vibrate=null sound=null defaults=0x0 flags=0x0 when=1391485060680 ledARGB=0x0 contentIntent=Y deleteIntent=N contentTitle=Facebook upload contentText=Uploading 1 of 2 : 1391485051436 tickerText=N kind=[null])]
02-03 22:37:40.744   370  1041 I notification_enqueue: [com.facebook.katana,-774194216,UploadNotificationManager,0,Notification(pri=0 icon=7f020870 contentView=com.facebook.katana/0x10900b4 vibrate=null sound=null defaults=0x0 flags=0x0 when=1391485060750 ledARGB=0x0 contentIntent=Y deleteIntent=N contentTitle=Facebook upload contentText=Uploading 1 of 2 : 1391485051436 tickerText=N kind=[null])]
02-03 22:37:40.814   370  1860 I notification_enqueue: [com.facebook.katana,-774194216,UploadNotificationManager,0,Notification(pri=0 icon=7f020870 contentView=com.facebook.katana/0x10900b4 vibrate=null sound=null defaults=0x0 flags=0x0 when=1391485060812 ledARGB=0x0 contentIntent=Y deleteIntent=N contentTitle=Facebook upload contentText=Uploading 1 of 2 : 1391485051436 tickerText=N kind=[null])]
02-03 22:37:40.884   370  1147 I notification_enqueue: [com.facebook.katana,-774194216,UploadNotificationManager,0,Notification(pri=0 icon=7f020870 contentView=com.facebook.katana/0x10900b4 vibrate=null sound=null defaults=0x0 flags=0x0 when=1391485060881 ledARGB=0x0 contentIntent=Y deleteIntent=N contentTitle=Facebook upload contentText=Uploading 1 of 2 : 1391485051436 tickerText=N kind=[null])]
02-03 22:37:41.024   370  1186 I notification_enqueue: [com.facebook.katana,-774194216,UploadNotificationManager,0,Notification(pri=0 icon=7f020870 contentView=com.facebook.katana/0x10900b4 vibrate=null sound=null defaults=0x0 flags=0x0 when=1391485061013 ledARGB=0x0 contentIntent=Y deleteIntent=N contentTitle=Facebook upload contentText=Uploading 1 of 2 : 1391485051436 tickerText=N kind=[null])]
02-03 22:37:41.064   370  1069 I notification_enqueue: [com.facebook.katana,-774194216,UploadNotificationManager,0,Notification(pri=0 icon=7f020870 contentView=com.facebook.katana/0x10900b4 vibrate=null sound=null defaults=0x0 flags=0x0 when=1391485061074 ledARGB=0x0 contentIntent=Y deleteIntent=N contentTitle=Facebook upload contentText=Uploading 1 of 2 : 1391485051436 tickerText=N kind=[null])]
02-03 22:37:41.164   370  1862 I notification_enqueue: [com.facebook.katana,-774194216,UploadNotificationManager,0,Notification(pri=0 icon=7f020870 contentView=com.facebook.katana/0x10900b4 vibrate=null sound=null defaults=0x0 flags=0x0 when=1391485061133 ledARGB=0x0 contentIntent=Y deleteIntent=N contentTitle=Facebook upload contentText=Uploading 1 of 2 : 1391485051436 tickerText=N kind=[null])]
02-03 22:37:41.204   370  1070 I notification_enqueue: [com.facebook.katana,-774194216,UploadNotificationManager,0,Notification(pri=0 icon=7f020870 contentView=com.facebook.katana/0x10900b4 vibrate=null sound=null defaults=0x0 flags=0x0 when=1391485061193 ledARGB=0x0 contentIntent=Y deleteIntent=N contentTitle=Facebook upload contentText=Uploading 1 of 2 : 1391485051436 tickerText=N kind=[null])]
02-03 22:37:41.254   370   385 I notification_enqueue: [com.facebook.katana,-774194216,UploadNotificationManager,0,Notification(pri=0 icon=7f020870 contentView=com.facebook.katana/0x10900b4 vibrate=null sound=null defaults=0x0 flags=0x0 when=1391485061236 ledARGB=0x0 contentIntent=Y deleteIntent=N contentTitle=Facebook upload contentText=Uploading 1 of 2 : 1391485051436 tickerText=N kind=[null])]
02-03 22:37:41.404  4193  4193 I binder_sample: [android.app.IActivityManager,16,236,com.sec.android.app.keyguard,47]
02-03 22:37:41.675   370   701 I power_partial_wake_state: [1,AlarmManager]
02-03 22:37:41.675   370   660 I power_partial_wake_state: [0,AlarmManager]
02-03 22:37:43.827   370  1070 I notification_enqueue: [com.facebook.katana,-774194216,UploadNotificationManager,0,Notification(pri=0 icon=7f020870 contentView=com.facebook.katana/0x10900b4 vibrate=null sound=null defaults=0x0 flags=0x0 when=1391485063788 ledARGB=0x0 contentIntent=Y deleteIntent=N contentTitle=Facebook upload contentText=Uploading 1 of 2 : 1391485051436 tickerText=N kind=[null])]
02-03 22:37:43.867   370  1763 I notification_enqueue: [com.facebook.katana,-774194216,UploadNotificationManager,0,Notification(pri=0 icon=7f020870 contentView=com.facebook.katana/0x10900b4 vibrate=null sound=null defaults=0x0 flags=0x0 when=1391485063869 ledARGB=0x0 contentIntent=Y deleteIntent=N contentTitle=Facebook upload contentText=Uploading 1 of 2 : 1391485051436 tickerText=N kind=[null])]
02-03 22:37:45.989   370  1861 I notification_enqueue: [com.facebook.katana,-774194216,UploadNotificationManager,0,Notification(pri=0 icon=7f020870 contentView=com.facebook.katana/0x10900b4 vibrate=null sound=null defaults=0x0 flags=0x0 when=1391485065998 ledARGB=0x0 contentIntent=Y deleteIntent=N contentTitle=Facebook upload contentText=Uploading 2 of 2 : 1391485051436 tickerText=N kind=[null])]
02-03 22:37:46.069   370  1860 I notification_enqueue: [com.facebook.katana,-774194216,UploadNotificationManager,0,Notification(pri=0 icon=7f020870 contentView=com.facebook.katana/0x10900b4 vibrate=null sound=null defaults=0x0 flags=0x0 when=1391485066065 ledARGB=0x0 contentIntent=Y deleteIntent=N contentTitle=Facebook upload contentText=Uploading 2 of 2 : 1391485051436 tickerText=N kind=[null])]
02-03 22:37:46.139   370  1070 I notification_enqueue: [com.facebook.katana,-774194216,UploadNotificationManager,0,Notification(pri=0 icon=7f020870 contentView=com.facebook.katana/0x10900b4 vibrate=null sound=null defaults=0x0 flags=0x0 when=1391485066143 ledARGB=0x0 contentIntent=Y deleteIntent=N contentTitle=Facebook upload contentText=Uploading 2 of 2 : 1391485051436 tickerText=N kind=[null])]
02-03 22:37:46.210   370   392 I notification_enqueue: [com.facebook.katana,-774194216,UploadNotificationManager,0,Notification(pri=0 icon=7f020870 contentView=com.facebook.katana/0x10900b4 vibrate=null sound=null defaults=0x0 flags=0x0 when=1391485066208 ledARGB=0x0 contentIntent=Y deleteIntent=N contentTitle=Facebook upload contentText=Uploading 2 of 2 : 1391485051436 tickerText=N kind=[null])]
02-03 22:37:46.310   370  1860 I notification_enqueue: [com.facebook.katana,-774194216,UploadNotificationManager,0,Notification(pri=0 icon=7f020870 contentView=com.facebook.katana/0x10900b4 vibrate=null sound=null defaults=0x0 flags=0x0 when=1391485066314 ledARGB=0x0 contentIntent=Y deleteIntent=N contentTitle=Facebook upload contentText=Uploading 2 of 2 : 1391485051436 tickerText=N kind=[null])]
02-03 22:37:46.450   370   392 I notification_enqueue: [com.facebook.katana,-774194216,UploadNotificationManager,0,Notification(pri=0 icon=7f020870 contentView=com.facebook.katana/0x10900b4 vibrate=null sound=null defaults=0x0 flags=0x0 when=1391485066457 ledARGB=0x0 contentIntent=Y deleteIntent=N contentTitle=Facebook upload contentText=Uploading 2 of 2 : 1391485051436 tickerText=N kind=[null])]
02-03 22:37:46.470   370  1856 I notification_enqueue: [com.facebook.katana,-774194216,UploadNotificationManager,0,Notification(pri=0 icon=7f020870 contentView=com.facebook.katana/0x10900b4 vibrate=null sound=null defaults=0x0 flags=0x0 when=1391485066479 ledARGB=0x0 contentIntent=Y deleteIntent=N contentTitle=Facebook upload contentText=Uploading 2 of 2 : 1391485051436 tickerText=N kind=[null])]
02-03 22:37:48.772   370  1861 I notification_enqueue: [com.facebook.katana,-774194216,UploadNotificationManager,0,Notification(pri=0 icon=7f020870 contentView=com.facebook.katana/0x10900b4 vibrate=null sound=null defaults=0x0 flags=0x0 when=1391485068783 ledARGB=0x0 contentIntent=Y deleteIntent=N contentTitle=Facebook upload contentText=Uploading 2 of 2 : 1391485051436 tickerText=N kind=[null])]
02-03 22:37:50.334   370  1102 I notification_enqueue: [com.facebook.katana,-774194216,UploadNotificationManager,0,Notification(pri=0 icon=7f02086c contentView=com.facebook.katana/0x10900b4 vibrate=null sound=null defaults=0x0 flags=0x0 when=1391485070324 ledARGB=0x0 contentIntent=Y deleteIntent=N contentTitle=Facebook upload contentText=Upload complete : 1391485051436 tickerText=N kind=[null])]
02-03 22:37:50.364  7673  7673 I binder_sample: [android.app.INotificationManager,4,36,com.facebook.katana,7]
02-03 22:37:50.424  7673  7776 I content_query_sample: [content://com.facebook.katana.provider.PhotosProvider/albums/fbid/100004638540466,aid/owner/cover_pid/cover_url/thumbnail/created/modified/name/description/location/size/visibility/type/object_id/can_upload,,,30,com.facebook.katana,7]
02-03 22:37:52.406  7673  7673 I binder_sample: [android.app.IActivityManager,1002,66,com.facebook.katana,13]
02-03 22:37:52.476  7673  7673 I binder_sample: [android.app.IActivityManager,1002,39,com.facebook.katana,7]
02-03 22:37:53.357  7673  8036 I content_query_sample: [content://com.facebook.katana.provider.PhotosProvider/photos,aid/pid/caption/position,pid IN('100004638540466_1073742430','100004638540466_1376'),,823,com.facebook.katana,100]
02-03 22:37:54.669  7673  8036 I content_update_sample: [content://com.facebook.katana.provider.PhotosProvider/albums,bulkinsert,,356,com.facebook.katana,72]
02-03 22:37:54.879   370  1860 I am_destroy_service: [0,1142825392,7673]
02-03 22:37:58.152   370   914 I am_destroy_service: [0,1131471968,8043]
02-03 22:37:58.262   370  1862 I am_kill : [0,6618,com.sec.android.widgetapp.dualclockdigital4x2,15,too many background]
02-03 22:37:58.282   370  1858 I am_proc_died: [0,6618,com.sec.android.widgetapp.dualclockdigital4x2,15]
02-03 22:37:58.292   370   701 I am_create_service: [0,1134731816,com.google.android.googlequicksearchbox/com.google.android.search.core.summons.icing.InternalIcingCorporaProvider$UpdateCorporaService,7245]
02-03 22:37:58.292   370   701 I power_partial_wake_state: [1,AlarmManager]
02-03 22:37:58.302   370   660 I power_partial_wake_state: [0,AlarmManager]
02-03 22:37:58.363   370  1860 I am_destroy_service: [0,1134731816,7245]
02-03 22:37:58.823   370   670 I battery_level: [100,4327,335]
02-03 22:37:59.984   370   701 I power_partial_wake_state: [1,AlarmManager]
02-03 22:38:00.485   370   660 I power_partial_wake_state: [0,AlarmManager]
02-03 22:38:01.216  1403  1403 I binder_sample: [android.app.IActivityManager,16,736,com.sec.android.widgetapp.ap.hero.accuw,100]
02-03 22:38:01.796  1403  1403 I binder_sample: [com.sec.android.widgetapp.ap.hero.accuweather.widget.IWeatherClockServiceCallback,1,549,com.sec.android.widgetapp.ap.hero.accuw,100]
02-03 22:38:02.497  2176  2176 I binder_sample: [android.app.IActivityManager,110,2160,com.sec.android.widgetapp.alarmclock,100]
02-03 22:38:04.779   370   914 I am_create_activity: [0,1142528184,6,com.facebook.katana/com.facebook.photos.mediapicker.MediaPickerActivity,NULL,NULL,NULL,0,com.facebook.katana]
02-03 22:38:04.940   370   914 I am_pause_activity: [0,1144229728,com.facebook.katana/.activity.FbFragmentChromeActivity]
02-03 22:38:04.950   370   914 I power_partial_wake_state: [1,ActivityManager-Launch]
02-03 22:38:04.950  7673  7673 I binder_sample: [android.app.IActivityManager,3,187,com.facebook.katana,37]
02-03 22:38:04.960  7673  7673 I am_on_paused_called: [0,com.facebook.katana.activity.FbFragmentChromeActivity]
02-03 22:38:04.970   370  1147 I am_restart_activity: [0,1142528184,6,com.facebook.katana/com.facebook.photos.mediapicker.MediaPickerActivity]
02-03 22:38:05.090  7673  7673 I am_on_resume_called: [0,com.facebook.photos.mediapicker.MediaPickerActivity]
02-03 22:38:05.230   370   662 I am_activity_launch_time: [0,1142528184,com.facebook.katana/com.facebook.photos.mediapicker.MediaPickerActivity,270,270]
02-03 22:38:05.240  7673  7738 I content_query_sample: [content://com.facebook.katana.provider.VaultImageProvider/images,image_hash/image_fbid,date_taken >= ?,,162,com.facebook.katana,33]
02-03 22:38:05.290   370  1861 I power_partial_wake_state: [0,ActivityManager-Launch]
02-03 22:38:08.163   370   660 I free_storage_changed: 11964014592
02-03 22:38:09.454   370   385 I am_create_activity: [0,1130655080,6,com.facebook.katana/com.facebook.camera.activity.CameraActivity,com.facebook.intent.action.prod.OPEN_FB4A_CAMERA,NULL,NULL,0,com.facebook.katana]
02-03 22:38:09.705   370   385 I am_pause_activity: [0,1142528184,com.facebook.katana/com.facebook.photos.mediapicker.MediaPickerActivity]
02-03 22:38:09.705   370   385 I power_partial_wake_state: [1,ActivityManager-Launch]
02-03 22:38:09.715  7673  7673 I am_on_paused_called: [0,com.facebook.photos.mediapicker.MediaPickerActivity]
02-03 22:38:09.725   370  1860 I am_restart_activity: [0,1130655080,6,com.facebook.katana/com.facebook.camera.activity.CameraActivity]
02-03 22:38:10.616  7673  7673 I am_on_resume_called: [0,com.facebook.camera.activity.CameraActivity]
02-03 22:38:10.996   370   662 I am_activity_launch_time: [0,1130655080,com.facebook.katana/com.facebook.camera.activity.CameraActivity,1278,1278]
02-03 22:38:11.406   370  1102 I power_partial_wake_state: [0,ActivityManager-Launch]
02-03 22:38:15.311   370   392 I power_partial_wake_state: [1,AudioOut_2]
02-03 22:38:16.442   370  1861 I am_create_service: [0,1139137424,com.android.providers.media/.MediaScannerService,1321]
02-03 22:38:16.632   370  1861 I power_partial_wake_state: [1,CM_static]
02-03 22:38:16.642   370  1147 I am_create_service: [0,1138896744,com.google.android.apps.plus/.service.CameraMonitor$MediaTrackerIntentService,4601]
02-03 22:38:16.662  1321  8126 I content_update_sample: [content://media/,insert,,85,com.android.providers.media,18]
02-03 22:38:16.662   370  1041 I power_partial_wake_state: [1,CM_local]
02-03 22:38:16.672   370  1763 I power_partial_wake_state: [0,CM_static]
02-03 22:38:16.672   370  1856 I power_partial_wake_state: [1,CM_static]
02-03 22:38:16.682   370  1862 I power_partial_wake_state: [0,CM_static]
02-03 22:38:16.682   370   385 I power_partial_wake_state: [1,CM_static]
02-03 22:38:16.692   370   392 I power_partial_wake_state: [0,CM_static]
02-03 22:38:16.692  4601  4622 I content_query_sample: [content://media/external/fs_id,,,,37,com.google.android.apps.plus,8]
02-03 22:38:16.702   370  1860 I power_partial_wake_state: [1,CM_static]
02-03 22:38:16.712   370  1102 I power_partial_wake_state: [0,CM_static]
02-03 22:38:16.712   370   914 I power_partial_wake_state: [1,CM_static]
02-03 22:38:16.732   370   385 I power_partial_wake_state: [0,CM_static]
02-03 22:38:16.742   370  1186 I power_partial_wake_state: [1,CM_static]
02-03 22:38:16.772   370  1861 I power_partial_wake_state: [0,CM_static]
02-03 22:38:16.852  1321  4885 I force_gc: Binder
02-03 22:38:17.133   370   392 I power_partial_wake_state: [0,CM_local]
02-03 22:38:17.143   370  1186 I am_destroy_service: [0,1138896744,4601]
02-03 22:38:17.173   370  1763 I power_partial_wake_state: [1,CM_static]
02-03 22:38:17.183   370  1856 I am_create_service: [0,1138837312,com.google.android.apps.plus/.service.CameraMonitor$MediaTrackerIntentService,4601]
02-03 22:38:17.193   370  1147 I power_partial_wake_state: [1,CM_local]
02-03 22:38:17.193   370  1862 I am_destroy_service: [0,1139137424,1321]
02-03 22:38:17.193   370  1186 I power_partial_wake_state: [0,CM_static]
02-03 22:38:17.363   370   385 I am_create_service: [0,1138790768,com.google.android.gms/.panorama.service.PanoramaAndroidService,1689]
02-03 22:38:17.523   370  1147 I power_partial_wake_state: [0,CM_local]
02-03 22:38:17.523   370  1186 I am_destroy_service: [0,1138837312,4601]
02-03 22:38:17.703   370   914 I power_partial_wake_state: [1,CM_static]
02-03 22:38:17.713   370  1861 I am_create_service: [0,1137881256,com.google.android.apps.plus/.service.CameraMonitor$MediaTrackerIntentService,4601]
02-03 22:38:17.723   370  1187 I power_partial_wake_state: [1,CM_local]
02-03 22:38:17.723   370   385 I power_partial_wake_state: [0,CM_static]
02-03 22:38:17.733  4601  8007 I content_query_sample: [content://media/external/images/thumbnails?blocking=1&orig_id=131&group_id=0,_id/_data,,,260,com.google.android.apps.plus,53]
02-03 22:38:17.783  4601  8129 I force_gc: Binder
02-03 22:38:17.893   370  1070 I power_partial_wake_state: [0,CM_local]
02-03 22:38:17.893   370  1069 I am_destroy_service: [0,1137881256,4601]
02-03 22:38:19.155   370   385 I power_partial_wake_state: [0,AudioOut_2]
02-03 22:38:20.616   370   392 I power_partial_wake_state: [1,AudioOut_2]
02-03 22:38:21.597  1043  1043 I binder_sample: [com.android.internal.telephony.ITelephonyRegistry,4,174,com.android.phone,34]
02-03 22:38:22.178   370  1147 I am_create_service: [0,1128739712,com.android.providers.media/.MediaScannerService,1321]
02-03 22:38:22.208  1321  1321 I binder_sample: [IMountService,30,7,android.process.media,1]
02-03 22:38:22.388   370  1147 I power_partial_wake_state: [1,CM_static]
02-03 22:38:22.398   370   370 I am_create_service: [0,1141334632,com.google.android.apps.plus/.service.CameraMonitor$MediaTrackerIntentService,4601]
02-03 22:38:22.428   370   392 I power_partial_wake_state: [1,CM_local]
02-03 22:38:22.438   370  1763 I power_partial_wake_state: [0,CM_static]
02-03 22:38:22.438   370  1187 I power_partial_wake_state: [1,CM_static]
02-03 22:38:22.448   370   370 I power_partial_wake_state: [0,CM_static]
02-03 22:38:22.448   370  1860 I power_partial_wake_state: [1,CM_static]
02-03 22:38:22.468   370  1858 I power_partial_wake_state: [0,CM_static]
02-03 22:38:22.468   370  1856 I power_partial_wake_state: [1,CM_static]
02-03 22:38:22.478   370  1070 I power_partial_wake_state: [0,CM_static]
02-03 22:38:22.478   370  1763 I power_partial_wake_state: [1,CM_static]
02-03 22:38:22.488   370  1862 I power_partial_wake_state: [0,CM_static]
02-03 22:38:22.498   370   370 I power_partial_wake_state: [1,CM_static]
02-03 22:38:22.508   370  1861 I power_partial_wake_state: [0,CM_static]
02-03 22:38:22.538   370  1147 I force_gc: Binder
02-03 22:38:22.749  4601  8139 I content_query_sample: [content://media/external/video/media,MAX(_id),,,212,com.google.android.apps.plus,43]
02-03 22:38:22.879  1321  1332 I force_gc: Binder
02-03 22:38:23.189   370  1041 I power_partial_wake_state: [0,CM_local]
02-03 22:38:23.199   370  1858 I am_destroy_service: [0,1141334632,4601]
02-03 22:38:23.239   370  1862 I power_partial_wake_state: [1,CM_static]
02-03 22:38:23.239   370   392 I am_create_service: [0,1142953648,com.google.android.apps.plus/.service.CameraMonitor$MediaTrackerIntentService,4601]
02-03 22:38:23.249   370  1860 I am_destroy_service: [0,1128739712,1321]
02-03 22:38:23.259   370   370 I power_partial_wake_state: [1,CM_local]
02-03 22:38:23.259   370  1186 I power_partial_wake_state: [0,CM_static]
02-03 22:38:23.389  4601  8140 I content_query_sample: [content://media/external/images/media/132,_data,,,6,com.google.android.apps.plus,2]
02-03 22:38:23.529   370   392 I power_partial_wake_state: [0,CM_local]
02-03 22:38:23.529   370  1860 I am_destroy_service: [0,1142953648,4601]
02-03 22:38:23.730   370  1763 I power_partial_wake_state: [1,CM_static]
02-03 22:38:23.730   370  1069 I am_create_service: [0,1142825392,com.google.android.apps.plus/.service.CameraMonitor$MediaTrackerIntentService,4601]
02-03 22:38:23.740   370   392 I power_partial_wake_state: [1,CM_local]
02-03 22:38:23.750   370   370 I power_partial_wake_state: [0,CM_static]
02-03 22:38:23.760  4601  8007 I content_query_sample: [content://media/external/images/thumbnails?blocking=1&orig_id=132&group_id=0,_id/_data,,,269,com.google.android.apps.plus,54]
02-03 22:38:23.850   370  1186 I power_partial_wake_state: [0,CM_local]
02-03 22:38:23.860   370   392 I am_destroy_service: [0,1142825392,4601]
02-03 22:38:24.721   370  1186 I am_finish_activity: [0,1130655080,6,com.facebook.katana/com.facebook.camera.activity.CameraActivity,app-request]
02-03 22:38:24.891   370  1186 I am_pause_activity: [0,1130655080,com.facebook.katana/com.facebook.camera.activity.CameraActivity]
02-03 22:38:24.891   370   370 I power_partial_wake_state: [0,AudioOut_2]
02-03 22:38:24.901   370  1186 I power_partial_wake_state: [1,ActivityManager-Launch]
02-03 22:38:24.901  7673  7673 I binder_sample: [android.app.IActivityManager,11,179,com.facebook.katana,35]
02-03 22:38:25.191  7673  7673 I am_on_paused_called: [0,com.facebook.camera.activity.CameraActivity]
02-03 22:38:25.241   370   370 I am_resume_activity: [0,1142528184,6,com.facebook.katana/com.facebook.photos.mediapicker.MediaPickerActivity]
02-03 22:38:25.321  7673  7673 I am_on_resume_called: [0,com.facebook.photos.mediapicker.MediaPickerActivity]
02-03 22:38:25.552   370   392 I power_partial_wake_state: [0,ActivityManager-Launch]
02-03 22:38:25.552   370   392 I am_destroy_activity: [0,1130655080,6,com.facebook.katana/com.facebook.camera.activity.CameraActivity,finish-imm]
02-03 22:38:30.717   370   670 I battery_level: [100,4322,337]
02-03 22:38:31.488   370  1763 I am_destroy_service: [0,1138790768,1689]
02-03 22:38:38.475   370   701 I power_partial_wake_state: [1,AlarmManager]
02-03 22:38:38.505   370   660 I power_partial_wake_state: [0,AlarmManager]
02-03 22:38:38.966   370   385 I am_create_activity: [0,1134069928,6,com.facebook.katana/.activity.composer.ComposerActivity,NULL,NULL,NULL,0,com.facebook.katana]
02-03 22:38:39.236   370   385 I am_pause_activity: [0,1142528184,com.facebook.katana/com.facebook.photos.mediapicker.MediaPickerActivity]
02-03 22:38:39.246   370   385 I power_partial_wake_state: [1,ActivityManager-Launch]
02-03 22:38:39.246  7673  7673 I binder_sample: [android.app.IActivityManager,3,324,com.facebook.katana,64]
02-03 22:38:39.276  7673  7673 I am_on_paused_called: [0,com.facebook.photos.mediapicker.MediaPickerActivity]
02-03 22:38:39.286   370   914 I am_restart_activity: [0,1134069928,6,com.facebook.katana/.activity.composer.ComposerActivity]
02-03 22:38:39.516   370   701 I power_partial_wake_state: [1,AlarmManager]
02-03 22:38:39.526   370   660 I power_partial_wake_state: [0,AlarmManager]
02-03 22:38:39.687   370  1856 I am_create_service: [0,1143169912,com.facebook.katana/.service.FacebookService,7673]
02-03 22:38:39.707   370   370 I am_create_service: [0,1142914144,com.facebook.katana/com.facebook.privacy.service.PrivacyService,7673]
02-03 22:38:39.737   370  1041 I power_partial_wake_state: [1,GpsLocationProvider]
02-03 22:38:39.797  7673  7673 I am_on_resume_called: [0,com.facebook.katana.activity.composer.ComposerActivity]
02-03 22:38:40.107  7673  7673 I binder_sample: [android.view.IWindowSession,6,7,com.facebook.katana,1]
02-03 22:38:40.387   370  1186 I power_partial_wake_state: [0,ActivityManager-Launch]
02-03 22:38:40.397   370   662 I am_activity_launch_time: [0,1134069928,com.facebook.katana/.activity.composer.ComposerActivity,1125,1125]
02-03 22:38:40.658   370  1187 I power_partial_wake_state: [1,NetworkLocationLocator]
02-03 22:38:40.758   370  1070 I am_create_service: [0,1134800016,com.sec.android.inputmethod/com.nuance.connect.service.ConnectClient,8043]
02-03 22:38:40.768   370   914 I am_destroy_service: [0,1142914144,7673]
02-03 22:38:41.128   370  1008 I power_partial_wake_state: [0,GpsLocationProvider]
02-03 22:38:41.198   370  1862 I notification_enqueue: [android,17041112,NULL,-1,Notification(pri=0 icon=1080441 contentView=android/0x10900b4 vibrate=null sound=null defaults=0x0 flags=0x1002 when=0 ledARGB=0x0 contentIntent=Y deleteIntent=N contentTitle=Select input method contentText=Samsung keyboard tickerText=N kind=[android.system.imeswitcher])]
02-03 22:38:41.228   370  1069 I notification_enqueue: [android,17041112,NULL,-1,Notification(pri=0 icon=1080441 contentView=android/0x10900b4 vibrate=null sound=null defaults=0x0 flags=0x1002 when=0 ledARGB=0x0 contentIntent=Y deleteIntent=N contentTitle=Select input method contentText=Samsung keyboard tickerText=N kind=[android.system.imeswitcher])]
02-03 22:38:41.499   370  1187 I notification_enqueue: [com.android.systemui,252119,NULL,-1,Notification(pri=1 icon=7f02011c contentView=com.android.systemui/0x10900b4 vibrate=null sound=null defaults=0x0 flags=0x2 when=1391485121498 ledARGB=0x0 contentIntent=Y deleteIntent=N contentTitle=Searching using GPS contentText=N tickerText=N kind=[null])]
02-03 22:38:41.919   370   370 I notification_enqueue: [android,17041112,NULL,-1,Notification(pri=0 icon=1080441 contentView=android/0x10900b4 vibrate=null sound=null defaults=0x0 flags=0x1002 when=0 ledARGB=0x0 contentIntent=Y deleteIntent=N contentTitle=Select input method contentText=Samsung keyboard tickerText=N kind=[android.system.imeswitcher])]
02-03 22:38:41.969  1043  1043 I binder_sample: [android.content.IContentService,1,6,com.android.phone,1]
02-03 22:38:42.099   370   767 I connectivity_state_changed: [3,3,2]
02-03 22:38:42.119   370   385 I power_partial_wake_state: [1,RILJ]
02-03 22:38:43.921   370  1856 I am_create_service: [0,1119761080,com.tmobile.pr.mytmobile/.wifimetrics.service.WifiMetricsService,1110]
02-03 22:38:43.961  1110  1110 I binder_sample: [android.app.IActivityManager,34,69,com.tmobile.pr.mytmobile,13]
02-03 22:38:43.961  1010  1010 I binder_sample: [android.net.wifi.IWifiManager,8,92,com.google.process.location,18]
02-03 22:38:44.041   370  1187 I power_partial_wake_state: [0,RILJ]
02-03 22:38:44.121   370  1856 I notification_cancel: [com.android.systemui,273,NULL,0,0,64]
02-03 22:38:44.151   370  1041 I notification_cancel: [com.android.systemui,273,NULL,0,0,64]
02-03 22:38:44.181   370   767 I connectivity_state_changed: [3,3,5]
02-03 22:38:44.231   370  1763 I notification_cancel: [com.android.phone,7,NULL,0,0,64]
02-03 22:38:44.352   370  1856 I notification_cancel: [android,17041112,NULL,-1,0,0]
02-03 22:38:44.562   370   741 I power_partial_wake_state: [1,NetworkStats]
02-03 22:38:44.992   370   741 I netstats_mobile_sample: [725,7,628,8,725,7,558,8,725,7,626,9,1391485125949]
02-03 22:38:45.002   370   741 I netstats_wifi_sample: [1433626,3429,802426,2749,1393612,2724,752916,2748,1393612,2724,752916,2748,1391485125949]
02-03 22:38:45.072  8043  8043 I binder_sample: [android.hardware.display.IDisplayManager,1,46,com.sec.android.inputmethod:ACService,9]
02-03 22:38:45.172   370  1008 I power_partial_wake_state: [1,GpsLocationProvider]
02-03 22:38:45.223   370   660 I am_proc_start: [0,8189,10159,com.sec.tetheringprovision,broadcast,com.sec.tetheringprovision/.TetheringProvisionReceiver]
02-03 22:38:45.233   370   392 I notification_cancel: [com.android.systemui,273,NULL,0,0,64]
02-03 22:38:45.363  7673  7673 I binder_sample: [android.view.IWindowSession,27,166,com.facebook.katana,33]
02-03 22:38:45.443  3504  3504 I binder_sample: [,1,391,com.wssyncmldm,78]
02-03 22:38:45.443   370   370 I am_proc_bound: [0,8189,com.sec.tetheringprovision]
02-03 22:38:45.493   370   914 I am_create_service: [0,1128737328,com.samsung.SMT/.UpdateManager,3173]
02-03 22:38:45.623   370  1860 I am_proc_start: [0,8203,10045,com.cequint.ecid,broadcast,com.cequint.ecid/.ConnChangeBroadcastReceiver]
02-03 22:38:45.633  7673  7673 I binder_sample: [android.app.IActivityManager,1002,18,com.facebook.katana,3]
02-03 22:38:45.653  1043  1043 I binder_sample: [com.android.internal.telephony.ITelephonyRegistry,4,35,com.android.phone,7]
02-03 22:38:45.673   370   370 I am_destroy_service: [0,1128737328,3173]
02-03 22:38:45.703   370   385 I am_proc_bound: [0,8203,com.cequint.ecid]
02-03 22:38:45.793   370   790 I power_partial_wake_state: [1,SyncLoopWakeLock]
02-03 22:38:45.793   370   741 I power_partial_wake_state: [0,NetworkStats]
02-03 22:38:45.793   370   701 I power_partial_wake_state: [1,AlarmManager]
02-03 22:38:45.853  7719  7719 I binder_sample: [android.net.IConnectivityManager,3,159,com.facebook.katana:dash,31]
02-03 22:38:45.853  8043  8043 I binder_sample: [android.app.IAlarmManager,6,342,com.sec.android.inputmethod:ACService,68]
02-03 22:38:45.863  1110  1110 I binder_sample: [android.app.IActivityManager,61,1783,com.tmobile.pr.mytmobile,100]
02-03 22:38:46.073   370   790 I power_partial_wake_state: [0,SyncLoopWakeLock]
02-03 22:38:46.073  8043  8043 I binder_sample: [android.app.IAlarmManager,1,181,com.sec.android.inputmethod:ACService,36]
02-03 22:38:46.143  8203  8203 I binder_sample: [,1,169,com.cequint.ecid,33]
02-03 22:38:46.143   370   385 I notification_cancel: [com.cequint.ecid,1,NULL,0,0,64]
02-03 22:38:46.143  1010  1010 I binder_sample: [android.net.wifi.IWifiManager,8,299,com.google.process.location,59]
02-03 22:38:46.184  1110  1110 I binder_sample: [android.content.IContentProvider,21,314,com.tmobile.pr.mytmobile,62]
02-03 22:38:46.254   370  1858 I am_kill : [0,4539,com.android.email,10,too many background]
02-03 22:38:46.314   370  1858 I am_proc_start: [0,8218,10051,com.sec.android.fotaclient,broadcast,com.sec.android.fotaclient/.FotaReceiver]
02-03 22:38:46.394   370  1070 I am_proc_bound: [0,8218,com.sec.android.fotaclient]
02-03 22:38:46.484   370  1858 I am_kill : [0,6517,com.android.mms,15,too many background]
02-03 22:38:46.514   370  1041 I power_partial_wake_state: [1,Checkin Handoff]
02-03 22:38:46.514   370   914 I am_proc_died: [0,6517,com.android.mms,15]
02-03 22:38:46.534   370  1102 I am_create_service: [0,1131970376,com.google.android.gsf/.checkin.CheckinService,1083]
02-03 22:38:46.574  8218  8218 I binder_sample: [android.app.IActivityManager,16,27,com.sec.android.fotaclient,5]
02-03 22:38:46.574  3504  3504 I binder_sample: [android.app.IActivityManager,110,535,com.wssyncmldm,100]
02-03 22:38:46.584   370   370 I power_partial_wake_state: [0,NetworkLocationLocator]
02-03 22:38:46.624   370  1102 I power_partial_wake_state: [1,Checkin Service]
02-03 22:38:46.624   370  1860 I power_partial_wake_state: [0,Checkin Handoff]
02-03 22:38:46.664   370  1861 I am_proc_start: [0,8231,10071,com.samsung.klmsagent,broadcast,com.samsung.klmsagent/.listner.MainReciver]
02-03 22:38:46.674  7673  7673 I binder_sample: [android.app.IActivityManager,1002,20,com.facebook.katana,4]
02-03 22:38:46.704   370   392 I am_proc_bound: [0,8231,com.samsung.klmsagent]
02-03 22:38:46.804   370  1069 I am_kill : [0,6632,com.sec.android.widgetapp.favoriteswidget,15,too many background]
02-03 22:38:46.824   370  1008 I content_query_sample: [content://telephony/carriers,protocol,current = 1 and apn = 'epc.tmobile.com' and carrier_enabled = 1,name ASC,988,,100]
02-03 22:38:46.834   370  1861 I am_destroy_service: [0,1119761080,1110]
02-03 22:38:46.834  1010  1010 I binder_sample: [android.location.ILocationManager,27,65,com.google.process.location,13]
02-03 22:38:46.874   370  1187 I am_proc_start: [0,8245,10081,com.google.android.apps.uploader,broadcast,com.google.android.apps.uploader/com.google.android.picasasync.ConnectivityReceiver]
02-03 22:38:46.914   370  1102 I am_proc_bound: [0,8245,com.google.android.apps.uploader]
02-03 22:38:46.974   370  1763 I am_destroy_service: [0,1131970376,1083]
02-03 22:38:46.974   370  1187 I power_partial_wake_state: [0,Checkin Service]
02-03 22:38:46.984   370  1147 I am_create_service: [0,1137064944,com.google.android.apps.uploader/com.google.android.picasasync.ConnectivityReceiver$AsyncService,8245]
02-03 22:38:47.074   370  1008 I power_partial_wake_state: [0,GpsLocationProvider]
02-03 22:38:47.085   370  1763 I am_destroy_service: [0,1137064944,8245]
02-03 22:38:47.085   370  1187 I am_kill : [0,5572,com.voxmobili.sync.MobileBackup2,15,too many background]
02-03 22:38:47.095   370  1856 I am_proc_died: [0,5572,com.voxmobili.sync.MobileBackup2,15]
02-03 22:38:47.155   370   392 I am_proc_died: [0,6632,com.sec.android.widgetapp.favoriteswidget,15]
02-03 22:38:47.155   370   392 I am_proc_died: [0,4539,com.android.email,10]
02-03 22:38:47.155   370   392 I am_destroy_service: [0,1133558776,4539]
02-03 22:38:47.165   370  1008 I power_partial_wake_state: [1,LocationManagerService]
02-03 22:38:47.215   370  1008 I power_partial_wake_state: [1,LocationManagerService]
02-03 22:38:47.235   370   660 I power_partial_wake_state: [0,LocationManagerService]
02-03 22:38:47.245   370  1102 I power_partial_wake_state: [0,LocationManagerService]
02-03 22:38:47.245   370  1102 I power_partial_wake_state: [1,GpsLocationProvider]
02-03 22:38:47.255   370  1008 I power_partial_wake_state: [1,LocationManagerService]
02-03 22:38:47.265   370   370 I power_partial_wake_state: [1,NetworkLocationLocator]
02-03 22:38:47.325   370  1008 I power_partial_wake_state: [1,LocationManagerService]
02-03 22:38:47.355   370  1008 I power_partial_wake_state: [1,LocationManagerService]
02-03 22:38:47.365   370  1008 I power_partial_wake_state: [1,LocationManagerService]
02-03 22:38:47.365  8245  8259 I content_query_sample: [content://com.google.android.apps.uploader.PicasaUploadProvider/settings,sync_on_wifi_only/video_upload_wifi_only/sync_on_roaming/sync_on_battery,,,178,com.google.android.apps.uploader,36]
02-03 22:38:47.375   370  1860 I power_partial_wake_state: [0,LocationManagerService]
02-03 22:38:47.375   370   370 I power_partial_wake_state: [0,LocationManagerService]
02-03 22:38:47.375  7673  7673 I binder_sample: [android.location.ILocationManager,28,115,com.facebook.katana,23]
02-03 22:38:47.385   370  1763 I am_proc_start: [0,8264,10127,com.samsung.music,broadcast,com.samsung.music/.store.sync.DownloadNowBroadcastReceiver]
02-03 22:38:47.385   370  1070 I power_partial_wake_state: [0,LocationManagerService]
02-03 22:38:47.425   370  1858 I am_proc_bound: [0,8264,com.samsung.music]
02-03 22:38:47.445  3225  3225 I binder_sample: [android.app.IActivityManager,110,34,com.policydm,6]
02-03 22:38:47.545   370  1008 I power_partial_wake_state: [1,LocationManagerService]
02-03 22:38:47.595   370  1008 I power_partial_wake_state: [1,LocationManagerService]
02-03 22:38:47.835   370  1041 I am_create_service: [0,1134378528,com.samsung.music/.media.PlayerService,8264]
02-03 22:38:47.875  8264  8264 I binder_sample: [android.app.IActivityManager,16,25,com.samsung.music,5]
02-03 22:38:47.915   370  1861 I am_kill : [0,7782,com.sec.android.provider.badge,15,too many background]
02-03 22:38:47.935   370  1102 I am_create_service: [0,1139083944,com.android.providers.downloads/.DownloadService,1321]
02-03 22:38:47.975   370  1856 I am_proc_start: [0,8294,10136,com.android.email,broadcast,com.android.email/.EmailConnectivityManager]
02-03 22:38:47.985   370  1147 I notification_cancel_all: [com.android.providers.downloads,0,0,64]
02-03 22:38:47.995   370  1069 I am_proc_bound: [0,8294,com.android.email]
02-03 22:38:48.036  1321  8293 I content_query_sample: [content://downloads/all_downloads,_data,,,48,com.android.providers.media,10]
02-03 22:38:48.146   370  1008 I power_partial_wake_state: [1,LocationManagerService]
02-03 22:38:48.146   370  1102 I am_proc_died: [0,7782,com.sec.android.provider.badge,15]
02-03 22:38:48.176   370  1187 I power_partial_wake_state: [0,LocationManagerService]
02-03 22:38:48.176   370   385 I power_partial_wake_state: [0,LocationManagerService]
02-03 22:38:48.186   370  1147 I am_proc_start: [0,8314,10015,com.sec.android.provider.badge,content provider,com.sec.android.provider.badge/.BadgeProvider]
02-03 22:38:48.186   370  1858 I power_partial_wake_state: [1,RILJ]
02-03 22:38:48.186   370  1041 I power_partial_wake_state: [0,RILJ]
02-03 22:38:48.196   370  1186 I power_partial_wake_state: [1,RILJ]
02-03 22:38:48.206   370  1856 I power_partial_wake_state: [0,RILJ]
02-03 22:38:48.206   370   392 I power_partial_wake_state: [1,RILJ]
02-03 22:38:48.206   370  1860 I power_partial_wake_state: [1,RILJ]
02-03 22:38:48.216   370  1862 I power_partial_wake_state: [0,RILJ]
02-03 22:38:48.216   370   370 I power_partial_wake_state: [1,RILJ]
02-03 22:38:48.246   370  1763 I am_proc_bound: [0,8314,com.sec.android.provider.badge]
02-03 22:38:48.246   370  1069 I power_partial_wake_state: [0,RILJ]
02-03 22:38:48.246   370   914 I power_partial_wake_state: [1,RILJ]
02-03 22:38:48.256   370  1858 I power_partial_wake_state: [0,RILJ]
02-03 22:38:48.256   370  1070 I power_partial_wake_state: [1,RILJ]
02-03 22:38:48.266   370  1856 I power_partial_wake_state: [0,RILJ]
02-03 22:38:48.266   370   392 I power_partial_wake_state: [1,RILJ]
02-03 22:38:48.266   370  1860 I power_partial_wake_state: [0,RILJ]
02-03 22:38:48.336   370  1858 I am_proc_start: [0,8327,10179,com.movial.ipprovider,content provider,com.movial.ipprovider/.IPPhoneProvider]
02-03 22:38:48.336  8294  8294 I binder_sample: [android.app.IActivityManager,29,180,com.android.email,36]
02-03 22:38:48.386   370  1041 I am_proc_bound: [0,8327,com.movial.ipprovider]
02-03 22:38:48.416  8294  8294 I content_update_sample: [content://com.sec.badge/apps/1,update,,50,com.android.email,11]
02-03 22:38:48.576  1043  1043 I binder_sample: [android.content.IContentProvider,1,57,com.android.phone,11]
02-03 22:38:48.596   370   385 I notification_cancel: [com.android.systemui,273,NULL,0,0,64]
02-03 22:38:48.636  1072  1163 I content_query_sample: [content://com.sec.badge/apps,package/class/badgecount,,,105,com.sec.android.app.launcher,22]
02-03 22:38:48.666   370  1860 I notification_cancel: [com.android.systemui,273,NULL,0,0,64]
02-03 22:38:48.696   370  1069 I am_kill : [0,6976,com.android.defcontainer,15,too many background]
02-03 22:38:48.716   370  1856 I notification_cancel: [com.android.phone,7,NULL,0,0,64]
02-03 22:38:48.726   370  1070 I force_gc: Binder
02-03 22:38:48.896  8294  8294 I content_query_sample: [content://com.android.email.provider/account,_id/displayName/emailAddress/syncKey/syncLookback/syncInterval/hostAuthKeyRecv/hostAuthKeySend/flags/isDefault/compatibilityUuid/senderName/ringtoneUri/protocolVersion/newMessageCount/securityFlags/securitySyncKey/signature/emailsize/policyKey/peakDays/peakStartMinute/peakEndMinute/peakSchedule/offPeakSchedule/roamingSchedule/calendarSyncLookback/typeMsg/sevenAccountKey/sizeLimit/timeLimit/peakTime/offPeakTime/days/peakStartTime/peakEndTime/whileRoaming/attachmentEnabled/smimeOwnCertificateAlias/smimeOptionsFlags/smimeSignAlgorithm/smimeEncryptionAlgorithm/conversationMode/textPreview/deviceInfoSent/deviceBlockedType/conflict/IRMTemplateTimeStamp/cbaCertificateAlias/messageFormat/accountType/easLocalChange/forwardWithFiles/autoDownload/recentMessages/showImage/autoRetryTimes/downloadOnScroll/spamfolderid/isSignatureEdited/cancelSendingMessageTimeout/isPeakScheduleOn/companyname/roamingemailsize/smimeOwnSignCertAlias,,,813,com.android.email,100]
02-03 22:38:48.997   370   370 I am_proc_start: [0,8346,10137,com.android.exchange,service,com.android.exchange/.ExchangeService]
02-03 22:38:49.137  3504  3504 I binder_sample: [com.android.internal.telephony.ITelephony,48,57,com.wssyncmldm,11]
02-03 22:38:49.197   370  1858 I am_kill : [0,7856,com.sec.android.app.FlashBarService,15,too many background]
02-03 22:38:49.217   370   914 I am_proc_died: [0,7856,com.sec.android.app.FlashBarService,15]
02-03 22:38:49.227  1110  1110 I binder_sample: [android.content.IContentProvider,21,250,com.tmobile.pr.mytmobile,50]
02-03 22:38:49.227   370  1856 I am_proc_bound: [0,8346,com.android.exchange]
02-03 22:38:49.237   370  1856 I am_create_service: [0,1144918920,com.android.exchange/.ExchangeService,8346]
02-03 22:38:49.287  3225  3225 I binder_sample: [com.android.internal.telephony.IPhoneSubInfo,6,53,com.policydm,10]
02-03 22:38:49.297   370   914 I am_kill : [0,7092,com.android.keychain,15,too many background]
02-03 22:38:49.307   370  1186 I am_destroy_service: [0,1144918920,8346]
02-03 22:38:49.327   370   392 I am_create_service: [0,1144230824,com.sec.android.providers.downloads/.SecDownloadService,1321]
02-03 22:38:49.357   370  1186 I notification_cancel_all: [com.sec.android.providers.downloads,0,0,64]
02-03 22:38:49.367   370  1147 I am_kill : [0,6060,com.sec.android.favoriteappwidget,15,too many background]
02-03 22:38:49.387   370  1102 I am_proc_died: [0,6060,com.sec.android.favoriteappwidget,15]
02-03 22:38:49.477   370  1069 I am_proc_start: [0,8365,10175,com.google.android.youtube,broadcast,com.google.android.youtube/com.google.android.apps.youtube.app.prefetch.PrefetchService$DeviceStateReceiver]
02-03 22:38:49.517   370  1102 I am_proc_bound: [0,8365,com.google.android.youtube]
02-03 22:38:49.627   370  1862 I power_partial_wake_state: [0,LocationManagerService]
02-03 22:38:49.667   370  1860 I am_create_activity: [0,1119487256,6,com.facebook.katana/.activity.places.SelectAtTagActivity,NULL,NULL,NULL,0,com.facebook.katana]
02-03 22:38:49.928   370  1860 I am_pause_activity: [0,1134069928,com.facebook.katana/.activity.composer.ComposerActivity]
02-03 22:38:49.938  1321  8306 I content_query_sample: [content://downloads/all_downloads,,,,244,com.android.providers.media,49]
02-03 22:38:49.958  8245  8261 I content_query_sample: [content://media/external/fs_id,,,,1450,com.google.android.apps.uploader,100]
02-03 22:38:49.958   370  1860 I power_partial_wake_state: [1,ActivityManager-Launch]
02-03 22:38:49.968  7673  7673 I binder_sample: [android.app.IActivityManager,3,314,com.facebook.katana,62]
02-03 22:38:49.968  8365  8365 I binder_sample: [android.app.IActivityManager,29,292,com.google.android.youtube,58]
02-03 22:38:49.968   370  1858 I am_proc_died: [0,7092,com.android.keychain,15]
02-03 22:38:49.978   370  1147 I am_proc_died: [0,6976,com.android.defcontainer,15]
02-03 22:38:49.978   370  1862 I am_create_service: [0,1130968376,com.android.exchange/.ExchangeService,8346]
02-03 22:38:49.998   370  1070 I notification_cancel: [com.android.systemui,273,NULL,0,0,64]
02-03 22:38:50.018   370   370 I notification_cancel: [com.android.systemui,252119,NULL,-1,0,64]
02-03 22:38:50.088  8365  8365 I content_query_sample: [content://com.google.android.gsf.gservices,,,,1,com.google.android.youtube,1]
02-03 22:38:50.158   370  1860 I am_create_service: [0,1144083408,com.google.android.youtube/com.google.android.apps.youtube.core.transfer.DownloadService,8365]
02-03 22:38:50.328  8294  8344 I content_query_sample: [content://com.android.email.provider/account,_id,,,525,com.android.email,100]
02-03 22:38:50.408  1321  8306 I content_query_sample: [content://downloads/all_downloads/43/headers,,,,468,com.android.providers.media,94]
02-03 22:38:50.468   370   663 I am_restart_activity: [0,1119487256,6,com.facebook.katana/.activity.places.SelectAtTagActivity]
02-03 22:38:50.488   370  1069 I notification_cancel: [com.google.android.youtube,1003,NULL,0,0,64]
02-03 22:38:50.548  1321  8364 I content_query_sample: [content://sisodownloads/sisodownloads,,,_id,174,com.android.providers.media,35]
02-03 22:38:50.588  1083  6460 I force_gc: Binder
02-03 22:38:50.618  3504  3504 I binder_sample: [android.app.IActivityManager,110,56,com.wssyncmldm,11]
02-03 22:38:50.638  8365  8365 I binder_sample: [android.content.IContentProvider,1,46,com.google.android.youtube,9]
02-03 22:38:50.678  1043  1043 I binder_sample: [com.android.internal.telephony.ITelephonyRegistry,4,18,com.android.phone,3]
02-03 22:38:50.718   370   914 I am_create_service: [0,1139853992,com.google.android.youtube/com.google.android.apps.youtube.app.prefetch.PrefetchService,8365]
02-03 22:38:50.818   370  1862 I am_create_service: [0,1138969712,com.tmobile.pr.mytmobile/.wifimetrics.service.WifiMetricsService,1110]
02-03 22:38:50.828  3504  3504 I binder_sample: [android.app.IActivityManager,110,204,com.wssyncmldm,40]
02-03 22:38:50.899   370  1102 I am_destroy_service: [0,1139083944,1321]
02-03 22:38:50.919   370  1008 I power_partial_wake_state: [0,LocationManagerService]
02-03 22:38:50.919   370   914 I notification_enqueue: [com.android.systemui,252119,NULL,-1,Notification(pri=1 icon=7f02011c contentView=com.android.systemui/0x10900b4 vibrate=null sound=null defaults=0x0 flags=0x2 when=1391485130906 ledARGB=0x0 contentIntent=Y deleteIntent=N contentTitle=Searching using GPS contentText=N tickerText=N kind=[null])]
02-03 22:38:50.989   370  1070 I am_destroy_service: [0,1139853992,8365]
02-03 22:38:50.999   370  1147 I am_destroy_service: [0,1138969712,1110]
02-03 22:38:51.009  8365  8365 I binder_sample: [android.app.IActivityManager,48,23,com.google.android.youtube,4]
02-03 22:38:51.099   370  1860 I notification_cancel: [com.android.systemui,252119,NULL,-1,0,64]
02-03 22:38:51.199   370  1186 I am_create_service: [0,1134682984,com.sec.spp.push/.monitor.SystemStateMonitorService,3963]
02-03 22:38:51.299   370  1008 I power_partial_wake_state: [0,GpsLocationProvider]
02-03 22:38:51.319  7673  7673 I binder_sample: [android.app.IAlarmManager,1,63,com.facebook.katana,12]
02-03 22:38:51.329  7673  7673 I am_on_paused_called: [0,com.facebook.katana.activity.composer.ComposerActivity]
02-03 22:38:51.339   370  1186 I am_create_service: [0,1133885032,com.android.email/.service.AccountService,8294]
02-03 22:38:51.339   370   914 I am_failed_to_pause: [1134069928,com.facebook.katana/.activity.composer.ComposerActivity,[]]
02-03 22:38:51.449  1321  8364 I content_query_sample: [content://sisodownloads/sisodownloads,_id/title/description/notificationpackage/notificationclass/current_bytes/total_bytes/status/_data/lastmod/destination/storagetype,(status >= '200') AND (visibility == '1') AND (state ==  '10' OR state ==  '9'),_id,295,com.android.providers.media,60]
02-03 22:38:51.479   370   392 I power_partial_wake_state: [0,NetworkLocationLocator]
02-03 22:38:51.489   370  1860 I power_partial_wake_state: [1,PushClient SystemStateMonitorService]
02-03 22:38:51.489   370  1102 I am_destroy_service: [0,1134682984,3963]
02-03 22:38:51.509   370  1070 I am_create_service: [0,1133729336,com.google.android.gms/.auth.GetToken,4920]
02-03 22:38:51.519   370  1008 I power_partial_wake_state: [1,LocationManagerService]
02-03 22:38:51.529   370   660 I power_partial_wake_state: [0,LocationManagerService]
02-03 22:38:51.529   370   385 I am_destroy_service: [0,1144230824,1321]
02-03 22:38:51.539   370  1008 I power_partial_wake_state: [1,LocationManagerService]
02-03 22:38:51.549   370  1856 I am_destroy_service: [0,1133885032,8294]
02-03 22:38:51.569   370  1147 I am_create_service: [0,1133639600,com.android.email/.service.AccountService,8294]
02-03 22:38:51.579   370  1008 I power_partial_wake_state: [1,LocationManagerService]
02-03 22:38:51.619   370  1187 I am_destroy_service: [0,1133639600,8294]
02-03 22:38:51.639   370  1008 I power_partial_wake_state: [1,LocationManagerService]
02-03 22:38:51.649   370  1008 I power_partial_wake_state: [1,LocationManagerService]
02-03 22:38:51.659   370  1069 I power_partial_wake_state: [0,LocationManagerService]
02-03 22:38:51.659   370  1861 I power_partial_wake_state: [0,LocationManagerService]
02-03 22:38:51.669   370  1008 I power_partial_wake_state: [1,LocationManagerService]
02-03 22:38:52.070   370  1008 I power_partial_wake_state: [1,LocationManagerService]
02-03 22:38:52.080   370  1147 I power_partial_wake_state: [0,LocationManagerService]
02-03 22:38:52.080   370   914 I power_partial_wake_state: [0,LocationManagerService]
