02-03 22:36:07.334  1338  5111 W SignalStrength: getGsmLevel=3
02-03 22:36:07.334  1338  5111 W SignalStrength: getLevel=3 (SignalStrength: 12 -1 -1 -1 -1 -1 -1 99 2147483647 2147483647 2147483647 -1 2147483647 gsm|lte 0x3)
02-03 22:36:08.355  1338  5111 W SignalStrength: getGsmLevel=3
02-03 22:36:08.415  1338  5111 W SignalStrength: getLevel=3 (SignalStrength: 12 -1 -1 -1 -1 -1 -1 99 2147483647 2147483647 2147483647 -1 2147483647 gsm|lte 0x3)
02-03 22:36:09.486  1338  5111 W SignalStrength: getGsmLevel=3
02-03 22:36:09.496  1338  5111 W SignalStrength: getLevel=3 (SignalStrength: 12 -1 -1 -1 -1 -1 -1 99 2147483647 2147483647 2147483647 -1 2147483647 gsm|lte 0x3)
02-03 22:36:09.576   241   672 E RIL-RAWDATA: 01 12 00 80 03 01 04 00 00 51 00 06 00 13 03 00 A7 05 00 
02-03 22:36:09.576   241   672 D RIL-QMI : qmuxd: TX message on fd=25, to clientID = 1, len=53
02-03 22:36:09.576   141   687 E RILD    : QmiUnsolicitedCallback: msgId(81)
02-03 22:36:09.576   141   269 E RILD    : ReceiveMessage: svc(NAS), msg(0x51:QMI_NAS_SIG_INFO_IND), indi(1), size(56), err(0)
02-03 22:36:09.576   141   269 E RILD    : IsConsideredRegistered: Cache hit 1
02-03 22:36:09.576   141   269 E RILD    : need sig info-1, need err rate-0
02-03 22:36:09.576   141   269 E RILD    : Request for Signal Info
02-03 22:36:09.576   141   269 E RILD    : SendMessage: svc(NAS), msg(0x4F:QMI_NAS_GET_SIG_INFO), sync(1), internal(1), size(0)
02-03 22:36:09.576   241   241 D RIL-QMI : qmuxd: RX 47 bytes on fd=25 from qmux_client_id=1
02-03 22:36:09.576   241   241 E RIL-RAWDATA: 01 0C 00 00 03 01 00 57 00 4F 00 00 00 
02-03 22:36:09.576   241   241 D RIL-QMI : [SMDPORT] >> BEFORE, Write SMD Port [fd = 11] [msg_len = 13]
02-03 22:36:09.576   241   241 D RIL-QMI : [SMDPORT] << AFTER, Write SMD Port [rc = 0]
02-03 22:36:09.576   241   672 E RIL-RAWDATA: 01 1E 00 80 03 01 02 57 00 4F 00 12 00 02 04 00 00 00 00 00 13 03 00 A7 05 00 20 02 00 03 00 
02-03 22:36:09.576   241   672 D RIL-QMI : qmuxd: TX message on fd=25, to clientID = 1, len=65
02-03 22:36:09.576   141   269 E RILD    : ReceiveMessage: svc(NAS), msg(0x4F:QMI_NAS_GET_SIG_INFO), indi(0), size(68), err(0)
02-03 22:36:09.576   141   269 E RILD    : Result(0), Error(0)
02-03 22:36:09.576   141   269 E RILD    : Signal Strength: [3, 12, 255, -1, -1, -1, -1, -1, -1, -1, -1, 2147483647, -1, 2147483647]
02-03 22:36:09.576   141   802 E RILD    : GLNET-MGR: evt(201)
02-03 22:36:09.576   141   802 E RILD    : NET-MGR: EVENT_NETWORK_SIGNAL_STRENGTH
02-03 22:36:09.576   141   802 E RILD    : OnNetworkSignalStrength() - mSignalBar: 3
02-03 22:36:09.576  1043  1230 W SignalStrength: Size of signalstrength parcel:60
02-03 22:36:09.576  1043  1043 W SignalStrength: Signal before validate=SignalStrength: 780 255 -1 -1 -1 -1 -1 -1 -1 -1 2147483647 -1 2147483647 gsm|lte 0x0
02-03 22:36:09.586  1043  1043 W SignalStrength: Signal after validate=SignalStrength: 780 255 -120 -160 -120 -1 -1 99 2147483647 2147483647 2147483647 -1 2147483647 gsm|lte 0x0
02-03 22:36:09.586  1043  1043 W SignalStrength: initialize: SignalStrength: 12 -1 -1 -1 -1 -1 -1 99 2147483647 2147483647 2147483647 -1 2147483647 gsm|lte 0x3
02-03 22:36:09.596   370  1187 W SignalStrength: Size of signalstrength parcel:172
02-03 22:36:09.596   370  1187 W SignalStrength: getGsmLevel=3
02-03 22:36:09.606   933   955 W SignalStrength: Size of signalstrength parcel:176
02-03 22:36:09.606  1338  1350 W SignalStrength: Size of signalstrength parcel:176
02-03 22:36:09.606  1010  1349 W SignalStrength: Size of signalstrength parcel:176
02-03 22:36:09.606  1010  1022 W SignalStrength: Size of signalstrength parcel:176
02-03 22:36:09.616  1620  1688 W SignalStrength: Size of signalstrength parcel:176
02-03 22:36:09.616  1620  2677 W SignalStrength: Size of signalstrength parcel:176
02-03 22:36:09.616  3225  3237 W SignalStrength: Size of signalstrength parcel:176
02-03 22:36:09.626   933   933 W SignalStrength: getGsmLevel=3
02-03 22:36:09.647  3504  3517 W SignalStrength: Size of signalstrength parcel:176
02-03 22:36:09.667   933   933 W SignalStrength: getLevel=3 (SignalStrength: 12 -1 -1 -1 -1 -1 -1 99 2147483647 2147483647 2147483647 -1 2147483647 gsm|lte 0x3)
02-03 22:36:09.687  1620  2657 W SignalStrength: Size of signalstrength parcel:176
02-03 22:36:09.687   933   933 W SignalStrength: getGsmLevel=3
02-03 22:36:09.697   933   933 W SignalStrength: getLevel=3 (SignalStrength: 12 -1 -1 -1 -1 -1 -1 99 2147483647 2147483647 2147483647 -1 2147483647 gsm|lte 0x3)
02-03 22:36:09.717   370  1187 W SignalStrength: getLevel=3 (SignalStrength: 12 -1 -1 -1 -1 -1 -1 99 2147483647 2147483647 2147483647 -1 2147483647 gsm|lte 0x3)
02-03 22:36:09.787  1043  1059 D GsmSST  : getCellLocation(): X good mCellLoc=[11292,39705431,-1]
02-03 22:36:10.477  1338  5111 W SignalStrength: getGsmLevel=3
02-03 22:36:10.487  1338  5111 W SignalStrength: getLevel=3 (SignalStrength: 12 -1 -1 -1 -1 -1 -1 99 2147483647 2147483647 2147483647 -1 2147483647 gsm|lte 0x3)
02-03 22:36:11.478  1338  5111 W SignalStrength: getGsmLevel=3
02-03 22:36:11.478  1338  5111 W SignalStrength: getLevel=3 (SignalStrength: 12 -1 -1 -1 -1 -1 -1 99 2147483647 2147483647 2147483647 -1 2147483647 gsm|lte 0x3)
02-03 22:36:12.530  1338  5111 W SignalStrength: getGsmLevel=3
02-03 22:36:12.530  1338  5111 W SignalStrength: getLevel=3 (SignalStrength: 12 -1 -1 -1 -1 -1 -1 99 2147483647 2147483647 2147483647 -1 2147483647 gsm|lte 0x3)
02-03 22:36:13.421   241   672 E RIL-RAWDATA: 01 12 00 80 03 01 04 00 00 51 00 06 00 13 03 00 A7 06 00 
02-03 22:36:13.421   241   672 D RIL-QMI : qmuxd: TX message on fd=25, to clientID = 1, len=53
02-03 22:36:13.421   141   687 E RILD    : QmiUnsolicitedCallback: msgId(81)
02-03 22:36:13.421   141   269 E RILD    : ReceiveMessage: svc(NAS), msg(0x51:QMI_NAS_SIG_INFO_IND), indi(1), size(56), err(0)
02-03 22:36:13.421   141   269 E RILD    : IsConsideredRegistered: Cache hit 1
02-03 22:36:13.421   141   269 E RILD    : need sig info-1, need err rate-0
02-03 22:36:13.421   141   269 E RILD    : Request for Signal Info
02-03 22:36:13.421   141   269 E RILD    : SendMessage: svc(NAS), msg(0x4F:QMI_NAS_GET_SIG_INFO), sync(1), internal(1), size(0)
02-03 22:36:13.421   241   241 D RIL-QMI : qmuxd: RX 47 bytes on fd=25 from qmux_client_id=1
02-03 22:36:13.421   241   241 E RIL-RAWDATA: 01 0C 00 00 03 01 00 58 00 4F 00 00 00 
02-03 22:36:13.421   241   241 D RIL-QMI : [SMDPORT] >> BEFORE, Write SMD Port [fd = 11] [msg_len = 13]
02-03 22:36:13.421   241   241 D RIL-QMI : [SMDPORT] << AFTER, Write SMD Port [rc = 0]
02-03 22:36:13.421   241   672 E RIL-RAWDATA: 01 1E 00 80 03 01 02 58 00 4F 00 12 00 02 04 00 00 00 00 00 13 03 00 A7 06 00 20 02 00 03 00 
02-03 22:36:13.421   241   672 D RIL-QMI : qmuxd: TX message on fd=25, to clientID = 1, len=65
02-03 22:36:13.421   141   269 E RILD    : ReceiveMessage: svc(NAS), msg(0x4F:QMI_NAS_GET_SIG_INFO), indi(0), size(68), err(0)
02-03 22:36:13.421   141   269 E RILD    : Result(0), Error(0)
02-03 22:36:13.421   141   269 E RILD    : Signal Strength: [3, 12, 255, -1, -1, -1, -1, -1, -1, -1, -1, 2147483647, -1, 2147483647]
02-03 22:36:13.421   141   802 E RILD    : GLNET-MGR: evt(201)
02-03 22:36:13.421   141   802 E RILD    : NET-MGR: EVENT_NETWORK_SIGNAL_STRENGTH
02-03 22:36:13.421   141   802 E RILD    : OnNetworkSignalStrength() - mSignalBar: 3
02-03 22:36:13.421  1043  1230 W SignalStrength: Size of signalstrength parcel:60
02-03 22:36:13.421  1043  1043 W SignalStrength: Signal before validate=SignalStrength: 780 255 -1 -1 -1 -1 -1 -1 -1 -1 2147483647 -1 2147483647 gsm|lte 0x0
02-03 22:36:13.421  1043  1043 W SignalStrength: Signal after validate=SignalStrength: 780 255 -120 -160 -120 -1 -1 99 2147483647 2147483647 2147483647 -1 2147483647 gsm|lte 0x0
02-03 22:36:13.421  1043  1043 W SignalStrength: initialize: SignalStrength: 12 -1 -1 -1 -1 -1 -1 99 2147483647 2147483647 2147483647 -1 2147483647 gsm|lte 0x3
02-03 22:36:13.431   370   370 W SignalStrength: Size of signalstrength parcel:172
02-03 22:36:13.431   933   952 W SignalStrength: Size of signalstrength parcel:176
02-03 22:36:13.431  1338  1537 W SignalStrength: Size of signalstrength parcel:176
02-03 22:36:13.431  1010  1021 W SignalStrength: Size of signalstrength parcel:176
02-03 22:36:13.431   933   933 W SignalStrength: getGsmLevel=3
02-03 22:36:13.431  1010  1349 W SignalStrength: Size of signalstrength parcel:176
02-03 22:36:13.431   933   933 W SignalStrength: getLevel=3 (SignalStrength: 12 -1 -1 -1 -1 -1 -1 99 2147483647 2147483647 2147483647 -1 2147483647 gsm|lte 0x3)
02-03 22:36:13.431   933   933 W SignalStrength: getGsmLevel=3
02-03 22:36:13.431   933   933 W SignalStrength: getLevel=3 (SignalStrength: 12 -1 -1 -1 -1 -1 -1 99 2147483647 2147483647 2147483647 -1 2147483647 gsm|lte 0x3)
02-03 22:36:13.581   370   370 W SignalStrength: getGsmLevel=3
02-03 22:36:13.581  1620  1671 W SignalStrength: Size of signalstrength parcel:176
02-03 22:36:13.581  1620  2677 W SignalStrength: Size of signalstrength parcel:176
02-03 22:36:13.581  1620  1688 W SignalStrength: Size of signalstrength parcel:176
02-03 22:36:13.581  3225  3237 W SignalStrength: Size of signalstrength parcel:176
02-03 22:36:13.581  3504  3517 W SignalStrength: Size of signalstrength parcel:176
02-03 22:36:13.581   370   370 W SignalStrength: getLevel=3 (SignalStrength: 12 -1 -1 -1 -1 -1 -1 99 2147483647 2147483647 2147483647 -1 2147483647 gsm|lte 0x3)
02-03 22:36:13.891  1338  5111 W SignalStrength: getGsmLevel=3
02-03 22:36:13.891  1338  5111 W SignalStrength: getLevel=3 (SignalStrength: 12 -1 -1 -1 -1 -1 -1 99 2147483647 2147483647 2147483647 -1 2147483647 gsm|lte 0x3)
02-03 22:36:13.891  1043  1060 D GsmSST  : getCellLocation(): X good mCellLoc=[11292,39705431,-1]
02-03 22:36:14.512  1338  5111 W SignalStrength: getGsmLevel=3
02-03 22:36:14.512  1338  5111 W SignalStrength: getLevel=3 (SignalStrength: 12 -1 -1 -1 -1 -1 -1 99 2147483647 2147483647 2147483647 -1 2147483647 gsm|lte 0x3)
02-03 22:36:14.712   241   672 E RIL-RAWDATA: 01 12 00 80 03 01 04 00 00 51 00 06 00 13 03 00 A8 05 00 
02-03 22:36:14.712   241   672 D RIL-QMI : qmuxd: TX message on fd=25, to clientID = 1, len=53
02-03 22:36:14.712   141   687 E RILD    : QmiUnsolicitedCallback: msgId(81)
02-03 22:36:14.712   141   269 E RILD    : ReceiveMessage: svc(NAS), msg(0x51:QMI_NAS_SIG_INFO_IND), indi(1), size(56), err(0)
02-03 22:36:14.712   141   269 E RILD    : IsConsideredRegistered: Cache hit 1
02-03 22:36:14.712   141   269 E RILD    : need sig info-1, need err rate-0
02-03 22:36:14.712   141   269 E RILD    : Request for Signal Info
02-03 22:36:14.712   141   269 E RILD    : SendMessage: svc(NAS), msg(0x4F:QMI_NAS_GET_SIG_INFO), sync(1), internal(1), size(0)
02-03 22:36:14.712   241   241 D RIL-QMI : qmuxd: RX 47 bytes on fd=25 from qmux_client_id=1
02-03 22:36:14.712   241   241 E RIL-RAWDATA: 01 0C 00 00 03 01 00 59 00 4F 00 00 00 
02-03 22:36:14.712   241   241 D RIL-QMI : [SMDPORT] >> BEFORE, Write SMD Port [fd = 11] [msg_len = 13]
02-03 22:36:14.712   241   241 D RIL-QMI : [SMDPORT] << AFTER, Write SMD Port [rc = 0]
02-03 22:36:14.712   241   672 E RIL-RAWDATA: 01 1E 00 80 03 01 02 59 00 4F 00 12 00 02 04 00 00 00 00 00 13 03 00 A8 05 00 20 02 00 04 00 
02-03 22:36:14.712   241   672 D RIL-QMI : qmuxd: TX message on fd=25, to clientID = 1, len=65
02-03 22:36:14.712   141   269 E RILD    : ReceiveMessage: svc(NAS), msg(0x4F:QMI_NAS_GET_SIG_INFO), indi(0), size(68), err(0)
02-03 22:36:14.712   141   269 E RILD    : Result(0), Error(0)
02-03 22:36:14.712   141   269 E RILD    : Signal Strength: [4, 13, 255, -1, -1, -1, -1, -1, -1, -1, -1, 2147483647, -1, 2147483647]
02-03 22:36:14.712   141   802 E RILD    : GLNET-MGR: evt(201)
02-03 22:36:14.712   141   802 E RILD    : NET-MGR: EVENT_NETWORK_SIGNAL_STRENGTH
02-03 22:36:14.712   141   802 E RILD    : OnNetworkSignalStrength() - mSignalBar: 4
02-03 22:36:14.712  1043  1230 W SignalStrength: Size of signalstrength parcel:60
02-03 22:36:14.712  1043  1043 W SignalStrength: Signal before validate=SignalStrength: 1037 255 -1 -1 -1 -1 -1 -1 -1 -1 2147483647 -1 2147483647 gsm|lte 0x0
02-03 22:36:14.712  1043  1043 W SignalStrength: Signal after validate=SignalStrength: 1037 255 -120 -160 -120 -1 -1 99 2147483647 2147483647 2147483647 -1 2147483647 gsm|lte 0x0
02-03 22:36:14.712  1043  1043 W SignalStrength: initialize: SignalStrength: 13 -1 -1 -1 -1 -1 -1 99 2147483647 2147483647 2147483647 -1 2147483647 gsm|lte 0x4
02-03 22:36:14.722   370  1187 W SignalStrength: Size of signalstrength parcel:172
02-03 22:36:14.722   370  1187 W SignalStrength: getGsmLevel=4
02-03 22:36:14.722   933  1559 W SignalStrength: Size of signalstrength parcel:176
02-03 22:36:14.722  1338  1350 W SignalStrength: Size of signalstrength parcel:176
02-03 22:36:14.722  1010  1022 W SignalStrength: Size of signalstrength parcel:176
02-03 22:36:14.722  1010  1351 W SignalStrength: Size of signalstrength parcel:176
02-03 22:36:14.722  1620  1688 W SignalStrength: Size of signalstrength parcel:176
02-03 22:36:14.722  1620  2677 W SignalStrength: Size of signalstrength parcel:176
02-03 22:36:14.722  1620  1671 W SignalStrength: Size of signalstrength parcel:176
02-03 22:36:14.722  3225  3239 W SignalStrength: Size of signalstrength parcel:176
02-03 22:36:14.722  3504  3518 W SignalStrength: Size of signalstrength parcel:176
02-03 22:36:14.732   933   933 W SignalStrength: getGsmLevel=4
02-03 22:36:14.732   933   933 W SignalStrength: getLevel=4 (SignalStrength: 13 -1 -1 -1 -1 -1 -1 99 2147483647 2147483647 2147483647 -1 2147483647 gsm|lte 0x4)
02-03 22:36:14.732   933   933 W SignalStrength: getGsmLevel=4
02-03 22:36:14.732   933   933 W SignalStrength: getLevel=4 (SignalStrength: 13 -1 -1 -1 -1 -1 -1 99 2147483647 2147483647 2147483647 -1 2147483647 gsm|lte 0x4)
02-03 22:36:14.742   370  1187 W SignalStrength: getLevel=4 (SignalStrength: 13 -1 -1 -1 -1 -1 -1 99 2147483647 2147483647 2147483647 -1 2147483647 gsm|lte 0x4)
02-03 22:36:14.752  1043  1400 D GsmSST  : getCellLocation(): X good mCellLoc=[11292,39705431,-1]
02-03 22:36:15.473  1338  5111 W SignalStrength: getGsmLevel=4
02-03 22:36:15.473  1338  5111 W SignalStrength: getLevel=4 (SignalStrength: 13 -1 -1 -1 -1 -1 -1 99 2147483647 2147483647 2147483647 -1 2147483647 gsm|lte 0x4)
02-03 22:36:16.474  1338  5111 W SignalStrength: getGsmLevel=4
02-03 22:36:16.474  1338  5111 W SignalStrength: getLevel=4 (SignalStrength: 13 -1 -1 -1 -1 -1 -1 99 2147483647 2147483647 2147483647 -1 2147483647 gsm|lte 0x4)
02-03 22:36:17.475  1338  5111 W SignalStrength: getGsmLevel=4
02-03 22:36:17.475  1338  5111 W SignalStrength: getLevel=4 (SignalStrength: 13 -1 -1 -1 -1 -1 -1 99 2147483647 2147483647 2147483647 -1 2147483647 gsm|lte 0x4)
02-03 22:36:18.476  1338  5111 W SignalStrength: getGsmLevel=4
02-03 22:36:18.476  1338  5111 W SignalStrength: getLevel=4 (SignalStrength: 13 -1 -1 -1 -1 -1 -1 99 2147483647 2147483647 2147483647 -1 2147483647 gsm|lte 0x4)
02-03 22:36:19.477  1338  5111 W SignalStrength: getGsmLevel=4
02-03 22:36:19.477  1338  5111 W SignalStrength: getLevel=4 (SignalStrength: 13 -1 -1 -1 -1 -1 -1 99 2147483647 2147483647 2147483647 -1 2147483647 gsm|lte 0x4)
02-03 22:36:20.818  1338  5111 W SignalStrength: getGsmLevel=4
02-03 22:36:20.818  1338  5111 W SignalStrength: getLevel=4 (SignalStrength: 13 -1 -1 -1 -1 -1 -1 99 2147483647 2147483647 2147483647 -1 2147483647 gsm|lte 0x4)
02-03 22:36:21.489  1338  5111 W SignalStrength: getGsmLevel=4
02-03 22:36:21.489  1338  5111 W SignalStrength: getLevel=4 (SignalStrength: 13 -1 -1 -1 -1 -1 -1 99 2147483647 2147483647 2147483647 -1 2147483647 gsm|lte 0x4)
02-03 22:36:22.380   241   672 E RIL-RAWDATA: 01 12 00 80 03 01 04 00 00 51 00 06 00 13 03 00 A7 05 00 
02-03 22:36:22.380   241   672 D RIL-QMI : qmuxd: TX message on fd=25, to clientID = 1, len=53
02-03 22:36:22.380   141   687 E RILD    : QmiUnsolicitedCallback: msgId(81)
02-03 22:36:22.380   141   269 E RILD    : ReceiveMessage: svc(NAS), msg(0x51:QMI_NAS_SIG_INFO_IND), indi(1), size(56), err(0)
02-03 22:36:22.380   141   269 E RILD    : IsConsideredRegistered: Cache hit 1
02-03 22:36:22.380   141   269 E RILD    : need sig info-1, need err rate-0
02-03 22:36:22.380   141   269 E RILD    : Request for Signal Info
02-03 22:36:22.380   141   269 E RILD    : SendMessage: svc(NAS), msg(0x4F:QMI_NAS_GET_SIG_INFO), sync(1), internal(1), size(0)
02-03 22:36:22.380   241   241 D RIL-QMI : qmuxd: RX 47 bytes on fd=25 from qmux_client_id=1
02-03 22:36:22.380   241   241 E RIL-RAWDATA: 01 0C 00 00 03 01 00 5A 00 4F 00 00 00 
02-03 22:36:22.380   241   241 D RIL-QMI : [SMDPORT] >> BEFORE, Write SMD Port [fd = 11] [msg_len = 13]
02-03 22:36:22.380   241   241 D RIL-QMI : [SMDPORT] << AFTER, Write SMD Port [rc = 0]
02-03 22:36:22.380   241   672 E RIL-RAWDATA: 01 1E 00 80 03 01 02 5A 00 4F 00 12 00 02 04 00 00 00 00 00 13 03 00 A7 05 00 20 02 00 03 00 
02-03 22:36:22.380   241   672 D RIL-QMI : qmuxd: TX message on fd=25, to clientID = 1, len=65
02-03 22:36:22.380   141   269 E RILD    : ReceiveMessage: svc(NAS), msg(0x4F:QMI_NAS_GET_SIG_INFO), indi(0), size(68), err(0)
02-03 22:36:22.380   141   269 E RILD    : Result(0), Error(0)
02-03 22:36:22.380   141   269 E RILD    : Signal Strength: [3, 12, 255, -1, -1, -1, -1, -1, -1, -1, -1, 2147483647, -1, 2147483647]
02-03 22:36:22.380   141   802 E RILD    : GLNET-MGR: evt(201)
02-03 22:36:22.380   141   802 E RILD    : NET-MGR: EVENT_NETWORK_SIGNAL_STRENGTH
02-03 22:36:22.380   141   802 E RILD    : OnNetworkSignalStrength() - mSignalBar: 3
02-03 22:36:22.380  1043  1230 W SignalStrength: Size of signalstrength parcel:60
02-03 22:36:22.380  1043  1043 W SignalStrength: Signal before validate=SignalStrength: 780 255 -1 -1 -1 -1 -1 -1 -1 -1 2147483647 -1 2147483647 gsm|lte 0x0
02-03 22:36:22.380  1043  1043 W SignalStrength: Signal after validate=SignalStrength: 780 255 -120 -160 -120 -1 -1 99 2147483647 2147483647 2147483647 -1 2147483647 gsm|lte 0x0
02-03 22:36:22.380  1043  1043 W SignalStrength: initialize: SignalStrength: 12 -1 -1 -1 -1 -1 -1 99 2147483647 2147483647 2147483647 -1 2147483647 gsm|lte 0x3
02-03 22:36:22.380   370  1861 W SignalStrength: Size of signalstrength parcel:172
02-03 22:36:23.661   241   672 E RIL-RAWDATA: 01 12 00 80 03 01 04 00 00 51 00 06 00 13 03 00 A7 06 00 
02-03 22:36:23.661   241   672 D RIL-QMI : qmuxd: TX message on fd=25, to clientID = 1, len=53
02-03 22:36:23.661   141   687 E RILD    : QmiUnsolicitedCallback: msgId(81)
02-03 22:36:23.661   141   269 E RILD    : ReceiveMessage: svc(NAS), msg(0x51:QMI_NAS_SIG_INFO_IND), indi(1), size(56), err(0)
02-03 22:36:23.661   141   269 E RILD    : IsConsideredRegistered: Cache hit 1
02-03 22:36:23.661   141   269 E RILD    : need sig info-1, need err rate-0
02-03 22:36:23.661   141   269 E RILD    : Request for Signal Info
02-03 22:36:23.661   141   269 E RILD    : SendMessage: svc(NAS), msg(0x4F:QMI_NAS_GET_SIG_INFO), sync(1), internal(1), size(0)
02-03 22:36:23.661   241   241 D RIL-QMI : qmuxd: RX 47 bytes on fd=25 from qmux_client_id=1
02-03 22:36:23.661   241   241 E RIL-RAWDATA: 01 0C 00 00 03 01 00 5B 00 4F 00 00 00 
02-03 22:36:23.661   241   241 D RIL-QMI : [SMDPORT] >> BEFORE, Write SMD Port [fd = 11] [msg_len = 13]
02-03 22:36:23.661   241   241 D RIL-QMI : [SMDPORT] << AFTER, Write SMD Port [rc = 0]
02-03 22:36:23.661   241   672 E RIL-RAWDATA: 01 1E 00 80 03 01 02 5B 00 4F 00 12 00 02 04 00 00 00 00 00 13 03 00 A7 06 00 20 02 00 03 00 
02-03 22:36:23.661   241   672 D RIL-QMI : qmuxd: TX message on fd=25, to clientID = 1, len=65
02-03 22:36:23.661   141   269 E RILD    : ReceiveMessage: svc(NAS), msg(0x4F:QMI_NAS_GET_SIG_INFO), indi(0), size(68), err(0)
02-03 22:36:23.661   141   269 E RILD    : Result(0), Error(0)
02-03 22:36:23.661   141   269 E RILD    : Signal Strength: [3, 12, 255, -1, -1, -1, -1, -1, -1, -1, -1, 2147483647, -1, 2147483647]
02-03 22:36:23.661   141   802 E RILD    : GLNET-MGR: evt(201)
02-03 22:36:23.661   141   802 E RILD    : NET-MGR: EVENT_NETWORK_SIGNAL_STRENGTH
02-03 22:36:23.661   141   802 E RILD    : OnNetworkSignalStrength() - mSignalBar: 3
02-03 22:36:23.661  1043  1230 W SignalStrength: Size of signalstrength parcel:60
02-03 22:36:24.132  1338  5111 W SignalStrength: getGsmLevel=4
02-03 22:36:24.132   370  1861 W SignalStrength: getGsmLevel=3
02-03 22:36:24.132   933   955 W SignalStrength: Size of signalstrength parcel:176
02-03 22:36:24.132  1338  1350 W SignalStrength: Size of signalstrength parcel:176
02-03 22:36:24.132  1010  1021 W SignalStrength: Size of signalstrength parcel:176
02-03 22:36:24.132  1010  1351 W SignalStrength: Size of signalstrength parcel:176
02-03 22:36:24.132  1620  2657 W SignalStrength: Size of signalstrength parcel:176
02-03 22:36:24.132  1620  1671 W SignalStrength: Size of signalstrength parcel:176
02-03 22:36:24.132  1620  2677 W SignalStrength: Size of signalstrength parcel:176
02-03 22:36:24.132  3225  3237 W SignalStrength: Size of signalstrength parcel:176
02-03 22:36:24.132  3504  3517 W SignalStrength: Size of signalstrength parcel:176
02-03 22:36:24.142   933   933 W SignalStrength: getGsmLevel=3
02-03 22:36:24.142   933   933 W SignalStrength: getLevel=3 (SignalStrength: 12 -1 -1 -1 -1 -1 -1 99 2147483647 2147483647 2147483647 -1 2147483647 gsm|lte 0x3)
02-03 22:36:24.142  1338  5111 W SignalStrength: getLevel=4 (SignalStrength: 13 -1 -1 -1 -1 -1 -1 99 2147483647 2147483647 2147483647 -1 2147483647 gsm|lte 0x4)
02-03 22:36:24.142   933   933 W SignalStrength: getGsmLevel=3
02-03 22:36:24.152   933   933 W SignalStrength: getLevel=3 (SignalStrength: 12 -1 -1 -1 -1 -1 -1 99 2147483647 2147483647 2147483647 -1 2147483647 gsm|lte 0x3)
02-03 22:36:24.152   370  1861 W SignalStrength: getLevel=3 (SignalStrength: 12 -1 -1 -1 -1 -1 -1 99 2147483647 2147483647 2147483647 -1 2147483647 gsm|lte 0x3)
02-03 22:36:24.192  1338  5111 W SignalStrength: getGsmLevel=3
02-03 22:36:24.192  1338  5111 W SignalStrength: getLevel=3 (SignalStrength: 12 -1 -1 -1 -1 -1 -1 99 2147483647 2147483647 2147483647 -1 2147483647 gsm|lte 0x3)
02-03 22:36:24.202  1043  1043 W SignalStrength: Signal before validate=SignalStrength: 780 255 -1 -1 -1 -1 -1 -1 -1 -1 2147483647 -1 2147483647 gsm|lte 0x0
02-03 22:36:24.202  1043  1043 W SignalStrength: Signal after validate=SignalStrength: 780 255 -120 -160 -120 -1 -1 99 2147483647 2147483647 2147483647 -1 2147483647 gsm|lte 0x0
02-03 22:36:24.202  1043  1541 D GsmSST  : getCellLocation(): X good mCellLoc=[11292,39705431,-1]
02-03 22:36:24.202  1043  1043 W SignalStrength: initialize: SignalStrength: 12 -1 -1 -1 -1 -1 -1 99 2147483647 2147483647 2147483647 -1 2147483647 gsm|lte 0x3
02-03 22:36:24.202   370   370 W SignalStrength: Size of signalstrength parcel:172
02-03 22:36:24.202   370   370 W SignalStrength: getGsmLevel=3
02-03 22:36:24.202   933   952 W SignalStrength: Size of signalstrength parcel:176
02-03 22:36:24.202  1338  1352 W SignalStrength: Size of signalstrength parcel:176
02-03 22:36:24.202  1010  1349 W SignalStrength: Size of signalstrength parcel:176
02-03 22:36:24.202  1620  1688 W SignalStrength: Size of signalstrength parcel:176
02-03 22:36:24.202  3225  3239 W SignalStrength: Size of signalstrength parcel:176
02-03 22:36:24.202  3504  3518 W SignalStrength: Size of signalstrength parcel:176
02-03 22:36:24.212  1010  1022 W SignalStrength: Size of signalstrength parcel:176
02-03 22:36:24.212  1620  1688 W SignalStrength: Size of signalstrength parcel:176
02-03 22:36:24.212  1620  1671 W SignalStrength: Size of signalstrength parcel:176
02-03 22:36:24.222   370   370 W SignalStrength: getLevel=3 (SignalStrength: 12 -1 -1 -1 -1 -1 -1 99 2147483647 2147483647 2147483647 -1 2147483647 gsm|lte 0x3)
02-03 22:36:24.312  1043  1400 D GsmSST  : getCellLocation(): X good mCellLoc=[11292,39705431,-1]
02-03 22:36:24.322   933   933 W SignalStrength: getGsmLevel=3
02-03 22:36:24.362   933   933 W SignalStrength: getLevel=3 (SignalStrength: 12 -1 -1 -1 -1 -1 -1 99 2147483647 2147483647 2147483647 -1 2147483647 gsm|lte 0x3)
02-03 22:36:24.362   933   933 W SignalStrength: getGsmLevel=3
02-03 22:36:24.362   933   933 W SignalStrength: getLevel=3 (SignalStrength: 12 -1 -1 -1 -1 -1 -1 99 2147483647 2147483647 2147483647 -1 2147483647 gsm|lte 0x3)
02-03 22:36:25.293  1338  5111 W SignalStrength: getGsmLevel=3
02-03 22:36:25.303  1338  5111 W SignalStrength: getLevel=3 (SignalStrength: 12 -1 -1 -1 -1 -1 -1 99 2147483647 2147483647 2147483647 -1 2147483647 gsm|lte 0x3)
02-03 22:36:26.134  1338  5111 W SignalStrength: getGsmLevel=3
02-03 22:36:26.134  1338  5111 W SignalStrength: getLevel=3 (SignalStrength: 12 -1 -1 -1 -1 -1 -1 99 2147483647 2147483647 2147483647 -1 2147483647 gsm|lte 0x3)
02-03 22:36:27.135  1338  5111 W SignalStrength: getGsmLevel=3
02-03 22:36:27.135  1338  5111 W SignalStrength: getLevel=3 (SignalStrength: 12 -1 -1 -1 -1 -1 -1 99 2147483647 2147483647 2147483647 -1 2147483647 gsm|lte 0x3)
02-03 22:36:29.388  1338  5111 W SignalStrength: getGsmLevel=3
02-03 22:36:29.388  1338  5111 W SignalStrength: getLevel=3 (SignalStrength: 12 -1 -1 -1 -1 -1 -1 99 2147483647 2147483647 2147483647 -1 2147483647 gsm|lte 0x3)
02-03 22:36:29.418  1338  5111 W SignalStrength: getGsmLevel=3
02-03 22:36:29.418  1338  5111 W SignalStrength: getLevel=3 (SignalStrength: 12 -1 -1 -1 -1 -1 -1 99 2147483647 2147483647 2147483647 -1 2147483647 gsm|lte 0x3)
02-03 22:36:30.799  1338  5111 W SignalStrength: getGsmLevel=3
02-03 22:36:30.799  1338  5111 W SignalStrength: getLevel=3 (SignalStrength: 12 -1 -1 -1 -1 -1 -1 99 2147483647 2147483647 2147483647 -1 2147483647 gsm|lte 0x3)
02-03 22:36:31.340   241   672 E RIL-RAWDATA: 01 12 00 80 03 01 04 00 00 51 00 06 00 13 03 00 A6 05 00 
02-03 22:36:31.340   241   672 D RIL-QMI : qmuxd: TX message on fd=25, to clientID = 1, len=53
02-03 22:36:31.340   141   687 E RILD    : QmiUnsolicitedCallback: msgId(81)
02-03 22:36:31.340   141   269 E RILD    : ReceiveMessage: svc(NAS), msg(0x51:QMI_NAS_SIG_INFO_IND), indi(1), size(56), err(0)
02-03 22:36:31.340   141   269 E RILD    : IsConsideredRegistered: Cache hit 1
02-03 22:36:31.340   141   269 E RILD    : need sig info-1, need err rate-0
02-03 22:36:31.340   141   269 E RILD    : Request for Signal Info
02-03 22:36:31.340   141   269 E RILD    : SendMessage: svc(NAS), msg(0x4F:QMI_NAS_GET_SIG_INFO), sync(1), internal(1), size(0)
02-03 22:36:31.340   241   241 D RIL-QMI : qmuxd: RX 47 bytes on fd=25 from qmux_client_id=1
02-03 22:36:31.340   241   241 E RIL-RAWDATA: 01 0C 00 00 03 01 00 5C 00 4F 00 00 00 
02-03 22:36:31.340   241   241 D RIL-QMI : [SMDPORT] >> BEFORE, Write SMD Port [fd = 11] [msg_len = 13]
02-03 22:36:31.340   241   241 D RIL-QMI : [SMDPORT] << AFTER, Write SMD Port [rc = 0]
02-03 22:36:31.340   241   672 E RIL-RAWDATA: 01 1E 00 80 03 01 02 5C 00 4F 00 12 00 02 04 00 00 00 00 00 13 03 00 A6 05 00 20 02 00 03 00 
02-03 22:36:31.340   241   672 D RIL-QMI : qmuxd: TX message on fd=25, to clientID = 1, len=65
02-03 22:36:31.340   141   269 E RILD    : ReceiveMessage: svc(NAS), msg(0x4F:QMI_NAS_GET_SIG_INFO), indi(0), size(68), err(0)
02-03 22:36:31.340   141   269 E RILD    : Result(0), Error(0)
02-03 22:36:31.340   141   269 E RILD    : Signal Strength: [3, 12, 255, -1, -1, -1, -1, -1, -1, -1, -1, 2147483647, -1, 2147483647]
02-03 22:36:31.340   141   802 E RILD    : GLNET-MGR: evt(201)
02-03 22:36:31.340   141   802 E RILD    : NET-MGR: EVENT_NETWORK_SIGNAL_STRENGTH
02-03 22:36:31.340   141   802 E RILD    : OnNetworkSignalStrength() - mSignalBar: 3
02-03 22:36:31.340  1043  1230 W SignalStrength: Size of signalstrength parcel:60
02-03 22:36:31.340  1043  1043 W SignalStrength: Signal before validate=SignalStrength: 780 255 -1 -1 -1 -1 -1 -1 -1 -1 2147483647 -1 2147483647 gsm|lte 0x0
02-03 22:36:31.340  1043  1043 W SignalStrength: Signal after validate=SignalStrength: 780 255 -120 -160 -120 -1 -1 99 2147483647 2147483647 2147483647 -1 2147483647 gsm|lte 0x0
02-03 22:36:31.340  1043  1043 W SignalStrength: initialize: SignalStrength: 12 -1 -1 -1 -1 -1 -1 99 2147483647 2147483647 2147483647 -1 2147483647 gsm|lte 0x3
02-03 22:36:31.340   370   370 W SignalStrength: Size of signalstrength parcel:172
02-03 22:36:31.340   370   370 W SignalStrength: getGsmLevel=3
02-03 22:36:31.340   933   952 W SignalStrength: Size of signalstrength parcel:176
02-03 22:36:31.340  1338  1352 W SignalStrength: Size of signalstrength parcel:176
02-03 22:36:31.340  1010  1022 W SignalStrength: Size of signalstrength parcel:176
02-03 22:36:31.340  1010  1351 W SignalStrength: Size of signalstrength parcel:176
02-03 22:36:31.340  1620  2657 W SignalStrength: Size of signalstrength parcel:176
02-03 22:36:31.340  1620  2677 W SignalStrength: Size of signalstrength parcel:176
02-03 22:36:31.340  1620  1671 W SignalStrength: Size of signalstrength parcel:176
02-03 22:36:31.340  3225  3237 W SignalStrength: Size of signalstrength parcel:176
02-03 22:36:31.340  3504  3517 W SignalStrength: Size of signalstrength parcel:176
02-03 22:36:31.350   933   933 W SignalStrength: getGsmLevel=3
02-03 22:36:31.350   933   933 W SignalStrength: getLevel=3 (SignalStrength: 12 -1 -1 -1 -1 -1 -1 99 2147483647 2147483647 2147483647 -1 2147483647 gsm|lte 0x3)
02-03 22:36:31.350   933   933 W SignalStrength: getGsmLevel=3
02-03 22:36:31.350   933   933 W SignalStrength: getLevel=3 (SignalStrength: 12 -1 -1 -1 -1 -1 -1 99 2147483647 2147483647 2147483647 -1 2147483647 gsm|lte 0x3)
02-03 22:36:31.350   370   370 W SignalStrength: getLevel=3 (SignalStrength: 12 -1 -1 -1 -1 -1 -1 99 2147483647 2147483647 2147483647 -1 2147483647 gsm|lte 0x3)
02-03 22:36:31.360  1043  1400 D GsmSST  : getCellLocation(): X good mCellLoc=[11292,39705431,-1]
02-03 22:36:31.400  1338  5111 W SignalStrength: getGsmLevel=3
02-03 22:36:31.400  1338  5111 W SignalStrength: getLevel=3 (SignalStrength: 12 -1 -1 -1 -1 -1 -1 99 2147483647 2147483647 2147483647 -1 2147483647 gsm|lte 0x3)
02-03 22:36:32.411  1338  5111 W SignalStrength: getGsmLevel=3
02-03 22:36:32.411  1338  5111 W SignalStrength: getLevel=3 (SignalStrength: 12 -1 -1 -1 -1 -1 -1 99 2147483647 2147483647 2147483647 -1 2147483647 gsm|lte 0x3)
02-03 22:36:33.782  1338  5111 W SignalStrength: getGsmLevel=3
02-03 22:36:33.792  1338  5111 W SignalStrength: getLevel=3 (SignalStrength: 12 -1 -1 -1 -1 -1 -1 99 2147483647 2147483647 2147483647 -1 2147483647 gsm|lte 0x3)
02-03 22:36:34.393  1338  5111 W SignalStrength: getGsmLevel=3
02-03 22:36:34.393  1338  5111 W SignalStrength: getLevel=3 (SignalStrength: 12 -1 -1 -1 -1 -1 -1 99 2147483647 2147483647 2147483647 -1 2147483647 gsm|lte 0x3)
02-03 22:36:35.414  1338  5111 W SignalStrength: getGsmLevel=3
02-03 22:36:35.414  1338  5111 W SignalStrength: getLevel=3 (SignalStrength: 12 -1 -1 -1 -1 -1 -1 99 2147483647 2147483647 2147483647 -1 2147483647 gsm|lte 0x3)
02-03 22:36:36.435  1338  5111 W SignalStrength: getGsmLevel=3
02-03 22:36:36.435  1338  5111 W SignalStrength: getLevel=3 (SignalStrength: 12 -1 -1 -1 -1 -1 -1 99 2147483647 2147483647 2147483647 -1 2147483647 gsm|lte 0x3)
02-03 22:36:37.396  1338  5111 W SignalStrength: getGsmLevel=3
02-03 22:36:37.396  1338  5111 W SignalStrength: getLevel=3 (SignalStrength: 12 -1 -1 -1 -1 -1 -1 99 2147483647 2147483647 2147483647 -1 2147483647 gsm|lte 0x3)
02-03 22:36:38.417  1338  5111 W SignalStrength: getGsmLevel=3
02-03 22:36:38.417  1338  5111 W SignalStrength: getLevel=3 (SignalStrength: 12 -1 -1 -1 -1 -1 -1 99 2147483647 2147483647 2147483647 -1 2147483647 gsm|lte 0x3)
02-03 22:36:39.028   241   672 E RIL-RAWDATA: 01 12 00 80 03 01 04 00 00 51 00 06 00 13 03 00 A6 06 00 
02-03 22:36:39.028   241   672 D RIL-QMI : qmuxd: TX message on fd=25, to clientID = 1, len=53
02-03 22:36:39.028   141   687 E RILD    : QmiUnsolicitedCallback: msgId(81)
02-03 22:36:39.028   141   269 E RILD    : ReceiveMessage: svc(NAS), msg(0x51:QMI_NAS_SIG_INFO_IND), indi(1), size(56), err(0)
02-03 22:36:39.028   141   269 E RILD    : IsConsideredRegistered: Cache hit 1
02-03 22:36:39.028   141   269 E RILD    : need sig info-1, need err rate-0
02-03 22:36:39.028   141   269 E RILD    : Request for Signal Info
02-03 22:36:39.028   141   269 E RILD    : SendMessage: svc(NAS), msg(0x4F:QMI_NAS_GET_SIG_INFO), sync(1), internal(1), size(0)
02-03 22:36:39.028   241   241 D RIL-QMI : qmuxd: RX 47 bytes on fd=25 from qmux_client_id=1
02-03 22:36:39.028   241   241 E RIL-RAWDATA: 01 0C 00 00 03 01 00 5D 00 4F 00 00 00 
02-03 22:36:39.028   241   241 D RIL-QMI : [SMDPORT] >> BEFORE, Write SMD Port [fd = 11] [msg_len = 13]
02-03 22:36:39.028   241   241 D RIL-QMI : [SMDPORT] << AFTER, Write SMD Port [rc = 0]
02-03 22:36:39.028   241   672 E RIL-RAWDATA: 01 1E 00 80 03 01 02 5D 00 4F 00 12 00 02 04 00 00 00 00 00 13 03 00 A6 06 00 20 02 00 03 00 
02-03 22:36:39.028   241   672 D RIL-QMI : qmuxd: TX message on fd=25, to clientID = 1, len=65
02-03 22:36:39.028   141   269 E RILD    : ReceiveMessage: svc(NAS), msg(0x4F:QMI_NAS_GET_SIG_INFO), indi(0), size(68), err(0)
02-03 22:36:39.028   141   269 E RILD    : Result(0), Error(0)
02-03 22:36:39.028   141   269 E RILD    : Signal Strength: [3, 12, 255, -1, -1, -1, -1, -1, -1, -1, -1, 2147483647, -1, 2147483647]
02-03 22:36:39.028   141   802 E RILD    : GLNET-MGR: evt(201)
02-03 22:36:39.028   141   802 E RILD    : NET-MGR: EVENT_NETWORK_SIGNAL_STRENGTH
02-03 22:36:39.028   141   802 E RILD    : OnNetworkSignalStrength() - mSignalBar: 3
02-03 22:36:39.028  1043  1230 W SignalStrength: Size of signalstrength parcel:60
02-03 22:36:39.028  1043  1043 W SignalStrength: Signal before validate=SignalStrength: 780 255 -1 -1 -1 -1 -1 -1 -1 -1 2147483647 -1 2147483647 gsm|lte 0x0
02-03 22:36:39.028  1043  1043 W SignalStrength: Signal after validate=SignalStrength: 780 255 -120 -160 -120 -1 -1 99 2147483647 2147483647 2147483647 -1 2147483647 gsm|lte 0x0
02-03 22:36:39.028  1043  1043 W SignalStrength: initialize: SignalStrength: 12 -1 -1 -1 -1 -1 -1 99 2147483647 2147483647 2147483647 -1 2147483647 gsm|lte 0x3
02-03 22:36:39.028   370  1860 W SignalStrength: Size of signalstrength parcel:172
02-03 22:36:39.078   933   955 W SignalStrength: Size of signalstrength parcel:176
02-03 22:36:39.088   933   933 W SignalStrength: getGsmLevel=3
02-03 22:36:39.088   933   933 W SignalStrength: getLevel=3 (SignalStrength: 12 -1 -1 -1 -1 -1 -1 99 2147483647 2147483647 2147483647 -1 2147483647 gsm|lte 0x3)
02-03 22:36:39.088   370  1860 W SignalStrength: getGsmLevel=3
02-03 22:36:39.088   370  1860 W SignalStrength: getLevel=3 (SignalStrength: 12 -1 -1 -1 -1 -1 -1 99 2147483647 2147483647 2147483647 -1 2147483647 gsm|lte 0x3)
02-03 22:36:39.088  1338  1537 W SignalStrength: Size of signalstrength parcel:176
02-03 22:36:39.088  1010  1021 W SignalStrength: Size of signalstrength parcel:176
02-03 22:36:39.088  1010  1021 W SignalStrength: Size of signalstrength parcel:176
02-03 22:36:39.088  1620  1688 W SignalStrength: Size of signalstrength parcel:176
02-03 22:36:39.088  1620  1688 W SignalStrength: Size of signalstrength parcel:176
02-03 22:36:39.088  1620  1688 W SignalStrength: Size of signalstrength parcel:176
02-03 22:36:39.088  3504  3517 W SignalStrength: Size of signalstrength parcel:176
02-03 22:36:39.088  3225  3237 W SignalStrength: Size of signalstrength parcel:176
02-03 22:36:39.088   933   933 W SignalStrength: getGsmLevel=3
02-03 22:36:39.098   933   933 W SignalStrength: getLevel=3 (SignalStrength: 12 -1 -1 -1 -1 -1 -1 99 2147483647 2147483647 2147483647 -1 2147483647 gsm|lte 0x3)
02-03 22:36:39.098  1043  1541 D GsmSST  : getCellLocation(): X good mCellLoc=[11292,39705431,-1]
02-03 22:36:39.398  1338  5111 W SignalStrength: getGsmLevel=3
02-03 22:36:39.398  1338  5111 W SignalStrength: getLevel=3 (SignalStrength: 12 -1 -1 -1 -1 -1 -1 99 2147483647 2147483647 2147483647 -1 2147483647 gsm|lte 0x3)
02-03 22:36:40.439  1338  5111 W SignalStrength: getGsmLevel=3
02-03 22:36:40.439  1338  5111 W SignalStrength: getLevel=3 (SignalStrength: 12 -1 -1 -1 -1 -1 -1 99 2147483647 2147483647 2147483647 -1 2147483647 gsm|lte 0x3)
02-03 22:36:41.400  1338  5111 W SignalStrength: getGsmLevel=3
02-03 22:36:41.400  1338  5111 W SignalStrength: getLevel=3 (SignalStrength: 12 -1 -1 -1 -1 -1 -1 99 2147483647 2147483647 2147483647 -1 2147483647 gsm|lte 0x3)
02-03 22:36:41.581   241   672 E RIL-RAWDATA: 01 12 00 80 03 01 04 00 00 51 00 06 00 13 03 00 A6 05 00 
02-03 22:36:41.581   241   672 D RIL-QMI : qmuxd: TX message on fd=25, to clientID = 1, len=53
02-03 22:36:41.581   141   687 E RILD    : QmiUnsolicitedCallback: msgId(81)
02-03 22:36:41.581   141   269 E RILD    : ReceiveMessage: svc(NAS), msg(0x51:QMI_NAS_SIG_INFO_IND), indi(1), size(56), err(0)
02-03 22:36:41.581   141   269 E RILD    : IsConsideredRegistered: Cache hit 1
02-03 22:36:41.581   141   269 E RILD    : need sig info-1, need err rate-0
02-03 22:36:41.581   141   269 E RILD    : Request for Signal Info
02-03 22:36:41.581   141   269 E RILD    : SendMessage: svc(NAS), msg(0x4F:QMI_NAS_GET_SIG_INFO), sync(1), internal(1), size(0)
02-03 22:36:41.581   241   241 D RIL-QMI : qmuxd: RX 47 bytes on fd=25 from qmux_client_id=1
02-03 22:36:41.581   241   241 E RIL-RAWDATA: 01 0C 00 00 03 01 00 5E 00 4F 00 00 00 
02-03 22:36:41.581   241   241 D RIL-QMI : [SMDPORT] >> BEFORE, Write SMD Port [fd = 11] [msg_len = 13]
02-03 22:36:41.581   241   241 D RIL-QMI : [SMDPORT] << AFTER, Write SMD Port [rc = 0]
02-03 22:36:41.581   241   672 E RIL-RAWDATA: 01 1E 00 80 03 01 02 5E 00 4F 00 12 00 02 04 00 00 00 00 00 13 03 00 A6 05 00 20 02 00 03 00 
02-03 22:36:41.581   241   672 D RIL-QMI : qmuxd: TX message on fd=25, to clientID = 1, len=65
02-03 22:36:41.581   141   269 E RILD    : ReceiveMessage: svc(NAS), msg(0x4F:QMI_NAS_GET_SIG_INFO), indi(0), size(68), err(0)
02-03 22:36:41.581   141   269 E RILD    : Result(0), Error(0)
02-03 22:36:41.581   141   269 E RILD    : Signal Strength: [3, 12, 255, -1, -1, -1, -1, -1, -1, -1, -1, 2147483647, -1, 2147483647]
02-03 22:36:41.581   141   802 E RILD    : GLNET-MGR: evt(201)
02-03 22:36:41.581   141   802 E RILD    : NET-MGR: EVENT_NETWORK_SIGNAL_STRENGTH
02-03 22:36:41.581   141   802 E RILD    : OnNetworkSignalStrength() - mSignalBar: 3
02-03 22:36:41.581  1043  1230 W SignalStrength: Size of signalstrength parcel:60
02-03 22:36:41.581  1043  1043 W SignalStrength: Signal before validate=SignalStrength: 780 255 -1 -1 -1 -1 -1 -1 -1 -1 2147483647 -1 2147483647 gsm|lte 0x0
02-03 22:36:41.581  1043  1043 W SignalStrength: Signal after validate=SignalStrength: 780 255 -120 -160 -120 -1 -1 99 2147483647 2147483647 2147483647 -1 2147483647 gsm|lte 0x0
02-03 22:36:41.581  1043  1043 W SignalStrength: initialize: SignalStrength: 12 -1 -1 -1 -1 -1 -1 99 2147483647 2147483647 2147483647 -1 2147483647 gsm|lte 0x3
02-03 22:36:41.581   370   370 W SignalStrength: Size of signalstrength parcel:172
02-03 22:36:41.581   370   370 W SignalStrength: getGsmLevel=3
02-03 22:36:41.591   933  1559 W SignalStrength: Size of signalstrength parcel:176
02-03 22:36:41.591  1338  1350 W SignalStrength: Size of signalstrength parcel:176
02-03 22:36:41.591  1010  1349 W SignalStrength: Size of signalstrength parcel:176
02-03 22:36:41.591  1010  1021 W SignalStrength: Size of signalstrength parcel:176
02-03 22:36:41.591  1620  1671 W SignalStrength: Size of signalstrength parcel:176
02-03 22:36:41.591  1620  2677 W SignalStrength: Size of signalstrength parcel:176
02-03 22:36:41.591  1620  2657 W SignalStrength: Size of signalstrength parcel:176
02-03 22:36:41.591  3225  3239 W SignalStrength: Size of signalstrength parcel:176
02-03 22:36:41.591  3504  3518 W SignalStrength: Size of signalstrength parcel:176
02-03 22:36:41.591   933   933 W SignalStrength: getGsmLevel=3
02-03 22:36:41.591   933   933 W SignalStrength: getLevel=3 (SignalStrength: 12 -1 -1 -1 -1 -1 -1 99 2147483647 2147483647 2147483647 -1 2147483647 gsm|lte 0x3)
02-03 22:36:41.591   933   933 W SignalStrength: getGsmLevel=3
02-03 22:36:41.591   933   933 W SignalStrength: getLevel=3 (SignalStrength: 12 -1 -1 -1 -1 -1 -1 99 2147483647 2147483647 2147483647 -1 2147483647 gsm|lte 0x3)
02-03 22:36:41.601   370   370 W SignalStrength: getLevel=3 (SignalStrength: 12 -1 -1 -1 -1 -1 -1 99 2147483647 2147483647 2147483647 -1 2147483647 gsm|lte 0x3)
02-03 22:36:41.611  1043  1536 D GsmSST  : getCellLocation(): X good mCellLoc=[11292,39705431,-1]
02-03 22:36:42.401  1338  5111 W SignalStrength: getGsmLevel=3
02-03 22:36:42.401  1338  5111 W SignalStrength: getLevel=3 (SignalStrength: 12 -1 -1 -1 -1 -1 -1 99 2147483647 2147483647 2147483647 -1 2147483647 gsm|lte 0x3)
02-03 22:36:42.862   241   672 E RIL-RAWDATA: 01 12 00 80 03 01 04 00 00 51 00 06 00 13 03 00 A6 06 00 
02-03 22:36:42.862   241   672 D RIL-QMI : qmuxd: TX message on fd=25, to clientID = 1, len=53
02-03 22:36:42.862   141   687 E RILD    : QmiUnsolicitedCallback: msgId(81)
02-03 22:36:42.862   141   269 E RILD    : ReceiveMessage: svc(NAS), msg(0x51:QMI_NAS_SIG_INFO_IND), indi(1), size(56), err(0)
02-03 22:36:42.862   141   269 E RILD    : IsConsideredRegistered: Cache hit 1
02-03 22:36:42.862   141   269 E RILD    : need sig info-1, need err rate-0
02-03 22:36:42.862   141   269 E RILD    : Request for Signal Info
02-03 22:36:42.862   141   269 E RILD    : SendMessage: svc(NAS), msg(0x4F:QMI_NAS_GET_SIG_INFO), sync(1), internal(1), size(0)
02-03 22:36:42.862   241   241 D RIL-QMI : qmuxd: RX 47 bytes on fd=25 from qmux_client_id=1
02-03 22:36:42.862   241   241 E RIL-RAWDATA: 01 0C 00 00 03 01 00 5F 00 4F 00 00 00 
02-03 22:36:42.862   241   241 D RIL-QMI : [SMDPORT] >> BEFORE, Write SMD Port [fd = 11] [msg_len = 13]
02-03 22:36:42.862   241   241 D RIL-QMI : [SMDPORT] << AFTER, Write SMD Port [rc = 0]
02-03 22:36:42.862   241   672 E RIL-RAWDATA: 01 1E 00 80 03 01 02 5F 00 4F 00 12 00 02 04 00 00 00 00 00 13 03 00 A6 06 00 20 02 00 03 00 
02-03 22:36:42.862   241   672 D RIL-QMI : qmuxd: TX message on fd=25, to clientID = 1, len=65
02-03 22:36:42.862   141   269 E RILD    : ReceiveMessage: svc(NAS), msg(0x4F:QMI_NAS_GET_SIG_INFO), indi(0), size(68), err(0)
02-03 22:36:42.862   141   269 E RILD    : Result(0), Error(0)
02-03 22:36:42.862   141   269 E RILD    : Signal Strength: [3, 12, 255, -1, -1, -1, -1, -1, -1, -1, -1, 2147483647, -1, 2147483647]
02-03 22:36:42.862   141   802 E RILD    : GLNET-MGR: evt(201)
02-03 22:36:42.862   141   802 E RILD    : NET-MGR: EVENT_NETWORK_SIGNAL_STRENGTH
02-03 22:36:42.862   141   802 E RILD    : OnNetworkSignalStrength() - mSignalBar: 3
02-03 22:36:42.862  1043  1230 W SignalStrength: Size of signalstrength parcel:60
02-03 22:36:42.872  1043  1043 W SignalStrength: Signal before validate=SignalStrength: 780 255 -1 -1 -1 -1 -1 -1 -1 -1 2147483647 -1 2147483647 gsm|lte 0x0
02-03 22:36:42.872  1043  1043 W SignalStrength: Signal after validate=SignalStrength: 780 255 -120 -160 -120 -1 -1 99 2147483647 2147483647 2147483647 -1 2147483647 gsm|lte 0x0
02-03 22:36:42.872  1043  1043 W SignalStrength: initialize: SignalStrength: 12 -1 -1 -1 -1 -1 -1 99 2147483647 2147483647 2147483647 -1 2147483647 gsm|lte 0x3
02-03 22:36:42.872   370   385 W SignalStrength: Size of signalstrength parcel:172
02-03 22:36:42.872   933   952 W SignalStrength: Size of signalstrength parcel:176
02-03 22:36:42.872  1338  1352 W SignalStrength: Size of signalstrength parcel:176
02-03 22:36:42.872   933   933 W SignalStrength: getGsmLevel=3
02-03 22:36:42.872   933   933 W SignalStrength: getLevel=3 (SignalStrength: 12 -1 -1 -1 -1 -1 -1 99 2147483647 2147483647 2147483647 -1 2147483647 gsm|lte 0x3)
02-03 22:36:42.872   933   933 W SignalStrength: getGsmLevel=3
02-03 22:36:42.872   933   933 W SignalStrength: getLevel=3 (SignalStrength: 12 -1 -1 -1 -1 -1 -1 99 2147483647 2147483647 2147483647 -1 2147483647 gsm|lte 0x3)
02-03 22:36:43.142  1010  1022 W SignalStrength: Size of signalstrength parcel:176
02-03 22:36:43.142  1010  1351 W SignalStrength: Size of signalstrength parcel:176
02-03 22:36:43.142  1620  1688 W SignalStrength: Size of signalstrength parcel:176
02-03 22:36:43.142  1620  1688 W SignalStrength: Size of signalstrength parcel:176
02-03 22:36:43.152   370   385 W SignalStrength: getGsmLevel=3
02-03 22:36:43.152  1620  1671 W SignalStrength: Size of signalstrength parcel:176
02-03 22:36:43.152  3225  3237 W SignalStrength: Size of signalstrength parcel:176
02-03 22:36:43.152  3504  3517 W SignalStrength: Size of signalstrength parcel:176
02-03 22:36:43.152   370   385 W SignalStrength: getLevel=3 (SignalStrength: 12 -1 -1 -1 -1 -1 -1 99 2147483647 2147483647 2147483647 -1 2147483647 gsm|lte 0x3)
02-03 22:36:43.152  1043  1059 D GsmSST  : getCellLocation(): X good mCellLoc=[11292,39705431,-1]
02-03 22:36:43.393  1338  5111 W SignalStrength: getGsmLevel=3
02-03 22:36:43.393  1338  5111 W SignalStrength: getLevel=3 (SignalStrength: 12 -1 -1 -1 -1 -1 -1 99 2147483647 2147483647 2147483647 -1 2147483647 gsm|lte 0x3)
02-03 22:36:44.324  1043  1043 D DCT     : onReceive: action=com.android.internal.telephony.data-stall
02-03 22:36:44.324  1043  1043 D DCT     : onActionIntentDataStallAlarm: action=com.android.internal.telephony.data-stall
02-03 22:36:44.324  1043  1043 D DCT     : handleMessage msg={ what=270353 when=-1ms arg1=30295 obj=com.android.internal.telephony.data-stall }
02-03 22:36:44.324  1043  1043 D DCT     : updateDataStallInfo: mDataStallTxRxSum={txSum=6 rxSum=5} preTxRxSum={txSum=0 rxSum=0}
02-03 22:36:44.324  1043  1043 D DCT     : updateDataStallInfo: IN/OUT
02-03 22:36:44.344  1043  1043 D DCT     : putRecoveryAction: 0
02-03 22:36:44.344  1043  1043 D DCT     : onDataStallAlarm: tag=30295 Sent 0 pkts since last received, < watchdogTrigger=10
02-03 22:36:44.344  1043  1043 D DCT     : getRecoveryAction: 0
02-03 22:36:44.344  1043  1043 D DCT     : overall state is IDLE
02-03 22:36:44.344  1043  1043 D DCT     : startDataStallAlarm: NOT started, no connection tag=30295
02-03 22:36:44.394  1338  5111 W SignalStrength: getGsmLevel=3
02-03 22:36:44.394  1338  5111 W SignalStrength: getLevel=3 (SignalStrength: 12 -1 -1 -1 -1 -1 -1 99 2147483647 2147483647 2147483647 -1 2147483647 gsm|lte 0x3)
02-03 22:36:45.395  1338  5111 W SignalStrength: getGsmLevel=3
02-03 22:36:45.395  1338  5111 W SignalStrength: getLevel=3 (SignalStrength: 12 -1 -1 -1 -1 -1 -1 99 2147483647 2147483647 2147483647 -1 2147483647 gsm|lte 0x3)
02-03 22:36:46.396  1338  5111 W SignalStrength: getGsmLevel=3
02-03 22:36:46.396  1338  5111 W SignalStrength: getLevel=3 (SignalStrength: 12 -1 -1 -1 -1 -1 -1 99 2147483647 2147483647 2147483647 -1 2147483647 gsm|lte 0x3)
02-03 22:36:46.696   241   672 E RIL-RAWDATA: 01 12 00 80 03 01 04 00 00 51 00 06 00 13 03 00 A6 05 00 
02-03 22:36:46.696   241   672 D RIL-QMI : qmuxd: TX message on fd=25, to clientID = 1, len=53
02-03 22:36:46.696   141   687 E RILD    : QmiUnsolicitedCallback: msgId(81)
02-03 22:36:46.696   141   269 E RILD    : ReceiveMessage: svc(NAS), msg(0x51:QMI_NAS_SIG_INFO_IND), indi(1), size(56), err(0)
02-03 22:36:46.696   141   269 E RILD    : IsConsideredRegistered: Cache hit 1
02-03 22:36:46.696   141   269 E RILD    : need sig info-1, need err rate-0
02-03 22:36:46.696   141   269 E RILD    : Request for Signal Info
02-03 22:36:46.696   141   269 E RILD    : SendMessage: svc(NAS), msg(0x4F:QMI_NAS_GET_SIG_INFO), sync(1), internal(1), size(0)
02-03 22:36:46.696   241   241 D RIL-QMI : qmuxd: RX 47 bytes on fd=25 from qmux_client_id=1
02-03 22:36:46.696   241   241 E RIL-RAWDATA: 01 0C 00 00 03 01 00 60 00 4F 00 00 00 
02-03 22:36:46.696   241   241 D RIL-QMI : [SMDPORT] >> BEFORE, Write SMD Port [fd = 11] [msg_len = 13]
02-03 22:36:46.696   241   241 D RIL-QMI : [SMDPORT] << AFTER, Write SMD Port [rc = 0]
02-03 22:36:46.696   241   672 E RIL-RAWDATA: 01 1E 00 80 03 01 02 60 00 4F 00 12 00 02 04 00 00 00 00 00 13 03 00 A6 05 00 20 02 00 03 00 
02-03 22:36:46.696   241   672 D RIL-QMI : qmuxd: TX message on fd=25, to clientID = 1, len=65
02-03 22:36:46.696   141   269 E RILD    : ReceiveMessage: svc(NAS), msg(0x4F:QMI_NAS_GET_SIG_INFO), indi(0), size(68), err(0)
02-03 22:36:46.696   141   269 E RILD    : Result(0), Error(0)
02-03 22:36:46.696   141   269 E RILD    : Signal Strength: [3, 12, 255, -1, -1, -1, -1, -1, -1, -1, -1, 2147483647, -1, 2147483647]
02-03 22:36:46.696   141   802 E RILD    : GLNET-MGR: evt(201)
02-03 22:36:46.696   141   802 E RILD    : NET-MGR: EVENT_NETWORK_SIGNAL_STRENGTH
02-03 22:36:46.696   141   802 E RILD    : OnNetworkSignalStrength() - mSignalBar: 3
02-03 22:36:46.696  1043  1230 W SignalStrength: Size of signalstrength parcel:60
02-03 22:36:46.706  1043  1043 W SignalStrength: Signal before validate=SignalStrength: 780 255 -1 -1 -1 -1 -1 -1 -1 -1 2147483647 -1 2147483647 gsm|lte 0x0
02-03 22:36:46.706  1043  1043 W SignalStrength: Signal after validate=SignalStrength: 780 255 -120 -160 -120 -1 -1 99 2147483647 2147483647 2147483647 -1 2147483647 gsm|lte 0x0
02-03 22:36:46.706  1043  1043 W SignalStrength: initialize: SignalStrength: 12 -1 -1 -1 -1 -1 -1 99 2147483647 2147483647 2147483647 -1 2147483647 gsm|lte 0x3
02-03 22:36:46.706   370   392 W SignalStrength: Size of signalstrength parcel:172
02-03 22:36:46.706   370   392 W SignalStrength: getGsmLevel=3
02-03 22:36:46.706   370   392 W SignalStrength: getLevel=3 (SignalStrength: 12 -1 -1 -1 -1 -1 -1 99 2147483647 2147483647 2147483647 -1 2147483647 gsm|lte 0x3)
02-03 22:36:46.706   933   955 W SignalStrength: Size of signalstrength parcel:176
02-03 22:36:46.706  1338  1537 W SignalStrength: Size of signalstrength parcel:176
02-03 22:36:46.706  1010  1349 W SignalStrength: Size of signalstrength parcel:176
02-03 22:36:46.706  1620  1688 W SignalStrength: Size of signalstrength parcel:176
02-03 22:36:46.706  1010  1351 W SignalStrength: Size of signalstrength parcel:176
02-03 22:36:46.706  1620  2657 W SignalStrength: Size of signalstrength parcel:176
02-03 22:36:46.706  1620  2677 W SignalStrength: Size of signalstrength parcel:176
02-03 22:36:46.706  3225  3239 W SignalStrength: Size of signalstrength parcel:176
