02-03 22:36:06.583   370   671 I am_create_service: [0,1138501104,com.android.defcontainer/.DefaultContainerService,6976]
02-03 22:36:06.803   370   670 I battery_level: [100,4316,310]
02-03 22:36:07.414  7228  7228 I binder_sample: [android.app.IActivityManager,14,401,eu.chainfire.supersu,80]
02-03 22:36:07.554  7228  7228 I binder_sample: [android.view.accessibility.IAccessibilityManager,1,38,eu.chainfire.supersu,7]
02-03 22:36:08.685   370  1861 I am_create_service: [0,1136979600,com.android.vending/com.google.android.vending.verifier.PackageVerificationService,5118]
02-03 22:36:09.777  1043  1043 I binder_sample: [com.android.internal.telephony.ITelephonyRegistry,4,191,com.android.phone,38]
02-03 22:36:10.407  7564  7564 I binder_sample: [,1,400,app_process,80]
02-03 22:36:10.407  7574  7574 I binder_sample: [,1,136,app_process,27]
02-03 22:36:10.437  7555  7555 I binder_sample: [android.app.IActivityManager,14,423,app_process,84]
02-03 22:36:10.588  7579  7579 I binder_sample: [android.app.IActivityManager,14,17,app_process,3]
02-03 22:36:10.698  7574  7574 I binder_sample: [android.app.IActivityManager,14,42,app_process,8]
02-03 22:36:10.708   370  1070 I am_schedule_service_restart: [0,com.facebook.katana/com.facebook.analytics.service.AnalyticsService,5000]
02-03 22:36:10.708   370  1070 I am_schedule_service_restart: [0,com.facebook.katana/.service.BackgroundDetectionService,14999]
02-03 22:36:10.708   370  1070 I am_destroy_service: [0,1133214696,-1]
02-03 22:36:10.718   370  1070 I am_schedule_service_restart: [0,com.facebook.katana/com.facebook.push.mqtt.MqttPushService,14997]
02-03 22:36:10.718   370  1070 I am_finish_activity: [0,1110172816,3,com.facebook.katana/.activity.FbFragmentChromeActivity,force-stop]
02-03 22:36:10.718   370  1070 I am_destroy_service: [0,1141373784,-1]
02-03 22:36:10.718   370  1070 I am_destroy_service: [0,1139076840,-1]
02-03 22:36:10.738   370  1070 I am_proc_start: [0,7673,10189,com.facebook.katana,added application,com.facebook.katana]
02-03 22:36:10.768  7594  7594 I binder_sample: [android.app.IActivityManager,44,60,app_process,12]
02-03 22:36:10.768   370   663 I am_destroy_activity: [0,1110172816,3,com.facebook.katana/.activity.FbFragmentChromeActivity,finish-idle]
02-03 22:36:10.788   370   392 I am_proc_bound: [0,7673,com.facebook.katana]
02-03 22:36:10.868  7228  7228 I binder_sample: [android.app.IActivityManager,14,33,eu.chainfire.supersu,6]
02-03 22:36:10.908  7228  7228 I binder_sample: [android.content.pm.IPackageManager,10,21,eu.chainfire.supersu,4]
02-03 22:36:11.058  7673  7673 I binder_sample: [android.content.pm.IPackageManager,10,23,com.facebook.katana,4]
02-03 22:36:11.348  7228  7228 I binder_sample: [android.app.IActivityManager,16,313,eu.chainfire.supersu,62]
02-03 22:36:11.539   370  1856 I power_partial_wake_state: [1,com.carrieriq.tmobile.Wakelock]
02-03 22:36:11.659  5118  5162 I google_http_request: [234,200,unused/0,1]
02-03 22:36:11.899  5118  5161 I google_http_request: [149,200,unused/0,1]
02-03 22:36:12.059  5118  5118 I binder_sample: [android.content.pm.IPackageManager,93,142,com.android.vending,28]
02-03 22:36:12.059   370  1763 I am_destroy_service: [0,1136979600,5118]
02-03 22:36:12.680   370   819 I backup_data_changed: android
02-03 22:36:12.680   370   819 I backup_data_changed: android
02-03 22:36:12.680   370   819 I backup_data_changed: android
02-03 22:36:12.680   370   819 I backup_data_changed: android
02-03 22:36:12.680   370   819 I backup_data_changed: android
02-03 22:36:12.680   370   819 I backup_data_changed: android
02-03 22:36:12.700   370   914 I am_create_service: [0,1130788720,com.android.vending/com.google.android.vending.verifier.PackageVerificationService,5118]
02-03 22:36:12.730   370   370 I am_destroy_service: [0,1130788720,5118]
02-03 22:36:12.730  5118  5118 I binder_sample: [android.app.IActivityManager,48,21,com.android.vending,4]
02-03 22:36:12.790  1110  1110 I force_gc: bg
02-03 22:36:13.000  1054  1054 I binder_sample: [android.app.IActivityManager,145,119,com.android.nfc,23]
02-03 22:36:13.120   370   660 I notification_cancel_all: [com.google.android.apps.authenticator2.test,-1,0,0]
02-03 22:36:13.200   370   660 I notification_cancel_all: [com.google.android.apps.authenticator2.test,-1,0,0]
02-03 22:36:13.230   370  1186 I am_create_service: [0,1143965496,com.android.keychain/.KeyChainService,7092]
02-03 22:36:13.250   370   819 I backup_data_changed: android
02-03 22:36:13.250   370   819 I backup_data_changed: android
02-03 22:36:13.260   370  1763 I am_create_service: [0,1144045416,com.android.musicfx/.Compatibility$Service,6734]
02-03 22:36:13.300   370  1861 I am_destroy_service: [0,1143965496,7092]
02-03 22:36:13.380   370   914 I am_create_task: [0,6]
02-03 22:36:13.380   370   914 I am_create_activity: [0,1144229728,6,com.facebook.katana/.activity.FbFragmentChromeActivity,android.intent.action.MAIN,NULL,NULL,268435456,com.facebook.katana]
02-03 22:36:13.831   370   914 I am_pause_activity: [0,1110948272,edu.umich.robustnet.appcontroller/.ControlActivity]
02-03 22:36:13.841   370   914 I power_partial_wake_state: [1,ActivityManager-Launch]
02-03 22:36:13.891  7137  7137 I am_on_paused_called: [0,edu.umich.robustnet.appcontroller.ControlActivity]
02-03 22:36:13.911   370   392 I am_destroy_service: [0,1144045416,6734]
02-03 22:36:13.911  1043  1043 I binder_sample: [com.android.internal.telephony.ITelephonyRegistry,4,489,com.android.phone,97]
02-03 22:36:14.021   370  1186 I am_restart_activity: [0,1144229728,6,com.facebook.katana/.activity.FbFragmentChromeActivity]
02-03 22:36:14.191  7137  7137 I binder_sample: [android.app.IActivityManager,19,231,edu.umich.robustnet.appcontroller,46]
02-03 22:36:14.462   370   671 I unknown_sources_enabled: 0
02-03 22:36:14.622  3437  3437 I binder_sample: [android.app.IActivityManager,16,73,com.android.settings,14]
02-03 22:36:14.962   370  1069 I am_create_service: [0,1144230824,com.google.android.gms/.app.service.PackageBroadcastService,1689]
02-03 22:36:15.032   370   392 I am_create_service: [0,1142944824,com.google.android.gms/.people.service.bg.PeopleBackgroundTasks,1689]
02-03 22:36:15.032  4850  4850 I binder_sample: [android.app.IActivityManager,110,403,com.sec.android.gallery3d,80]
02-03 22:36:15.062   370  1858 I am_create_service: [0,1142934576,com.google.android.gms/.icing.service.IndexWorkerService,1689]
02-03 22:36:15.072   370  1070 I power_partial_wake_state: [1,Icing]
02-03 22:36:15.072   370   370 I am_destroy_service: [0,1144230824,1689]
02-03 22:36:15.072   370   914 I am_destroy_service: [0,1142944824,1689]
02-03 22:36:15.132   370  1147 I notification_cancel: [com.android.vending,-1050172287,NULL,0,0,64]
02-03 22:36:15.142   370  1187 I power_partial_wake_state: [0,com.carrieriq.tmobile.Wakelock]
02-03 22:36:15.182  7673  7673 I binder_sample: [,1,49,com.facebook.katana,9]
02-03 22:36:15.182   370  1070 I am_destroy_service: [0,1142934576,1689]
02-03 22:36:15.182  1620  1620 I binder_sample: [android.app.IActivityManager,77,12,sys.Manager,2]
02-03 22:36:15.192   370  1069 I power_partial_wake_state: [0,Icing]
02-03 22:36:15.212   370  1860 I power_partial_wake_state: [1,com.carrieriq.tmobile.Wakelock]
02-03 22:36:15.212   370  1147 I am_create_service: [0,1142928112,eu.chainfire.supersu/.SuperUserIntentService,7228]
02-03 22:36:15.313   370   370 I am_create_service: [0,1142925584,com.google.android.apps.plus/.service.PackagesMediaMonitor$AsyncService,4601]
02-03 22:36:15.353   370  1186 I power_partial_wake_state: [1,AsyncService]
02-03 22:36:15.363   370  1861 I power_partial_wake_state: [0,AsyncService]
02-03 22:36:15.363   370  1860 I am_destroy_service: [0,1142925584,4601]
02-03 22:36:15.503  5118  5118 I binder_sample: [android.app.IActivityManager,16,310,com.android.vending,62]
02-03 22:36:15.953  1110  1110 I binder_sample: [android.content.pm.IPackageManager,1,361,com.tmobile.pr.mytmobile,72]
02-03 22:36:17.195   370  1041 I am_proc_start: [0,7719,10189,com.facebook.katana:dash,broadcast,com.facebook.katana/com.facebook.dash.receivers.DashPackageUninstallReceiver]
02-03 22:36:17.215   370  1069 I am_proc_bound: [0,7719,com.facebook.katana:dash]
02-03 22:36:17.225   370  1860 I am_create_service: [0,1142177936,com.facebook.katana/com.facebook.fbservice.service.DefaultBlueService,7673]
02-03 22:36:17.415  7673  7735 I content_query_sample: [content://com.facebook.katana.provider.UserStatusesProvider/user_statuses,user_id/first_name/last_name/display_name/user_pic/timestamp/message/status_id,,,75,com.facebook.katana,16]
02-03 22:36:17.445   370  1147 I am_proc_start: [0,7739,10189,com.facebook.katana:providers,content provider,com.facebook.katana/.provider.GraphQLNotificationsContentProvider]
02-03 22:36:17.565   370  1858 I am_proc_bound: [0,7739,com.facebook.katana:providers]
02-03 22:36:17.815   370  1070 I am_destroy_service: [0,1137888088,5118]
02-03 22:36:17.835  7719  7719 I binder_sample: [android.content.pm.IPackageManager,10,228,com.facebook.katana:dash,45]
02-03 22:36:18.906   370   701 I am_create_service: [0,1137878584,com.facebook.katana/.service.FacebookService,7673]
02-03 22:36:18.906   370   701 I power_partial_wake_state: [1,AlarmManager]
02-03 22:36:18.936   370   370 I power_partial_wake_state: [0,com.carrieriq.tmobile.Wakelock]
02-03 22:36:18.936   370   660 I power_partial_wake_state: [0,AlarmManager]
02-03 22:36:18.966   370   385 I am_create_service: [0,1137822840,com.facebook.katana/com.facebook.videoads.scheduler.VideoAdsFetchService,7673]
02-03 22:36:19.187  7739  7739 I binder_sample: [android.app.IActivityManager,29,179,com.facebook.katana:providers,35]
02-03 22:36:19.477  7719  7719 I binder_sample: [android.content.IContentProvider,21,32,com.facebook.katana:dash,6]
02-03 22:36:19.487  7739  7739 I binder_sample: [android.content.IContentProvider,21,37,com.facebook.katana:providers,7]
02-03 22:36:19.607  7673  7673 I am_on_resume_called: [0,com.facebook.katana.activity.FbFragmentChromeActivity]
02-03 22:36:19.697   370  1763 I am_create_service: [0,1136875376,com.facebook.katana/com.facebook.push.mqtt.MqttPushService,7673]
02-03 22:36:19.797   370  1763 I am_destroy_service: [0,1137878584,7673]
02-03 22:36:19.887  7719  7719 I binder_sample: [android.content.IContentProvider,21,85,com.facebook.katana:dash,17]
02-03 22:36:19.998  7739  7739 I binder_sample: [android.content.IContentProvider,21,92,com.facebook.katana:providers,18]
02-03 22:36:20.198   370   701 I power_partial_wake_state: [1,AlarmManager]
02-03 22:36:20.228  7673  7673 I binder_sample: [android.app.IAlarmManager,1,52,com.facebook.katana,10]
02-03 22:36:20.698  1110  1110 I binder_sample: [android.content.IContentProvider,21,85,com.tmobile.pr.mytmobile,17]
02-03 22:36:20.728  7719  7719 I binder_sample: [android.content.IContentProvider,21,5,com.facebook.katana:dash,1]
02-03 22:36:20.828  7673  7673 I binder_sample: [android.net.IConnectivityManager,3,585,com.facebook.katana,100]
02-03 22:36:20.828  7719  7719 I binder_sample: [android.content.IContentProvider,21,15,com.facebook.katana:dash,3]
02-03 22:36:21.079   370   662 I am_activity_launch_time: [0,1144229728,com.facebook.katana/.activity.FbFragmentChromeActivity,7072,7072]
02-03 22:36:21.369   370  1763 I power_partial_wake_state: [0,ActivityManager-Launch]
02-03 22:36:22.080  7719  7719 I binder_sample: [android.content.IContentProvider,21,13,com.facebook.katana:dash,2]
02-03 22:36:22.180  7137  7137 I binder_sample: [android.app.IActivityManager,1002,123,edu.umich.robustnet.appcontroller,24]
02-03 22:36:22.220  7739  7739 I binder_sample: [android.content.IContentProvider,21,72,com.facebook.katana:providers,14]
02-03 22:36:22.270  1110  1110 I binder_sample: [android.os.IPowerManager,10,1049,com.tmobile.pr.mytmobile,100]
02-03 22:36:22.540  7673  7735 I content_query_sample: [content://com.facebook.katana.provider.KeyValueProvider/key_value/key/is_employee,value,,,4447,com.facebook.katana,100]
02-03 22:36:22.550  7673  7702 I content_query_sample: [content://com.facebook.katana.experiments/quick_experiment,uid/name/groupName/hash/loggingEnabled/locale/exposureTTL/customContentJSON/dataSource/meta_info,dataSource=? and uid=?,,5096,com.facebook.katana,100]
02-03 22:36:23.011  7673  7754 I content_query_sample: [content://com.facebook.katana.experiments/quick_experiment,uid/name/groupName/hash/loggingEnabled/locale/exposureTTL/customContentJSON/dataSource/meta_info,name=? and dataSource=? and uid=?,,3426,com.facebook.katana,100]
02-03 22:36:24.122  7673  7673 I binder_sample: [android.content.pm.IPackageManager,37,993,com.facebook.katana,100]
02-03 22:36:24.162   370   392 I am_create_service: [0,1135128864,com.facebook.katana/.service.FacebookService,7673]
02-03 22:36:24.182   370  1862 I am_destroy_service: [0,1142928112,7228]
02-03 22:36:24.182  7719  7719 I binder_sample: [android.app.IActivityManager,83,1343,com.facebook.katana:dash,100]
02-03 22:36:24.202  1043  1043 I binder_sample: [com.android.internal.telephony.ITelephonyRegistry,4,1817,com.android.phone,100]
02-03 22:36:24.232  7739  7739 I binder_sample: [android.app.IActivityManager,83,1341,com.facebook.katana:providers,100]
02-03 22:36:24.242   370   385 I notification_cancel: [com.facebook.katana,7,NULL,0,0,64]
02-03 22:36:24.242   370  1763 I notification_cancel: [com.facebook.katana,10004,NULL,0,0,64]
02-03 22:36:24.282   370  1187 I am_create_service: [0,1137652408,com.facebook.katana/.service.vault.VaultManagerService,7673]
02-03 22:36:24.302   370  1102 I am_create_service: [0,1142406792,com.facebook.katana/.service.AttributionIdService,7673]
02-03 22:36:24.362  7673  7776 I content_query_sample: [content://com.facebook.katana.experiments/quick_experiment,uid/name/groupName/hash/loggingEnabled/locale/exposureTTL/customContentJSON/dataSource/meta_info,name=? and dataSource=? and uid=?,,40,com.facebook.katana,9]
02-03 22:36:24.382   370  1763 I notification_cancel: [com.facebook.katana,33,NULL,0,0,64]
02-03 22:36:24.542   370  1187 I am_proc_start: [0,7782,10015,com.sec.android.provider.badge,content provider,com.sec.android.provider.badge/.BadgeProvider]
02-03 22:36:24.743   370  1041 I am_proc_bound: [0,7782,com.sec.android.provider.badge]
02-03 22:36:24.843  7782  7782 I binder_sample: [android.hardware.display.IDisplayManager,1,27,com.sec.android.provider.badge,5]
02-03 22:36:24.973  7739  7739 I binder_sample: [android.content.pm.IPackageManager,1,310,com.facebook.katana:providers,62]
02-03 22:36:25.323   370  1070 I am_create_service: [0,1139620320,com.facebook.katana/com.facebook.analytics.service.AnalyticsService,7673]
02-03 22:36:25.563   370  1856 I notification_cancel: [com.facebook.katana,10004,NULL,0,0,64]
02-03 22:36:25.584   370   392 I am_destroy_service: [0,1142406792,7673]
02-03 22:36:26.224   370  1186 I am_destroy_service: [0,1137822840,7673]
02-03 22:36:26.334   370  1862 I am_destroy_service: [0,1137652408,7673]
02-03 22:36:26.635  1072  1163 I content_query_sample: [content://com.sec.badge/apps,package/class/badgecount,,,741,com.sec.android.app.launcher,100]
02-03 22:36:29.398  7673  7673 I binder_sample: [android.app.IActivityManager,1002,451,com.facebook.katana,90]
02-03 22:36:29.398  7719  7719 I binder_sample: [android.app.IActivityManager,83,245,com.facebook.katana:dash,49]
02-03 22:36:29.408  7739  7739 I binder_sample: [android.app.IActivityManager,83,1281,com.facebook.katana:providers,100]
02-03 22:36:29.488   370  1763 I power_partial_wake_state: [1,FacebookService]
02-03 22:36:30.779   370   701 I am_create_service: [0,1141774608,com.android.vending/com.google.android.finsky.services.ContentSyncService,5118]
02-03 22:36:30.789  7739  7739 I binder_sample: [android.content.pm.IPackageManager,1,967,com.facebook.katana:providers,100]
02-03 22:36:30.789  7719  7719 I binder_sample: [android.net.IConnectivityManager,3,986,com.facebook.katana:dash,100]
02-03 22:36:30.799  7673  7673 I binder_sample: [android.app.IActivityManager,1002,364,com.facebook.katana,72]
02-03 22:36:30.819   370   819 I backup_data_changed: android
02-03 22:36:30.889   370   819 I backup_data_changed: android
02-03 22:36:30.939   370   819 I backup_data_changed: android
02-03 22:36:30.959   370   819 I backup_data_changed: android
02-03 22:36:30.979   370   819 I backup_data_changed: android
02-03 22:36:31.049   370   819 I backup_data_changed: android
02-03 22:36:31.049  7739  7739 I binder_sample: [android.app.IActivityManager,12,97,com.facebook.katana:providers,19]
02-03 22:36:31.049   370   671 I am_destroy_service: [0,1138501104,6976]
02-03 22:36:31.470   370   385 I am_create_service: [0,1141582936,com.facebook.katana/com.facebook.dash.launchables_v1.service.LaunchablesService,7719]
02-03 22:36:31.480  7719  7719 I binder_sample: [android.app.IActivityManager,16,8,com.facebook.katana:dash,1]
02-03 22:36:31.860  7673  7673 I binder_sample: [android.app.IActivityManager,1002,220,com.facebook.katana,44]
02-03 22:36:31.980   370   660 I notification_cancel_all: [com.google.android.apps.authenticator2.test,-1,0,0]
02-03 22:36:32.141   370   370 I am_create_service: [0,1130683856,com.google.android.partnersetup/.RlzPingIntentService,7359]
02-03 22:36:32.221   370  1862 I am_create_service: [0,1132643384,com.google.android.partnersetup/.AppInstalledService,7359]
02-03 22:36:32.231   370  1102 I am_destroy_service: [0,1130683856,7359]
02-03 22:36:32.251   370   370 I power_partial_wake_state: [1,com.carrieriq.tmobile.Wakelock]
02-03 22:36:32.321   370   660 I notification_cancel_all: [com.google.android.apps.authenticator2.test,-1,0,0]
02-03 22:36:32.391   370   819 I backup_data_changed: android
02-03 22:36:32.421   370  1861 I am_destroy_service: [0,1132643384,7359]
02-03 22:36:32.441   370   385 I am_create_service: [0,1134029328,com.android.musicfx/.Compatibility$Service,6734]
02-03 22:36:32.481   370   819 I backup_data_changed: android
02-03 22:36:32.581   370  1861 I am_destroy_service: [0,1134029328,6734]
02-03 22:36:32.621  7673  7801 I content_query_sample: [content://com.facebook.katana.provider.BookmarkProvider/bookmarks,_id/bookmark_fbid/bookmark_name/bookmark_url/bookmark_icon/bookmark_pic/bookmark_type/bookmark_unread_count/bookmark_client_token/group_id/group_name/group_index/visible_in_group,,group_name, group_index,395,com.facebook.katana,80]
02-03 22:36:32.721   370  1069 I am_create_service: [0,1142430472,com.google.android.gms/.app.service.PackageBroadcastService,1689]
02-03 22:36:32.731   370  1861 I am_create_service: [0,1143119984,com.google.android.gms/.games.service.GamesIntentService,1689]
02-03 22:36:32.741   370   385 I am_create_service: [0,1143128680,com.google.android.gms/.people.service.bg.PeopleBackgroundTasks,1689]
02-03 22:36:32.751   370  1186 I am_create_service: [0,1143292296,com.google.android.gms/.icing.service.IndexWorkerService,1689]
02-03 22:36:32.751   370  1102 I am_destroy_service: [0,1142430472,1689]
02-03 22:36:32.761   370  1041 I power_partial_wake_state: [1,Icing]
02-03 22:36:32.801   370  1070 I am_create_service: [0,1143992544,com.google.android.apps.plus/.service.PackagesMediaMonitor$AsyncService,4601]
02-03 22:36:32.821   370  1187 I am_destroy_service: [0,1143292296,1689]
02-03 22:36:32.831   370  1763 I power_partial_wake_state: [0,Icing]
02-03 22:36:32.841   370  1147 I power_partial_wake_state: [1,AsyncService]
02-03 22:36:32.861   370  1102 I am_destroy_service: [0,1143128680,1689]
02-03 22:36:32.881   370   914 I power_partial_wake_state: [0,AsyncService]
02-03 22:36:32.881   370  1763 I am_destroy_service: [0,1143119984,1689]
02-03 22:36:32.881   370   392 I am_destroy_service: [0,1143992544,4601]
02-03 22:36:32.901   370   671 I unknown_sources_enabled: 0
02-03 22:36:32.941  7673  7755 I content_query_sample: [content://com.facebook.katana.properties/properties/com.facebook.contacts.data.ContactsDatabaseSupplier/contacts_db_properties,value,key=?,,1331,com.facebook.katana,100]
02-03 22:36:33.132   370   392 I am_create_service: [0,1144101288,com.google.android.googlequicksearchbox/com.google.android.search.core.summons.icing.InternalIcingCorporaProvider$UpdateCorporaService,7245]
02-03 22:36:33.712  7673  7673 I binder_sample: [android.app.IActivityManager,36,501,com.facebook.katana,100]
02-03 22:36:34.002  3963  3963 I binder_sample: [android.app.IActivityManager,110,729,com.sec.spp.push,100]
02-03 22:36:34.113  7673  7736 I content_query_sample: [content://com.facebook.katana.provider.GraphQLNotificationsProvider/gql_notifications?LIMIT=1,cursor,recipient_id=100004638540466,,8210,com.facebook.katana,100]
02-03 22:36:34.263   370  1860 I power_partial_wake_state: [0,com.carrieriq.tmobile.Wakelock]
02-03 22:36:34.293  7245  7839 I content_update_sample: [content://com.google.android.googlequicksearchbox.icing/applications,update,com.google.android.apps.authenticator2.test,1136,com.google.android.googlequicksearchbox,100]
02-03 22:36:34.333   370  1187 I am_destroy_service: [0,1144101288,7245]
02-03 22:36:34.533   370   914 I am_destroy_service: [0,1141582936,7719]
02-03 22:36:34.573   370  1862 I am_create_service: [0,1144329344,com.facebook.katana/com.facebook.dash.launchables_v1.service.LaunchablesService,7719]
02-03 22:36:34.673   370  1763 I power_partial_wake_state: [1,babel_rtcs]
02-03 22:36:34.683   370  1860 I am_create_service: [0,1144140624,com.google.android.talk/com.google.android.apps.babel.realtimechat.RealTimeChatService,7406]
02-03 22:36:34.713   370  1041 I am_create_service: [0,1144122144,com.android.musicfx/.Compatibility$Service,6734]
02-03 22:36:34.743   370  1861 I power_partial_wake_state: [0,babel_rtcs]
02-03 22:36:34.753   370  1858 I am_destroy_service: [0,1144140624,7406]
02-03 22:36:34.763   370  1186 I am_destroy_service: [0,1144122144,6734]
02-03 22:36:34.843   370  1856 I am_create_service: [0,1143204376,com.google.android.gms/.app.service.PackageBroadcastService,1689]
02-03 22:36:34.863   370   392 I am_create_service: [0,1143169912,com.google.android.gms/.people.service.bg.PeopleBackgroundTasks,1689]
02-03 22:36:34.873   370  1147 I am_create_service: [0,1143158704,com.google.android.gms/.icing.service.IndexWorkerService,1689]
02-03 22:36:34.873   370  1070 I am_destroy_service: [0,1143204376,1689]
02-03 22:36:34.883   370  1858 I power_partial_wake_state: [1,Icing]
02-03 22:36:34.883   370  1041 I am_destroy_service: [0,1143169912,1689]
02-03 22:36:34.923   370  1861 I am_destroy_service: [0,1143158704,1689]
02-03 22:36:34.943   370  1860 I power_partial_wake_state: [0,Icing]
02-03 22:36:35.034   370  1862 I am_proc_start: [0,7856,10049,com.sec.android.app.FlashBarService,broadcast,com.sec.android.app.FlashBarService/.CenterBarDisplayReceiver]
02-03 22:36:35.124   370  1102 I am_proc_bound: [0,7856,com.sec.android.app.FlashBarService]
02-03 22:36:35.704   370   660 I power_partial_wake_state: [0,AlarmManager]
02-03 22:36:35.724   370   370 I notification_cancel: [com.android.settings,2131297359,NULL,0,0,0]
02-03 22:36:35.874   370   370 I am_destroy_service: [0,1144329344,7719]
02-03 22:36:35.935   370  1102 I am_create_service: [0,1142407720,com.android.keychain/.KeyChainService,7092]
02-03 22:36:35.955   370  1861 I am_create_service: [0,1132800064,com.android.musicfx/.Compatibility$Service,6734]
02-03 22:36:35.995   370  1860 I am_destroy_service: [0,1132800064,6734]
02-03 22:36:36.105   370  1069 I am_destroy_service: [0,1142407720,7092]
02-03 22:36:36.185  7673  7755 I content_query_sample: [content://com.facebook.katana.properties/properties/com.facebook.contacts.data.ContactsDatabaseSupplier/contacts_db_properties,value,key=?,,505,com.facebook.katana,100]
02-03 22:36:36.205   370  1186 I am_kill : [0,6590,com.sec.android.widgetapp.analogclockunique,15,too many background]
02-03 22:36:36.225   370   385 I am_kill : [0,6575,com.sec.android.widgetapp.ap.hero.accuweather,15,too many background]
02-03 22:36:36.245   370   385 I am_proc_died: [0,6590,com.sec.android.widgetapp.analogclockunique,15]
02-03 22:36:36.555   370  1862 I am_proc_died: [0,6575,com.sec.android.widgetapp.ap.hero.accuweather,15]
02-03 22:36:36.785  4850  4850 I binder_sample: [android.app.IActivityManager,110,136,com.sec.android.gallery3d,27]
02-03 22:36:36.805   370  1862 I am_create_service: [0,1132545856,com.google.android.gms/.app.service.PackageBroadcastService,1689]
02-03 22:36:36.815   370  1070 I notification_cancel: [com.android.vending,-1050172287,NULL,0,0,64]
02-03 22:36:36.846   370  1763 I am_create_service: [0,1130875352,eu.chainfire.supersu/.SuperUserIntentService,7228]
02-03 22:36:36.866   370  1862 I am_create_service: [0,1137832896,com.google.android.apps.plus/.service.PackagesMediaMonitor$AsyncService,4601]
02-03 22:36:36.886   370  1860 I power_partial_wake_state: [1,AsyncService]
02-03 22:36:36.916  5118  5118 I binder_sample: [android.app.IActivityManager,16,85,com.android.vending,17]
02-03 22:36:36.926   370  1856 I am_create_service: [0,1141314344,com.google.android.gms/.people.service.bg.PeopleBackgroundTasks,1689]
02-03 22:36:36.936   370  1147 I power_partial_wake_state: [0,AsyncService]
02-03 22:36:36.936   370  1041 I am_create_service: [0,1142564800,com.google.android.gms/.icing.service.IndexWorkerService,1689]
02-03 22:36:36.946   370  1860 I am_destroy_service: [0,1132545856,1689]
02-03 22:36:36.946   370  1102 I power_partial_wake_state: [1,Icing]
02-03 22:36:36.966   370  1187 I am_destroy_service: [0,1141314344,1689]
02-03 22:36:36.966   370  1147 I am_destroy_service: [0,1137832896,4601]
02-03 22:36:36.976   370  1041 I am_destroy_service: [0,1142564800,1689]
02-03 22:36:36.976   370  1858 I power_partial_wake_state: [0,Icing]
02-03 22:36:36.996  7719  7826 I content_query_sample: [content://com.facebook.katana.experiments/quick_experiment,uid/name/groupName/hash/loggingEnabled/locale/exposureTTL/customContentJSON/dataSource/meta_info,dataSource=? and uid=?,,1105,com.facebook.katana,100]
02-03 22:36:37.056   370   385 I am_create_service: [0,1133078208,com.facebook.katana/com.facebook.dash.launchables_v1.service.LaunchablesService,7719]
02-03 22:36:37.236  7719  7719 I binder_sample: [android.app.IActivityManager,61,43,com.facebook.katana:dash,8]
02-03 22:36:37.286   370  1860 I am_destroy_service: [0,1133078208,7719]
02-03 22:36:37.326   370   670 I battery_level: [100,4310,311]
02-03 22:36:37.446   370  1147 I am_create_service: [0,1131593528,com.google.android.partnersetup/.RlzPingIntentService,7359]
02-03 22:36:37.496   370  1858 I am_create_service: [0,1132338272,com.google.android.partnersetup/.AppInstalledService,7359]
02-03 22:36:37.516   370  1186 I am_destroy_service: [0,1132338272,7359]
02-03 22:36:37.516   370  1856 I am_destroy_service: [0,1131593528,7359]
02-03 22:36:37.526   370   370 I am_create_service: [0,1142093944,com.android.musicfx/.Compatibility$Service,6734]
02-03 22:36:37.566   370   914 I am_destroy_service: [0,1142093944,6734]
02-03 22:36:37.646  7673  7755 I content_query_sample: [content://com.facebook.katana.messages/thread_summaries,thread_id/action_id/last_visible_action_id,folder=?,timestamp_ms DESC LIMIT 25,884,com.facebook.katana,100]
02-03 22:36:37.726  7719  7826 I content_query_sample: [content://com.facebook.katana.experiments/quick_experiment,uid/name/groupName/hash/loggingEnabled/locale/exposureTTL/customContentJSON/dataSource/meta_info,dataSource=? and uid=?,,428,com.facebook.katana,86]
02-03 22:36:38.107   370  1186 I am_create_service: [0,1142800976,com.google.android.gms/.app.service.PackageBroadcastService,1689]
02-03 22:36:38.117   370  1069 I am_create_service: [0,1142764216,com.google.android.gms/.games.service.GamesIntentService,1689]
02-03 22:36:38.127   370   370 I am_create_service: [0,1134335296,com.google.android.gms/.people.service.bg.PeopleBackgroundTasks,1689]
02-03 22:36:38.137   370  1861 I am_create_service: [0,1137921632,com.google.android.gms/.icing.service.IndexWorkerService,1689]
02-03 22:36:38.137   370  1041 I am_destroy_service: [0,1142800976,1689]
02-03 22:36:38.167   370  1860 I power_partial_wake_state: [1,Icing]
02-03 22:36:38.167   370  1102 I am_destroy_service: [0,1142764216,1689]
02-03 22:36:38.217   370  1862 I am_create_service: [0,1136992968,com.google.android.apps.plus/.service.PackagesMediaMonitor$AsyncService,4601]
02-03 22:36:38.227  1083  1083 I binder_sample: [android.app.IActivityManager,16,53,com.google.process.gapps,10]
02-03 22:36:38.237   370  1102 I am_destroy_service: [0,1137921632,1689]
02-03 22:36:38.247   370  1147 I am_destroy_service: [0,1134335296,1689]
02-03 22:36:38.267   370  1861 I power_partial_wake_state: [1,AsyncService]
02-03 22:36:38.347   370  1102 I power_partial_wake_state: [0,Icing]
02-03 22:36:38.447   370  1763 I power_partial_wake_state: [0,AsyncService]
02-03 22:36:38.447   370  1102 I am_destroy_service: [0,1136992968,4601]
02-03 22:36:38.517   370   392 I am_create_service: [0,1142166680,com.google.android.googlequicksearchbox/com.google.android.search.core.summons.icing.InternalIcingCorporaProvider$UpdateCorporaService,7245]
02-03 22:36:38.718   370  1186 I am_create_service: [0,1137995288,com.facebook.katana/com.facebook.dash.launchables_v1.service.LaunchablesService,7719]
02-03 22:36:38.758   370   914 I am_destroy_service: [0,1137995288,7719]
02-03 22:36:38.778   370  1070 I power_partial_wake_state: [1,babel_rtcs]
02-03 22:36:38.778   370  1147 I am_create_service: [0,1135119944,com.google.android.talk/com.google.android.apps.babel.realtimechat.RealTimeChatService,7406]
02-03 22:36:38.808   370  1186 I power_partial_wake_state: [0,babel_rtcs]
02-03 22:36:38.808   370  1862 I am_create_service: [0,1133964328,com.android.musicfx/.Compatibility$Service,6734]
02-03 22:36:38.818   370  1763 I am_destroy_service: [0,1135119944,7406]
02-03 22:36:38.938   370  1861 I am_create_service: [0,1141835424,com.google.android.gms/.app.service.PackageBroadcastService,1689]
02-03 22:36:38.958   370  1862 I am_create_service: [0,1136946888,com.google.android.gms/.people.service.bg.PeopleBackgroundTasks,1689]
02-03 22:36:38.978   370  1187 I am_create_service: [0,1143298128,com.google.android.gms/.icing.service.IndexWorkerService,1689]
02-03 22:36:38.988   370   385 I am_destroy_service: [0,1141835424,1689]
02-03 22:36:38.988   370  1860 I power_partial_wake_state: [1,Icing]
02-03 22:36:38.988   370  1187 I am_destroy_service: [0,1143298128,1689]
02-03 22:36:38.998   370  1041 I am_destroy_service: [0,1133964328,6734]
02-03 22:36:39.008   370   385 I power_partial_wake_state: [0,Icing]
02-03 22:36:39.078   370  1147 I am_destroy_service: [0,1136946888,1689]
02-03 22:36:39.138  7245  7915 I content_update_sample: [content://com.google.android.googlequicksearchbox.icing/applications,update,com.google.android.apps.authenticator2.test,569,com.google.android.googlequicksearchbox,100]
02-03 22:36:39.148   370  1187 I am_destroy_service: [0,1142166680,7245]
02-03 22:36:39.228   370  1102 I am_destroy_service: [0,1130875352,7228]
02-03 22:36:39.388   370  1041 I power_partial_wake_state: [1,MQTT]
02-03 22:36:39.388   370  1186 I am_create_service: [0,1134648704,com.facebook.katana/com.facebook.push.mqtt.MqttReceiver,7673]
02-03 22:36:39.518   370  1860 I power_partial_wake_state: [0,MQTT]
02-03 22:36:39.528   370   385 I am_destroy_service: [0,1134648704,7673]
02-03 22:36:40.389   370  1187 I am_create_service: [0,1144042592,com.google.android.gsf.login/com.google.android.gsf.loginservice.GoogleLoginService,4920]
02-03 22:36:40.449   370  1858 I notification_cancel: [android,2,NULL,0,0,0]
02-03 22:36:40.449   370  1858 I am_destroy_service: [0,1144042592,4920]
02-03 22:36:41.521   370  1860 I am_create_service: [0,1139428568,com.facebook.katana/com.facebook.privacy.service.PrivacyService,7673]
02-03 22:36:42.171  7673  7946 I content_query_sample: [content://com.facebook.katana.properties/properties/com.facebook.analytics.db.AnalyticsDatabaseSupplier/analytics_db_properties,value,key=?,,61,com.facebook.katana,13]
02-03 22:36:42.602   370   370 I am_destroy_service: [0,1139428568,7673]
02-03 22:36:43.122   370   370 I am_destroy_service: [0,1141774608,5118]
02-03 22:36:43.122   370  1856 I am_kill : [0,6605,com.sec.android.widgetapp.dualclockanalog,15,too many background]
02-03 22:36:43.132   370  1147 I am_proc_died: [0,6605,com.sec.android.widgetapp.dualclockanalog,15]
02-03 22:36:43.723  7673  7755 I content_query_sample: [content://com.facebook.katana.messages/messages,thread_id,action_id IN (1376576082336000000),,354,com.facebook.katana,71]
02-03 22:36:44.003   370  1858 I power_partial_wake_state: [0,FacebookService]
02-03 22:36:44.003   370  1186 I am_destroy_service: [0,1135128864,7673]
02-03 22:36:44.303   370   701 I power_partial_wake_state: [1,AlarmManager]
02-03 22:36:44.324   370   660 I power_partial_wake_state: [0,AlarmManager]
02-03 22:36:44.434  5118  5371 I google_http_request: [3892,200,NULL,1]
02-03 22:36:52.783   370  1102 I am_create_activity: [0,1143110136,6,com.facebook.katana/com.facebook.photos.mediapicker.MediaPickerActivity,NULL,NULL,NULL,0,com.facebook.katana]
02-03 22:36:52.993   370  1102 I am_pause_activity: [0,1144229728,com.facebook.katana/.activity.FbFragmentChromeActivity]
02-03 22:36:52.993   370  1102 I power_partial_wake_state: [1,ActivityManager-Launch]
02-03 22:36:53.033  7673  7673 I am_on_paused_called: [0,com.facebook.katana.activity.FbFragmentChromeActivity]
02-03 22:36:53.043   370  1147 I am_restart_activity: [0,1143110136,6,com.facebook.katana/com.facebook.photos.mediapicker.MediaPickerActivity]
02-03 22:36:53.333   370   701 I am_create_service: [0,1143093568,com.android.vending/com.google.android.finsky.services.ContentSyncService,5118]
02-03 22:36:53.593   370   701 I power_partial_wake_state: [1,AlarmManager]
02-03 22:36:53.613   370   660 I power_partial_wake_state: [0,AlarmManager]
02-03 22:36:53.994  7673  7673 I am_on_resume_called: [0,com.facebook.photos.mediapicker.MediaPickerActivity]
02-03 22:36:54.194   370   662 I am_activity_launch_time: [0,1143110136,com.facebook.katana/com.facebook.photos.mediapicker.MediaPickerActivity,1166,1166]
02-03 22:36:54.234  7673  7673 I binder_sample: [android.view.IWindowSession,6,9,com.facebook.katana,1]
02-03 22:36:54.274   370  1856 I power_partial_wake_state: [0,ActivityManager-Launch]
02-03 22:36:54.314  7673  7713 I content_query_sample: [content://com.facebook.katana.provider.VaultImageProvider/images,image_hash/image_fbid,date_taken >= ?,,326,com.facebook.katana,66]
02-03 22:36:55.105   370  1861 I am_destroy_service: [0,1143093568,5118]
02-03 22:36:56.396  7673  7812 I content_update_sample: [content://com.facebook.katana.properties/properties/com.facebook.analytics.db.AnalyticsDatabaseSupplier/analytics_db_properties,insert,,1,com.facebook.katana,1]
02-03 22:36:57.488   370   392 I am_create_activity: [0,1111892608,6,com.facebook.katana/com.facebook.camera.activity.CameraActivity,com.facebook.intent.action.prod.OPEN_FB4A_CAMERA,NULL,NULL,0,com.facebook.katana]
02-03 22:36:57.768   370   392 I am_pause_activity: [0,1143110136,com.facebook.katana/com.facebook.photos.mediapicker.MediaPickerActivity]
02-03 22:36:57.768   370   392 I power_partial_wake_state: [1,ActivityManager-Launch]
02-03 22:36:57.778  7673  7673 I binder_sample: [android.app.IActivityManager,3,311,com.facebook.katana,62]
02-03 22:36:57.798  7673  7673 I am_on_paused_called: [0,com.facebook.photos.mediapicker.MediaPickerActivity]
02-03 22:36:57.818   370  1102 I am_restart_activity: [0,1111892608,6,com.facebook.katana/com.facebook.camera.activity.CameraActivity]
02-03 22:36:58.939  7673  7673 I am_on_resume_called: [0,com.facebook.camera.activity.CameraActivity]
02-03 22:36:59.360   370   662 I am_activity_launch_time: [0,1111892608,com.facebook.katana/com.facebook.camera.activity.CameraActivity,1554,1554]
02-03 22:36:59.740   370  1102 I power_partial_wake_state: [0,ActivityManager-Launch]
02-03 22:37:00.000   370   701 I power_partial_wake_state: [1,AlarmManager]
02-03 22:37:00.240   370   660 I power_partial_wake_state: [0,AlarmManager]
02-03 22:37:03.003   370  1862 I power_partial_wake_state: [1,AudioOut_2]
02-03 22:37:04.155   370  1860 I am_create_service: [0,1138896744,com.android.providers.media/.MediaScannerService,1321]
02-03 22:37:04.395   370  1187 I power_partial_wake_state: [1,CM_static]
02-03 22:37:04.435  4601  4601 I binder_sample: [android.os.IPowerManager,1,43,com.google.android.apps.plus,8]
02-03 22:37:04.445   370  1860 I am_create_service: [0,1138790768,com.google.android.apps.plus/.service.CameraMonitor$MediaTrackerIntentService,4601]
02-03 22:37:04.495  1321  8003 I content_update_sample: [content://media/,insert,,170,com.android.providers.media,35]
02-03 22:37:04.495   370  1070 I power_partial_wake_state: [1,CM_local]
02-03 22:37:04.505   370  1860 I power_partial_wake_state: [0,CM_static]
02-03 22:37:04.505   370  1763 I power_partial_wake_state: [1,CM_static]
02-03 22:37:04.525   370  1069 I power_partial_wake_state: [0,CM_static]
02-03 22:37:04.525   370   392 I power_partial_wake_state: [1,CM_static]
02-03 22:37:04.535   370  1862 I power_partial_wake_state: [0,CM_static]
02-03 22:37:04.535   370   914 I power_partial_wake_state: [1,CM_static]
02-03 22:37:04.555   370  1147 I power_partial_wake_state: [0,CM_static]
02-03 22:37:04.575  4601  4601 I binder_sample: [android.os.IPowerManager,2,35,com.google.android.apps.plus,7]
02-03 22:37:04.585   370  1860 I power_partial_wake_state: [1,CM_static]
02-03 22:37:04.605   370  1187 I power_partial_wake_state: [0,CM_static]
02-03 22:37:04.615   370  1186 I power_partial_wake_state: [1,CM_static]
02-03 22:37:04.655   370  1186 I power_partial_wake_state: [0,CM_static]
02-03 22:37:04.815  1321  4669 I force_gc: Binder
02-03 22:37:05.216   370  1187 I power_partial_wake_state: [0,CM_local]
02-03 22:37:05.216   370  1069 I am_destroy_service: [0,1138790768,4601]
02-03 22:37:05.296   370  1041 I power_partial_wake_state: [1,CM_static]
02-03 22:37:05.306   370  1187 I am_create_service: [0,1137881256,com.google.android.apps.plus/.service.CameraMonitor$MediaTrackerIntentService,4601]
02-03 22:37:05.316   370   370 I power_partial_wake_state: [1,CM_local]
02-03 22:37:05.316   370  1763 I power_partial_wake_state: [0,CM_static]
02-03 22:37:05.326   370   385 I am_destroy_service: [0,1138896744,1321]
02-03 22:37:05.626   370  1763 I am_create_service: [0,1131607760,com.google.android.gms/.panorama.service.PanoramaAndroidService,1689]
02-03 22:37:05.706   370  1186 I power_partial_wake_state: [0,CM_local]
02-03 22:37:05.706   370   392 I am_destroy_service: [0,1137881256,4601]
02-03 22:37:05.917   370  1763 I power_partial_wake_state: [1,CM_static]
02-03 22:37:05.927   370  1856 I am_create_service: [0,1133670176,com.google.android.apps.plus/.service.CameraMonitor$MediaTrackerIntentService,4601]
02-03 22:37:05.947  4601  8007 I content_query_sample: [content://media/external/images/thumbnails?blocking=1&orig_id=129&group_id=0,_id/_data,,,351,com.google.android.apps.plus,71]
02-03 22:37:05.967   370   370 I power_partial_wake_state: [1,CM_local]
02-03 22:37:05.967   370  1861 I power_partial_wake_state: [0,CM_static]
02-03 22:37:06.097   370  1860 I power_partial_wake_state: [0,CM_local]
02-03 22:37:06.107   370  1041 I am_destroy_service: [0,1133670176,4601]
02-03 22:37:06.958   370  1041 I power_partial_wake_state: [0,AudioOut_2]
02-03 22:37:08.169   370   660 I free_storage_changed: 11966885888
02-03 22:37:08.720   370  1147 I power_partial_wake_state: [1,AudioOut_2]
02-03 22:37:09.921   370  1862 I am_create_service: [0,1132128240,com.android.providers.media/.MediaScannerService,1321]
02-03 22:37:10.211   370  1858 I power_partial_wake_state: [1,CM_static]
02-03 22:37:10.211   370  1860 I am_create_service: [0,1138489776,com.google.android.apps.plus/.service.CameraMonitor$MediaTrackerIntentService,4601]
02-03 22:37:10.241  1321  8021 I content_update_sample: [content://media/,insert,,161,com.android.providers.media,33]
02-03 22:37:10.241   370  1856 I power_partial_wake_state: [1,CM_local]
02-03 22:37:10.241   370  1070 I power_partial_wake_state: [0,CM_static]
02-03 22:37:10.241   370   370 I power_partial_wake_state: [1,CM_static]
02-03 22:37:10.261   370  1187 I power_partial_wake_state: [0,CM_static]
02-03 22:37:10.261   370   392 I power_partial_wake_state: [1,CM_static]
02-03 22:37:10.281   370   385 I power_partial_wake_state: [0,CM_static]
02-03 22:37:10.281   370  1862 I power_partial_wake_state: [1,CM_static]
02-03 22:37:10.281   370  1763 I power_partial_wake_state: [0,CM_static]
02-03 22:37:10.301   370  1102 I power_partial_wake_state: [1,CM_static]
02-03 22:37:10.311   370  1147 I power_partial_wake_state: [0,CM_static]
02-03 22:37:10.321   370   385 I power_partial_wake_state: [1,CM_static]
02-03 22:37:10.321   370  1861 I power_partial_wake_state: [0,CM_static]
02-03 22:37:10.371   370  1763 I force_gc: Binder
02-03 22:37:10.842  4601  8022 I content_query_sample: [content://com.google.android.apps.plus.iu.EsGoogleIuProvider/settings,auto_upload_enabled/auto_upload_account_name/plus_page_id,,,46,com.google.android.apps.plus,10]
02-03 22:37:10.862  1321  1332 I force_gc: Binder
02-03 22:37:11.232   370  1861 I power_partial_wake_state: [1,CM_static]
02-03 22:37:11.232   370  1147 I power_partial_wake_state: [0,CM_static]
02-03 22:37:11.262   370   370 I am_destroy_service: [0,1132128240,1321]
02-03 22:37:11.332  4601  8022 I content_query_sample: [content://com.google.android.apps.plus.iu.EsGoogleIuProvider/settings,auto_upload_enabled/auto_upload_account_name/plus_page_id/sync_on_wifi_only/video_upload_wifi_only/sync_on_roaming/sync_on_battery/instant_share_eventid/instant_share_starttime/instant_share_endtime/upload_full_resolution/max_mobile_upload_size,,,18,com.google.android.apps.plus,4]
02-03 22:37:11.533   370  1102 I power_partial_wake_state: [0,CM_local]
02-03 22:37:11.533   370   392 I am_destroy_service: [0,1138489776,4601]
02-03 22:37:11.783   370   370 I power_partial_wake_state: [1,CM_static]
02-03 22:37:11.793   370   385 I am_create_service: [0,1143025456,com.google.android.apps.plus/.service.CameraMonitor$MediaTrackerIntentService,4601]
02-03 22:37:11.833   370  1147 I power_partial_wake_state: [1,CM_local]
02-03 22:37:11.843   370   370 I power_partial_wake_state: [0,CM_static]
02-03 22:37:11.853  4601  8023 I content_query_sample: [content://media/external/images/media,MAX(_id),,,4,com.google.android.apps.plus,1]
02-03 22:37:11.933   370   392 I power_partial_wake_state: [0,CM_local]
02-03 22:37:11.933   370  1856 I am_destroy_service: [0,1143025456,4601]
02-03 22:37:12.774   370  1858 I am_finish_activity: [0,1111892608,6,com.facebook.katana/com.facebook.camera.activity.CameraActivity,app-request]
02-03 22:37:12.984   370  1858 I am_pause_activity: [0,1111892608,com.facebook.katana/com.facebook.camera.activity.CameraActivity]
02-03 22:37:12.994   370  1858 I power_partial_wake_state: [1,ActivityManager-Launch]
02-03 22:37:13.274  7673  7673 I am_on_paused_called: [0,com.facebook.camera.activity.CameraActivity]
02-03 22:37:13.314   370  1858 I am_resume_activity: [0,1143110136,6,com.facebook.katana/com.facebook.photos.mediapicker.MediaPickerActivity]
02-03 22:37:13.344  7673  7673 I am_on_resume_called: [0,com.facebook.photos.mediapicker.MediaPickerActivity]
02-03 22:37:13.455   370  1147 I power_partial_wake_state: [0,ActivityManager-Launch]
02-03 22:37:13.455   370  1147 I am_destroy_activity: [0,1111892608,6,com.facebook.katana/com.facebook.camera.activity.CameraActivity,finish-imm]
02-03 22:37:13.475   370   385 I power_partial_wake_state: [0,AudioOut_2]
02-03 22:37:17.869   370   670 I battery_level: [100,4305,321]
02-03 22:37:19.461   370  1763 I am_destroy_service: [0,1131607760,1689]
02-03 22:37:20.062  1043  1043 I binder_sample: [com.android.internal.telephony.ITelephonyRegistry,4,65,com.android.phone,13]
02-03 22:37:27.049   370  1187 I am_create_activity: [0,1119682032,6,com.facebook.katana/.activity.composer.ComposerActivity,NULL,NULL,NULL,0,com.facebook.katana]
02-03 22:37:27.319   370  1187 I am_pause_activity: [0,1143110136,com.facebook.katana/com.facebook.photos.mediapicker.MediaPickerActivity]
02-03 22:37:27.329   370  1187 I power_partial_wake_state: [1,ActivityManager-Launch]
02-03 22:37:27.359  7673  7673 I am_on_paused_called: [0,com.facebook.photos.mediapicker.MediaPickerActivity]
02-03 22:37:27.379   370  1102 I am_restart_activity: [0,1119682032,6,com.facebook.katana/.activity.composer.ComposerActivity]
02-03 22:37:27.950   370  1069 I am_create_service: [0,1142825392,com.facebook.katana/.service.FacebookService,7673]
02-03 22:37:28.010   370  1041 I am_create_service: [0,1142521160,com.facebook.katana/com.facebook.privacy.service.PrivacyService,7673]
02-03 22:37:28.040  7673  7673 I am_on_resume_called: [0,com.facebook.katana.activity.composer.ComposerActivity]
02-03 22:37:28.541   370   662 I am_activity_launch_time: [0,1119682032,com.facebook.katana/.activity.composer.ComposerActivity,1177,1177]
02-03 22:37:28.761   370  1861 I power_partial_wake_state: [0,ActivityManager-Launch]
02-03 22:37:29.281   370   385 I am_proc_start: [0,8043,1000,com.sec.android.inputmethod:ACService,service,com.sec.android.inputmethod/com.nuance.connect.service.ConnectClient]
02-03 22:37:29.412   370  1860 I am_destroy_service: [0,1142521160,7673]
02-03 22:37:29.482   370   385 I notification_enqueue: [android,17041112,NULL,-1,Notification(pri=0 icon=1080441 contentView=android/0x10900b4 vibrate=null sound=null defaults=0x0 flags=0x1002 when=0 ledARGB=0x0 contentIntent=Y deleteIntent=N contentTitle=Select input method contentText=Samsung keyboard tickerText=N kind=[android.system.imeswitcher])]
02-03 22:37:29.502   370  1858 I notification_enqueue: [android,17041112,NULL,-1,Notification(pri=0 icon=1080441 contentView=android/0x10900b4 vibrate=null sound=null defaults=0x0 flags=0x1002 when=0 ledARGB=0x0 contentIntent=Y deleteIntent=N contentTitle=Select input method contentText=Samsung keyboard tickerText=N kind=[android.system.imeswitcher])]
02-03 22:37:29.942   370   370 I am_proc_bound: [0,8043,com.sec.android.inputmethod:ACService]
02-03 22:37:29.962   370   370 I am_create_service: [0,1131471968,com.sec.android.inputmethod/com.nuance.connect.service.ConnectClient,8043]
02-03 22:37:30.122   370  1860 I notification_enqueue: [android,17041112,NULL,-1,Notification(pri=0 icon=1080441 contentView=android/0x10900b4 vibrate=null sound=null defaults=0x0 flags=0x1002 when=0 ledARGB=0x0 contentIntent=Y deleteIntent=N contentTitle=Select input method contentText=Samsung keyboard tickerText=N kind=[android.system.imeswitcher])]
02-03 22:37:30.162  5199  5199 I binder_sample: [com.android.internal.view.IInputMethodManager,23,39,com.sec.android.inputmethod,7]
02-03 22:37:30.983   370  1070 I notification_enqueue: [android,17041112,NULL,-1,Notification(pri=0 icon=1080441 contentView=android/0x10900b4 vibrate=null sound=null defaults=0x0 flags=0x1002 when=0 ledARGB=0x0 contentIntent=Y deleteIntent=N contentTitle=Select input method contentText=Samsung keyboard tickerText=N kind=[android.system.imeswitcher])]
02-03 22:37:31.814   370  1860 I notification_cancel: [android,17041112,NULL,-1,0,0]
02-03 22:37:31.834  7673  7673 I binder_sample: [com.android.internal.view.IInputMethodManager,12,23,com.facebook.katana,4]
02-03 22:37:33.166   370  1858 I notification_enqueue: [android,17041112,NULL,-1,Notification(pri=0 icon=1080441 contentView=android/0x10900b4 vibrate=null sound=null defaults=0x0 flags=0x1002 when=0 ledARGB=0x0 contentIntent=Y deleteIntent=N contentTitle=Select input method contentText=Samsung keyboard tickerText=N kind=[android.system.imeswitcher])]
02-03 22:37:33.246   370  1186 I notification_enqueue: [com.facebook.katana,-774194216,UploadNotificationManager,0,Notification(pri=0 icon=7f020870 contentView=com.facebook.katana/0x10900b4 vibrate=null sound=null defaults=0x0 flags=0x0 when=1391485053216 ledARGB=0x0 contentIntent=Y deleteIntent=N contentTitle=Facebook upload contentText=Starting upload : 1391485051436 tickerText=N kind=[null])]
02-03 22:37:33.446   370   385 I am_finish_activity: [0,1119682032,6,com.facebook.katana/.activity.composer.ComposerActivity,app-request]
02-03 22:37:33.446   370   392 I notification_enqueue: [android,17041112,NULL,-1,Notification(pri=0 icon=1080441 contentView=android/0x10900b4 vibrate=null sound=null defaults=0x0 flags=0x1002 when=0 ledARGB=0x0 contentIntent=Y deleteIntent=N contentTitle=Select input method contentText=Samsung keyboard tickerText=N kind=[android.system.imeswitcher])]
02-03 22:37:34.737  8043  8043 I binder_sample: [android.os.IMessenger,1,56,com.sec.android.inputmethod:ACService,11]
02-03 22:37:35.058  7673  7805 I content_update_sample: [content://com.facebook.katana.provider.CacheProvider/cache,insert,,1600,com.facebook.katana,100]
02-03 22:37:36.249   370   385 I am_pause_activity: [0,1119682032,com.facebook.katana/.activity.composer.ComposerActivity]
02-03 22:37:36.259   370   385 I power_partial_wake_state: [1,ActivityManager-Launch]
02-03 22:37:36.289   933   933 I binder_sample: [android.app.IActivityManager,113,2691,com.android.systemui,100]
02-03 22:37:36.289  8043  8043 I binder_sample: [android.app.IActivityManager,110,1519,com.sec.android.inputmethod:ACService,100]
02-03 22:37:36.309  1043  1043 I binder_sample: [com.android.internal.telephony.ITelephonyRegistry,4,970,com.android.phone,100]
02-03 22:37:36.359  5199  5199 I binder_sample: [com.android.internal.view.IInputMethodManager,23,2940,com.sec.android.inputmethod,100]
02-03 22:37:36.359   370  1070 I notification_cancel: [android,17041112,NULL,-1,0,0]
02-03 22:37:36.419  7673  7673 I binder_sample: [android.app.IActivityManager,11,2989,com.facebook.katana,100]
02-03 22:37:36.639  7673  7673 I binder_sample: [android.app.IActivityManager,1002,43,com.facebook.katana,8]
02-03 22:37:36.639  8043  8043 I binder_sample: [,1,32,com.sec.android.inputmethod:ACService,6]
