02-03 22:39:42.123   370  1008 I power_partial_wake_state: [1,LocationManagerService]
02-03 22:39:42.183   370  1008 I power_partial_wake_state: [1,LocationManagerService]
02-03 22:39:42.203   370  1041 I power_partial_wake_state: [0,LocationManagerService]
02-03 22:39:42.203   370  1860 I power_partial_wake_state: [0,LocationManagerService]
02-03 22:39:42.203   370   914 I power_partial_wake_state: [0,LocationManagerService]
02-03 22:39:42.233   370  1763 I notification_cancel: [com.android.systemui,252119,NULL,-1,0,64]
02-03 22:39:42.303   370  1008 I power_partial_wake_state: [0,GpsLocationProvider]
02-03 22:39:42.303   370  1008 I power_partial_wake_state: [0,LocationManagerService]
02-03 22:39:42.363   370  1070 I notification_enqueue: [com.android.systemui,252119,NULL,-1,Notification(pri=1 icon=7f02011c contentView=com.android.systemui/0x10900b4 vibrate=null sound=null defaults=0x0 flags=0x2 when=1391485182367 ledARGB=0x0 contentIntent=Y deleteIntent=N contentTitle=Searching using GPS contentText=N tickerText=N kind=[null])]
02-03 22:39:45.717   370  1861 I am_create_service: [0,1139954984,com.tmobile.pr.mytmobile/.wifimetrics.service.WifiMetricsService,1110]
02-03 22:39:45.717   370   392 I power_partial_wake_state: [1,com.carrieriq.tmobile.Wakelock]
02-03 22:39:45.857  1110  1110 I binder_sample: [android.app.IActivityManager,61,26,com.tmobile.pr.mytmobile,5]
02-03 22:39:46.047   370  1860 I power_partial_wake_state: [0,NetworkLocationLocator]
02-03 22:39:46.057   370  1008 I power_partial_wake_state: [1,LocationManagerService]
02-03 22:39:46.067   370  1008 I power_partial_wake_state: [1,LocationManagerService]
02-03 22:39:46.067   370   660 I power_partial_wake_state: [0,LocationManagerService]
02-03 22:39:46.067   370  1041 I power_partial_wake_state: [0,LocationManagerService]
02-03 22:39:46.067   370  1008 I power_partial_wake_state: [1,LocationManagerService]
02-03 22:39:46.077   370  1008 I power_partial_wake_state: [1,LocationManagerService]
02-03 22:39:46.077   370  1008 I power_partial_wake_state: [1,LocationManagerService]
02-03 22:39:46.077   370  1008 I power_partial_wake_state: [1,LocationManagerService]
02-03 22:39:46.077   370  1763 I power_partial_wake_state: [0,LocationManagerService]
02-03 22:39:46.077   370   914 I power_partial_wake_state: [0,LocationManagerService]
02-03 22:39:46.077   370  1147 I power_partial_wake_state: [0,LocationManagerService]
02-03 22:39:46.087   370  1008 I power_partial_wake_state: [1,LocationManagerService]
02-03 22:39:46.087   370  1008 I power_partial_wake_state: [1,LocationManagerService]
02-03 22:39:46.097   370  1008 I power_partial_wake_state: [1,LocationManagerService]
02-03 22:39:46.097   370  1858 I power_partial_wake_state: [0,LocationManagerService]
02-03 22:39:46.107   370  1070 I power_partial_wake_state: [0,LocationManagerService]
02-03 22:39:46.107   370   370 I power_partial_wake_state: [0,LocationManagerService]
02-03 22:39:46.107   370  1008 I power_partial_wake_state: [0,LocationManagerService]
02-03 22:39:46.128   370  1856 I am_destroy_service: [0,1139954984,1110]
02-03 22:39:46.598  1043  1043 I binder_sample: [com.android.internal.telephony.ITelephonyRegistry,4,38,com.android.phone,7]
02-03 22:39:47.389   370   670 I battery_level: [100,4297,334]
02-03 22:39:47.719   370  1763 I power_partial_wake_state: [0,com.carrieriq.tmobile.Wakelock]
02-03 22:39:48.500  7673  7755 I content_query_sample: [content://com.facebook.katana.properties/properties/com.facebook.orca.database.ThreadsDatabaseSupplier/properties,value,key=?,,534,com.facebook.katana,100]
02-03 22:39:50.192  7673  7755 I content_query_sample: [content://com.facebook.katana.messages/thread_summaries,thread_id/action_id/last_visible_action_id,folder=?,timestamp_ms DESC LIMIT 25,2,com.facebook.katana,1]
02-03 22:39:50.772   370   385 I am_create_activity: [0,1132918872,6,com.facebook.katana/.activity.composer.ComposerActivity,NULL,NULL,NULL,0,com.facebook.katana]
02-03 22:39:50.973   370   385 I am_pause_activity: [0,1144229728,com.facebook.katana/.activity.FbFragmentChromeActivity]
02-03 22:39:50.973   370   385 I power_partial_wake_state: [1,ActivityManager-Launch]
02-03 22:39:50.983  7673  7673 I binder_sample: [android.app.IActivityManager,3,268,com.facebook.katana,53]
02-03 22:39:51.003  7673  7673 I am_on_paused_called: [0,com.facebook.katana.activity.FbFragmentChromeActivity]
02-03 22:39:51.023   370  1187 I am_restart_activity: [0,1132918872,6,com.facebook.katana/.activity.composer.ComposerActivity]
02-03 22:39:51.303   370  1102 I am_create_service: [0,1142454824,com.facebook.katana/.service.FacebookService,7673]
02-03 22:39:51.343   370   370 I am_create_activity: [0,1134381424,6,com.facebook.katana/.activity.places.SelectAtTagActivity,NULL,NULL,NULL,0,com.facebook.katana]
02-03 22:39:51.353   370   370 I am_pause_activity: [0,1132918872,com.facebook.katana/.activity.composer.ComposerActivity]
02-03 22:39:51.353   370   370 I power_partial_wake_state: [1,ActivityManager-Launch]
02-03 22:39:51.363   370  1041 I am_create_service: [0,1142086920,com.facebook.katana/com.facebook.privacy.service.PrivacyService,7673]
02-03 22:39:51.393  7673  7673 I am_on_resume_called: [0,com.facebook.katana.activity.composer.ComposerActivity]
02-03 22:39:51.423   370  1763 I power_partial_wake_state: [1,GpsLocationProvider]
02-03 22:39:51.453  7673  7673 I am_on_paused_called: [0,com.facebook.katana.activity.composer.ComposerActivity]
02-03 22:39:51.463   370   385 I am_restart_activity: [0,1134381424,6,com.facebook.katana/.activity.places.SelectAtTagActivity]
02-03 22:39:51.764  7673  7673 I content_query_sample: [content://com.google.settings/partner,value,name=?,,5,com.facebook.katana,2]
02-03 22:39:51.804  7673  7673 I am_on_resume_called: [0,com.facebook.maps.GoogleEmbeddableMapActivity]
02-03 22:39:51.834  7673  7673 I am_on_resume_called: [0,com.facebook.katana.activity.places.SelectAtTagActivity]
02-03 22:39:52.044   370   662 I am_activity_launch_time: [0,1134381424,com.facebook.katana/.activity.places.SelectAtTagActivity,588,1032]
02-03 22:39:52.064  7673  7673 I binder_sample: [com.android.internal.view.IInputMethodManager,13,58,com.facebook.katana,11]
02-03 22:39:52.194   370  1147 I power_partial_wake_state: [0,ActivityManager-Launch]
02-03 22:39:52.194   370   385 I power_partial_wake_state: [1,NetworkLocationLocator]
02-03 22:39:52.204   370  1070 I notification_cancel: [com.android.systemui,252119,NULL,-1,0,64]
02-03 22:39:52.404  1043  1043 I binder_sample: [com.android.internal.telephony.ITelephonyRegistry,4,100,com.android.phone,20]
02-03 22:39:52.564   370  1041 I am_destroy_service: [0,1142086920,7673]
02-03 22:39:53.075   370  1763 I notification_enqueue: [com.android.systemui,252119,NULL,-1,Notification(pri=1 icon=7f02011c contentView=com.android.systemui/0x10900b4 vibrate=null sound=null defaults=0x0 flags=0x2 when=1391485193083 ledARGB=0x0 contentIntent=Y deleteIntent=N contentTitle=Searching using GPS contentText=N tickerText=N kind=[null])]
02-03 22:39:53.145   370  1008 I power_partial_wake_state: [0,GpsLocationProvider]
02-03 22:39:53.475  7673  7812 I content_query_sample: [content://com.facebook.katana.properties/properties/com.facebook.analytics.db.AnalyticsDatabaseSupplier/analytics_db_properties,value,key=?,,1,com.facebook.katana,1]
02-03 22:39:53.946   370   392 I power_partial_wake_state: [1,RILJ]
02-03 22:39:54.526  7673  8587 I content_query_sample: [content://com.facebook.katana.provider.PhotosProvider/photos,aid/pid/caption/position,pid IN('100004638540466_1073742432','100004638540466_1376'),,95,com.facebook.katana,20]
02-03 22:39:54.787   370  1862 I power_partial_wake_state: [0,RILJ]
02-03 22:39:54.807   370  1102 I notification_cancel: [com.android.systemui,273,NULL,0,0,64]
02-03 22:39:54.837   370   767 I connectivity_state_changed: [3,3,8]
02-03 22:39:54.857   370   370 I notification_cancel: [com.android.systemui,273,NULL,0,0,64]
02-03 22:39:55.167   370   741 I power_partial_wake_state: [1,NetworkStats]
02-03 22:39:55.237   370   741 I netstats_mobile_sample: [725,7,628,8,725,7,558,8,725,7,626,9,1391485196183]
02-03 22:39:55.247   370   741 I netstats_wifi_sample: [1857545,4381,864953,3055,1576547,2996,809935,3054,1576547,2996,809935,3054,1391485196183]
02-03 22:39:55.247   370   741 I power_partial_wake_state: [0,NetworkStats]
02-03 22:39:55.247   370   741 I power_partial_wake_state: [1,NetworkStats]
02-03 22:39:55.297   370   741 I netstats_mobile_sample: [725,7,628,8,725,7,558,8,725,7,626,9,1391485196245]
02-03 22:39:55.307   370   741 I netstats_wifi_sample: [1857981,4383,864953,3055,1576547,2996,809935,3054,1576547,2996,809935,3054,1391485196245]
02-03 22:39:55.327   370   741 I power_partial_wake_state: [0,NetworkStats]
02-03 22:39:55.728   370  1008 I power_partial_wake_state: [1,GpsLocationProvider]
02-03 22:39:55.758   370  1070 I notification_cancel: [com.android.systemui,273,NULL,0,0,64]
02-03 22:39:55.798  7673  7673 I binder_sample: [android.app.IActivityManager,1002,104,com.facebook.katana,20]
02-03 22:39:55.808   370  1102 I notification_cancel: [com.android.systemui,273,NULL,0,0,64]
02-03 22:39:56.459   370  1763 I am_create_service: [0,1133815568,com.samsung.SMT/.UpdateManager,3173]
02-03 22:39:56.489  1110  1110 I binder_sample: [android.net.IConnectivityManager,3,41,com.tmobile.pr.mytmobile,8]
02-03 22:39:56.589   370  1763 I am_destroy_service: [0,1133815568,3173]
02-03 22:39:56.649  8365  8365 I binder_sample: [android.net.IConnectivityManager,3,214,com.google.android.youtube,42]
02-03 22:39:56.659  7719  7719 I binder_sample: [android.net.IConnectivityManager,13,255,com.facebook.katana:dash,51]
02-03 22:39:56.659  7739  7739 I binder_sample: [android.net.IConnectivityManager,13,254,com.facebook.katana:providers,50]
02-03 22:39:56.729  3173  3173 I binder_sample: [android.app.IActivityManager,61,129,com.samsung.SMT,25]
02-03 22:39:56.759   370   790 I power_partial_wake_state: [1,SyncLoopWakeLock]
02-03 22:39:56.779   370  1862 I power_partial_wake_state: [1,Checkin Handoff]
02-03 22:39:56.789  1083  1083 I binder_sample: [android.os.IPowerManager,1,375,com.google.process.gapps,75]
02-03 22:39:56.789   370  1860 I am_create_service: [0,1137235448,com.google.android.gsf/.checkin.CheckinService,1083]
02-03 22:39:56.819   370  1102 I power_partial_wake_state: [1,Checkin Service]
02-03 22:39:56.819   370   392 I power_partial_wake_state: [0,Checkin Handoff]
02-03 22:39:56.919   370  1070 I am_create_service: [0,1136963320,com.google.android.apps.uploader/com.google.android.picasasync.ConnectivityReceiver$AsyncService,8245]
02-03 22:39:57.019   370  1186 I am_destroy_service: [0,1136963320,8245]
02-03 22:39:57.179   370  1008 I power_partial_wake_state: [0,GpsLocationProvider]
02-03 22:39:57.309   370  1858 I am_destroy_service: [0,1137235448,1083]
02-03 22:39:57.309   370  1147 I power_partial_wake_state: [0,Checkin Service]
02-03 22:39:57.440   370  1862 I power_partial_wake_state: [0,NetworkLocationLocator]
02-03 22:39:57.450   370  1008 I power_partial_wake_state: [1,LocationManagerService]
02-03 22:39:57.470   370   790 I power_partial_wake_state: [0,SyncLoopWakeLock]
02-03 22:39:57.510   370  1008 I power_partial_wake_state: [1,LocationManagerService]
02-03 22:39:57.510   370  1008 I power_partial_wake_state: [1,LocationManagerService]
02-03 22:39:57.510   370   660 I power_partial_wake_state: [0,LocationManagerService]
02-03 22:39:57.510   370  1860 I power_partial_wake_state: [0,LocationManagerService]
02-03 22:39:57.550   370  1008 I power_partial_wake_state: [1,LocationManagerService]
02-03 22:39:57.580   370  1008 I power_partial_wake_state: [1,LocationManagerService]
02-03 22:39:57.600   370  1008 I power_partial_wake_state: [1,LocationManagerService]
02-03 22:39:57.600   370  1008 I power_partial_wake_state: [1,LocationManagerService]
02-03 22:39:57.610   370  1102 I power_partial_wake_state: [0,LocationManagerService]
02-03 22:39:57.610   370  1102 I power_partial_wake_state: [1,GpsLocationProvider]
02-03 22:39:57.620   370  1069 I power_partial_wake_state: [0,LocationManagerService]
02-03 22:39:57.620   370  1860 I power_partial_wake_state: [0,LocationManagerService]
02-03 22:39:57.630   370  1147 I power_partial_wake_state: [1,NetworkLocationLocator]
02-03 22:39:57.720   370  1008 I power_partial_wake_state: [1,LocationManagerService]
02-03 22:39:57.730   370  1008 I power_partial_wake_state: [1,LocationManagerService]
02-03 22:39:57.730   370  1856 I power_partial_wake_state: [0,LocationManagerService]
02-03 22:39:57.730   370  1861 I power_partial_wake_state: [0,LocationManagerService]
02-03 22:39:57.740   370  1008 I power_partial_wake_state: [0,GpsLocationProvider]
02-03 22:39:57.740   370  1008 I power_partial_wake_state: [0,LocationManagerService]
02-03 22:39:57.770   370   914 I power_partial_wake_state: [0,LocationManagerService]
02-03 22:39:58.080  8264  8264 I binder_sample: [android.app.IActivityManager,16,78,com.samsung.music,15]
02-03 22:39:58.140   370  1763 I am_create_service: [0,1137135760,com.android.providers.downloads/.DownloadService,1321]
02-03 22:39:58.170   370  1187 I notification_cancel_all: [com.android.providers.downloads,0,0,64]
02-03 22:39:58.270   370  1069 I am_create_service: [0,1137092024,com.google.android.youtube/com.google.android.apps.youtube.app.prefetch.PrefetchService,8365]
02-03 22:39:58.300   370   914 I am_destroy_service: [0,1137092024,8365]
02-03 22:39:58.361   370  1856 I am_create_service: [0,1136863552,com.tmobile.pr.mytmobile/.wifimetrics.service.WifiMetricsService,1110]
02-03 22:39:58.421   370  1069 I am_destroy_service: [0,1136863552,1110]
02-03 22:39:58.431  8264  8264 I binder_sample: [android.app.IActivityManager,110,350,com.samsung.music,70]
02-03 22:39:58.431  3225  3225 I binder_sample: [android.app.IActivityManager,16,495,com.policydm,99]
02-03 22:39:58.441  1321  8615 I force_gc: Binder
02-03 22:39:58.631   370  1861 I am_create_service: [0,1131458152,com.sec.spp.push/.monitor.SystemStateMonitorService,3963]
02-03 22:39:58.691   370  1187 I power_partial_wake_state: [1,PushClient SystemStateMonitorService]
02-03 22:39:58.691   370  1102 I am_destroy_service: [0,1131458152,3963]
02-03 22:39:58.761   370  1763 I notification_cancel: [com.android.systemui,273,NULL,0,0,64]
02-03 22:39:58.841   370  1856 I power_partial_wake_state: [1,Checkin Handoff]
02-03 22:39:58.851   370  1102 I am_create_service: [0,1134726168,com.google.android.gsf/.checkin.CheckinService,1083]
02-03 22:39:58.861   370  1041 I power_partial_wake_state: [1,Checkin Service]
02-03 22:39:58.871   370  1862 I power_partial_wake_state: [0,Checkin Handoff]
02-03 22:39:58.921   370   385 I am_create_service: [0,1142480384,com.google.android.apps.uploader/com.google.android.picasasync.ConnectivityReceiver$AsyncService,8245]
02-03 22:39:58.961   370  1861 I am_destroy_service: [0,1142480384,8245]
02-03 22:39:59.121   370  1862 I am_destroy_service: [0,1134726168,1083]
02-03 22:39:59.121   370   392 I power_partial_wake_state: [0,Checkin Service]
02-03 22:39:59.612  7719  7719 I binder_sample: [android.app.IActivityManager,69,5,com.facebook.katana:dash,1]
02-03 22:39:59.752  7171  7171 I content_query_sample: [content://com.msc.contentprovider.provider.samsungServiceProvider/samsungaccounts,_id/UserID/UserAuthToken/EmailID/UserPassword/BirthDate/Mcc/CountryCode/AccessToken,,,20,com.osp.app.signin,5]
02-03 22:39:59.912   370  1858 I am_create_service: [0,1119391976,com.sec.android.providers.downloads/.SecDownloadService,1321]
02-03 22:39:59.932   370  1860 I notification_cancel_all: [com.sec.android.providers.downloads,0,0,64]
02-03 22:39:59.952  1321  1321 I content_query_sample: [content://sisodownloads/sisodownloads,_id/title/description/notificationpackage/notificationclass/current_bytes/total_bytes/status/_data,(status >= '100') AND (status <= '199') AND (visibility IS NULL OR visibility == '0' OR visibility == '1'),_id,24,com.android.providers.media,5]
02-03 22:39:59.982   370   701 I power_partial_wake_state: [1,AlarmManager]
02-03 22:39:59.992  1321  1321 I content_query_sample: [content://sisodownloads/sisodownloads,_id/title/description/notificationpackage/notificationclass/current_bytes/total_bytes/status/_data/lastmod/destination/storagetype,(status >= '200') AND (visibility == '1') AND (state ==  '10' OR state ==  '9'),_id,12,com.android.providers.media,3]
02-03 22:40:00.273  1321  1321 I binder_sample: [android.app.IActivityManager,61,251,android.process.media,50]
02-03 22:40:00.343   370  1187 I power_partial_wake_state: [0,NetworkLocationLocator]
02-03 22:40:00.393   370  1862 I am_create_service: [0,1139088952,com.google.android.youtube/com.google.android.apps.youtube.app.prefetch.PrefetchService,8365]
02-03 22:40:00.463  7673  8613 I content_query_sample: [content://com.facebook.katana.provider.PhotosProvider/photos,aid/pid/caption/position,pid IN(),,1032,com.facebook.katana,100]
02-03 22:40:00.503   370  1861 I am_destroy_service: [0,1139088952,8365]
02-03 22:40:00.573   370  1008 I power_partial_wake_state: [1,LocationManagerService]
02-03 22:40:00.583   370   914 I am_create_service: [0,1142201072,com.tmobile.pr.mytmobile/.wifimetrics.service.WifiMetricsService,1110]
02-03 22:40:00.633   370  1069 I am_destroy_service: [0,1142201072,1110]
02-03 22:40:00.693  1321  8615 I content_query_sample: [content://downloads/all_downloads,,,,2526,com.android.providers.media,100]
02-03 22:40:00.693  7673  7673 I binder_sample: [android.app.IActivityManager,1002,12,com.facebook.katana,2]
02-03 22:40:00.713   370  1008 I power_partial_wake_state: [1,LocationManagerService]
02-03 22:40:00.733   370  1008 I power_partial_wake_state: [1,LocationManagerService]
02-03 22:40:00.733   370   660 I power_partial_wake_state: [0,LocationManagerService]
02-03 22:40:00.733   370  1147 I power_partial_wake_state: [0,LocationManagerService]
02-03 22:40:00.733   370  1008 I power_partial_wake_state: [1,LocationManagerService]
02-03 22:40:00.793   370  1008 I power_partial_wake_state: [1,LocationManagerService]
02-03 22:40:00.803   370  1147 I am_create_service: [0,1137060592,com.sec.spp.push/.monitor.SystemStateMonitorService,3963]
02-03 22:40:00.813   370  1860 I notification_cancel: [com.android.systemui,273,NULL,0,0,64]
02-03 22:40:00.863   370  1008 I power_partial_wake_state: [1,LocationManagerService]
02-03 22:40:00.873   370  1008 I power_partial_wake_state: [1,LocationManagerService]
02-03 22:40:00.883   370   392 I am_destroy_service: [0,1119391976,1321]
02-03 22:40:00.893   370  1763 I power_partial_wake_state: [0,LocationManagerService]
02-03 22:40:00.893   370   370 I power_partial_wake_state: [0,LocationManagerService]
02-03 22:40:00.893   370  1862 I power_partial_wake_state: [0,LocationManagerService]
02-03 22:40:00.923   370  1858 I am_destroy_service: [0,1137060592,3963]
02-03 22:40:00.943   370  1856 I am_create_service: [0,1133512856,com.mobitv.client.tmobiletvhd/.UpdateService,4291]
02-03 22:40:00.943  4291  4291 I binder_sample: [android.app.IActivityManager,34,7,com.mobitv.client.tmobiletvhd:com.mobit,1]
02-03 22:40:00.983   370  1069 I am_create_service: [0,1142334808,com.tmobile.pr.mytmobile/.wifimetrics.service.WifiMetricsService,1110]
02-03 22:40:01.164   370  1008 I power_partial_wake_state: [1,LocationManagerService]
02-03 22:40:01.324   370  1102 I am_destroy_service: [0,1137135760,1321]
02-03 22:40:01.324   370  1008 I power_partial_wake_state: [1,LocationManagerService]
02-03 22:40:01.354   370  1861 I power_partial_wake_state: [0,LocationManagerService]
02-03 22:40:01.354  7673  7673 I binder_sample: [android.location.ILocationManager,28,434,com.facebook.katana,86]
02-03 22:40:01.354   370  1187 I power_partial_wake_state: [0,LocationManagerService]
02-03 22:40:01.374   370  1008 I power_partial_wake_state: [0,LocationManagerService]
02-03 22:40:01.424   370  1763 I power_partial_wake_state: [0,LocationManagerService]
02-03 22:40:01.554  7673  8613 I content_query_sample: [content://com.facebook.katana.provider.PhotosProvider/albums/owner/100004638540466,aid/modified/cover_url,,,224,com.facebook.katana,45]
02-03 22:40:01.624  2176  2176 I binder_sample: [android.app.IActivityManager,16,69,com.sec.android.widgetapp.alarmclock,13]
02-03 22:40:01.854   370  1070 I am_destroy_service: [0,1139512872,8043]
02-03 22:40:02.055   370   660 I power_partial_wake_state: [0,AlarmManager]
02-03 22:40:02.095   370  1862 I am_destroy_service: [0,1133512856,4291]
02-03 22:40:02.375  8043  8043 I binder_sample: [android.app.IActivityManager,110,27,com.sec.android.inputmethod:ACService,5]
02-03 22:40:02.685   370  1860 I am_destroy_service: [0,1142454824,7673]
02-03 22:40:02.695   370   914 I power_partial_wake_state: [0,PushClient SystemStateMonitorService]
02-03 22:40:02.725   370  1856 I am_destroy_service: [0,1142334808,1110]
02-03 22:40:08.571   370   701 I power_partial_wake_state: [1,AlarmManager]
02-03 22:40:08.581   370   660 I power_partial_wake_state: [1,DHCP]
02-03 22:40:08.611   370   660 I power_partial_wake_state: [0,AlarmManager]
02-03 22:40:09.132   370  2052 I power_partial_wake_state: [0,DHCP]
02-03 22:40:10.263   370   669 I power_partial_wake_state: [1,TimaService]
02-03 22:40:10.283   370   669 I power_partial_wake_state: [0,TimaService]
02-03 22:40:15.098  1043  1043 I binder_sample: [com.android.internal.telephony.ITelephonyRegistry,4,30,com.android.phone,6]
02-03 22:40:17.671   370   701 I power_partial_wake_state: [1,AlarmManager]
02-03 22:40:17.691   370  1070 I power_partial_wake_state: [1,NetworkLocationCallbackRunner]
02-03 22:40:17.691   370   660 I power_partial_wake_state: [0,AlarmManager]
02-03 22:40:17.701   370   385 I power_partial_wake_state: [1,NetworkLocationLocator]
02-03 22:40:17.751   370  1856 I power_partial_wake_state: [0,NetworkLocationCallbackRunner]
02-03 22:40:18.192   370   670 I battery_level: [100,4283,338]
02-03 22:40:21.565  1620  1620 I binder_sample: [android.net.wifi.IWifiManager,12,10,sys.Manager,2]
02-03 22:40:21.585   370   392 I am_create_service: [0,1142237640,com.tmobile.pr.mytmobile/.wifimetrics.service.WifiMetricsService,1110]
02-03 22:40:21.976   370  1147 I power_partial_wake_state: [0,NetworkLocationLocator]
02-03 22:40:22.016   370  1008 I power_partial_wake_state: [1,LocationManagerService]
02-03 22:40:22.026   370  1008 I power_partial_wake_state: [1,LocationManagerService]
02-03 22:40:22.026   370  1008 I power_partial_wake_state: [1,LocationManagerService]
02-03 22:40:22.026   370   660 I power_partial_wake_state: [0,LocationManagerService]
02-03 22:40:22.046   370  1008 I power_partial_wake_state: [1,LocationManagerService]
02-03 22:40:22.056   370  1008 I power_partial_wake_state: [1,LocationManagerService]
02-03 22:40:22.056   370  1008 I power_partial_wake_state: [1,LocationManagerService]
02-03 22:40:22.056   370  1008 I power_partial_wake_state: [1,LocationManagerService]
02-03 22:40:22.056   370  1858 I power_partial_wake_state: [0,LocationManagerService]
02-03 22:40:22.056   370  1187 I power_partial_wake_state: [0,LocationManagerService]
02-03 22:40:22.056   370  1070 I power_partial_wake_state: [0,LocationManagerService]
02-03 22:40:22.066   370   392 I power_partial_wake_state: [0,LocationManagerService]
02-03 22:40:22.066   370  1186 I power_partial_wake_state: [0,LocationManagerService]
02-03 22:40:22.136   370  1861 I am_destroy_service: [0,1142237640,1110]
02-03 22:40:22.176   370  1008 I power_partial_wake_state: [1,LocationManagerService]
02-03 22:40:22.216   370  1008 I power_partial_wake_state: [1,LocationManagerService]
02-03 22:40:22.216   370  1008 I power_partial_wake_state: [1,LocationManagerService]
02-03 22:40:22.216   370  1856 I power_partial_wake_state: [0,LocationManagerService]
02-03 22:40:22.216   370  1862 I power_partial_wake_state: [0,LocationManagerService]
02-03 22:40:22.216   370  1008 I power_partial_wake_state: [0,LocationManagerService]
02-03 22:40:22.246   370  1860 I power_partial_wake_state: [0,LocationManagerService]
02-03 22:40:23.838   370  1069 I am_destroy_service: [0,1139620320,7673]
02-03 22:40:37.713   370   701 I power_partial_wake_state: [1,AlarmManager]
02-03 22:40:37.723   370   370 I power_partial_wake_state: [1,NetworkLocationCallbackRunner]
02-03 22:40:37.743   370   660 I power_partial_wake_state: [0,AlarmManager]
02-03 22:40:37.753   370   392 I power_partial_wake_state: [1,NetworkLocationLocator]
02-03 22:40:37.793   370   385 I power_partial_wake_state: [0,NetworkLocationCallbackRunner]
02-03 22:40:39.014   370   701 I power_partial_wake_state: [1,AlarmManager]
02-03 22:40:39.044   370   660 I power_partial_wake_state: [0,AlarmManager]
02-03 22:40:40.045   370   701 I power_partial_wake_state: [1,AlarmManager]
02-03 22:40:40.055   370   660 I power_partial_wake_state: [0,AlarmManager]
02-03 22:40:40.235   370   370 I am_create_service: [0,1130680304,com.facebook.katana/com.facebook.analytics.service.AnalyticsService,7673]
02-03 22:40:40.696   370   701 I power_partial_wake_state: [1,AlarmManager]
02-03 22:40:40.706   370   660 I power_partial_wake_state: [0,AlarmManager]
02-03 22:40:41.627   370  1860 I am_create_service: [0,1132992912,com.tmobile.pr.mytmobile/.wifimetrics.service.WifiMetricsService,1110]
02-03 22:40:41.627   370  1860 I power_partial_wake_state: [1,com.carrieriq.tmobile.Wakelock]
02-03 22:40:42.047   370  1041 I power_partial_wake_state: [0,NetworkLocationLocator]
02-03 22:40:42.227   370  1008 I power_partial_wake_state: [1,LocationManagerService]
02-03 22:40:42.297   370  1008 I power_partial_wake_state: [1,LocationManagerService]
02-03 22:40:42.307   370  1008 I power_partial_wake_state: [1,LocationManagerService]
02-03 22:40:42.307   370   660 I power_partial_wake_state: [0,LocationManagerService]
02-03 22:40:42.307   370  1008 I power_partial_wake_state: [1,LocationManagerService]
02-03 22:40:42.337   370  1862 I am_destroy_service: [0,1132992912,1110]
02-03 22:40:42.337   370  1008 I power_partial_wake_state: [1,LocationManagerService]
02-03 22:40:42.337   370  1008 I power_partial_wake_state: [1,LocationManagerService]
02-03 22:40:42.347   370  1008 I power_partial_wake_state: [1,LocationManagerService]
02-03 22:40:42.347   370  1147 I power_partial_wake_state: [0,LocationManagerService]
02-03 22:40:42.347   370  1858 I power_partial_wake_state: [0,LocationManagerService]
02-03 22:40:42.347   370  1070 I power_partial_wake_state: [0,LocationManagerService]
02-03 22:40:42.347   370   392 I power_partial_wake_state: [0,LocationManagerService]
02-03 22:40:42.358   370  1763 I power_partial_wake_state: [0,LocationManagerService]
02-03 22:40:42.358   370  1008 I power_partial_wake_state: [1,LocationManagerService]
02-03 22:40:42.378   370  1008 I power_partial_wake_state: [1,LocationManagerService]
02-03 22:40:42.388   370  1008 I power_partial_wake_state: [1,LocationManagerService]
02-03 22:40:42.388   370  1187 I power_partial_wake_state: [0,LocationManagerService]
02-03 22:40:42.388   370  1102 I power_partial_wake_state: [0,LocationManagerService]
02-03 22:40:42.388   370  1008 I power_partial_wake_state: [0,LocationManagerService]
02-03 22:40:42.418   370  1041 I power_partial_wake_state: [0,LocationManagerService]
02-03 22:40:43.639   370  1147 I power_partial_wake_state: [0,com.carrieriq.tmobile.Wakelock]
02-03 22:40:57.193  7673  7673 I binder_sample: [android.app.IActivityManager,1002,6,com.facebook.katana,1]
02-03 22:40:57.774   370   701 I power_partial_wake_state: [1,AlarmManager]
02-03 22:40:57.784   370  1858 I power_partial_wake_state: [1,NetworkLocationCallbackRunner]
02-03 22:40:57.784   370   660 I power_partial_wake_state: [0,AlarmManager]
02-03 22:40:57.794   370  1147 I power_partial_wake_state: [1,NetworkLocationLocator]
02-03 22:40:57.814   370  1187 I power_partial_wake_state: [0,NetworkLocationCallbackRunner]
02-03 22:40:59.986   370   701 I power_partial_wake_state: [1,AlarmManager]
02-03 22:41:00.377   370  1858 I am_finish_activity: [0,1134381424,6,com.facebook.katana/.activity.places.SelectAtTagActivity,app-request]
02-03 22:41:00.577   370  1858 I am_pause_activity: [0,1134381424,com.facebook.katana/.activity.places.SelectAtTagActivity]
02-03 22:41:00.587   370  1858 I power_partial_wake_state: [1,ActivityManager-Launch]
02-03 22:41:00.637   370   660 I power_partial_wake_state: [0,AlarmManager]
02-03 22:41:00.657   370  1069 I power_partial_wake_state: [1,GpsLocationProvider]
02-03 22:41:00.667  7673  7673 I am_on_paused_called: [0,com.facebook.maps.GoogleEmbeddableMapActivity]
02-03 22:41:00.697  7673  7673 I am_on_paused_called: [0,com.facebook.katana.activity.places.SelectAtTagActivity]
02-03 22:41:00.727   370  1186 I am_resume_activity: [0,1132918872,6,com.facebook.katana/.activity.composer.ComposerActivity]
02-03 22:41:00.777   370  1069 I am_finish_activity: [0,1132918872,6,com.facebook.katana/.activity.composer.ComposerActivity,app-request]
02-03 22:41:00.787   370  1069 I am_pause_activity: [0,1132918872,com.facebook.katana/.activity.composer.ComposerActivity]
02-03 22:41:00.787   370  1069 I power_partial_wake_state: [1,ActivityManager-Launch]
02-03 22:41:00.807   370  1070 I am_resume_activity: [0,1144229728,6,com.facebook.katana/.activity.FbFragmentChromeActivity]
02-03 22:41:00.857   370   370 I am_create_service: [0,1143840496,com.facebook.katana/com.facebook.videoads.scheduler.VideoAdsFetchService,7673]
02-03 22:41:00.887   370   744 I wifi_supplicant_state_changed: 6
02-03 22:41:00.897  7673  7673 I am_on_resume_called: [0,com.facebook.katana.activity.FbFragmentChromeActivity]
02-03 22:41:01.047   370   744 I wifi_supplicant_state_changed: 7
02-03 22:41:01.047   370  1862 I power_partial_wake_state: [1,com.carrieriq.tmobile.Wakelock]
02-03 22:41:01.168   370   744 I wifi_supplicant_state_changed: 9
02-03 22:41:01.208   370   744 I wifi_supplicant_state_changed: 8
02-03 22:41:01.238   370  1763 I am_destroy_service: [0,1143840496,7673]
02-03 22:41:01.278   370   744 I wifi_supplicant_state_changed: 9
02-03 22:41:01.588   370   385 I power_partial_wake_state: [0,ActivityManager-Launch]
02-03 22:41:01.618   370   385 I am_destroy_activity: [0,1134381424,6,com.facebook.katana/.activity.places.SelectAtTagActivity,finish-imm]
02-03 22:41:01.618   370   385 I am_destroy_activity: [0,1132918872,6,com.facebook.katana/.activity.composer.ComposerActivity,finish-idle]
02-03 22:41:01.728   370  1861 I am_create_service: [0,1142152168,com.tmobile.pr.mytmobile/.wifimetrics.service.WifiMetricsService,1110]
02-03 22:41:01.758  2176  2176 I binder_sample: [android.app.IActivityManager,69,1481,com.sec.android.widgetapp.alarmclock,100]
02-03 22:41:01.928   370   392 I power_partial_wake_state: [0,NetworkLocationLocator]
02-03 22:41:01.948   370  1858 I power_partial_wake_state: [1,NetworkLocationLocator]
02-03 22:41:02.018   370  1008 I power_partial_wake_state: [0,GpsLocationProvider]
02-03 22:41:02.079   370  1069 I notification_cancel: [com.android.systemui,252119,NULL,-1,0,64]
02-03 22:41:02.169   370  1008 I power_partial_wake_state: [1,LocationManagerService]
02-03 22:41:02.199   370   660 I power_partial_wake_state: [0,LocationManagerService]
02-03 22:41:02.199   370  1008 I power_partial_wake_state: [1,LocationManagerService]
02-03 22:41:02.209   370  1008 I power_partial_wake_state: [1,LocationManagerService]
02-03 22:41:02.239   370  1008 I power_partial_wake_state: [1,LocationManagerService]
02-03 22:41:02.269   370  1008 I power_partial_wake_state: [1,LocationManagerService]
02-03 22:41:02.269   370  1862 I power_partial_wake_state: [0,LocationManagerService]
02-03 22:41:02.269   370  1102 I power_partial_wake_state: [0,LocationManagerService]
02-03 22:41:02.269   370  1861 I power_partial_wake_state: [0,LocationManagerService]
02-03 22:41:02.279   370  1008 I power_partial_wake_state: [1,LocationManagerService]
02-03 22:41:02.279   370  1008 I power_partial_wake_state: [1,LocationManagerService]
02-03 22:41:02.279   370  1008 I power_partial_wake_state: [1,LocationManagerService]
02-03 22:41:02.279   370  1070 I power_partial_wake_state: [0,LocationManagerService]
02-03 22:41:02.289   370  1763 I power_partial_wake_state: [0,LocationManagerService]
02-03 22:41:02.289   370   370 I power_partial_wake_state: [0,LocationManagerService]
02-03 22:41:02.289   370  1008 I power_partial_wake_state: [0,LocationManagerService]
02-03 22:41:02.409   370  1856 I am_destroy_service: [0,1142152168,1110]
02-03 22:41:02.439   370   914 I am_finish_activity: [0,1144229728,6,com.facebook.katana/.activity.FbFragmentChromeActivity,app-request]
02-03 22:41:02.609   370   914 I am_pause_activity: [0,1144229728,com.facebook.katana/.activity.FbFragmentChromeActivity]
02-03 22:41:02.609   370   914 I power_partial_wake_state: [1,ActivityManager-Launch]
02-03 22:41:02.629  7673  7673 I am_on_paused_called: [0,com.facebook.katana.activity.FbFragmentChromeActivity]
02-03 22:41:02.669   370  1070 I am_resume_activity: [0,1110948272,5,edu.umich.robustnet.appcontroller/.ControlActivity]
02-03 22:41:02.769   370   663 I am_proc_start: [0,8669,10049,com.sec.android.app.FlashBarService,broadcast,com.sec.android.app.FlashBarService/.CenterBarDisplayReceiver]
02-03 22:41:02.779  7137  7137 I am_on_resume_called: [0,edu.umich.robustnet.appcontroller.ControlActivity]
02-03 22:41:02.899   370   385 I power_partial_wake_state: [0,ActivityManager-Launch]
02-03 22:41:02.909   370   385 I am_destroy_activity: [0,1144229728,6,com.facebook.katana/.activity.FbFragmentChromeActivity,finish-imm]
02-03 22:41:02.929  1656  1656 I binder_sample: [android.content.pm.IPackageManager,37,257,com.samsung.android.providers.context,51]
02-03 22:41:03.320  1656  1656 I content_update_sample: [content://com.samsung.android.providers.context/app_usage/recent,insert,,280,com.samsung.android.providers.context,57]
02-03 22:41:03.350   370   670 I battery_level: [100,4287,329]
02-03 22:41:03.430   370  1858 I am_proc_bound: [0,8669,com.sec.android.app.FlashBarService]
02-03 22:41:03.730   370  1862 I am_kill : [0,7327,com.sec.android.app.FileShareServer,15,too many background]
02-03 22:41:03.840   370  1861 I am_proc_died: [0,7327,com.sec.android.app.FileShareServer,15]
