02-03 22:37:22.534   141   269 E RILD    : IsConsideredRegistered: Cache hit 1
02-03 22:37:22.534   141   269 E RILD    : need sig info-1, need err rate-0
02-03 22:37:22.534   141   269 E RILD    : Request for Signal Info
02-03 22:37:22.534   141   269 E RILD    : SendMessage: svc(NAS), msg(0x4F:QMI_NAS_GET_SIG_INFO), sync(1), internal(1), size(0)
02-03 22:37:22.534   241   241 D RIL-QMI : qmuxd: RX 47 bytes on fd=25 from qmux_client_id=1
02-03 22:37:22.534   241   241 E RIL-RAWDATA: 01 0C 00 00 03 01 00 6B 00 4F 00 00 00 
02-03 22:37:22.534   241   241 D RIL-QMI : [SMDPORT] >> BEFORE, Write SMD Port [fd = 11] [msg_len = 13]
02-03 22:37:22.534   241   241 D RIL-QMI : [SMDPORT] << AFTER, Write SMD Port [rc = 0]
02-03 22:37:22.534   241   672 E RIL-RAWDATA: 01 1E 00 80 03 01 02 6B 00 4F 00 12 00 02 04 00 00 00 00 00 13 03 00 A6 08 00 20 02 00 03 00 
02-03 22:37:22.534   241   672 D RIL-QMI : qmuxd: TX message on fd=25, to clientID = 1, len=65
02-03 22:37:22.534   141   269 E RILD    : ReceiveMessage: svc(NAS), msg(0x4F:QMI_NAS_GET_SIG_INFO), indi(0), size(68), err(0)
02-03 22:37:22.534   141   269 E RILD    : Result(0), Error(0)
02-03 22:37:22.534   141   269 E RILD    : Signal Strength: [3, 12, 255, -1, -1, -1, -1, -1, -1, -1, -1, 2147483647, -1, 2147483647]
02-03 22:37:22.534   141   802 E RILD    : GLNET-MGR: evt(201)
02-03 22:37:22.534   141   802 E RILD    : NET-MGR: EVENT_NETWORK_SIGNAL_STRENGTH
02-03 22:37:22.534   141   802 E RILD    : OnNetworkSignalStrength() - mSignalBar: 3
02-03 22:37:22.534  1043  1230 W SignalStrength: Size of signalstrength parcel:60
02-03 22:37:22.534  1043  1043 W SignalStrength: Signal before validate=SignalStrength: 780 255 -1 -1 -1 -1 -1 -1 -1 -1 2147483647 -1 2147483647 gsm|lte 0x0
02-03 22:37:22.544  1043  1043 W SignalStrength: Signal after validate=SignalStrength: 780 255 -120 -160 -120 -1 -1 99 2147483647 2147483647 2147483647 -1 2147483647 gsm|lte 0x0
02-03 22:37:22.544  1043  1043 W SignalStrength: initialize: SignalStrength: 12 -1 -1 -1 -1 -1 -1 99 2147483647 2147483647 2147483647 -1 2147483647 gsm|lte 0x3
02-03 22:37:22.544   370  1186 W SignalStrength: Size of signalstrength parcel:172
02-03 22:37:22.544  1620  1671 W SignalStrength: Size of signalstrength parcel:176
02-03 22:37:22.544  1620  1671 W SignalStrength: Size of signalstrength parcel:176
02-03 22:37:22.544  1620  1671 W SignalStrength: Size of signalstrength parcel:176
02-03 22:37:22.554   933   952 W SignalStrength: Size of signalstrength parcel:176
02-03 22:37:22.554   933   933 W SignalStrength: getGsmLevel=3
02-03 22:37:22.554   933   933 W SignalStrength: getLevel=3 (SignalStrength: 12 -1 -1 -1 -1 -1 -1 99 2147483647 2147483647 2147483647 -1 2147483647 gsm|lte 0x3)
02-03 22:37:22.554  1338  1352 W SignalStrength: Size of signalstrength parcel:176
02-03 22:37:22.564  1010  1022 W SignalStrength: Size of signalstrength parcel:176
02-03 22:37:22.564  1010  1021 W SignalStrength: Size of signalstrength parcel:176
02-03 22:37:22.594   933   933 W SignalStrength: getGsmLevel=3
02-03 22:37:22.594   933   933 W SignalStrength: getLevel=3 (SignalStrength: 12 -1 -1 -1 -1 -1 -1 99 2147483647 2147483647 2147483647 -1 2147483647 gsm|lte 0x3)
02-03 22:37:22.604   370  1186 W SignalStrength: getGsmLevel=3
02-03 22:37:22.604  3225  3237 W SignalStrength: Size of signalstrength parcel:176
02-03 22:37:22.604   370  1186 W SignalStrength: getLevel=3 (SignalStrength: 12 -1 -1 -1 -1 -1 -1 99 2147483647 2147483647 2147483647 -1 2147483647 gsm|lte 0x3)
02-03 22:37:22.604  3504  3517 W SignalStrength: Size of signalstrength parcel:176
02-03 22:37:22.614  1043  1400 D GsmSST  : getCellLocation(): X good mCellLoc=[11292,39705431,-1]
02-03 22:37:23.515  1338  5111 W SignalStrength: getGsmLevel=3
02-03 22:37:23.515  1338  5111 W SignalStrength: getLevel=3 (SignalStrength: 12 -1 -1 -1 -1 -1 -1 99 2147483647 2147483647 2147483647 -1 2147483647 gsm|lte 0x3)
02-03 22:37:24.516  1338  5111 W SignalStrength: getGsmLevel=3
02-03 22:37:24.516  1338  5111 W SignalStrength: getLevel=3 (SignalStrength: 12 -1 -1 -1 -1 -1 -1 99 2147483647 2147483647 2147483647 -1 2147483647 gsm|lte 0x3)
02-03 22:37:25.107   241   672 E RIL-RAWDATA: 01 12 00 80 03 01 04 00 00 51 00 06 00 13 03 00 A5 08 00 
02-03 22:37:25.107   241   672 D RIL-QMI : qmuxd: TX message on fd=25, to clientID = 1, len=53
02-03 22:37:25.107   141   687 E RILD    : QmiUnsolicitedCallback: msgId(81)
02-03 22:37:25.107   141   269 E RILD    : ReceiveMessage: svc(NAS), msg(0x51:QMI_NAS_SIG_INFO_IND), indi(1), size(56), err(0)
02-03 22:37:25.107   141   269 E RILD    : IsConsideredRegistered: Cache hit 1
02-03 22:37:25.107   141   269 E RILD    : need sig info-1, need err rate-0
02-03 22:37:25.107   141   269 E RILD    : Request for Signal Info
02-03 22:37:25.107   141   269 E RILD    : SendMessage: svc(NAS), msg(0x4F:QMI_NAS_GET_SIG_INFO), sync(1), internal(1), size(0)
02-03 22:37:25.107   241   241 D RIL-QMI : qmuxd: RX 47 bytes on fd=25 from qmux_client_id=1
02-03 22:37:25.107   241   241 E RIL-RAWDATA: 01 0C 00 00 03 01 00 6C 00 4F 00 00 00 
02-03 22:37:25.107   241   241 D RIL-QMI : [SMDPORT] >> BEFORE, Write SMD Port [fd = 11] [msg_len = 13]
02-03 22:37:25.107   241   241 D RIL-QMI : [SMDPORT] << AFTER, Write SMD Port [rc = 0]
02-03 22:37:25.107   241   672 E RIL-RAWDATA: 01 1E 00 80 03 01 02 6C 00 4F 00 12 00 02 04 00 00 00 00 00 13 03 00 A5 08 00 20 02 00 03 00 
02-03 22:37:25.107   241   672 D RIL-QMI : qmuxd: TX message on fd=25, to clientID = 1, len=65
02-03 22:37:25.107   141   269 E RILD    : ReceiveMessage: svc(NAS), msg(0x4F:QMI_NAS_GET_SIG_INFO), indi(0), size(68), err(0)
02-03 22:37:25.107   141   269 E RILD    : Result(0), Error(0)
02-03 22:37:25.107   141   269 E RILD    : Signal Strength: [3, 11, 255, -1, -1, -1, -1, -1, -1, -1, -1, 2147483647, -1, 2147483647]
02-03 22:37:25.107   141   802 E RILD    : GLNET-MGR: evt(201)
02-03 22:37:25.107   141   802 E RILD    : NET-MGR: EVENT_NETWORK_SIGNAL_STRENGTH
02-03 22:37:25.107   141   802 E RILD    : OnNetworkSignalStrength() - mSignalBar: 3
02-03 22:37:25.107  1043  1230 W SignalStrength: Size of signalstrength parcel:60
02-03 22:37:25.107  1043  1043 W SignalStrength: Signal before validate=SignalStrength: 779 255 -1 -1 -1 -1 -1 -1 -1 -1 2147483647 -1 2147483647 gsm|lte 0x0
02-03 22:37:25.107  1043  1043 W SignalStrength: Signal after validate=SignalStrength: 779 255 -120 -160 -120 -1 -1 99 2147483647 2147483647 2147483647 -1 2147483647 gsm|lte 0x0
02-03 22:37:25.107  1043  1043 W SignalStrength: initialize: SignalStrength: 11 -1 -1 -1 -1 -1 -1 99 2147483647 2147483647 2147483647 -1 2147483647 gsm|lte 0x3
02-03 22:37:25.107   370  1860 W SignalStrength: Size of signalstrength parcel:172
02-03 22:37:25.117   933   955 W SignalStrength: Size of signalstrength parcel:176
02-03 22:37:25.117   933   933 W SignalStrength: getGsmLevel=3
02-03 22:37:25.117   933   933 W SignalStrength: getLevel=3 (SignalStrength: 11 -1 -1 -1 -1 -1 -1 99 2147483647 2147483647 2147483647 -1 2147483647 gsm|lte 0x3)
02-03 22:37:25.117  1620  2677 W SignalStrength: Size of signalstrength parcel:176
02-03 22:37:25.117  1620  2677 W SignalStrength: Size of signalstrength parcel:176
02-03 22:37:25.117  1620  2677 W SignalStrength: Size of signalstrength parcel:176
02-03 22:37:25.117  1338  1350 W SignalStrength: Size of signalstrength parcel:176
02-03 22:37:25.127  1010  1022 W SignalStrength: Size of signalstrength parcel:176
02-03 22:37:25.127  1010  1349 W SignalStrength: Size of signalstrength parcel:176
02-03 22:37:25.137   933   933 W SignalStrength: getGsmLevel=3
02-03 22:37:25.137   933   933 W SignalStrength: getLevel=3 (SignalStrength: 11 -1 -1 -1 -1 -1 -1 99 2147483647 2147483647 2147483647 -1 2147483647 gsm|lte 0x3)
02-03 22:37:25.147  3225  3239 W SignalStrength: Size of signalstrength parcel:176
02-03 22:37:25.147   370  1860 W SignalStrength: getGsmLevel=3
02-03 22:37:25.147   370  1860 W SignalStrength: getLevel=3 (SignalStrength: 11 -1 -1 -1 -1 -1 -1 99 2147483647 2147483647 2147483647 -1 2147483647 gsm|lte 0x3)
02-03 22:37:25.157  3504  3518 W SignalStrength: Size of signalstrength parcel:176
02-03 22:37:25.157  1043  1400 D GsmSST  : getCellLocation(): X good mCellLoc=[11292,39705431,-1]
02-03 22:37:25.517  1338  5111 W SignalStrength: getGsmLevel=3
02-03 22:37:25.517  1338  5111 W SignalStrength: getLevel=3 (SignalStrength: 11 -1 -1 -1 -1 -1 -1 99 2147483647 2147483647 2147483647 -1 2147483647 gsm|lte 0x3)
02-03 22:37:26.519  1338  5111 W SignalStrength: getGsmLevel=3
02-03 22:37:26.519  1338  5111 W SignalStrength: getLevel=3 (SignalStrength: 11 -1 -1 -1 -1 -1 -1 99 2147483647 2147483647 2147483647 -1 2147483647 gsm|lte 0x3)
02-03 22:37:27.540  1338  5111 W SignalStrength: getGsmLevel=3
02-03 22:37:27.540  1338  5111 W SignalStrength: getLevel=3 (SignalStrength: 11 -1 -1 -1 -1 -1 -1 99 2147483647 2147483647 2147483647 -1 2147483647 gsm|lte 0x3)
02-03 22:37:28.541  1338  5111 W SignalStrength: getGsmLevel=3
02-03 22:37:28.541  1338  5111 W SignalStrength: getLevel=3 (SignalStrength: 11 -1 -1 -1 -1 -1 -1 99 2147483647 2147483647 2147483647 -1 2147483647 gsm|lte 0x3)
02-03 22:37:29.542  1338  5111 W SignalStrength: getGsmLevel=3
02-03 22:37:29.542  1338  5111 W SignalStrength: getLevel=3 (SignalStrength: 11 -1 -1 -1 -1 -1 -1 99 2147483647 2147483647 2147483647 -1 2147483647 gsm|lte 0x3)
02-03 22:37:30.212   241   672 E RIL-RAWDATA: 01 12 00 80 03 01 04 00 00 51 00 06 00 13 03 00 A0 09 00 
02-03 22:37:30.212   241   672 D RIL-QMI : qmuxd: TX message on fd=25, to clientID = 1, len=53
02-03 22:37:30.212   141   687 E RILD    : QmiUnsolicitedCallback: msgId(81)
02-03 22:37:30.212   141   269 E RILD    : ReceiveMessage: svc(NAS), msg(0x51:QMI_NAS_SIG_INFO_IND), indi(1), size(56), err(0)
02-03 22:37:30.212   141   269 E RILD    : IsConsideredRegistered: Cache hit 1
02-03 22:37:30.212   141   269 E RILD    : need sig info-1, need err rate-0
02-03 22:37:30.212   141   269 E RILD    : Request for Signal Info
02-03 22:37:30.212   141   269 E RILD    : SendMessage: svc(NAS), msg(0x4F:QMI_NAS_GET_SIG_INFO), sync(1), internal(1), size(0)
02-03 22:37:30.222   241   241 D RIL-QMI : qmuxd: RX 47 bytes on fd=25 from qmux_client_id=1
02-03 22:37:30.222   241   241 E RIL-RAWDATA: 01 0C 00 00 03 01 00 6D 00 4F 00 00 00 
02-03 22:37:30.222   241   241 D RIL-QMI : [SMDPORT] >> BEFORE, Write SMD Port [fd = 11] [msg_len = 13]
02-03 22:37:30.222   241   241 D RIL-QMI : [SMDPORT] << AFTER, Write SMD Port [rc = 0]
02-03 22:37:30.222   241   672 E RIL-RAWDATA: 01 1E 00 80 03 01 02 6D 00 4F 00 12 00 02 04 00 00 00 00 00 13 03 00 A0 09 00 20 02 00 03 00 
02-03 22:37:30.222   241   672 D RIL-QMI : qmuxd: TX message on fd=25, to clientID = 1, len=65
02-03 22:37:30.222   141   269 E RILD    : ReceiveMessage: svc(NAS), msg(0x4F:QMI_NAS_GET_SIG_INFO), indi(0), size(68), err(0)
02-03 22:37:30.222   141   269 E RILD    : Result(0), Error(0)
02-03 22:37:30.222   141   269 E RILD    : Signal Strength: [3, 9, 255, -1, -1, -1, -1, -1, -1, -1, -1, 2147483647, -1, 2147483647]
02-03 22:37:30.222   141   802 E RILD    : GLNET-MGR: evt(201)
02-03 22:37:30.222   141   802 E RILD    : NET-MGR: EVENT_NETWORK_SIGNAL_STRENGTH
02-03 22:37:30.222   141   802 E RILD    : OnNetworkSignalStrength() - mSignalBar: 3
02-03 22:37:30.222  1043  1230 W SignalStrength: Size of signalstrength parcel:60
02-03 22:37:30.222  1043  1043 W SignalStrength: Signal before validate=SignalStrength: 777 255 -1 -1 -1 -1 -1 -1 -1 -1 2147483647 -1 2147483647 gsm|lte 0x0
02-03 22:37:30.222  1043  1043 W SignalStrength: Signal after validate=SignalStrength: 777 255 -120 -160 -120 -1 -1 99 2147483647 2147483647 2147483647 -1 2147483647 gsm|lte 0x0
02-03 22:37:30.222  1043  1043 W SignalStrength: initialize: SignalStrength: 9 -1 -1 -1 -1 -1 -1 99 2147483647 2147483647 2147483647 -1 2147483647 gsm|lte 0x3
02-03 22:37:30.222   370  1862 W SignalStrength: Size of signalstrength parcel:172
02-03 22:37:30.222   370  1862 W SignalStrength: getGsmLevel=3
02-03 22:37:30.222   933   952 W SignalStrength: Size of signalstrength parcel:176
02-03 22:37:30.222  1338  1352 W SignalStrength: Size of signalstrength parcel:176
02-03 22:37:30.232  1010  1022 W SignalStrength: Size of signalstrength parcel:176
02-03 22:37:30.232  1010  1351 W SignalStrength: Size of signalstrength parcel:176
02-03 22:37:30.232  1620  2677 W SignalStrength: Size of signalstrength parcel:176
02-03 22:37:30.232  1620  1688 W SignalStrength: Size of signalstrength parcel:176
02-03 22:37:30.232  3225  3237 W SignalStrength: Size of signalstrength parcel:176
02-03 22:37:30.232  3504  3517 W SignalStrength: Size of signalstrength parcel:176
02-03 22:37:30.232  1620  1671 W SignalStrength: Size of signalstrength parcel:176
02-03 22:37:30.232   933   933 W SignalStrength: getGsmLevel=3
02-03 22:37:30.232   933   933 W SignalStrength: getLevel=3 (SignalStrength: 9 -1 -1 -1 -1 -1 -1 99 2147483647 2147483647 2147483647 -1 2147483647 gsm|lte 0x3)
02-03 22:37:30.243   933   933 W SignalStrength: getGsmLevel=3
02-03 22:37:30.243   933   933 W SignalStrength: getLevel=3 (SignalStrength: 9 -1 -1 -1 -1 -1 -1 99 2147483647 2147483647 2147483647 -1 2147483647 gsm|lte 0x3)
02-03 22:37:30.243   370  1862 W SignalStrength: getLevel=3 (SignalStrength: 9 -1 -1 -1 -1 -1 -1 99 2147483647 2147483647 2147483647 -1 2147483647 gsm|lte 0x3)
02-03 22:37:30.263  1043  1059 D GsmSST  : getCellLocation(): X good mCellLoc=[11292,39705431,-1]
02-03 22:37:30.533  1338  5111 W SignalStrength: getGsmLevel=3
02-03 22:37:30.533  1338  5111 W SignalStrength: getLevel=3 (SignalStrength: 9 -1 -1 -1 -1 -1 -1 99 2147483647 2147483647 2147483647 -1 2147483647 gsm|lte 0x3)
02-03 22:37:31.534  1338  5111 W SignalStrength: getGsmLevel=3
02-03 22:37:31.534  1338  5111 W SignalStrength: getLevel=3 (SignalStrength: 9 -1 -1 -1 -1 -1 -1 99 2147483647 2147483647 2147483647 -1 2147483647 gsm|lte 0x3)
02-03 22:37:32.535  1338  5111 W SignalStrength: getGsmLevel=3
02-03 22:37:32.535  1338  5111 W SignalStrength: getLevel=3 (SignalStrength: 9 -1 -1 -1 -1 -1 -1 99 2147483647 2147483647 2147483647 -1 2147483647 gsm|lte 0x3)
02-03 22:37:35.338   241   672 E RIL-RAWDATA: 01 12 00 80 03 01 04 00 00 51 00 06 00 13 03 00 9F 07 00 
02-03 22:37:35.338   241   672 D RIL-QMI : qmuxd: TX message on fd=25, to clientID = 1, len=53
02-03 22:37:35.338   141   687 E RILD    : QmiUnsolicitedCallback: msgId(81)
02-03 22:37:35.338   141   269 E RILD    : ReceiveMessage: svc(NAS), msg(0x51:QMI_NAS_SIG_INFO_IND), indi(1), size(56), err(0)
02-03 22:37:35.338   141   269 E RILD    : IsConsideredRegistered: Cache hit 1
02-03 22:37:35.338   141   269 E RILD    : need sig info-1, need err rate-0
02-03 22:37:35.338   141   269 E RILD    : Request for Signal Info
02-03 22:37:35.338   141   269 E RILD    : SendMessage: svc(NAS), msg(0x4F:QMI_NAS_GET_SIG_INFO), sync(1), internal(1), size(0)
02-03 22:37:35.338   241   241 D RIL-QMI : qmuxd: RX 47 bytes on fd=25 from qmux_client_id=1
02-03 22:37:35.338   241   241 E RIL-RAWDATA: 01 0C 00 00 03 01 00 6E 00 4F 00 00 00 
02-03 22:37:35.338   241   241 D RIL-QMI : [SMDPORT] >> BEFORE, Write SMD Port [fd = 11] [msg_len = 13]
02-03 22:37:35.338   241   241 D RIL-QMI : [SMDPORT] << AFTER, Write SMD Port [rc = 0]
02-03 22:37:35.338   241   672 E RIL-RAWDATA: 01 1E 00 80 03 01 02 6E 00 4F 00 12 00 02 04 00 00 00 00 00 13 03 00 9F 07 00 20 02 00 03 00 
02-03 22:37:35.338   241   672 D RIL-QMI : qmuxd: TX message on fd=25, to clientID = 1, len=65
02-03 22:37:35.338   141   269 E RILD    : ReceiveMessage: svc(NAS), msg(0x4F:QMI_NAS_GET_SIG_INFO), indi(0), size(68), err(0)
02-03 22:37:35.338   141   269 E RILD    : Result(0), Error(0)
02-03 22:37:35.338   141   269 E RILD    : Signal Strength: [3, 8, 255, -1, -1, -1, -1, -1, -1, -1, -1, 2147483647, -1, 2147483647]
02-03 22:37:35.338   141   802 E RILD    : GLNET-MGR: evt(201)
02-03 22:37:35.338   141   802 E RILD    : NET-MGR: EVENT_NETWORK_SIGNAL_STRENGTH
02-03 22:37:35.338   141   802 E RILD    : OnNetworkSignalStrength() - mSignalBar: 3
02-03 22:37:35.338  1043  1230 W SignalStrength: Size of signalstrength parcel:60
02-03 22:37:35.338  1043  1043 W SignalStrength: Signal before validate=SignalStrength: 776 255 -1 -1 -1 -1 -1 -1 -1 -1 2147483647 -1 2147483647 gsm|lte 0x0
02-03 22:37:35.338  1043  1043 W SignalStrength: Signal after validate=SignalStrength: 776 255 -120 -160 -120 -1 -1 99 2147483647 2147483647 2147483647 -1 2147483647 gsm|lte 0x0
02-03 22:37:35.338  1043  1043 W SignalStrength: initialize: SignalStrength: 8 -1 -1 -1 -1 -1 -1 99 2147483647 2147483647 2147483647 -1 2147483647 gsm|lte 0x3
02-03 22:37:36.189   370  1041 W SignalStrength: Size of signalstrength parcel:172
02-03 22:37:36.189   370  1041 W SignalStrength: getGsmLevel=3
02-03 22:37:36.189   933   952 W SignalStrength: Size of signalstrength parcel:176
02-03 22:37:36.189  1338  1537 W SignalStrength: Size of signalstrength parcel:176
02-03 22:37:36.189  1010  1349 W SignalStrength: Size of signalstrength parcel:176
02-03 22:37:36.189  1010  1351 W SignalStrength: Size of signalstrength parcel:176
02-03 22:37:36.189  1620  2657 W SignalStrength: Size of signalstrength parcel:176
02-03 22:37:36.189  1620  1671 W SignalStrength: Size of signalstrength parcel:176
02-03 22:37:36.189  1620  1688 W SignalStrength: Size of signalstrength parcel:176
02-03 22:37:36.189  3225  3239 W SignalStrength: Size of signalstrength parcel:176
02-03 22:37:36.189  3504  3518 W SignalStrength: Size of signalstrength parcel:176
02-03 22:37:36.219   370  1041 W SignalStrength: getLevel=3 (SignalStrength: 8 -1 -1 -1 -1 -1 -1 99 2147483647 2147483647 2147483647 -1 2147483647 gsm|lte 0x3)
02-03 22:37:36.299  1338  5111 W SignalStrength: getGsmLevel=3
02-03 22:37:36.299  1338  5111 W SignalStrength: getLevel=3 (SignalStrength: 8 -1 -1 -1 -1 -1 -1 99 2147483647 2147483647 2147483647 -1 2147483647 gsm|lte 0x3)
02-03 22:37:36.309  1043  1400 D GsmSST  : getCellLocation(): X good mCellLoc=[11292,39705431,-1]
02-03 22:37:36.319  1338  5111 W SignalStrength: getGsmLevel=3
02-03 22:37:36.329  1338  5111 W SignalStrength: getLevel=3 (SignalStrength: 8 -1 -1 -1 -1 -1 -1 99 2147483647 2147483647 2147483647 -1 2147483647 gsm|lte 0x3)
02-03 22:37:37.300  1338  5111 W SignalStrength: getGsmLevel=3
02-03 22:37:37.300  1338  5111 W SignalStrength: getLevel=3 (SignalStrength: 8 -1 -1 -1 -1 -1 -1 99 2147483647 2147483647 2147483647 -1 2147483647 gsm|lte 0x3)
02-03 22:37:37.901   241   672 E RIL-RAWDATA: 01 12 00 80 03 01 04 00 00 51 00 06 00 13 03 00 A1 07 00 
02-03 22:37:37.901   241   672 D RIL-QMI : qmuxd: TX message on fd=25, to clientID = 1, len=53
02-03 22:37:37.901   141   687 E RILD    : QmiUnsolicitedCallback: msgId(81)
02-03 22:37:37.901   141   269 E RILD    : ReceiveMessage: svc(NAS), msg(0x51:QMI_NAS_SIG_INFO_IND), indi(1), size(56), err(0)
02-03 22:37:37.901   141   269 E RILD    : IsConsideredRegistered: Cache hit 1
02-03 22:37:37.901   141   269 E RILD    : need sig info-1, need err rate-0
02-03 22:37:37.901   141   269 E RILD    : Request for Signal Info
02-03 22:37:37.901   141   269 E RILD    : SendMessage: svc(NAS), msg(0x4F:QMI_NAS_GET_SIG_INFO), sync(1), internal(1), size(0)
02-03 22:37:37.911   241   241 D RIL-QMI : qmuxd: RX 47 bytes on fd=25 from qmux_client_id=1
02-03 22:37:37.911   241   241 E RIL-RAWDATA: 01 0C 00 00 03 01 00 6F 00 4F 00 00 00 
02-03 22:37:37.911   241   241 D RIL-QMI : [SMDPORT] >> BEFORE, Write SMD Port [fd = 11] [msg_len = 13]
02-03 22:37:37.911   241   241 D RIL-QMI : [SMDPORT] << AFTER, Write SMD Port [rc = 0]
02-03 22:37:37.911   241   672 E RIL-RAWDATA: 01 1E 00 80 03 01 02 6F 00 4F 00 12 00 02 04 00 00 00 00 00 13 03 00 A1 07 00 20 02 00 03 00 
02-03 22:37:37.911   241   672 D RIL-QMI : qmuxd: TX message on fd=25, to clientID = 1, len=65
02-03 22:37:37.911   141   269 E RILD    : ReceiveMessage: svc(NAS), msg(0x4F:QMI_NAS_GET_SIG_INFO), indi(0), size(68), err(0)
02-03 22:37:37.911   141   269 E RILD    : Result(0), Error(0)
02-03 22:37:37.911   141   269 E RILD    : Signal Strength: [3, 9, 255, -1, -1, -1, -1, -1, -1, -1, -1, 2147483647, -1, 2147483647]
02-03 22:37:37.911   141   802 E RILD    : GLNET-MGR: evt(201)
02-03 22:37:37.911   141   802 E RILD    : NET-MGR: EVENT_NETWORK_SIGNAL_STRENGTH
02-03 22:37:37.911   141   802 E RILD    : OnNetworkSignalStrength() - mSignalBar: 3
02-03 22:37:37.911  1043  1230 W SignalStrength: Size of signalstrength parcel:60
02-03 22:37:37.911  1043  1043 W SignalStrength: Signal before validate=SignalStrength: 777 255 -1 -1 -1 -1 -1 -1 -1 -1 2147483647 -1 2147483647 gsm|lte 0x0
02-03 22:37:37.911  1043  1043 W SignalStrength: Signal after validate=SignalStrength: 777 255 -120 -160 -120 -1 -1 99 2147483647 2147483647 2147483647 -1 2147483647 gsm|lte 0x0
02-03 22:37:37.911  1043  1043 W SignalStrength: initialize: SignalStrength: 9 -1 -1 -1 -1 -1 -1 99 2147483647 2147483647 2147483647 -1 2147483647 gsm|lte 0x3
02-03 22:37:37.911   370  1861 W SignalStrength: Size of signalstrength parcel:172
02-03 22:37:37.911   370  1861 W SignalStrength: getGsmLevel=3
02-03 22:37:37.911   933   955 W SignalStrength: Size of signalstrength parcel:176
02-03 22:37:37.911  1338  1352 W SignalStrength: Size of signalstrength parcel:176
02-03 22:37:37.911  1010  1021 W SignalStrength: Size of signalstrength parcel:176
02-03 22:37:37.911  1010  1022 W SignalStrength: Size of signalstrength parcel:176
02-03 22:37:37.911  1620  2677 W SignalStrength: Size of signalstrength parcel:176
02-03 22:37:37.911  1620  1671 W SignalStrength: Size of signalstrength parcel:176
02-03 22:37:37.911  1620  1688 W SignalStrength: Size of signalstrength parcel:176
02-03 22:37:37.911  3225  3237 W SignalStrength: Size of signalstrength parcel:176
02-03 22:37:37.911  3504  3517 W SignalStrength: Size of signalstrength parcel:176
02-03 22:37:37.921   370  1861 W SignalStrength: getLevel=3 (SignalStrength: 9 -1 -1 -1 -1 -1 -1 99 2147483647 2147483647 2147483647 -1 2147483647 gsm|lte 0x3)
02-03 22:37:37.931  1043  1536 D GsmSST  : getCellLocation(): X good mCellLoc=[11292,39705431,-1]
02-03 22:37:38.021   933   933 W SignalStrength: getGsmLevel=3
02-03 22:37:38.021   933   933 W SignalStrength: getLevel=3 (SignalStrength: 8 -1 -1 -1 -1 -1 -1 99 2147483647 2147483647 2147483647 -1 2147483647 gsm|lte 0x3)
02-03 22:37:38.021   933   933 W SignalStrength: getGsmLevel=3
02-03 22:37:38.021   933   933 W SignalStrength: getLevel=3 (SignalStrength: 8 -1 -1 -1 -1 -1 -1 99 2147483647 2147483647 2147483647 -1 2147483647 gsm|lte 0x3)
02-03 22:37:38.051   933   933 W SignalStrength: getGsmLevel=3
02-03 22:37:38.071   933   933 W SignalStrength: getLevel=3 (SignalStrength: 9 -1 -1 -1 -1 -1 -1 99 2147483647 2147483647 2147483647 -1 2147483647 gsm|lte 0x3)
02-03 22:37:38.071   933   933 W SignalStrength: getGsmLevel=3
02-03 22:37:38.071   933   933 W SignalStrength: getLevel=3 (SignalStrength: 9 -1 -1 -1 -1 -1 -1 99 2147483647 2147483647 2147483647 -1 2147483647 gsm|lte 0x3)
02-03 22:37:38.301  1338  5111 W SignalStrength: getGsmLevel=3
02-03 22:37:38.301  1338  5111 W SignalStrength: getLevel=3 (SignalStrength: 9 -1 -1 -1 -1 -1 -1 99 2147483647 2147483647 2147483647 -1 2147483647 gsm|lte 0x3)
02-03 22:37:39.302  1338  5111 W SignalStrength: getGsmLevel=3
02-03 22:37:39.302  1338  5111 W SignalStrength: getLevel=3 (SignalStrength: 9 -1 -1 -1 -1 -1 -1 99 2147483647 2147483647 2147483647 -1 2147483647 gsm|lte 0x3)
02-03 22:37:40.303  1338  5111 W SignalStrength: getGsmLevel=3
02-03 22:37:40.303  1338  5111 W SignalStrength: getLevel=3 (SignalStrength: 9 -1 -1 -1 -1 -1 -1 99 2147483647 2147483647 2147483647 -1 2147483647 gsm|lte 0x3)
02-03 22:37:40.453   241   672 E RIL-RAWDATA: 01 12 00 80 03 01 04 00 00 51 00 06 00 13 03 00 A2 05 00 
02-03 22:37:40.453   241   672 D RIL-QMI : qmuxd: TX message on fd=25, to clientID = 1, len=53
02-03 22:37:40.453   141   687 E RILD    : QmiUnsolicitedCallback: msgId(81)
02-03 22:37:40.453   141   269 E RILD    : ReceiveMessage: svc(NAS), msg(0x51:QMI_NAS_SIG_INFO_IND), indi(1), size(56), err(0)
02-03 22:37:40.453   141   269 E RILD    : IsConsideredRegistered: Cache hit 1
02-03 22:37:40.453   141   269 E RILD    : need sig info-1, need err rate-0
02-03 22:37:40.453   141   269 E RILD    : Request for Signal Info
02-03 22:37:40.453   141   269 E RILD    : SendMessage: svc(NAS), msg(0x4F:QMI_NAS_GET_SIG_INFO), sync(1), internal(1), size(0)
02-03 22:37:40.453   241   241 D RIL-QMI : qmuxd: RX 47 bytes on fd=25 from qmux_client_id=1
02-03 22:37:40.453   241   241 E RIL-RAWDATA: 01 0C 00 00 03 01 00 70 00 4F 00 00 00 
02-03 22:37:40.453   241   241 D RIL-QMI : [SMDPORT] >> BEFORE, Write SMD Port [fd = 11] [msg_len = 13]
02-03 22:37:40.453   241   241 D RIL-QMI : [SMDPORT] << AFTER, Write SMD Port [rc = 0]
02-03 22:37:40.453   241   672 E RIL-RAWDATA: 01 1E 00 80 03 01 02 70 00 4F 00 12 00 02 04 00 00 00 00 00 13 03 00 A2 05 00 20 02 00 03 00 
02-03 22:37:40.453   241   672 D RIL-QMI : qmuxd: TX message on fd=25, to clientID = 1, len=65
02-03 22:37:40.453   141   269 E RILD    : ReceiveMessage: svc(NAS), msg(0x4F:QMI_NAS_GET_SIG_INFO), indi(0), size(68), err(0)
02-03 22:37:40.453   141   269 E RILD    : Result(0), Error(0)
02-03 22:37:40.453   141   269 E RILD    : Signal Strength: [3, 10, 255, -1, -1, -1, -1, -1, -1, -1, -1, 2147483647, -1, 2147483647]
02-03 22:37:40.453   141   802 E RILD    : GLNET-MGR: evt(201)
02-03 22:37:40.453   141   802 E RILD    : NET-MGR: EVENT_NETWORK_SIGNAL_STRENGTH
02-03 22:37:40.453   141   802 E RILD    : OnNetworkSignalStrength() - mSignalBar: 3
02-03 22:37:40.453  1043  1230 W SignalStrength: Size of signalstrength parcel:60
02-03 22:37:40.453  1043  1043 W SignalStrength: Signal before validate=SignalStrength: 778 255 -1 -1 -1 -1 -1 -1 -1 -1 2147483647 -1 2147483647 gsm|lte 0x0
02-03 22:37:40.453  1043  1043 W SignalStrength: Signal after validate=SignalStrength: 778 255 -120 -160 -120 -1 -1 99 2147483647 2147483647 2147483647 -1 2147483647 gsm|lte 0x0
02-03 22:37:40.453  1043  1043 W SignalStrength: initialize: SignalStrength: 10 -1 -1 -1 -1 -1 -1 99 2147483647 2147483647 2147483647 -1 2147483647 gsm|lte 0x3
02-03 22:37:40.453   370  1186 W SignalStrength: Size of signalstrength parcel:172
02-03 22:37:40.453   370  1186 W SignalStrength: getGsmLevel=3
02-03 22:37:40.453   933   952 W SignalStrength: Size of signalstrength parcel:176
02-03 22:37:40.463  1338  1537 W SignalStrength: Size of signalstrength parcel:176
02-03 22:37:40.463  1010  1351 W SignalStrength: Size of signalstrength parcel:176
02-03 22:37:40.463  1010  1021 W SignalStrength: Size of signalstrength parcel:176
02-03 22:37:40.463  1620  2657 W SignalStrength: Size of signalstrength parcel:176
02-03 22:37:40.463  1620  1671 W SignalStrength: Size of signalstrength parcel:176
02-03 22:37:40.463  1620  1688 W SignalStrength: Size of signalstrength parcel:176
02-03 22:37:40.463  3225  3239 W SignalStrength: Size of signalstrength parcel:176
02-03 22:37:40.463  3504  3518 W SignalStrength: Size of signalstrength parcel:176
02-03 22:37:40.463   933   933 W SignalStrength: getGsmLevel=3
02-03 22:37:40.463   933   933 W SignalStrength: getLevel=3 (SignalStrength: 10 -1 -1 -1 -1 -1 -1 99 2147483647 2147483647 2147483647 -1 2147483647 gsm|lte 0x3)
02-03 22:37:40.463   933   933 W SignalStrength: getGsmLevel=3
02-03 22:37:40.463   933   933 W SignalStrength: getLevel=3 (SignalStrength: 10 -1 -1 -1 -1 -1 -1 99 2147483647 2147483647 2147483647 -1 2147483647 gsm|lte 0x3)
02-03 22:37:40.473   370  1186 W SignalStrength: getLevel=3 (SignalStrength: 10 -1 -1 -1 -1 -1 -1 99 2147483647 2147483647 2147483647 -1 2147483647 gsm|lte 0x3)
02-03 22:37:40.473  1043  1541 D GsmSST  : getCellLocation(): X good mCellLoc=[11292,39705431,-1]
02-03 22:37:41.304  1338  5111 W SignalStrength: getGsmLevel=3
02-03 22:37:41.304  1338  5111 W SignalStrength: getLevel=3 (SignalStrength: 10 -1 -1 -1 -1 -1 -1 99 2147483647 2147483647 2147483647 -1 2147483647 gsm|lte 0x3)
02-03 22:37:42.305  1338  5111 W SignalStrength: getGsmLevel=3
02-03 22:37:42.305  1338  5111 W SignalStrength: getLevel=3 (SignalStrength: 10 -1 -1 -1 -1 -1 -1 99 2147483647 2147483647 2147483647 -1 2147483647 gsm|lte 0x3)
02-03 22:37:43.306  1338  5111 W SignalStrength: getGsmLevel=3
02-03 22:37:43.306  1338  5111 W SignalStrength: getLevel=3 (SignalStrength: 10 -1 -1 -1 -1 -1 -1 99 2147483647 2147483647 2147483647 -1 2147483647 gsm|lte 0x3)
02-03 22:37:44.308  1338  5111 W SignalStrength: getGsmLevel=3
02-03 22:37:44.308  1338  5111 W SignalStrength: getLevel=3 (SignalStrength: 10 -1 -1 -1 -1 -1 -1 99 2147483647 2147483647 2147483647 -1 2147483647 gsm|lte 0x3)
02-03 22:37:45.309  1338  5111 W SignalStrength: getGsmLevel=3
02-03 22:37:45.309  1338  5111 W SignalStrength: getLevel=3 (SignalStrength: 10 -1 -1 -1 -1 -1 -1 99 2147483647 2147483647 2147483647 -1 2147483647 gsm|lte 0x3)
02-03 22:37:46.310  1338  5111 W SignalStrength: getGsmLevel=3
02-03 22:37:46.310  1338  5111 W SignalStrength: getLevel=3 (SignalStrength: 10 -1 -1 -1 -1 -1 -1 99 2147483647 2147483647 2147483647 -1 2147483647 gsm|lte 0x3)
02-03 22:37:47.311  1338  5111 W SignalStrength: getGsmLevel=3
02-03 22:37:47.311  1338  5111 W SignalStrength: getLevel=3 (SignalStrength: 10 -1 -1 -1 -1 -1 -1 99 2147483647 2147483647 2147483647 -1 2147483647 gsm|lte 0x3)
02-03 22:37:48.142   241   672 E RIL-RAWDATA: 01 12 00 80 03 01 04 00 00 51 00 06 00 13 03 00 A4 06 00 
02-03 22:37:48.142   241   672 D RIL-QMI : qmuxd: TX message on fd=25, to clientID = 1, len=53
02-03 22:37:48.142   141   687 E RILD    : QmiUnsolicitedCallback: msgId(81)
02-03 22:37:48.142   141   269 E RILD    : ReceiveMessage: svc(NAS), msg(0x51:QMI_NAS_SIG_INFO_IND), indi(1), size(56), err(0)
02-03 22:37:48.142   141   269 E RILD    : IsConsideredRegistered: Cache hit 1
02-03 22:37:48.142   141   269 E RILD    : need sig info-1, need err rate-0
02-03 22:37:48.142   141   269 E RILD    : Request for Signal Info
02-03 22:37:48.142   141   269 E RILD    : SendMessage: svc(NAS), msg(0x4F:QMI_NAS_GET_SIG_INFO), sync(1), internal(1), size(0)
02-03 22:37:48.142   241   241 D RIL-QMI : qmuxd: RX 47 bytes on fd=25 from qmux_client_id=1
02-03 22:37:48.142   241   241 E RIL-RAWDATA: 01 0C 00 00 03 01 00 71 00 4F 00 00 00 
02-03 22:37:48.142   241   241 D RIL-QMI : [SMDPORT] >> BEFORE, Write SMD Port [fd = 11] [msg_len = 13]
02-03 22:37:48.142   241   241 D RIL-QMI : [SMDPORT] << AFTER, Write SMD Port [rc = 0]
02-03 22:37:48.142   241   672 E RIL-RAWDATA: 01 1E 00 80 03 01 02 71 00 4F 00 12 00 02 04 00 00 00 00 00 13 03 00 A4 06 00 20 02 00 03 00 
02-03 22:37:48.142   241   672 D RIL-QMI : qmuxd: TX message on fd=25, to clientID = 1, len=65
02-03 22:37:48.142   141   269 E RILD    : ReceiveMessage: svc(NAS), msg(0x4F:QMI_NAS_GET_SIG_INFO), indi(0), size(68), err(0)
02-03 22:37:48.142   141   269 E RILD    : Result(0), Error(0)
02-03 22:37:48.142   141   269 E RILD    : Signal Strength: [3, 11, 255, -1, -1, -1, -1, -1, -1, -1, -1, 2147483647, -1, 2147483647]
02-03 22:37:48.142   141   802 E RILD    : GLNET-MGR: evt(201)
02-03 22:37:48.142   141   802 E RILD    : NET-MGR: EVENT_NETWORK_SIGNAL_STRENGTH
02-03 22:37:48.142   141   802 E RILD    : OnNetworkSignalStrength() - mSignalBar: 3
02-03 22:37:48.142  1043  1230 W SignalStrength: Size of signalstrength parcel:60
02-03 22:37:48.142  1043  1043 W SignalStrength: Signal before validate=SignalStrength: 779 255 -1 -1 -1 -1 -1 -1 -1 -1 2147483647 -1 2147483647 gsm|lte 0x0
02-03 22:37:48.142  1043  1043 W SignalStrength: Signal after validate=SignalStrength: 779 255 -120 -160 -120 -1 -1 99 2147483647 2147483647 2147483647 -1 2147483647 gsm|lte 0x0
02-03 22:37:48.142  1043  1043 W SignalStrength: initialize: SignalStrength: 11 -1 -1 -1 -1 -1 -1 99 2147483647 2147483647 2147483647 -1 2147483647 gsm|lte 0x3
02-03 22:37:48.152   370  1858 W SignalStrength: Size of signalstrength parcel:172
02-03 22:37:48.152   370  1858 W SignalStrength: getGsmLevel=3
02-03 22:37:48.152   370  1858 W SignalStrength: getLevel=3 (SignalStrength: 11 -1 -1 -1 -1 -1 -1 99 2147483647 2147483647 2147483647 -1 2147483647 gsm|lte 0x3)
02-03 22:37:48.152   933   952 W SignalStrength: Size of signalstrength parcel:176
02-03 22:37:48.152  1338  1537 W SignalStrength: Size of signalstrength parcel:176
02-03 22:37:48.152  1010  1021 W SignalStrength: Size of signalstrength parcel:176
02-03 22:37:48.152  1010  1021 W SignalStrength: Size of signalstrength parcel:176
02-03 22:37:48.152  1620  2677 W SignalStrength: Size of signalstrength parcel:176
02-03 22:37:48.152  1620  2677 W SignalStrength: Size of signalstrength parcel:176
02-03 22:37:48.152  1620  2677 W SignalStrength: Size of signalstrength parcel:176
02-03 22:37:48.152  3225  3237 W SignalStrength: Size of signalstrength parcel:176
02-03 22:37:48.152  3504  3517 W SignalStrength: Size of signalstrength parcel:176
02-03 22:37:48.152   933   933 W SignalStrength: getGsmLevel=3
02-03 22:37:48.152   933   933 W SignalStrength: getLevel=3 (SignalStrength: 11 -1 -1 -1 -1 -1 -1 99 2147483647 2147483647 2147483647 -1 2147483647 gsm|lte 0x3)
02-03 22:37:48.152   933   933 W SignalStrength: getGsmLevel=3
02-03 22:37:48.152   933   933 W SignalStrength: getLevel=3 (SignalStrength: 11 -1 -1 -1 -1 -1 -1 99 2147483647 2147483647 2147483647 -1 2147483647 gsm|lte 0x3)
02-03 22:37:48.162  1043  1059 D GsmSST  : getCellLocation(): X good mCellLoc=[11292,39705431,-1]
02-03 22:37:48.312  1338  5111 W SignalStrength: getGsmLevel=3
02-03 22:37:48.312  1338  5111 W SignalStrength: getLevel=3 (SignalStrength: 11 -1 -1 -1 -1 -1 -1 99 2147483647 2147483647 2147483647 -1 2147483647 gsm|lte 0x3)
02-03 22:37:49.303  1338  5111 W SignalStrength: getGsmLevel=3
02-03 22:37:49.303  1338  5111 W SignalStrength: getLevel=3 (SignalStrength: 11 -1 -1 -1 -1 -1 -1 99 2147483647 2147483647 2147483647 -1 2147483647 gsm|lte 0x3)
02-03 22:37:50.304  1338  5111 W SignalStrength: getGsmLevel=3
02-03 22:37:50.304  1338  5111 W SignalStrength: getLevel=3 (SignalStrength: 11 -1 -1 -1 -1 -1 -1 99 2147483647 2147483647 2147483647 -1 2147483647 gsm|lte 0x3)
02-03 22:37:51.315  1338  5111 W SignalStrength: getGsmLevel=3
02-03 22:37:51.315  1338  5111 W SignalStrength: getLevel=3 (SignalStrength: 11 -1 -1 -1 -1 -1 -1 99 2147483647 2147483647 2147483647 -1 2147483647 gsm|lte 0x3)
02-03 22:37:52.306  1338  5111 W SignalStrength: getGsmLevel=3
02-03 22:37:52.306  1338  5111 W SignalStrength: getLevel=3 (SignalStrength: 11 -1 -1 -1 -1 -1 -1 99 2147483647 2147483647 2147483647 -1 2147483647 gsm|lte 0x3)
02-03 22:37:53.317  1338  5111 W SignalStrength: getGsmLevel=3
02-03 22:37:53.317  1338  5111 W SignalStrength: getLevel=3 (SignalStrength: 11 -1 -1 -1 -1 -1 -1 99 2147483647 2147483647 2147483647 -1 2147483647 gsm|lte 0x3)
02-03 22:37:54.308  1338  5111 W SignalStrength: getGsmLevel=3
02-03 22:37:54.308  1338  5111 W SignalStrength: getLevel=3 (SignalStrength: 11 -1 -1 -1 -1 -1 -1 99 2147483647 2147483647 2147483647 -1 2147483647 gsm|lte 0x3)
02-03 22:37:55.319  1338  5111 W SignalStrength: getGsmLevel=3
02-03 22:37:55.319  1338  5111 W SignalStrength: getLevel=3 (SignalStrength: 11 -1 -1 -1 -1 -1 -1 99 2147483647 2147483647 2147483647 -1 2147483647 gsm|lte 0x3)
02-03 22:37:56.320  1338  5111 W SignalStrength: getGsmLevel=3
02-03 22:37:56.320  1338  5111 W SignalStrength: getLevel=3 (SignalStrength: 11 -1 -1 -1 -1 -1 -1 99 2147483647 2147483647 2147483647 -1 2147483647 gsm|lte 0x3)
02-03 22:37:57.321  1338  5111 W SignalStrength: getGsmLevel=3
02-03 22:37:57.321  1338  5111 W SignalStrength: getLevel=3 (SignalStrength: 11 -1 -1 -1 -1 -1 -1 99 2147483647 2147483647 2147483647 -1 2147483647 gsm|lte 0x3)
02-03 22:37:58.312  1338  5111 W SignalStrength: getGsmLevel=3
02-03 22:37:58.312  1338  5111 W SignalStrength: getLevel=3 (SignalStrength: 11 -1 -1 -1 -1 -1 -1 99 2147483647 2147483647 2147483647 -1 2147483647 gsm|lte 0x3)
02-03 22:37:58.373   241   672 E RIL-RAWDATA: 01 12 00 80 03 01 04 00 00 51 00 06 00 13 03 00 A5 08 00 
02-03 22:37:58.373   241   672 D RIL-QMI : qmuxd: TX message on fd=25, to clientID = 1, len=53
02-03 22:37:58.373   141   687 E RILD    : QmiUnsolicitedCallback: msgId(81)
02-03 22:37:58.373   141   269 E RILD    : ReceiveMessage: svc(NAS), msg(0x51:QMI_NAS_SIG_INFO_IND), indi(1), size(56), err(0)
02-03 22:37:58.373   141   269 E RILD    : IsConsideredRegistered: Cache hit 1
02-03 22:37:58.373   141   269 E RILD    : need sig info-1, need err rate-0
02-03 22:37:58.373   141   269 E RILD    : Request for Signal Info
02-03 22:37:58.373   141   269 E RILD    : SendMessage: svc(NAS), msg(0x4F:QMI_NAS_GET_SIG_INFO), sync(1), internal(1), size(0)
02-03 22:37:58.373   241   241 D RIL-QMI : qmuxd: RX 47 bytes on fd=25 from qmux_client_id=1
02-03 22:37:58.373   241   241 E RIL-RAWDATA: 01 0C 00 00 03 01 00 72 00 4F 00 00 00 
02-03 22:37:58.373   241   241 D RIL-QMI : [SMDPORT] >> BEFORE, Write SMD Port [fd = 11] [msg_len = 13]
02-03 22:37:58.373   241   241 D RIL-QMI : [SMDPORT] << AFTER, Write SMD Port [rc = 0]
02-03 22:37:58.373   241   672 E RIL-RAWDATA: 01 12 00 80 03 01 04 00 00 51 00 06 00 13 03 00 A6 07 00 
02-03 22:37:58.373   241   672 D RIL-QMI : qmuxd: TX message on fd=25, to clientID = 1, len=53
02-03 22:37:58.373   141   687 E RILD    : QmiUnsolicitedCallback: msgId(81)
02-03 22:37:58.373   241   672 E RIL-RAWDATA: 01 1E 00 80 03 01 02 72 00 4F 00 12 00 02 04 00 00 00 00 00 13 03 00 A6 07 00 20 02 00 03 00 
02-03 22:37:58.373   241   672 D RIL-QMI : qmuxd: TX message on fd=25, to clientID = 1, len=65
02-03 22:37:58.373   141   269 E RILD    : ReceiveMessage: svc(NAS), msg(0x4F:QMI_NAS_GET_SIG_INFO), indi(0), size(68), err(0)
02-03 22:37:58.373   141   269 E RILD    : Result(0), Error(0)
02-03 22:37:58.373   141   269 E RILD    : Signal Strength: [3, 12, 255, -1, -1, -1, -1, -1, -1, -1, -1, 2147483647, -1, 2147483647]
02-03 22:37:58.373   141   269 E RILD    : ReceiveMessage: svc(NAS), msg(0x51:QMI_NAS_SIG_INFO_IND), indi(1), size(56), err(0)
02-03 22:37:58.373   141   269 E RILD    : IsConsideredRegistered: Cache hit 1
02-03 22:37:58.373   141   269 E RILD    : need sig info-1, need err rate-0
02-03 22:37:58.373   141   269 E RILD    : Request for Signal Info
02-03 22:37:58.373   141   269 E RILD    : SendMessage: svc(NAS), msg(0x4F:QMI_NAS_GET_SIG_INFO), sync(1), internal(1), size(0)
02-03 22:37:58.373   141   802 E RILD    : GLNET-MGR: evt(201)
02-03 22:37:58.373   141   802 E RILD    : NET-MGR: EVENT_NETWORK_SIGNAL_STRENGTH
02-03 22:37:58.373   141   802 E RILD    : OnNetworkSignalStrength() - mSignalBar: 3
02-03 22:37:58.373   241   241 D RIL-QMI : qmuxd: RX 47 bytes on fd=25 from qmux_client_id=1
02-03 22:37:58.373   241   241 E RIL-RAWDATA: 01 0C 00 00 03 01 00 73 00 4F 00 00 00 
02-03 22:37:58.373   241   241 D RIL-QMI : [SMDPORT] >> BEFORE, Write SMD Port [fd = 11] [msg_len = 13]
02-03 22:37:58.373   241   241 D RIL-QMI : [SMDPORT] << AFTER, Write SMD Port [rc = 0]
02-03 22:37:58.373  1043  1230 W SignalStrength: Size of signalstrength parcel:60
02-03 22:37:58.373   241   672 E RIL-RAWDATA: 01 1E 00 80 03 01 02 73 00 4F 00 12 00 02 04 00 00 00 00 00 13 03 00 A6 07 00 20 02 00 03 00 
02-03 22:37:58.373   241   672 D RIL-QMI : qmuxd: TX message on fd=25, to clientID = 1, len=65
02-03 22:37:58.373   141   269 E RILD    : ReceiveMessage: svc(NAS), msg(0x4F:QMI_NAS_GET_SIG_INFO), indi(0), size(68), err(0)
02-03 22:37:58.373   141   269 E RILD    : Result(0), Error(0)
02-03 22:37:58.373   141   269 E RILD    : Signal Strength: [3, 12, 255, -1, -1, -1, -1, -1, -1, -1, -1, 2147483647, -1, 2147483647]
02-03 22:37:58.373   141   802 E RILD    : GLNET-MGR: evt(201)
02-03 22:37:58.373   141   802 E RILD    : NET-MGR: EVENT_NETWORK_SIGNAL_STRENGTH
02-03 22:37:58.373   141   802 E RILD    : OnNetworkSignalStrength() - mSignalBar: 3
02-03 22:37:58.373  1043  1230 W SignalStrength: Size of signalstrength parcel:60
02-03 22:37:58.373  1043  1043 W SignalStrength: Signal before validate=SignalStrength: 780 255 -1 -1 -1 -1 -1 -1 -1 -1 2147483647 -1 2147483647 gsm|lte 0x0
02-03 22:37:58.373  1043  1043 W SignalStrength: Signal after validate=SignalStrength: 780 255 -120 -160 -120 -1 -1 99 2147483647 2147483647 2147483647 -1 2147483647 gsm|lte 0x0
02-03 22:37:58.373  1043  1043 W SignalStrength: initialize: SignalStrength: 12 -1 -1 -1 -1 -1 -1 99 2147483647 2147483647 2147483647 -1 2147483647 gsm|lte 0x3
02-03 22:37:58.373   370  1763 W SignalStrength: Size of signalstrength parcel:172
02-03 22:37:58.373   370  1763 W SignalStrength: getGsmLevel=3
02-03 22:37:58.373   370  1763 W SignalStrength: getLevel=3 (SignalStrength: 12 -1 -1 -1 -1 -1 -1 99 2147483647 2147483647 2147483647 -1 2147483647 gsm|lte 0x3)
02-03 22:37:58.373   933  1559 W SignalStrength: Size of signalstrength parcel:176
02-03 22:37:58.373  1338  1537 W SignalStrength: Size of signalstrength parcel:176
02-03 22:37:58.373  1010  1021 W SignalStrength: Size of signalstrength parcel:176
02-03 22:37:58.383  1010  1021 W SignalStrength: Size of signalstrength parcel:176
02-03 22:37:58.383  1620  2677 W SignalStrength: Size of signalstrength parcel:176
02-03 22:37:58.383  1620  2677 W SignalStrength: Size of signalstrength parcel:176
02-03 22:37:58.383  1620  2677 W SignalStrength: Size of signalstrength parcel:176
02-03 22:37:58.383  3225  3239 W SignalStrength: Size of signalstrength parcel:176
02-03 22:37:58.383  3504  3518 W SignalStrength: Size of signalstrength parcel:176
02-03 22:37:58.383   933   933 W SignalStrength: getGsmLevel=3
02-03 22:37:58.383   933   933 W SignalStrength: getLevel=3 (SignalStrength: 12 -1 -1 -1 -1 -1 -1 99 2147483647 2147483647 2147483647 -1 2147483647 gsm|lte 0x3)
02-03 22:37:58.383   933   933 W SignalStrength: getGsmLevel=3
02-03 22:37:58.383   933   933 W SignalStrength: getLevel=3 (SignalStrength: 12 -1 -1 -1 -1 -1 -1 99 2147483647 2147483647 2147483647 -1 2147483647 gsm|lte 0x3)
02-03 22:37:58.383  1043  1043 W SignalStrength: Signal before validate=SignalStrength: 780 255 -1 -1 -1 -1 -1 -1 -1 -1 2147483647 -1 2147483647 gsm|lte 0x0
02-03 22:37:58.383  1043  1043 W SignalStrength: Signal after validate=SignalStrength: 780 255 -120 -160 -120 -1 -1 99 2147483647 2147483647 2147483647 -1 2147483647 gsm|lte 0x0
02-03 22:37:58.383  1043  1043 W SignalStrength: initialize: SignalStrength: 12 -1 -1 -1 -1 -1 -1 99 2147483647 2147483647 2147483647 -1 2147483647 gsm|lte 0x3
02-03 22:37:58.393   370  1102 W SignalStrength: Size of signalstrength parcel:172
02-03 22:37:58.393   370  1102 W SignalStrength: getGsmLevel=3
02-03 22:37:58.393   933   952 W SignalStrength: Size of signalstrength parcel:176
02-03 22:37:58.393  1338  1352 W SignalStrength: Size of signalstrength parcel:176
02-03 22:37:58.393  1010  1022 W SignalStrength: Size of signalstrength parcel:176
02-03 22:37:58.393  1620  1671 W SignalStrength: Size of signalstrength parcel:176
02-03 22:37:58.393  3504  3517 W SignalStrength: Size of signalstrength parcel:176
02-03 22:37:58.393  1620  2657 W SignalStrength: Size of signalstrength parcel:176
02-03 22:37:58.393  1010  1351 W SignalStrength: Size of signalstrength parcel:176
02-03 22:37:58.393  3225  3237 W SignalStrength: Size of signalstrength parcel:176
02-03 22:37:58.393  1620  1688 W SignalStrength: Size of signalstrength parcel:176
02-03 22:37:58.393   370  1102 W SignalStrength: getLevel=3 (SignalStrength: 12 -1 -1 -1 -1 -1 -1 99 2147483647 2147483647 2147483647 -1 2147483647 gsm|lte 0x3)
02-03 22:37:58.393   933   933 W SignalStrength: getGsmLevel=3
02-03 22:37:58.393   933   933 W SignalStrength: getLevel=3 (SignalStrength: 12 -1 -1 -1 -1 -1 -1 99 2147483647 2147483647 2147483647 -1 2147483647 gsm|lte 0x3)
02-03 22:37:58.403   933   933 W SignalStrength: getGsmLevel=3
02-03 22:37:58.403   933   933 W SignalStrength: getLevel=3 (SignalStrength: 12 -1 -1 -1 -1 -1 -1 99 2147483647 2147483647 2147483647 -1 2147483647 gsm|lte 0x3)
02-03 22:37:58.403  1043  1536 D GsmSST  : getCellLocation(): X good mCellLoc=[11292,39705431,-1]
02-03 22:37:58.413  1043  1060 D GsmSST  : getCellLocation(): X good mCellLoc=[11292,39705431,-1]
02-03 22:37:59.314  1338  5111 W SignalStrength: getGsmLevel=3
02-03 22:37:59.314  1338  5111 W SignalStrength: getLevel=3 (SignalStrength: 12 -1 -1 -1 -1 -1 -1 99 2147483647 2147483647 2147483647 -1 2147483647 gsm|lte 0x3)
02-03 22:37:59.654   241   672 E RIL-RAWDATA: 01 12 00 80 03 01 04 00 00 51 00 06 00 13 03 00 A6 08 00 
02-03 22:37:59.654   241   672 D RIL-QMI : qmuxd: TX message on fd=25, to clientID = 1, len=53
02-03 22:37:59.654   141   687 E RILD    : QmiUnsolicitedCallback: msgId(81)
02-03 22:37:59.654   141   269 E RILD    : ReceiveMessage: svc(NAS), msg(0x51:QMI_NAS_SIG_INFO_IND), indi(1), size(56), err(0)
02-03 22:37:59.654   141   269 E RILD    : IsConsideredRegistered: Cache hit 1
02-03 22:37:59.654   141   269 E RILD    : need sig info-1, need err rate-0
02-03 22:37:59.654   141   269 E RILD    : Request for Signal Info
02-03 22:37:59.654   141   269 E RILD    : SendMessage: svc(NAS), msg(0x4F:QMI_NAS_GET_SIG_INFO), sync(1), internal(1), size(0)
02-03 22:37:59.654   241   241 D RIL-QMI : qmuxd: RX 47 bytes on fd=25 from qmux_client_id=1
02-03 22:37:59.654   241   241 E RIL-RAWDATA: 01 0C 00 00 03 01 00 74 00 4F 00 00 00 
02-03 22:37:59.654   241   241 D RIL-QMI : [SMDPORT] >> BEFORE, Write SMD Port [fd = 11] [msg_len = 13]
02-03 22:37:59.654   241   241 D RIL-QMI : [SMDPORT] << AFTER, Write SMD Port [rc = 0]
02-03 22:37:59.654   241   672 E RIL-RAWDATA: 01 1E 00 80 03 01 02 74 00 4F 00 12 00 02 04 00 00 00 00 00 13 03 00 A6 08 00 20 02 00 03 00 
02-03 22:37:59.654   241   672 D RIL-QMI : qmuxd: TX message on fd=25, to clientID = 1, len=65
02-03 22:37:59.654   141   269 E RILD    : ReceiveMessage: svc(NAS), msg(0x4F:QMI_NAS_GET_SIG_INFO), indi(0), size(68), err(0)
02-03 22:37:59.654   141   269 E RILD    : Result(0), Error(0)
02-03 22:37:59.654   141   269 E RILD    : Signal Strength: [3, 12, 255, -1, -1, -1, -1, -1, -1, -1, -1, 2147483647, -1, 2147483647]
02-03 22:37:59.654   141   802 E RILD    : GLNET-MGR: evt(201)
02-03 22:37:59.654   141   802 E RILD    : NET-MGR: EVENT_NETWORK_SIGNAL_STRENGTH
02-03 22:37:59.654   141   802 E RILD    : OnNetworkSignalStrength() - mSignalBar: 3
02-03 22:37:59.654  1043  1230 W SignalStrength: Size of signalstrength parcel:60
02-03 22:37:59.654  1043  1043 W SignalStrength: Signal before validate=SignalStrength: 780 255 -1 -1 -1 -1 -1 -1 -1 -1 2147483647 -1 2147483647 gsm|lte 0x0
02-03 22:37:59.654  1043  1043 W SignalStrength: Signal after validate=SignalStrength: 780 255 -120 -160 -120 -1 -1 99 2147483647 2147483647 2147483647 -1 2147483647 gsm|lte 0x0
02-03 22:37:59.654  1043  1043 W SignalStrength: initialize: SignalStrength: 12 -1 -1 -1 -1 -1 -1 99 2147483647 2147483647 2147483647 -1 2147483647 gsm|lte 0x3
02-03 22:37:59.654   370  1147 W SignalStrength: Size of signalstrength parcel:172
02-03 22:37:59.654  1338  1350 W SignalStrength: Size of signalstrength parcel:176
02-03 22:37:59.664  1010  1351 W SignalStrength: Size of signalstrength parcel:176
02-03 22:37:59.664  1010  1351 W SignalStrength: Size of signalstrength parcel:176
02-03 22:37:59.664  1620  2657 W SignalStrength: Size of signalstrength parcel:176
02-03 22:37:59.664   933   955 W SignalStrength: Size of signalstrength parcel:176
02-03 22:37:59.664   933   933 W SignalStrength: getGsmLevel=3
02-03 22:37:59.664   933   933 W SignalStrength: getLevel=3 (SignalStrength: 12 -1 -1 -1 -1 -1 -1 99 2147483647 2147483647 2147483647 -1 2147483647 gsm|lte 0x3)
02-03 22:37:59.664   933   933 W SignalStrength: getGsmLevel=3
02-03 22:37:59.664   933   933 W SignalStrength: getLevel=3 (SignalStrength: 12 -1 -1 -1 -1 -1 -1 99 2147483647 2147483647 2147483647 -1 2147483647 gsm|lte 0x3)
02-03 22:37:59.664  1620  2677 W SignalStrength: Size of signalstrength parcel:176
02-03 22:37:59.664  1620  2677 W SignalStrength: Size of signalstrength parcel:176
02-03 22:37:59.664  3225  3239 W SignalStrength: Size of signalstrength parcel:176
02-03 22:37:59.664  3504  3518 W SignalStrength: Size of signalstrength parcel:176
02-03 22:37:59.674   370  1147 W SignalStrength: getGsmLevel=3
02-03 22:37:59.674   370  1147 W SignalStrength: getLevel=3 (SignalStrength: 12 -1 -1 -1 -1 -1 -1 99 2147483647 2147483647 2147483647 -1 2147483647 gsm|lte 0x3)
02-03 22:37:59.674  1043  1567 D GsmSST  : getCellLocation(): X good mCellLoc=[11292,39705431,-1]
02-03 22:38:00.345  1338  5111 W SignalStrength: getGsmLevel=3
02-03 22:38:00.355  1338  5111 W SignalStrength: getLevel=3 (SignalStrength: 12 -1 -1 -1 -1 -1 -1 99 2147483647 2147483647 2147483647 -1 2147483647 gsm|lte 0x3)
02-03 22:38:01.326  1338  5111 W SignalStrength: getGsmLevel=3
02-03 22:38:01.326  1338  5111 W SignalStrength: getLevel=3 (SignalStrength: 12 -1 -1 -1 -1 -1 -1 99 2147483647 2147483647 2147483647 -1 2147483647 gsm|lte 0x3)
02-03 22:38:02.337  1338  5111 W SignalStrength: getGsmLevel=3
02-03 22:38:02.337  1338  5111 W SignalStrength: getLevel=3 (SignalStrength: 12 -1 -1 -1 -1 -1 -1 99 2147483647 2147483647 2147483647 -1 2147483647 gsm|lte 0x3)
02-03 22:38:03.378  1338  5111 W SignalStrength: getGsmLevel=3
02-03 22:38:03.378  1338  5111 W SignalStrength: getLevel=3 (SignalStrength: 12 -1 -1 -1 -1 -1 -1 99 2147483647 2147483647 2147483647 -1 2147483647 gsm|lte 0x3)
02-03 22:38:03.498   241   672 E RIL-RAWDATA: 01 12 00 80 03 01 04 00 00 51 00 06 00 13 03 00 A7 07 00 
02-03 22:38:03.498   241   672 D RIL-QMI : qmuxd: TX message on fd=25, to clientID = 1, len=53
02-03 22:38:03.498   141   687 E RILD    : QmiUnsolicitedCallback: msgId(81)
02-03 22:38:03.498   141   269 E RILD    : ReceiveMessage: svc(NAS), msg(0x51:QMI_NAS_SIG_INFO_IND), indi(1), size(56), err(0)
02-03 22:38:03.498   141   269 E RILD    : IsConsideredRegistered: Cache hit 1
02-03 22:38:03.498   141   269 E RILD    : need sig info-1, need err rate-0
02-03 22:38:03.498   141   269 E RILD    : Request for Signal Info
02-03 22:38:03.498   141   269 E RILD    : SendMessage: svc(NAS), msg(0x4F:QMI_NAS_GET_SIG_INFO), sync(1), internal(1), size(0)
