02-03 22:36:50.190  7673  7690 W ResourceType: No known package when getting name for resource number 0xffffffff
02-03 22:36:50.190  7673  7690 W ResourceType: No known package when getting name for resource number 0xffffffff
02-03 22:36:50.240  7673  7690 W ResourceType: No known package when getting name for resource number 0xffffffff
02-03 22:36:50.240  7673  7690 W ResourceType: No known package when getting name for resource number 0xffffffff
02-03 22:36:50.240  7673  7690 W ResourceType: No known package when getting name for resource number 0xffffffff
02-03 22:36:50.240  7673  7690 W ResourceType: No known package when getting name for resource number 0xffffffff
02-03 22:36:50.250  7673  7690 W ResourceType: No known package when getting name for resource number 0xffffffff
02-03 22:36:50.250  7673  7690 W ResourceType: No known package when getting name for resource number 0xffffffff
02-03 22:36:50.250  7673  7690 W ResourceType: No known package when getting name for resource number 0xffffffff
02-03 22:36:50.250  7673  7690 W ResourceType: No known package when getting name for resource number 0xffffffff
02-03 22:36:50.260  7673  7690 W ResourceType: No known package when getting name for resource number 0xffffffff
02-03 22:36:50.260  7673  7690 W ResourceType: No known package when getting name for resource number 0xffffffff
02-03 22:36:50.300  7673  7690 W ResourceType: No known package when getting name for resource number 0xffffffff
02-03 22:36:50.300  7673  7690 W ResourceType: No known package when getting name for resource number 0xffffffff
02-03 22:36:50.310  7673  7690 W ResourceType: No known package when getting name for resource number 0xffffffff
02-03 22:36:50.310  7673  7690 W ResourceType: No known package when getting name for resource number 0xffffffff
02-03 22:36:50.310  7673  7690 W ResourceType: No known package when getting name for resource number 0xffffffff
02-03 22:36:50.310  7673  7690 W ResourceType: No known package when getting name for resource number 0xffffffff
02-03 22:36:50.310  7673  7690 W ResourceType: No known package when getting name for resource number 0xffffffff
02-03 22:36:50.310  7673  7690 W ResourceType: No known package when getting name for resource number 0xffffffff
02-03 22:36:50.320  7673  7690 W ResourceType: No known package when getting name for resource number 0xffffffff
02-03 22:36:50.320  7673  7690 W ResourceType: No known package when getting name for resource number 0xffffffff
02-03 22:36:50.320  7673  7690 W ResourceType: No known package when getting name for resource number 0xffffffff
02-03 22:36:50.320  7673  7690 W ResourceType: No known package when getting name for resource number 0xffffffff
02-03 22:36:50.330  7673  7690 W ResourceType: No known package when getting name for resource number 0xffffffff
02-03 22:36:50.330  7673  7690 W ResourceType: No known package when getting name for resource number 0xffffffff
02-03 22:36:50.340  7673  7690 W ResourceType: No known package when getting name for resource number 0xffffffff
02-03 22:36:50.340  7673  7673 D AbsListView: unregisterIRListener() is called 
02-03 22:36:50.340  7673  7690 W ResourceType: No known package when getting name for resource number 0xffffffff
02-03 22:36:50.340  7673  7690 W ResourceType: No known package when getting name for resource number 0xffffffff
02-03 22:36:50.340  7673  7690 W ResourceType: No known package when getting name for resource number 0xffffffff
02-03 22:36:50.350  7673  7690 W ResourceType: No known package when getting name for resource number 0xffffffff
02-03 22:36:50.350  7673  7690 W ResourceType: No known package when getting name for resource number 0xffffffff
02-03 22:36:50.360  7673  7690 W ResourceType: No known package when getting name for resource number 0xffffffff
02-03 22:36:50.360  7673  7690 W ResourceType: No known package when getting name for resource number 0xffffffff
02-03 22:36:50.360  7673  7690 W ResourceType: No known package when getting name for resource number 0xffffffff
02-03 22:36:50.400  7673  7690 W ResourceType: No known package when getting name for resource number 0xffffffff
02-03 22:36:50.400  7673  7690 W ResourceType: No known package when getting name for resource number 0xffffffff
02-03 22:36:50.400  7673  7690 W ResourceType: No known package when getting name for resource number 0xffffffff
02-03 22:36:50.410  7673  7690 W ResourceType: No known package when getting name for resource number 0xffffffff
02-03 22:36:50.410  7673  7690 W ResourceType: No known package when getting name for resource number 0xffffffff
02-03 22:36:50.410  7673  7690 W ResourceType: No known package when getting name for resource number 0xffffffff
02-03 22:36:50.410  7673  7690 W ResourceType: No known package when getting name for resource number 0xffffffff
02-03 22:36:50.420  7673  7690 W ResourceType: No known package when getting name for resource number 0xffffffff
02-03 22:36:50.420  7673  7690 W ResourceType: No known package when getting name for resource number 0xffffffff
02-03 22:36:50.420  7673  7690 W ResourceType: No known package when getting name for resource number 0xffffffff
02-03 22:36:50.470  7673  7690 W ResourceType: No known package when getting name for resource number 0xffffffff
02-03 22:36:50.470  7673  7690 W ResourceType: No known package when getting name for resource number 0xffffffff
02-03 22:36:50.470  7673  7690 W ResourceType: No known package when getting name for resource number 0xffffffff
02-03 22:36:50.470  7673  7690 W ResourceType: No known package when getting name for resource number 0xffffffff
02-03 22:36:50.480  7673  7690 W ResourceType: No known package when getting name for resource number 0xffffffff
02-03 22:36:50.480  7673  7690 W ResourceType: No known package when getting name for resource number 0xffffffff
02-03 22:36:50.480  7673  7690 W ResourceType: No known package when getting name for resource number 0xffffffff
02-03 22:36:50.480  7673  7690 W ResourceType: No known package when getting name for resource number 0xffffffff
02-03 22:36:50.490  7673  7690 W ResourceType: No known package when getting name for resource number 0xffffffff
02-03 22:36:50.490  7673  7690 W ResourceType: No known package when getting name for resource number 0xffffffff
02-03 22:36:50.530  7673  7690 W ResourceType: No known package when getting name for resource number 0xffffffff
02-03 22:36:50.540  7673  7690 W ResourceType: No known package when getting name for resource number 0xffffffff
02-03 22:36:50.540  7673  7690 W ResourceType: No known package when getting name for resource number 0xffffffff
02-03 22:36:50.540  7673  7690 W ResourceType: No known package when getting name for resource number 0xffffffff
02-03 22:36:50.540  7673  7690 W ResourceType: No known package when getting name for resource number 0xffffffff
02-03 22:36:50.550  7673  7690 W ResourceType: No known package when getting name for resource number 0xffffffff
02-03 22:36:50.550  7673  7690 W ResourceType: No known package when getting name for resource number 0xffffffff
02-03 22:36:50.550  7673  7690 W ResourceType: No known package when getting name for resource number 0xffffffff
02-03 22:36:50.560  7673  7843 I APACHE HTTP (thCr=1) - NafHttpAuthStrategyDefault: (thUse=804)    cached value : gbaSupportIsPossible=false
02-03 22:36:50.560  7673  7843 I APACHE HTTP (thCr=1) - NafHttpAuthStrategyDefault: (thUse=804) It is impossible to support GBA now (many possible reasons: no Android Context, current client is GBA service, etc.), then it will be just usual HTTP.
02-03 22:36:50.560  7673  7843 I APACHE HTTP (thCr=804) - NafRequestExecutorWrapperRedirectionHandler: (thUse=804)    It isn't GBA flow, redirection responses are not handled.
02-03 22:36:50.560  7673  7843 I FbHttpClientImpl$2: executeRequestSending()   director.getClass()=class org.apache.http.impl.client.DefaultRequestDirector
02-03 22:36:50.570  7673  7690 W ResourceType: No known package when getting name for resource number 0xffffffff
02-03 22:36:50.570  7673  7690 W ResourceType: No known package when getting name for resource number 0xffffffff
02-03 22:36:50.740  7673  7690 D dalvikvm: GC_FOR_ALLOC freed 3706K, 20% free 21278K/26400K, paused 109ms, total 111ms
02-03 22:36:50.760  7673  7843 I FbHttpClientImpl$2: execute()#finished
02-03 22:36:50.800  7673  7690 W ResourceType: No known package when getting name for resource number 0xffffffff
02-03 22:36:50.800  7673  7690 W ResourceType: No known package when getting name for resource number 0xffffffff
02-03 22:36:50.800  7673  7690 W ResourceType: No known package when getting name for resource number 0xffffffff
02-03 22:36:50.800  7673  7690 W ResourceType: No known package when getting name for resource number 0xffffffff
02-03 22:36:50.800  7673  7690 W ResourceType: No known package when getting name for resource number 0xffffffff
02-03 22:36:50.800  7673  7690 W ResourceType: No known package when getting name for resource number 0xffffffff
02-03 22:36:50.810  7673  7690 W ResourceType: No known package when getting name for resource number 0xffffffff
02-03 22:36:50.810  7673  7690 W ResourceType: No known package when getting name for resource number 0xffffffff
02-03 22:36:50.810  7673  7690 W ResourceType: No known package when getting name for resource number 0xffffffff
02-03 22:36:50.810  7673  7690 W ResourceType: No known package when getting name for resource number 0xffffffff
02-03 22:36:50.860  7673  7690 W ResourceType: No known package when getting name for resource number 0xffffffff
02-03 22:36:50.870  7673  7690 W ResourceType: No known package when getting name for resource number 0xffffffff
02-03 22:36:50.870  7673  7690 W ResourceType: No known package when getting name for resource number 0xffffffff
02-03 22:36:50.870  7673  7690 W ResourceType: No known package when getting name for resource number 0xffffffff
02-03 22:36:50.870  7673  7690 W ResourceType: No known package when getting name for resource number 0xffffffff
02-03 22:36:50.881  7673  7690 W ResourceType: No known package when getting name for resource number 0xffffffff
02-03 22:36:50.881  7673  7690 W ResourceType: No known package when getting name for resource number 0xffffffff
02-03 22:36:50.881  7673  7690 W ResourceType: No known package when getting name for resource number 0xffffffff
02-03 22:36:50.881  7673  7690 W ResourceType: No known package when getting name for resource number 0xffffffff
02-03 22:36:50.881  7673  7690 W ResourceType: No known package when getting name for resource number 0xffffffff
02-03 22:36:50.921  7673  7690 W ResourceType: No known package when getting name for resource number 0xffffffff
02-03 22:36:50.921  7673  7690 W ResourceType: No known package when getting name for resource number 0xffffffff
02-03 22:36:50.921  7673  7690 W ResourceType: No known package when getting name for resource number 0xffffffff
02-03 22:36:50.921  7673  7690 W ResourceType: No known package when getting name for resource number 0xffffffff
02-03 22:36:50.931  7673  7690 W ResourceType: No known package when getting name for resource number 0xffffffff
02-03 22:36:50.931  7673  7690 W ResourceType: No known package when getting name for resource number 0xffffffff
02-03 22:36:50.931  7673  7690 W ResourceType: No known package when getting name for resource number 0xffffffff
02-03 22:36:50.931  7673  7690 W ResourceType: No known package when getting name for resource number 0xffffffff
02-03 22:36:50.941  7673  7690 W ResourceType: No known package when getting name for resource number 0xffffffff
02-03 22:36:50.941  7673  7690 W ResourceType: No known package when getting name for resource number 0xffffffff
02-03 22:36:50.981  7673  7690 W ResourceType: No known package when getting name for resource number 0xffffffff
02-03 22:36:50.981  7673  7690 W ResourceType: No known package when getting name for resource number 0xffffffff
02-03 22:36:50.981  7673  7690 W ResourceType: No known package when getting name for resource number 0xffffffff
02-03 22:36:50.981  7673  7690 W ResourceType: No known package when getting name for resource number 0xffffffff
02-03 22:36:50.981  7673  7690 W ResourceType: No known package when getting name for resource number 0xffffffff
02-03 22:36:50.991  7673  7690 W ResourceType: No known package when getting name for resource number 0xffffffff
02-03 22:36:50.991  7673  7690 W ResourceType: No known package when getting name for resource number 0xffffffff
02-03 22:36:50.991  7673  7690 W ResourceType: No known package when getting name for resource number 0xffffffff
02-03 22:36:50.991  7673  7690 W ResourceType: No known package when getting name for resource number 0xffffffff
02-03 22:36:50.991  7673  7690 W ResourceType: No known package when getting name for resource number 0xffffffff
02-03 22:36:51.031  7673  7690 W ResourceType: No known package when getting name for resource number 0xffffffff
02-03 22:36:51.031  7673  7690 W ResourceType: No known package when getting name for resource number 0xffffffff
02-03 22:36:51.031  7673  7690 W ResourceType: No known package when getting name for resource number 0xffffffff
02-03 22:36:51.031  7673  7690 W ResourceType: No known package when getting name for resource number 0xffffffff
02-03 22:36:51.031  7673  7690 W ResourceType: No known package when getting name for resource number 0xffffffff
02-03 22:36:51.041  7673  7690 W ResourceType: No known package when getting name for resource number 0xffffffff
02-03 22:36:51.041  7673  7690 W ResourceType: No known package when getting name for resource number 0xffffffff
02-03 22:36:51.041  7673  7690 W ResourceType: No known package when getting name for resource number 0xffffffff
02-03 22:36:51.051  7673  7690 W ResourceType: No known package when getting name for resource number 0xffffffff
02-03 22:36:51.051  7673  7690 W ResourceType: No known package when getting name for resource number 0xffffffff
02-03 22:36:51.081  7673  7690 W ResourceType: No known package when getting name for resource number 0xffffffff
02-03 22:36:51.091  7673  7690 W ResourceType: No known package when getting name for resource number 0xffffffff
02-03 22:36:51.091  7673  7690 W ResourceType: No known package when getting name for resource number 0xffffffff
02-03 22:36:51.091  7673  7690 W ResourceType: No known package when getting name for resource number 0xffffffff
02-03 22:36:51.091  7673  7690 W ResourceType: No known package when getting name for resource number 0xffffffff
02-03 22:36:51.091  7673  7690 W ResourceType: No known package when getting name for resource number 0xffffffff
02-03 22:36:51.091  7673  7690 W ResourceType: No known package when getting name for resource number 0xffffffff
02-03 22:36:51.101  7673  7690 W ResourceType: No known package when getting name for resource number 0xffffffff
02-03 22:36:51.101  7673  7690 W ResourceType: No known package when getting name for resource number 0xffffffff
02-03 22:36:51.101  7673  7690 W ResourceType: No known package when getting name for resource number 0xffffffff
02-03 22:36:51.151  7673  7690 W ResourceType: No known package when getting name for resource number 0xffffffff
02-03 22:36:51.151  7673  7690 W ResourceType: No known package when getting name for resource number 0xffffffff
02-03 22:36:51.151  7673  7690 W ResourceType: No known package when getting name for resource number 0xffffffff
02-03 22:36:51.151  7673  7690 W ResourceType: No known package when getting name for resource number 0xffffffff
02-03 22:36:51.151  7673  7690 W ResourceType: No known package when getting name for resource number 0xffffffff
02-03 22:36:51.161  7673  7690 W ResourceType: No known package when getting name for resource number 0xffffffff
02-03 22:36:51.161  7673  7690 W ResourceType: No known package when getting name for resource number 0xffffffff
02-03 22:36:51.161  7673  7690 W ResourceType: No known package when getting name for resource number 0xffffffff
02-03 22:36:51.161  7673  7690 W ResourceType: No known package when getting name for resource number 0xffffffff
02-03 22:36:51.161  7673  7690 W ResourceType: No known package when getting name for resource number 0xffffffff
02-03 22:36:51.201  7673  7690 W ResourceType: No known package when getting name for resource number 0xffffffff
02-03 22:36:51.201  7673  7690 W ResourceType: No known package when getting name for resource number 0xffffffff
02-03 22:36:51.201  7673  7690 W ResourceType: No known package when getting name for resource number 0xffffffff
02-03 22:36:51.201  7673  7690 W ResourceType: No known package when getting name for resource number 0xffffffff
02-03 22:36:51.211  7673  7690 W ResourceType: No known package when getting name for resource number 0xffffffff
02-03 22:36:51.211  7673  7690 W ResourceType: No known package when getting name for resource number 0xffffffff
02-03 22:36:51.211  7673  7690 W ResourceType: No known package when getting name for resource number 0xffffffff
02-03 22:36:51.211  7673  7690 W ResourceType: No known package when getting name for resource number 0xffffffff
02-03 22:36:51.211  7673  7690 W ResourceType: No known package when getting name for resource number 0xffffffff
02-03 22:36:51.221  7673  7690 W ResourceType: No known package when getting name for resource number 0xffffffff
02-03 22:36:51.251  7673  7690 W ResourceType: No known package when getting name for resource number 0xffffffff
02-03 22:36:51.251  7673  7690 W ResourceType: No known package when getting name for resource number 0xffffffff
02-03 22:36:51.251  7673  7690 W ResourceType: No known package when getting name for resource number 0xffffffff
02-03 22:36:51.251  7673  7690 W ResourceType: No known package when getting name for resource number 0xffffffff
02-03 22:36:51.261  7673  7690 W ResourceType: No known package when getting name for resource number 0xffffffff
02-03 22:36:51.261  7673  7690 W ResourceType: No known package when getting name for resource number 0xffffffff
02-03 22:36:51.261  7673  7690 W ResourceType: No known package when getting name for resource number 0xffffffff
02-03 22:36:51.261  7673  7690 W ResourceType: No known package when getting name for resource number 0xffffffff
02-03 22:36:51.271  7673  7690 W ResourceType: No known package when getting name for resource number 0xffffffff
02-03 22:36:51.271  7673  7690 W ResourceType: No known package when getting name for resource number 0xffffffff
02-03 22:36:51.301  7673  7690 W ResourceType: No known package when getting name for resource number 0xffffffff
02-03 22:36:51.301  7673  7690 W ResourceType: No known package when getting name for resource number 0xffffffff
02-03 22:36:51.301  7673  7690 W ResourceType: No known package when getting name for resource number 0xffffffff
02-03 22:36:51.311  7673  7690 W ResourceType: No known package when getting name for resource number 0xffffffff
02-03 22:36:51.311  7673  7690 W ResourceType: No known package when getting name for resource number 0xffffffff
02-03 22:36:51.311  7673  7690 W ResourceType: No known package when getting name for resource number 0xffffffff
02-03 22:36:51.321  7673  7690 W ResourceType: No known package when getting name for resource number 0xffffffff
02-03 22:36:51.321  7673  7690 W ResourceType: No known package when getting name for resource number 0xffffffff
02-03 22:36:51.321  7673  7690 W ResourceType: No known package when getting name for resource number 0xffffffff
02-03 22:36:51.321  7673  7690 W ResourceType: No known package when getting name for resource number 0xffffffff
02-03 22:36:51.371  7673  7690 W ResourceType: No known package when getting name for resource number 0xffffffff
02-03 22:36:51.371  7673  7690 W ResourceType: No known package when getting name for resource number 0xffffffff
02-03 22:36:51.371  7673  7690 W ResourceType: No known package when getting name for resource number 0xffffffff
02-03 22:36:51.371  7673  7690 W ResourceType: No known package when getting name for resource number 0xffffffff
02-03 22:36:51.381  7673  7690 W ResourceType: No known package when getting name for resource number 0xffffffff
02-03 22:36:51.381  7673  7690 W ResourceType: No known package when getting name for resource number 0xffffffff
02-03 22:36:51.381  7673  7690 W ResourceType: No known package when getting name for resource number 0xffffffff
02-03 22:36:51.391  7673  7690 W ResourceType: No known package when getting name for resource number 0xffffffff
02-03 22:36:51.391  7673  7690 W ResourceType: No known package when getting name for resource number 0xffffffff
02-03 22:36:51.391  7673  7690 W ResourceType: No known package when getting name for resource number 0xffffffff
02-03 22:36:51.451  7673  7690 W ResourceType: No known package when getting name for resource number 0xffffffff
02-03 22:36:51.451  7673  7690 W ResourceType: No known package when getting name for resource number 0xffffffff
02-03 22:36:51.451  7673  7690 W ResourceType: No known package when getting name for resource number 0xffffffff
02-03 22:36:51.451  7673  7690 W ResourceType: No known package when getting name for resource number 0xffffffff
02-03 22:36:51.451  7673  7690 W ResourceType: No known package when getting name for resource number 0xffffffff
02-03 22:36:51.461  7673  7690 W ResourceType: No known package when getting name for resource number 0xffffffff
02-03 22:36:51.461  7673  7690 W ResourceType: No known package when getting name for resource number 0xffffffff
02-03 22:36:51.471  7673  7690 W ResourceType: No known package when getting name for resource number 0xffffffff
02-03 22:36:51.471  7673  7690 W ResourceType: No known package when getting name for resource number 0xffffffff
02-03 22:36:51.471  7673  7690 W ResourceType: No known package when getting name for resource number 0xffffffff
02-03 22:36:51.591  7673  7690 D dalvikvm: GC_FOR_ALLOC freed 3774K, 20% free 21285K/26476K, paused 99ms, total 101ms
02-03 22:36:51.621   184   184 E SMD     : DCD ON
02-03 22:36:51.641  7673  7690 W ResourceType: No known package when getting name for resource number 0xffffffff
02-03 22:36:51.641  7673  7690 W ResourceType: No known package when getting name for resource number 0xffffffff
02-03 22:36:51.641  7673  7690 W ResourceType: No known package when getting name for resource number 0xffffffff
02-03 22:36:51.641  7673  7690 W ResourceType: No known package when getting name for resource number 0xffffffff
02-03 22:36:51.651  7673  7690 W ResourceType: No known package when getting name for resource number 0xffffffff
02-03 22:36:51.651  7673  7690 W ResourceType: No known package when getting name for resource number 0xffffffff
02-03 22:36:51.661  7673  7690 W ResourceType: No known package when getting name for resource number 0xffffffff
02-03 22:36:51.661  7673  7690 W ResourceType: No known package when getting name for resource number 0xffffffff
02-03 22:36:51.671  7673  7690 W ResourceType: No known package when getting name for resource number 0xffffffff
02-03 22:36:51.671  7673  7690 W ResourceType: No known package when getting name for resource number 0xffffffff
02-03 22:36:51.711  7673  7690 W ResourceType: No known package when getting name for resource number 0xffffffff
02-03 22:36:51.711  7673  7690 W ResourceType: No known package when getting name for resource number 0xffffffff
02-03 22:36:51.711  7673  7690 D ROBOT_UTIL_ALF: OMG, cannot find view for class name:com.facebook.feed.ui.StoryContentTextView
02-03 22:36:51.751  7673  7690 W ResourceType: No known package when getting name for resource number 0xffffffff
02-03 22:36:51.751  7673  7690 W ResourceType: No known package when getting name for resource number 0xffffffff
02-03 22:36:51.751  7673  7690 D ROBOT_UTIL_ALF: OMG, cannot find view for class name:android.widget.TextView
02-03 22:36:51.791  7673  7690 W ResourceType: No known package when getting name for resource number 0xffffffff
02-03 22:36:51.791  7673  7690 W ResourceType: No known package when getting name for resource number 0xffffffff
02-03 22:36:51.791  7673  7690 D ROBOT_UTIL_ALF: OMG, cannot find view for class name:com.facebook.feed.ui.StoryContentTextView
02-03 22:36:51.822  7673  7690 W ResourceType: No known package when getting name for resource number 0xffffffff
02-03 22:36:51.822  7673  7690 W ResourceType: No known package when getting name for resource number 0xffffffff
02-03 22:36:51.832  7673  7690 W ResourceType: No known package when getting name for resource number 0xffffffff
02-03 22:36:51.832  7673  7690 W ResourceType: No known package when getting name for resource number 0xffffffff
02-03 22:36:51.832  7673  7690 W ResourceType: No known package when getting name for resource number 0xffffffff
02-03 22:36:51.832  7673  7690 D ROBOT_UTIL_ALF: OMG, cannot find view for class name:com.facebook.feed.ui.StoryContentTextView
02-03 22:36:51.872  7673  7690 W ResourceType: No known package when getting name for resource number 0xffffffff
02-03 22:36:51.872  7673  7690 W ResourceType: No known package when getting name for resource number 0xffffffff
02-03 22:36:51.872  7673  7690 W ResourceType: No known package when getting name for resource number 0xffffffff
02-03 22:36:51.882  7673  7690 W ResourceType: No known package when getting name for resource number 0xffffffff
02-03 22:36:51.882  7673  7690 W ResourceType: No known package when getting name for resource number 0xffffffff
02-03 22:36:51.882  7673  7690 D ROBOT_UTIL_ALF: OMG, cannot find view for class name:android.widget.TextView
02-03 22:36:51.922  7673  7690 W ResourceType: No known package when getting name for resource number 0xffffffff
02-03 22:36:51.922  7673  7690 W ResourceType: No known package when getting name for resource number 0xffffffff
02-03 22:36:51.922  7673  7690 W ResourceType: No known package when getting name for resource number 0xffffffff
02-03 22:36:51.922  7673  7690 W ResourceType: No known package when getting name for resource number 0xffffffff
02-03 22:36:51.922  7673  7690 W ResourceType: No known package when getting name for resource number 0xffffffff
02-03 22:36:51.932  7673  7690 D ROBOT_UTIL_ALF: OMG, cannot find view for class name:com.facebook.feed.ui.StoryContentTextView
02-03 22:36:51.962  7673  7690 W ResourceType: No known package when getting name for resource number 0xffffffff
02-03 22:36:51.962  7673  7690 W ResourceType: No known package when getting name for resource number 0xffffffff
02-03 22:36:52.002  7673  7690 W ResourceType: No known package when getting name for resource number 0xffffffff
02-03 22:36:52.002  7673  7690 W ResourceType: No known package when getting name for resource number 0xffffffff
02-03 22:36:52.062  7673  7690 W ResourceType: No known package when getting name for resource number 0xffffffff
02-03 22:36:52.062  7673  7690 W ResourceType: No known package when getting name for resource number 0xffffffff
02-03 22:36:52.122  7673  7690 W ResourceType: No known package when getting name for resource number 0xffffffff
02-03 22:36:52.122  7673  7690 W ResourceType: No known package when getting name for resource number 0xffffffff
02-03 22:36:52.122  7673  7690 W ResourceType: No known package when getting name for resource number 0xffffffff
02-03 22:36:52.122  7673  7690 W ResourceType: No known package when getting name for resource number 0xffffffff
02-03 22:36:52.122  7673  7690 W ResourceType: No known package when getting name for resource number 0xffffffff
02-03 22:36:52.132  7673  7690 W ResourceType: No known package when getting name for resource number 0xffffffff
02-03 22:36:52.132  7673  7690 W ResourceType: No known package when getting name for resource number 0xffffffff
02-03 22:36:52.132  7673  7690 W ResourceType: No known package when getting name for resource number 0xffffffff
02-03 22:36:52.142  7673  7690 W ResourceType: No known package when getting name for resource number 0xffffffff
02-03 22:36:52.142  7673  7690 W ResourceType: No known package when getting name for resource number 0xffffffff
02-03 22:36:52.142  7673  7690 W ResourceType: No known package when getting name for resource number 0xffffffff
02-03 22:36:52.152  7673  7690 W ResourceType: No known package when getting name for resource number 0xffffffff
02-03 22:36:52.152  7673  7690 W ResourceType: No known package when getting name for resource number 0xffffffff
02-03 22:36:52.152  7673  7690 W ResourceType: No known package when getting name for resource number 0xffffffff
02-03 22:36:52.152  7673  7690 W ResourceType: No known package when getting name for resource number 0xffffffff
02-03 22:36:52.152  7673  7690 W ResourceType: No known package when getting name for resource number 0xffffffff
02-03 22:36:52.162  7673  7690 W ResourceType: No known package when getting name for resource number 0xffffffff
02-03 22:36:52.162  7673  7690 W ResourceType: No known package when getting name for resource number 0xffffffff
02-03 22:36:52.162  7673  7690 W ResourceType: No known package when getting name for resource number 0xffffffff
02-03 22:36:52.162  7673  7690 W ResourceType: No known package when getting name for resource number 0xffffffff
02-03 22:36:52.172  7673  7690 W ResourceType: No known package when getting name for resource number 0xffffffff
02-03 22:36:52.182  7673  7690 D ROBOT_EVENT_ALF: EVENT: click on (379.5,206.0)
02-03 22:36:52.182   142   248 D qdutils : getuiClearRegion:70 wormRect( l = 0 t = 0 r = 720  b = 1280) 
02-03 22:36:52.182   142   248 D qdutils : getuiClearRegion:76 FinalwormRect( l = 0 t = 0 r = 720  b = 1280) 
02-03 22:36:52.212   370   744 D WifiStateMachine: handleMessage: E msg.what=131155
02-03 22:36:52.212   370   744 D WifiStateMachine: processMsg: ConnectedState
02-03 22:36:52.212   370   744 D WifiStateMachine: processMsg: L2ConnectedState
02-03 22:36:52.212   370   744 D WifiNative-wlan0: doString: SIGNAL_POLL
02-03 22:36:52.232   370   744 D WifiStateMachine: fetchRssiAndLinkSpeedNative - newRSSI:-70, newLinkSpeed:81
02-03 22:36:52.232   370   744 D WifiStateMachine: handleMessage: X
02-03 22:36:52.482  1110  1110 W Settings: Setting airplane_mode_on has moved from android.provider.Settings.System to android.provider.Settings.Global, returning read-only value.
02-03 22:36:52.482  1110  1110 W Settings: Setting mobile_data has moved from android.provider.Settings.Secure to android.provider.Settings.Global.
02-03 22:36:52.672   370   711 I InputDispatcher: Delivering touch to: x: 379.500, y: 206.000, action: 0x0, channel '43a39800 com.facebook.katana/com.facebook.katana.activity.FbFragmentChromeActivity (server)', toolType: 0
02-03 22:36:52.692   370   711 I InputDispatcher: Delivering touch to: x: 379.500, y: 206.000, action: 0x1, channel '43a39800 com.facebook.katana/com.facebook.katana.activity.FbFragmentChromeActivity (server)', toolType: 0
02-03 22:36:52.712  7673  7690 D ROBOT_ALF: send time:1391485012725
02-03 22:36:52.732   370  1069 E DatabaseUtils: Writing exception to parcel
02-03 22:36:52.732   370  1069 E DatabaseUtils: java.lang.SecurityException: Permission Denial: get/set setting for user asks to run as user -2 but is calling from user 0; this requires android.permission.INTERACT_ACROSS_USERS_FULL
02-03 22:36:52.732   370  1069 E DatabaseUtils: 	at com.android.server.am.ActivityManagerService.handleIncomingUser(ActivityManagerService.java:13101)
02-03 22:36:52.732   370  1069 E DatabaseUtils: 	at android.app.ActivityManager.handleIncomingUser(ActivityManager.java:2038)
02-03 22:36:52.732   370  1069 E DatabaseUtils: 	at com.android.providers.settings.SettingsProvider.callFromPackage(SettingsProvider.java:607)
02-03 22:36:52.732   370  1069 E DatabaseUtils: 	at android.content.ContentProvider$Transport.call(ContentProvider.java:279)
02-03 22:36:52.732   370  1069 E DatabaseUtils: 	at android.content.ContentProviderNative.onTransact(ContentProviderNative.java:273)
02-03 22:36:52.732   370  1069 E DatabaseUtils: 	at android.os.Binder.execTransact(Binder.java:388)
02-03 22:36:52.732   370  1069 E DatabaseUtils: 	at dalvik.system.NativeStart.run(Native Method)
02-03 22:36:52.753   370  1102 E Parcel  : Class not found when unmarshalling: com.facebook.ipc.photos.MediaPickerEnvironment
02-03 22:36:52.753   370  1102 E Parcel  : java.lang.ClassNotFoundException: com.facebook.ipc.photos.MediaPickerEnvironment
02-03 22:36:52.753   370  1102 E Parcel  : 	at java.lang.Class.classForName(Native Method)
02-03 22:36:52.753   370  1102 E Parcel  : 	at java.lang.Class.forName(Class.java:204)
02-03 22:36:52.753   370  1102 E Parcel  : 	at java.lang.Class.forName(Class.java:169)
02-03 22:36:52.753   370  1102 E Parcel  : 	at android.os.Parcel.readParcelableCreator(Parcel.java:2091)
02-03 22:36:52.753   370  1102 E Parcel  : 	at android.os.Parcel.readParcelable(Parcel.java:2055)
02-03 22:36:52.753   370  1102 E Parcel  : 	at android.os.Parcel.readValue(Parcel.java:1971)
02-03 22:36:52.753   370  1102 E Parcel  : 	at android.os.Parcel.readMapInternal(Parcel.java:2255)
02-03 22:36:52.753   370  1102 E Parcel  : 	at android.os.Bundle.unparcel(Bundle.java:223)
02-03 22:36:52.753   370  1102 E Parcel  : 	at android.os.Bundle.getString(Bundle.java:1082)
02-03 22:36:52.753   370  1102 E Parcel  : 	at android.content.Intent.getStringExtra(Intent.java:4961)
02-03 22:36:52.753   370  1102 E Parcel  : 	at com.android.server.am.ActivityStack.startActivityLocked(ActivityStack.java:3762)
02-03 22:36:52.753   370  1102 E Parcel  : 	at com.android.server.am.ActivityStack.startActivityMayWait(ActivityStack.java:4978)
02-03 22:36:52.753   370  1102 E Parcel  : 	at com.android.server.am.ActivityManagerService.startActivityAsUser(ActivityManagerService.java:3158)
02-03 22:36:52.753   370  1102 E Parcel  : 	at com.android.server.am.ActivityManagerService.startActivity(ActivityManagerService.java:3114)
02-03 22:36:52.753   370  1102 E Parcel  : 	at android.app.ActivityManagerNative.onTransact(ActivityManagerNative.java:157)
02-03 22:36:52.753   370  1102 E Parcel  : 	at com.android.server.am.ActivityManagerService.onTransact(ActivityManagerService.java:2113)
02-03 22:36:52.753   370  1102 E Parcel  : 	at android.os.Binder.execTransact(Binder.java:388)
02-03 22:36:52.753   370  1102 E Parcel  : 	at dalvik.system.NativeStart.run(Native Method)
02-03 22:36:52.753   370  1102 E Parcel  : Caused by: java.lang.NoClassDefFoundError: com/facebook/ipc/photos/MediaPickerEnvironment
02-03 22:36:52.753   370  1102 E Parcel  : 	... 18 more
02-03 22:36:52.753   370  1102 E Parcel  : Caused by: java.lang.ClassNotFoundException: Didn't find class "com.facebook.ipc.photos.MediaPickerEnvironment" on path: .
02-03 22:36:52.753   370  1102 E Parcel  : 	at dalvik.system.BaseDexClassLoader.findClass(BaseDexClassLoader.java:64)
02-03 22:36:52.753   370  1102 E Parcel  : 	at java.lang.ClassLoader.loadClass(ClassLoader.java:501)
02-03 22:36:52.753   370  1102 E Parcel  : 	at java.lang.ClassLoader.loadClass(ClassLoader.java:461)
02-03 22:36:52.753   370  1102 E Parcel  : 	... 18 more
02-03 22:36:52.753   370  1102 I DVFSHelper: acquire:: timeout = -1, mIsAcquired = false
02-03 22:36:52.763   370  1102 I CustomFrequencyManager: newFrequencyRequest  - mFrequency = 1242000, mTimeoutMs = -1, mPkgName = ACTIVITY_RESUME_BOOSTER@5
02-03 22:36:52.763   370  1102 I CustomFrequencyManager: Boost Request from package = ACTIVITY_RESUME_BOOSTER@5 frequency : 1242000type = 6
02-03 22:36:52.763   370  1102 I CustomFrequencyManager: !! pkgName = ACTIVITY_RESUME_BOOSTER@5
02-03 22:36:52.763   370  1102 I CustomFrequencyManager: Request from package name pkgName = ACTIVITY_RESUME_BOOSTER@5
02-03 22:36:52.763   370  1102 I CustomFrequencyManager: mContext is Not Null  mContext.pkgName = android
02-03 22:36:52.763   370  1102 I CustomFrequencyManager: 2 Old token will be reused!
02-03 22:36:52.773   370  1102 I CustomFrequencyManager: CPUDVFSControlRequest : doFrequencyRequest::  = 1242000 Timeout : -1
02-03 22:36:52.773   370  1102 I power   : *** acquire_dvfs_lock : lockType : 1  freq : 1242000 
02-03 22:36:52.773   370  1102 I DVFSHelper: acquire:: timeout = -1, mIsAcquired = false
02-03 22:36:52.773   370  1102 I CustomFrequencyManager: newFrequencyRequest  - mFrequency = 2, mTimeoutMs = -1, mPkgName = ACTIVITY_RESUME_BOOSTER@7
02-03 22:36:52.773   370  1102 I CustomFrequencyManager: Boost Request from package = ACTIVITY_RESUME_BOOSTER@7 frequency : 2type = 4
02-03 22:36:52.773   370  1102 I CustomFrequencyManager: !! pkgName = ACTIVITY_RESUME_BOOSTER@7
02-03 22:36:52.773   370  1102 I CustomFrequencyManager: Request from package name pkgName = ACTIVITY_RESUME_BOOSTER@7
02-03 22:36:52.773   370  1102 I CustomFrequencyManager: mContext is Not Null  mContext.pkgName = android
02-03 22:36:52.773   370  1102 I CustomFrequencyManager: 2 Old token will be reused!
02-03 22:36:52.783   370  1102 I CustomFrequencyManager: CPUCoreControlRequest : doFrequencyRequest::  = 2 Timeout : -1
02-03 22:36:52.783  1699  1703 E MP-Decision: Error setting a sleep mode for secondary cores - -38
02-03 22:36:52.813  7673  7690 D ROBOT_EVENT_ALF: here17com.jayway.android.robotium.solo.Sleeper@428f95e0
02-03 22:36:52.973   370  1102 D dalvikvm: GC_FOR_ALLOC freed 5508K, 20% free 37401K/46680K, paused 151ms, total 158ms
02-03 22:36:53.053   370  1147 D InputDispatcher: Focused application set to: AppWindowToken{44227d38 token=Token{441b6188 ActivityRecord{442279f8 u0 com.facebook.katana/com.facebook.photos.mediapicker.MediaPickerActivity}}}
02-03 22:36:53.053   370  1147 D InputDispatcher: Focus left window: Window{43a39800 u0 com.facebook.katana/com.facebook.katana.activity.FbFragmentChromeActivity}
02-03 22:36:53.113  7673  7673 D SThemeManager: Load theme icons for theme
02-03 22:36:53.133  7673  7673 I DVFSHelper: DVFSHelper:: New instance is created for MULTIWINDOW_MODECHANGED_BOOSTER
02-03 22:36:53.133  7673  7673 I DVFSHelper: DVFSHelper:: New instance is created for MULTIWINDOW_MODECHANGED_BOOSTER
02-03 22:36:53.143  7673  7673 I DVFSHelper: acquire:: timeout = 500, mIsAcquired = false
02-03 22:36:53.153  7673  7673 I CustomFrequencyManager: newFrequencyRequest  - mFrequency = 1242000, mTimeoutMs = 500, mPkgName = MULTIWINDOW_MODECHANGED_BOOSTER@5
02-03 22:36:53.153  7673  7673 I CustomFrequencyManager: Boost Request from package = MULTIWINDOW_MODECHANGED_BOOSTER@5 frequency : 1242000type = 6
02-03 22:36:53.153  7673  7673 I CustomFrequencyManager: !! pkgName = MULTIWINDOW_MODECHANGED_BOOSTER@5
02-03 22:36:53.153  7673  7673 I CustomFrequencyManager: Request from package name pkgName = MULTIWINDOW_MODECHANGED_BOOSTER@5
02-03 22:36:53.153  7673  7673 I CustomFrequencyManager: mContext is Not Null  mContext.pkgName = com.facebook.katana
02-03 22:36:53.153  7673  7673 I CustomFrequencyManager: mToken is Null....Creating New Binder!
02-03 22:36:53.163  7673  7673 I CustomFrequencyManager: CPUDVFSControlRequest : doFrequencyRequest::  = 1242000 Timeout : 500
02-03 22:36:53.163  7673  7673 I DVFSHelper: acquire:: timeout = 500, mIsAcquired = false
02-03 22:36:53.163  7673  7673 I CustomFrequencyManager: newFrequencyRequest  - mFrequency = 2, mTimeoutMs = 500, mPkgName = MULTIWINDOW_MODECHANGED_BOOSTER@6
02-03 22:36:53.163  7673  7673 I CustomFrequencyManager: Boost Request from package = MULTIWINDOW_MODECHANGED_BOOSTER@6 frequency : 2type = 4
02-03 22:36:53.173  7673  7673 I CustomFrequencyManager: !! pkgName = MULTIWINDOW_MODECHANGED_BOOSTER@6
02-03 22:36:53.173  7673  7673 I CustomFrequencyManager: Request from package name pkgName = MULTIWINDOW_MODECHANGED_BOOSTER@6
02-03 22:36:53.173  7673  7673 I CustomFrequencyManager: mContext is Not Null  mContext.pkgName = com.facebook.katana
02-03 22:36:53.173  7673  7673 I CustomFrequencyManager: mToken is Null....Creating New Binder!
02-03 22:36:53.173  7673  7673 I CustomFrequencyManager: CPUCoreControlRequest : doFrequencyRequest::  = 2 Timeout : 500
02-03 22:36:53.193  7673  7673 I DVFSHelper: DVFSHelper:: New instance is created for LIST_SCROLL_BOOSTER
02-03 22:36:53.203  7673  7673 D AbsListView: Get MotionRecognitionManager
02-03 22:36:53.303  7673  7673 D dalvikvm: GC_FOR_ALLOC freed 3081K, 20% free 21250K/26476K, paused 97ms, total 99ms
02-03 22:36:53.303  7673  7673 I dalvikvm-heap: Grow heap (frag case) to 24.267MB for 173072-byte allocation
02-03 22:36:53.413  7673  7673 D dalvikvm: GC_FOR_ALLOC freed 43K, 20% free 21385K/26648K, paused 91ms, total 91ms
02-03 22:36:53.413  7673  7673 I dalvikvm-heap: Grow heap (frag case) to 24.399MB for 173072-byte allocation
02-03 22:36:53.583  7673  7673 D dalvikvm: Trying to load lib /data/app-lib/com.facebook.katana-1/libfb_jpegturbo.so 0x4228d100
02-03 22:36:53.593  7673  7673 D dalvikvm: Added shared lib /data/app-lib/com.facebook.katana-1/libfb_jpegturbo.so 0x4228d100
02-03 22:36:53.593  7673  7673 D dalvikvm: No JNI_OnLoad found in /data/app-lib/com.facebook.katana-1/libfb_jpegturbo.so 0x4228d100, skipping init
02-03 22:36:53.593  7673  7673 D dalvikvm: Trying to load lib /data/app-lib/com.facebook.katana-1/libwebp.so 0x4228d100
02-03 22:36:53.603  7673  7673 D dalvikvm: Added shared lib /data/app-lib/com.facebook.katana-1/libwebp.so 0x4228d100
02-03 22:36:53.603  7673  7673 D dalvikvm: No JNI_OnLoad found in /data/app-lib/com.facebook.katana-1/libwebp.so 0x4228d100, skipping init
02-03 22:36:53.603  7673  7673 D dalvikvm: Trying to load lib /data/app-lib/com.facebook.katana-1/libfb_jpegcodec.so 0x4228d100
02-03 22:36:53.603  7673  7673 D dalvikvm: Added shared lib /data/app-lib/com.facebook.katana-1/libfb_jpegcodec.so 0x4228d100
02-03 22:36:53.603  7673  7673 D dalvikvm: No JNI_OnLoad found in /data/app-lib/com.facebook.katana-1/libfb_jpegcodec.so 0x4228d100, skipping init
02-03 22:36:53.653  7673  7673 D dalvikvm: Trying to load lib /data/app-lib/com.facebook.katana-1/libfb_cpucapabilities.so 0x4228d100
02-03 22:36:53.653  7673  7673 D dalvikvm: Added shared lib /data/app-lib/com.facebook.katana-1/libfb_cpucapabilities.so 0x4228d100
02-03 22:36:53.653  7673  7673 D dalvikvm: No JNI_OnLoad found in /data/app-lib/com.facebook.katana-1/libfb_cpucapabilities.so 0x4228d100, skipping init
02-03 22:36:53.653  7673  7673 D NeonSupport: NEON supported and enabled
02-03 22:36:53.653  7673  7673 D dalvikvm: Trying to load lib /data/app-lib/com.facebook.katana-1/libfb_stl_shared.so 0x4228d100
02-03 22:36:53.653  7673  7673 D dalvikvm: Shared lib '/data/app-lib/com.facebook.katana-1/libfb_stl_shared.so' already loaded in same CL 0x4228d100
02-03 22:36:53.653  7673  7673 D dalvikvm: Trying to load lib /data/app-lib/com.facebook.katana-1/libfb_tracker.so 0x4228d100
02-03 22:36:53.663  7673  7673 D dalvikvm: Added shared lib /data/app-lib/com.facebook.katana-1/libfb_tracker.so 0x4228d100
02-03 22:36:53.673  7673  7673 D DataBanksLoader: loading class: 1, reflected: 13, filename: sIcls1.bin.gz.jet
02-03 22:36:53.673  7673  7673 D DataBanksLoader: loading class: 4, reflected: 10, filename: sIcls4.bin.gz.jet
02-03 22:36:53.673  7673  7673 D DataBanksLoader: loading class: 6, reflected: 8, filename: sIcls6.bin.gz.jet
02-03 22:36:53.673  7673  7673 D DataBanksLoader: loading class: 7, reflected: 7, filename: sIcls7.bin.gz.jet
02-03 22:36:53.804  7673  7673 D dalvikvm: GC_FOR_ALLOC freed 304K, 17% free 22272K/26820K, paused 94ms, total 94ms
02-03 22:36:53.844  7673  7673 D DataBanksLoader: loading class: 1
02-03 22:36:53.884  7673  7673 D DataBanksLoader: loading class: 4
02-03 22:36:53.914  7673  7673 D DataBanksLoader: loading class: 6
02-03 22:36:53.954  7673  7673 D DataBanksLoader: loading class: 7
02-03 22:36:53.964  7673  7673 V NativeFaceDetector: Initialized native face detector successfully
02-03 22:36:53.994  7673  7673 D AbsListView: onVisibilityChanged() is called, visibility : 4
02-03 22:36:53.994  7673  7673 D AbsListView: unregisterIRListener() is called 
02-03 22:36:54.004   370  1861 D InputTransport: Input channel constructed: name='436bf258 com.facebook.katana/com.facebook.photos.mediapicker.MediaPickerActivity (server)', fd=301
02-03 22:36:54.004   370  1861 D InputTransport: Input channel constructed: name='436bf258 com.facebook.katana/com.facebook.photos.mediapicker.MediaPickerActivity (client)', fd=316
02-03 22:36:54.004   370  1861 D InputTransport: Input channel destroyed: name='436bf258 com.facebook.katana/com.facebook.photos.mediapicker.MediaPickerActivity (client)', fd=316
02-03 22:36:54.004  7673  7673 D InputTransport: Input channel constructed: name='436bf258 com.facebook.katana/com.facebook.photos.mediapicker.MediaPickerActivity (client)', fd=183
02-03 22:36:54.004  7673  7673 D AbsListView: onVisibilityChanged() is called, visibility : 0
02-03 22:36:54.004  7673  7673 D AbsListView: unregisterIRListener() is called 
02-03 22:36:54.014  7673  7673 D AbsListView: unregisterIRListener() is called 
02-03 22:36:54.014  7673  7673 D AbsListView: unregisterIRListener() is called 
02-03 22:36:54.044   370  1860 D InputDispatcher: Focus entered window: Window{436bf258 u0 com.facebook.katana/com.facebook.photos.mediapicker.MediaPickerActivity}
02-03 22:36:54.084  7673  7673 D AbsListView: unregisterIRListener() is called 
02-03 22:36:54.124  7673  7673 D AbsListView: unregisterIRListener() is called 
02-03 22:36:54.124   370  1186 E EnterpriseContainerManager: ContainerPolicy Service is not yet ready!!!
02-03 22:36:54.124   370  1186 D EnterpriseDeviceManager: ContainerId: 0
02-03 22:36:54.134   370   738 W LicenseLogService: log() is called by non admin
02-03 22:36:54.154   370  1186 D InputTransport: Input channel constructed: name='ClientState{4346b168 uid 10189 pid 7673} (server)', fd=316
02-03 22:36:54.154   370  1186 D InputTransport: Input channel destroyed: name='ClientState{4346b168 uid 10189 pid 7673} (server)', fd=316
02-03 22:36:54.164  5199  5199 D DIOTEK  : onStartInput
02-03 22:36:54.164  7673  7673 D InputTransport: Input channel constructed: name='ClientState{4346b168 uid 10189 pid 7673} (server)', fd=185
02-03 22:36:54.164  7673  7673 D InputTransport: Input channel destroyed: name='ClientState{4346b168 uid 10189 pid 7673} (server)', fd=97
02-03 22:36:54.174  1699  1704 E MP-Decision: mpdecision_server: received msg --Nw 2.4 --Tw 150 --Ns 1.4 --Ts 100 --util_h 100 --util_l 0
02-03 22:36:54.174  1699  1704 E MP-Decision: mpdecision_server(): New Decision parameters Nw=2.400000, Tw=150, Ns=1.400000, Ts=100, util_h=100, util_l=0
02-03 22:36:54.174  1699  1704 E MP-Decision: mpdecision_server()-new apply: New Decision parameters Nw=2.400000, Tw=150, Ns=1.400000, Ts=100, util_h=100, util_l=0
02-03 22:36:54.174  1699  1704 E MP-Decision: mpdecision_server()-new apply: New Decision parameters Nw=3.400000, Tw=151, Ns=2.400000, Ts=101, util_h=170, util_l=60
02-03 22:36:54.174  1699  1704 E MP-Decision: mpdecision_server()-new apply: New Decision parameters Nw=4.400000, Tw=152, Ns=3.400000, Ts=102, util_h=240, util_l=120
02-03 22:36:54.184  7673  7673 D AbsListView: unregisterIRListener() is called 
02-03 22:36:54.194   370   662 I ActivityManager: Displayed com.facebook.katana/com.facebook.photos.mediapicker.MediaPickerActivity: +1s166ms
02-03 22:36:54.294  7673  7673 D AbsListView: onVisibilityChanged() is called, visibility : 4
02-03 22:36:54.294  7673  7673 D AbsListView: unregisterIRListener() is called 
02-03 22:36:54.294  7673  7673 D AbsListView: onVisibilityChanged() is called, visibility : 4
02-03 22:36:54.294  7673  7673 D AbsListView: unregisterIRListener() is called 
02-03 22:36:54.314  7673  7690 D ROBOT_EVENT_ALF: here18
02-03 22:36:54.314  7673  7690 D ROBOT_EVENT_ALF: here2
02-03 22:36:54.324  7673  7690 D ROBOT_UTIL_ALF: out!
02-03 22:36:54.324  7673  7690 D ROBOT_UTIL_ALF: activity: com.facebook.photos.mediapicker.MediaPickerActivity
02-03 22:36:54.334  7673  7690 D ROBOT_EVENT_ALF: here17com.jayway.android.robotium.solo.Sleeper@428f95e0
02-03 22:36:54.394  1338  1338 D IPPolicy: onSignalStrengthsChanged
02-03 22:36:54.394  1338  1338 D IPPolicy: ReadImpu retry exceeded but impu is still empty. notifying sim not ready
02-03 22:36:54.404  1338  1338 D IPPolicy: notifyWifiCallStateChanged. 11, records: 1, string: Error: ER06 "SIM Not Ready"
02-03 22:36:54.404  1620  2576 W Settings: Setting airplane_mode_on has moved from android.provider.Settings.System to android.provider.Settings.Global, returning read-only value.
02-03 22:36:54.414  1043  1536 D PhoneInterfaceManager: getActivePhoneType() = 1
02-03 22:36:54.414  1043  1060 D PhoneInterfaceManager: getActivePhoneType() = 1
02-03 22:36:54.424  1043  1059 D PhoneInterfaceManager: getActivePhoneType() = 1
02-03 22:36:54.494   370   662 I DVFSHelper: release:: mIsAcquired = true
02-03 22:36:54.494   370   663 I DVFSHelper: acquire:: timeout = 300, mIsAcquired = true
02-03 22:36:54.494   370   663 I DVFSHelper: acquire:: DVFS lock is already acquired. Previous lock will be released first.
02-03 22:36:54.494   370   663 I DVFSHelper: release:: mIsAcquired = true
02-03 22:36:54.504   370   663 I DVFSHelper: release:: cpuRequest is released.
02-03 22:36:54.504   370   663 I CustomFrequencyManager: newFrequencyRequest  - mFrequency = 1242000, mTimeoutMs = 300, mPkgName = ACTIVITY_RESUME_BOOSTER@8
02-03 22:36:54.504   370   663 I CustomFrequencyManager: Boost Request from package = ACTIVITY_RESUME_BOOSTER@8 frequency : 1242000type = 6
02-03 22:36:54.504   370   662 I power   : *** release_dvfs_lock : lockType : 1 
02-03 22:36:54.514   370   662 I DVFSHelper: release:: cpuRequest is released.
02-03 22:36:54.514   370   663 I CustomFrequencyManager: !! pkgName = ACTIVITY_RESUME_BOOSTER@8
02-03 22:36:54.514   370   663 I CustomFrequencyManager: Request from package name pkgName = ACTIVITY_RESUME_BOOSTER@8
02-03 22:36:54.514   370   662 I DVFSHelper: release:: mIsAcquired = true
02-03 22:36:54.514   370   663 I CustomFrequencyManager: mContext is Not Null  mContext.pkgName = android
02-03 22:36:54.514   370   663 I CustomFrequencyManager: 2 Old token will be reused!
