02-03 22:38:48.196   141   802 E RILD    : NET-MGR: EVENT_DATA_NET_REG_STATE_DONE
02-03 22:38:48.196   141   802 E RILD    : UpdateLteVoiceSupportProperty():
02-03 22:38:48.196   141   802 E RILD    : LDC-MGR: evt(10001)
02-03 22:38:48.196   141   802 E RILD    : OnPsRegistrationStateChanged: Updating RAT to 15 for DataCall 1
02-03 22:38:48.206  1043  1230 D RILJ    : [rild] [UNSL]< UNSOL_RESPONSE_VOICE_NETWORK_STATE_CHANGED
02-03 22:38:48.206  1043  1230 D RILJ    : [rild] [0365]< DATA_REGISTRATION_STATE {1, 2c1c, 025ddb57, 15, null, 4}
02-03 22:38:48.206  1043  1043 D RILJ    : [rild] [0367]> QUERY_NETWORK_SELECTION_MODE
02-03 22:38:48.206   141   802 E RILD    : GLNET-MGR: evt(100)
02-03 22:38:48.206   141   802 E RILD    : DoVoiceNetRegState():
02-03 22:38:48.206   141   802 E RILD    : TxGetSysInfo: Cache hit!
02-03 22:38:48.206   141   802 E RILD    : GetVoiceSysInfo: regState(1), voiceRte(3), isRte3gpp(1)
02-03 22:38:48.206   141   802 E RILD    : IsConsideredRegistered: Cache hit 1
02-03 22:38:48.206   141   802 E RILD    : FindCurrentMccMnc: mcc(310), mnc(260)
02-03 22:38:48.206   141   802 E RILD    : cdmaCcsSupported: 0, SimulVoiceAndDataCapability Valid: 1, Value: 0
02-03 22:38:48.206   141   802 E RILD    : mReportedDataTechnology Valid: 1, Value: 15
02-03 22:38:48.206   141   802 E RILD    : GLNET-MGR: evt(101)
02-03 22:38:48.206   141   802 E RILD    : GNET-MGR: EVENT_VOICE_NET_REG_STATE_DONE
02-03 22:38:48.206  1043  1230 D RILJ    : [rild] [0366]< VOICE_REGISTRATION_STATE {1, 2c1c, 025ddb57, 3, null, null, null, null, null, null, null, null, null, null, null}
02-03 22:38:48.206  1043  1043 D RILJ    : [rild] [0368]> OPERATOR
02-03 22:38:48.206   141   802 E RILD    : GLNET-MGR: evt(118)
02-03 22:38:48.206   141   802 E RILD    : DoGetNetSelectionMode():
02-03 22:38:48.206   141   802 E RILD    : GLNET-MGR: evt(119)
02-03 22:38:48.206   141   802 E RILD    : NET-MGR: EVENT_GET_NETWORK_SELECTION_MODE_DONE
02-03 22:38:48.216  1043  1230 D RILJ    : [rild] [0367]< QUERY_NETWORK_SELECTION_MODE {0}
02-03 22:38:48.216  3504  3518 W SignalStrength: Size of signalstrength parcel:176
02-03 22:38:48.246  1043  1043 D RILJ    : [rild] [0369]> DATA_REGISTRATION_STATE
02-03 22:38:48.246   141   802 E RILD    : GLNET-MGR: evt(108)
02-03 22:38:48.246   141   802 E RILD    : DoOperator():
02-03 22:38:48.246   141   802 E RILD    : IsConsideredRegistered: Cache hit 1
02-03 22:38:48.246   141   802 E RILD    : IsInService: rat(2), service(1)
02-03 22:38:48.246   141   802 E RILD    : GetOperatorName: Not support centralized eons
02-03 22:38:48.246   141   802 E RILD    : IsConsideredRegistered: Cache hit 1
02-03 22:38:48.246   141   802 E RILD    : FindCurrentMccMnc: mcc(310), mnc(260)
02-03 22:38:48.246   141   802 E RILD    : IsInService: rat(1), service(0)
02-03 22:38:48.246   141   802 E RILD    : GLNET-MGR: evt(109)
02-03 22:38:48.246   141   802 E RILD    : GNET-MGR: EVENT_OPERATOR_DONE
02-03 22:38:48.246   141   802 E RILD    : EVENT_OPERATOR_DONE (T-Mobile,T-Mobile,310260)
02-03 22:38:48.246  1043  1230 D RILJ    : [rild] [0368]< OPERATOR {T-Mobile, T-Mobile, 310260, null}
02-03 22:38:48.246  1043  1043 D RILJ    : [rild] [0370]> VOICE_REGISTRATION_STATE
02-03 22:38:48.256   141   802 E RILD    : GLNET-MGR: evt(102)
02-03 22:38:48.256   141   802 E RILD    : DoDataNetRegState():
02-03 22:38:48.256   141   802 E RILD    : TxGetSysInfo: Cache hit!
02-03 22:38:48.256   141   802 E RILD    : GetDataRegs: group( CDMA), reg(0)
02-03 22:38:48.256   141   802 E RILD    : GetDataRegs: group( EVDO), reg(0)
02-03 22:38:48.256   141   802 E RILD    : GetDataRegs: group(  GSM), reg(2)
02-03 22:38:48.256   141   802 E RILD    : GetDataRegs: group( UMTS), reg(1)
02-03 22:38:48.256   141   802 E RILD    : GetDataRegs: group(EHRPD), reg(0)
02-03 22:38:48.256   141   802 E RILD    : GetDataRegs: group(  LTE), reg(0)
02-03 22:38:48.256   141   802 E RILD    : GetDataRegs: group(TDSCDMA), reg(0)
02-03 22:38:48.256   141   802 E RILD    : BuildDataRegState: prefData(4) flag(1) networktype(0) radiotech(15) from WDS
02-03 22:38:48.256   141   802 E RILD    : CheckRoamingStatus: return 1
02-03 22:38:48.256   141   802 E RILD    : BuildDataRegState: pref data tech reg 1
02-03 22:38:48.256   141   802 E RILD    : BuildDataRegState: registered...
02-03 22:38:48.256   141   802 E RILD    : mConsideredDataTechnology Valid: 1, Value: 15
02-03 22:38:48.256   141   802 E RILD    : GLNET-MGR: evt(103)
02-03 22:38:48.256   141   802 E RILD    : NET-MGR: EVENT_DATA_NET_REG_STATE_DONE
02-03 22:38:48.256   141   802 E RILD    : UpdateLteVoiceSupportProperty():
02-03 22:38:48.256  1043  1230 D RILJ    : [rild] [0369]< DATA_REGISTRATION_STATE {1, 2c1c, 025ddb57, 15, null, 4}
02-03 22:38:48.266  1043  1043 D RILJ    : [rild] [0371]> QUERY_NETWORK_SELECTION_MODE
02-03 22:38:48.266   141   802 E RILD    : GLNET-MGR: evt(100)
02-03 22:38:48.266   141   802 E RILD    : DoVoiceNetRegState():
02-03 22:38:48.266   141   802 E RILD    : TxGetSysInfo: Cache hit!
02-03 22:38:48.266   141   802 E RILD    : GetVoiceSysInfo: regState(1), voiceRte(3), isRte3gpp(1)
02-03 22:38:48.266   141   802 E RILD    : IsConsideredRegistered: Cache hit 1
02-03 22:38:48.266   141   802 E RILD    : FindCurrentMccMnc: mcc(310), mnc(260)
02-03 22:38:48.266   141   802 E RILD    : cdmaCcsSupported: 0, SimulVoiceAndDataCapability Valid: 1, Value: 0
02-03 22:38:48.266   141   802 E RILD    : mReportedDataTechnology Valid: 1, Value: 15
02-03 22:38:48.266   141   802 E RILD    : GLNET-MGR: evt(101)
02-03 22:38:48.266   141   802 E RILD    : GNET-MGR: EVENT_VOICE_NET_REG_STATE_DONE
02-03 22:38:48.266  1043  1230 D RILJ    : [rild] [0370]< VOICE_REGISTRATION_STATE {1, 2c1c, 025ddb57, 3, null, null, null, null, null, null, null, null, null, null, null}
02-03 22:38:48.266  1043  1043 D PHONE   : [ServiceState] setDataRegState=0
02-03 22:38:48.266   141   802 E RILD    : GLNET-MGR: evt(118)
02-03 22:38:48.266   141   802 E RILD    : DoGetNetSelectionMode():
02-03 22:38:48.266   141   802 E RILD    : GLNET-MGR: evt(119)
02-03 22:38:48.266   141   802 E RILD    : NET-MGR: EVENT_GET_NETWORK_SELECTION_MODE_DONE
02-03 22:38:48.266  1043  1230 D RILJ    : [rild] [0371]< QUERY_NETWORK_SELECTION_MODE {0}
02-03 22:38:48.276  1043  1043 D PHONE   : [ServiceState] setDataRadioTechnology=15
02-03 22:38:48.276  1043  1043 D GsmSST  : handlPollStateResultMessage: GsmSST setDataRegState=0 regState=1 dataRadioTechnology=15
02-03 22:38:48.276  1043  1060 D GsmSST  : getCellLocation(): X good mCellLoc=[11292,39705431,-1]
02-03 22:38:48.286  1043  1043 D DCT     : updateDataActivity: curTxRxSum={txSum=9 rxSum=7} preTxRxSum={txSum=9 rxSum=7}
02-03 22:38:48.286  1043  1043 D DCT     : updateDataActivity: sent=0 received=0
02-03 22:38:48.286  1043  1043 D PHONE   : [ServiceState] setVoiceRegState=0
02-03 22:38:48.286  1043  1043 E PHONE   : [ServiceState] setState deprecated use setVoiceRegState()
02-03 22:38:48.286  1043  1043 I GsmSST  : handlePollStateResult(); regState: 1, mNewLuRejCause: -1
02-03 22:38:48.286  1043  1043 D use-Rlog/RLOG-GSM: [SpnOverride] getMatchingSpnOverrideInfo, carrier=[310260], simop=[31026]
02-03 22:38:48.286  1043  1043 D use-Rlog/RLOG-GSM: [SpnOverride] getMatchingSpnOverrideInfo - no entry for carrier=[310260]
02-03 22:38:48.286  1043  1043 D GsmSST  : Poll ServiceState done:  oldSS=[0 0 home T-Mobile T-Mobile 310260  UMTS:3 UMTS:3 CSS not supported -1 -1 RoamInd=-1 DefRoamInd=-1 EmergOnly=false] mNewSS=[0 0 home T-Mobile T-Mobile 310260  UMTS:3 HSPAP:15 CSS not supported -1 -1 RoamInd=-1 DefRoamInd=-1 EmergOnly=false] oldMaxDataCalls=4 mNewMaxDataCalls=4 oldReasonDataDenied=-1 mNewReasonDataDenied=-1
02-03 22:38:48.286  1043  1043 D PHONE   : [ServiceState] setNullState=1
02-03 22:38:48.286  1043  1043 D PHONE   : [ServiceState] setNullState=1
02-03 22:38:48.296  1043  1043 D GsmSST  : SystemProperties.get(TelephonyProperties.PROPERTY_DATA_NETWORK_TYPE) HSPAP:15ServiceState.rilRadioTechnologyToString(mSS.getRilDataRadioTechnology()) HSPAP:15
02-03 22:38:48.296  1043  1043 V GsmSST  : hasChanged : true, NetworkStateChangedByRescanDialog : false, isFirstRescanDialogCheckAfterBoot : false
02-03 22:38:48.296  1043  1043 I GsmSST  : SelectionMode : null, isBootCompleted : true
02-03 22:38:48.296  1043  1043 I GsmSST  : ss.dismissRescanDialog()
02-03 22:38:48.306  1043  1043 E MultiSimManager: GSM text is not registered in APPEND_SIMSLOT_LIST. or simSlot value is bigger than getSimSlotCount().
02-03 22:38:48.306  1043  1043 D GSM     : [getDisplayRule] SPN service disabled (EF_UST)
02-03 22:38:48.406  1338  5111 W SignalStrength: getGsmLevel=3
02-03 22:38:48.406  1338  5111 W SignalStrength: getLevel=3 (SignalStrength: 11 -1 -1 -1 -1 -1 -1 99 2147483647 2147483647 2147483647 -1 2147483647 gsm|lte 0x3)
02-03 22:38:48.586  1043  1043 E MultiSimManager: GSM text is not registered in APPEND_SIMSLOT_LIST. or simSlot value is bigger than getSimSlotCount().
02-03 22:38:48.586  1043  1043 D GSM     : [getDisplayRule] SPN service disabled (EF_UST)
02-03 22:38:48.586  1043  1043 I GsmSST  : updateSpnDisplay(); mEmergencyOnly: false, isOn: true, ss.getState(): 0, mRilRegState: 1, mLuRejCause: -1, after2min:false
02-03 22:38:48.586  1043  1043 D GsmSST  : shouldFixTimeZoneNow: retVal=false iccCardExist=true operatorNumeric=310260 mcc=310 prevOperatorNumeric=310260 prevMcc=310 needToFixTimeZone=false ltod=02-03 22:38:48.595
02-03 22:38:48.586  1043  1043 E MultiSimManager: ril.servicestate text is not registered in APPEND_PROPERTY_SIMSLOT_LIST. or simSlot value is bigger than getSimSlotCount().
02-03 22:38:48.586  1043  1043 D GsmSST  : SystemProperties.get(TelephonyProperties.PROPERTY_OPERATOR_ISROAMING) falsess.getRoaming() false, simslot = 0
02-03 22:38:48.596   933   933 W SignalStrength: getGsmLevel=3
02-03 22:38:48.596   933   933 W SignalStrength: getLevel=3 (SignalStrength: 11 -1 -1 -1 -1 -1 -1 99 2147483647 2147483647 2147483647 -1 2147483647 gsm|lte 0x3)
02-03 22:38:48.596  1043  1400 D TelephonyManager: getLteOnCdmaMode=0 curVal=-1 product_type='' lteOnCdmaProductType=''
02-03 22:38:48.616  1043  1400 D GsmSST  : getCellLocation(): X good mCellLoc=[11292,39705431,-1]
02-03 22:38:48.626  1043  1043 D DCT     : get all active apn types
02-03 22:38:48.626  1043  1043 D GSMPhone: getDataConnectionState() ret : CONNECTED, simSlot : 0, isOtherPhoneCalling : false, apnType : supl
02-03 22:38:48.626  1043  1043 D DCT     : return link properites for supl
02-03 22:38:48.626  1043  1280 D DC-1    : DcActiveState not handled msg.what=REQ_GET_LINK_PROPERTIES
02-03 22:38:48.626  1043  1280 D DC-1    : DcDefault msg=REQ_GET_LINK_PROPERTIES RefCount=1
02-03 22:38:48.636  1043  1280 D DC-1    : REQ_GET_LINK_PROPERTIES linkProperties{InterfaceName: rmnet0 LinkAddresses: [30.68.155.67/32,]  Routes: [0.0.0.0/0 -> 30.68.155.65,] DnsAddresses: [10.177.0.34,10.168.191.116,] Domains: null}
02-03 22:38:48.636  1043  1043 D DCT     : get active pdp is not null, return link Capabilities for supl
02-03 22:38:48.636  1043  1280 D DC-1    : DcActiveState not handled msg.what=REQ_GET_LINK_CAPABILITIES
02-03 22:38:48.636  1043  1280 D DC-1    : DcDefault msg=REQ_GET_LINK_CAPABILITIES RefCount=1
02-03 22:38:48.636  1043  1280 D DC-1    : REQ_GET_LINK_CAPABILITIES linkCapabilities{}
02-03 22:38:48.636  1043  1043 D DCT     : isDataPossible(supl): possible=true isDataAllowed=true apnTypePossible=true apnContextisEnabled=true apnContextState()=CONNECTED isDataAllowedOnDataDisabled =false
02-03 22:38:48.636  1043  1043 D DCT     : get active apn string for type:supl
02-03 22:38:48.636  1043  1043 D DCT     : [ApnContext:supl] getApnSetting: apnSetting=[ApnSettingV2] T-Mobile US, 1374, 310260, epc.tmobile.com, , http://mms.msg.eng.t-mobile.com/mms/wapenc, , , , 0, default | mms | supl, IP, IP, true, 0
02-03 22:38:48.646  1043  1567 D TelephonyManager: getLteOnCdmaMode=0 curVal=-1 product_type='' lteOnCdmaProductType=''
02-03 22:38:48.696  1043  1043 D GSMPhone: Service state changed
02-03 22:38:48.936  1043  1060 D GsmSST  : getCellLocation(): X good mCellLoc=[11292,39705431,-1]
02-03 22:38:48.997  1043  1541 D GsmSST  : getCellLocation(): X good mCellLoc=[11292,39705431,-1]
02-03 22:38:49.187   370  1187 D MultiSimManager: getInsertedSimNum() : simSlot = 0, iccType = 2
02-03 22:38:49.277  1043  1536 D GsmSST  : SST.getAllCellInfo(): not implemented
02-03 22:38:49.277  1043  1536 D GsmSST  : SST.getAllCellInfo(): X size=0 list=null
02-03 22:38:49.287  1043  1043 D DCT     : updateDataActivity: curTxRxSum={txSum=9 rxSum=7} preTxRxSum={txSum=9 rxSum=7}
02-03 22:38:49.287  1043  1043 D DCT     : updateDataActivity: sent=0 received=0
02-03 22:38:49.317  1043  1567 D GsmSST  : getCellLocation(): X good mCellLoc=[11292,39705431,-1]
02-03 22:38:49.417  1338  5111 W SignalStrength: getGsmLevel=3
02-03 22:38:49.417  1338  5111 W SignalStrength: getLevel=3 (SignalStrength: 11 -1 -1 -1 -1 -1 -1 99 2147483647 2147483647 2147483647 -1 2147483647 gsm|lte 0x3)
02-03 22:38:49.998  1043  1059 D TelephonyManager: getLteOnCdmaMode=0 curVal=-1 product_type='' lteOnCdmaProductType=''
02-03 22:38:49.998   933   933 W SignalStrength: getGsmLevel=3
02-03 22:38:49.998   933   933 W SignalStrength: getLevel=3 (SignalStrength: 11 -1 -1 -1 -1 -1 -1 99 2147483647 2147483647 2147483647 -1 2147483647 gsm|lte 0x3)
02-03 22:38:50.078  1043  1060 D GsmSST  : getCellLocation(): X good mCellLoc=[11292,39705431,-1]
02-03 22:38:50.198   370   370 D MultiSimManager: getInsertedSimNum() : simSlot = 0, iccType = 2
02-03 22:38:50.288  1043  1043 D DCT     : updateDataActivity: curTxRxSum={txSum=9 rxSum=7} preTxRxSum={txSum=9 rxSum=7}
02-03 22:38:50.288  1043  1043 D DCT     : updateDataActivity: sent=0 received=0
02-03 22:38:50.418  1338  5111 W SignalStrength: getGsmLevel=3
02-03 22:38:50.418  1338  5111 W SignalStrength: getLevel=3 (SignalStrength: 11 -1 -1 -1 -1 -1 -1 99 2147483647 2147483647 2147483647 -1 2147483647 gsm|lte 0x3)
02-03 22:38:50.628   241   672 E RIL-RAWDATA: 01 12 00 80 03 01 04 00 00 51 00 06 00 13 03 00 A0 06 00 
02-03 22:38:50.628   241   672 D RIL-QMI : qmuxd: TX message on fd=25, to clientID = 1, len=53
02-03 22:38:50.628   141   687 E RILD    : QmiUnsolicitedCallback: msgId(81)
02-03 22:38:50.628   141   269 E RILD    : ReceiveMessage: svc(NAS), msg(0x51:QMI_NAS_SIG_INFO_IND), indi(1), size(56), err(0)
02-03 22:38:50.628   141   269 E RILD    : IsConsideredRegistered: Cache hit 1
02-03 22:38:50.628   141   269 E RILD    : need sig info-1, need err rate-0
02-03 22:38:50.628   141   269 E RILD    : Request for Signal Info
02-03 22:38:50.628   141   269 E RILD    : SendMessage: svc(NAS), msg(0x4F:QMI_NAS_GET_SIG_INFO), sync(1), internal(1), size(0)
02-03 22:38:50.628   241   241 D RIL-QMI : qmuxd: RX 47 bytes on fd=25 from qmux_client_id=1
02-03 22:38:50.628   241   241 E RIL-RAWDATA: 01 0C 00 00 03 01 00 84 00 4F 00 00 00 
02-03 22:38:50.628   241   241 D RIL-QMI : [SMDPORT] >> BEFORE, Write SMD Port [fd = 11] [msg_len = 13]
02-03 22:38:50.628   241   241 D RIL-QMI : [SMDPORT] << AFTER, Write SMD Port [rc = 0]
02-03 22:38:50.628   241   672 E RIL-RAWDATA: 01 1E 00 80 03 01 02 84 00 4F 00 12 00 02 04 00 00 00 00 00 13 03 00 A0 06 00 20 02 00 03 00 
02-03 22:38:50.628   241   672 D RIL-QMI : qmuxd: TX message on fd=25, to clientID = 1, len=65
02-03 22:38:50.628   141   269 E RILD    : ReceiveMessage: svc(NAS), msg(0x4F:QMI_NAS_GET_SIG_INFO), indi(0), size(68), err(0)
02-03 22:38:50.628   141   269 E RILD    : Result(0), Error(0)
02-03 22:38:50.628   141   269 E RILD    : Signal Strength: [3, 9, 255, -1, -1, -1, -1, -1, -1, -1, -1, 2147483647, -1, 2147483647]
02-03 22:38:50.628   141   802 E RILD    : GLNET-MGR: evt(201)
02-03 22:38:50.628   141   802 E RILD    : NET-MGR: EVENT_NETWORK_SIGNAL_STRENGTH
02-03 22:38:50.628   141   802 E RILD    : OnNetworkSignalStrength() - mSignalBar: 3
02-03 22:38:50.658  1043  1230 W SignalStrength: Size of signalstrength parcel:60
02-03 22:38:50.658  1043  1043 W SignalStrength: Signal before validate=SignalStrength: 777 255 -1 -1 -1 -1 -1 -1 -1 -1 2147483647 -1 2147483647 gsm|lte 0x0
02-03 22:38:50.658  1043  1043 W SignalStrength: Signal after validate=SignalStrength: 777 255 -120 -160 -120 -1 -1 99 2147483647 2147483647 2147483647 -1 2147483647 gsm|lte 0x0
02-03 22:38:50.658  1043  1043 W SignalStrength: initialize: SignalStrength: 9 -1 -1 -1 -1 -1 -1 99 2147483647 2147483647 2147483647 -1 2147483647 gsm|lte 0x3
02-03 22:38:50.658   370  1860 W SignalStrength: Size of signalstrength parcel:172
02-03 22:38:50.658   370  1860 W SignalStrength: getGsmLevel=3
02-03 22:38:50.658   933   955 W SignalStrength: Size of signalstrength parcel:176
02-03 22:38:50.658  1338  1350 W SignalStrength: Size of signalstrength parcel:176
02-03 22:38:50.658  1010  1349 W SignalStrength: Size of signalstrength parcel:176
02-03 22:38:50.658  1010  1021 W SignalStrength: Size of signalstrength parcel:176
02-03 22:38:50.658  1620  2677 W SignalStrength: Size of signalstrength parcel:176
02-03 22:38:50.658  1620  1671 W SignalStrength: Size of signalstrength parcel:176
02-03 22:38:50.658  1620  2657 W SignalStrength: Size of signalstrength parcel:176
02-03 22:38:50.658  3225  3237 W SignalStrength: Size of signalstrength parcel:176
02-03 22:38:50.658  3504  3517 W SignalStrength: Size of signalstrength parcel:176
02-03 22:38:50.658   933   933 W SignalStrength: getGsmLevel=3
02-03 22:38:50.658   933   933 W SignalStrength: getLevel=3 (SignalStrength: 9 -1 -1 -1 -1 -1 -1 99 2147483647 2147483647 2147483647 -1 2147483647 gsm|lte 0x3)
02-03 22:38:50.668   933   933 W SignalStrength: getGsmLevel=3
02-03 22:38:50.668   933   933 W SignalStrength: getLevel=3 (SignalStrength: 9 -1 -1 -1 -1 -1 -1 99 2147483647 2147483647 2147483647 -1 2147483647 gsm|lte 0x3)
02-03 22:38:50.668   370  1860 W SignalStrength: getLevel=3 (SignalStrength: 9 -1 -1 -1 -1 -1 -1 99 2147483647 2147483647 2147483647 -1 2147483647 gsm|lte 0x3)
02-03 22:38:50.668  1043  1400 D GsmSST  : getCellLocation(): X good mCellLoc=[11292,39705431,-1]
02-03 22:38:51.379  1043  1043 D DCT     : updateDataActivity: curTxRxSum={txSum=9 rxSum=7} preTxRxSum={txSum=9 rxSum=7}
02-03 22:38:51.379  1043  1043 D DCT     : updateDataActivity: sent=0 received=0
02-03 22:38:51.439  1338  5111 W SignalStrength: getGsmLevel=3
02-03 22:38:51.439  1338  5111 W SignalStrength: getLevel=3 (SignalStrength: 9 -1 -1 -1 -1 -1 -1 99 2147483647 2147483647 2147483647 -1 2147483647 gsm|lte 0x3)
02-03 22:38:52.130  1043  1400 D GsmSST  : getCellLocation(): X good mCellLoc=[11292,39705431,-1]
02-03 22:38:52.160  1043  1541 D GsmSST  : getCellLocation(): X good mCellLoc=[11292,39705431,-1]
02-03 22:38:52.400  1043  1043 D DCT     : updateDataActivity: curTxRxSum={txSum=9 rxSum=7} preTxRxSum={txSum=9 rxSum=7}
02-03 22:38:52.450  1043  1043 D DCT     : updateDataActivity: sent=0 received=0
02-03 22:38:52.450  1338  5111 W SignalStrength: getGsmLevel=3
02-03 22:38:52.460  1338  5111 W SignalStrength: getLevel=3 (SignalStrength: 9 -1 -1 -1 -1 -1 -1 99 2147483647 2147483647 2147483647 -1 2147483647 gsm|lte 0x3)
02-03 22:38:52.781   241   672 E RIL-RAWDATA: 01 12 00 80 03 01 04 00 00 51 00 06 00 13 03 00 9E 09 00 
02-03 22:38:52.781   241   672 D RIL-QMI : qmuxd: TX message on fd=25, to clientID = 1, len=53
02-03 22:38:52.781   141   687 E RILD    : QmiUnsolicitedCallback: msgId(81)
02-03 22:38:52.781   141   269 E RILD    : ReceiveMessage: svc(NAS), msg(0x51:QMI_NAS_SIG_INFO_IND), indi(1), size(56), err(0)
02-03 22:38:52.781   141   269 E RILD    : IsConsideredRegistered: Cache hit 1
02-03 22:38:52.781   141   269 E RILD    : need sig info-1, need err rate-0
02-03 22:38:52.781   141   269 E RILD    : Request for Signal Info
02-03 22:38:52.781   141   269 E RILD    : SendMessage: svc(NAS), msg(0x4F:QMI_NAS_GET_SIG_INFO), sync(1), internal(1), size(0)
02-03 22:38:52.781   241   241 D RIL-QMI : qmuxd: RX 47 bytes on fd=25 from qmux_client_id=1
02-03 22:38:52.781   241   241 E RIL-RAWDATA: 01 0C 00 00 03 01 00 85 00 4F 00 00 00 
02-03 22:38:52.781   241   241 D RIL-QMI : [SMDPORT] >> BEFORE, Write SMD Port [fd = 11] [msg_len = 13]
02-03 22:38:52.781   241   241 D RIL-QMI : [SMDPORT] << AFTER, Write SMD Port [rc = 0]
02-03 22:38:52.781   241   672 E RIL-RAWDATA: 01 1E 00 80 03 01 02 85 00 4F 00 12 00 02 04 00 00 00 00 00 13 03 00 9E 09 00 20 02 00 02 00 
02-03 22:38:52.781   241   672 D RIL-QMI : qmuxd: TX message on fd=25, to clientID = 1, len=65
02-03 22:38:52.781   141   269 E RILD    : ReceiveMessage: svc(NAS), msg(0x4F:QMI_NAS_GET_SIG_INFO), indi(0), size(68), err(0)
02-03 22:38:52.781   141   269 E RILD    : Result(0), Error(0)
02-03 22:38:52.781   141   269 E RILD    : Signal Strength: [2, 8, 255, -1, -1, -1, -1, -1, -1, -1, -1, 2147483647, -1, 2147483647]
02-03 22:38:52.781   141   802 E RILD    : GLNET-MGR: evt(201)
02-03 22:38:52.781   141   802 E RILD    : NET-MGR: EVENT_NETWORK_SIGNAL_STRENGTH
02-03 22:38:52.781   141   802 E RILD    : OnNetworkSignalStrength() - mSignalBar: 2
02-03 22:38:52.791  1043  1230 W SignalStrength: Size of signalstrength parcel:60
02-03 22:38:52.791  1043  1043 W SignalStrength: Signal before validate=SignalStrength: 520 255 -1 -1 -1 -1 -1 -1 -1 -1 2147483647 -1 2147483647 gsm|lte 0x0
02-03 22:38:52.791  1043  1043 W SignalStrength: Signal after validate=SignalStrength: 520 255 -120 -160 -120 -1 -1 99 2147483647 2147483647 2147483647 -1 2147483647 gsm|lte 0x0
02-03 22:38:52.791  1043  1043 W SignalStrength: initialize: SignalStrength: 8 -1 -1 -1 -1 -1 -1 99 2147483647 2147483647 2147483647 -1 2147483647 gsm|lte 0x2
02-03 22:38:52.791   370  1862 W SignalStrength: Size of signalstrength parcel:172
02-03 22:38:52.791   370  1862 W SignalStrength: getGsmLevel=2
02-03 22:38:52.791   933   952 W SignalStrength: Size of signalstrength parcel:176
02-03 22:38:52.791  1338  1537 W SignalStrength: Size of signalstrength parcel:176
02-03 22:38:52.791  1010  1351 W SignalStrength: Size of signalstrength parcel:176
02-03 22:38:52.791  1010  1022 W SignalStrength: Size of signalstrength parcel:176
02-03 22:38:52.791  1620  2677 W SignalStrength: Size of signalstrength parcel:176
02-03 22:38:52.791  1620  1688 W SignalStrength: Size of signalstrength parcel:176
02-03 22:38:52.791  1620  1671 W SignalStrength: Size of signalstrength parcel:176
02-03 22:38:52.791  3225  3237 W SignalStrength: Size of signalstrength parcel:176
02-03 22:38:52.791  3504  3517 W SignalStrength: Size of signalstrength parcel:176
02-03 22:38:52.801   933   933 W SignalStrength: getGsmLevel=2
02-03 22:38:52.801   933   933 W SignalStrength: getLevel=2 (SignalStrength: 8 -1 -1 -1 -1 -1 -1 99 2147483647 2147483647 2147483647 -1 2147483647 gsm|lte 0x2)
02-03 22:38:52.801   933   933 W SignalStrength: getGsmLevel=2
02-03 22:38:52.811   933   933 W SignalStrength: getLevel=2 (SignalStrength: 8 -1 -1 -1 -1 -1 -1 99 2147483647 2147483647 2147483647 -1 2147483647 gsm|lte 0x2)
02-03 22:38:52.811   370  1862 W SignalStrength: getLevel=2 (SignalStrength: 8 -1 -1 -1 -1 -1 -1 99 2147483647 2147483647 2147483647 -1 2147483647 gsm|lte 0x2)
02-03 22:38:52.851  1043  1059 D GsmSST  : getCellLocation(): X good mCellLoc=[11292,39705431,-1]
02-03 22:38:53.371  1043  1400 D DCT     : disableApnType:supl
02-03 22:38:53.371  1043  1400 D DCT     : setEnabled(2, false) with old state = false and enabledCount = 1
02-03 22:38:53.381  1043  1043 D DCT     : handleMessage msg={ what=270349 when=-1ms arg1=2 }
02-03 22:38:53.381  1043  1043 D DCT     : onEnableApn: apnContext={mApnType=supl mState=CONNECTED mWaitingApns={[[ApnSettingV2] T-Mobile US, 1374, 310260, epc.tmobile.com, , http://mms.msg.eng.t-mobile.com/mms/wapenc, , , , 0, default | mms | supl, IP, IP, true, 0]} mWaitingApnsPermanentFailureCountDown=1 mApnSetting={[ApnSettingV2] T-Mobile US, 1374, 310260, epc.tmobile.com, , http://mms.msg.eng.t-mobile.com/mms/wapenc, , , , 0, default | mms | supl, IP, IP, true, 0} mReason=connected mDataEnabled=true mDependencyMet=true} call applyNewState
02-03 22:38:53.381  1043  1043 D DCT     : applyNewState(supl, false(true), true(true))
02-03 22:38:53.381  1043  1043 D DCT     : cleanUpConnection: E tearDown=true reason=dataDisabled apnContext={mApnType=supl mState=CONNECTED mWaitingApns={[[ApnSettingV2] T-Mobile US, 1374, 310260, epc.tmobile.com, , http://mms.msg.eng.t-mobile.com/mms/wapenc, , , , 0, default | mms | supl, IP, IP, true, 0]} mWaitingApnsPermanentFailureCountDown=1 mApnSetting={[ApnSettingV2] T-Mobile US, 1374, 310260, epc.tmobile.com, , http://mms.msg.eng.t-mobile.com/mms/wapenc, , , , 0, default | mms | supl, IP, IP, true, 0} mReason=dataDisabled mDataEnabled=false mDependencyMet=true}
02-03 22:38:53.381  1043  1043 D DCT     : cleanUpConnection: tearing down
02-03 22:38:53.381  1043  1043 D DCT     : cleanUpConnection: X tearDown=true reason=dataDisabled apnContext={mApnType=supl mState=DISCONNECTING mWaitingApns={[[ApnSettingV2] T-Mobile US, 1374, 310260, epc.tmobile.com, , http://mms.msg.eng.t-mobile.com/mms/wapenc, , , , 0, default | mms | supl, IP, IP, true, 0]} mWaitingApnsPermanentFailureCountDown=1 mApnSetting={[ApnSettingV2] T-Mobile US, 1374, 310260, epc.tmobile.com, , http://mms.msg.eng.t-mobile.com/mms/wapenc, , , , 0, default | mms | supl, IP, IP, true, 0} mReason=dataDisabled mDataEnabled=false mDependencyMet=true} dcac=DC-1
02-03 22:38:53.381  1043  1280 D DC-1    : DcActiveState: EVENT_DISCONNECT dp={mTag=0 mApnContext={mApnType=supl mState=DISCONNECTING mWaitingApns={[[ApnSettingV2] T-Mobile US, 1374, 310260, epc.tmobile.com, , http://mms.msg.eng.t-mobile.com/mms/wapenc, , , , 0, default | mms | supl, IP, IP, true, 0]} mWaitingApnsPermanentFailureCountDown=1 mApnSetting={[ApnSettingV2] T-Mobile US, 1374, 310260, epc.tmobile.com, , http://mms.msg.eng.t-mobile.com/mms/wapenc, , , , 0, default | mms | supl, IP, IP, true, 0} mReason=dataDisabled mDataEnabled=false mDependencyMet=true} mReason=dataDisabled mOnCompletedMsg={what=0x4200f when=-9m7s85ms obj={mApnType=supl mState=DISCONNECTING mWaitingApns={[[ApnSettingV2] T-Mobile US, 1374, 310260, epc.tmobile.com, , http://mms.msg.eng.t-mobile.com/mms/wapenc, , , , 0, default | mms | supl, IP, IP, true, 0]} mWaitingApnsPermanentFailureCountDown=1 mApnSetting={[ApnSettingV2] T-Mobile US, 1374, 310260, epc.tmobile.com, , http://mms.msg.eng.t-mobile.com/mms/wapenc, , , , 0, default | mms | supl, IP, IP, true, 0} mReason=dataDisabled mDataEnabled=false mDependencyMet=true} target=Handler (com.android.internal.telephony.dataconnection.DcTracker) {4232f9b0} replyTo=null}} dc={DC-1: State=DcActiveState mApnSetting=[ApnSettingV2] T-Mobile US, 1374, 310260, epc.tmobile.com, , http://mms.msg.eng.t-mobile.com/mms/wapenc, , , , 0, default | mms | supl, IP, IP, true, 0 RefCount=1 mCid=1 mCreateTime=-1 mLastastFailTime=-1 mLastFailCause=NONE mTag=6 mRetryManager=RetryManager: { forever=true maxRetry=10 curMaxRetry=10 retry=0 config={max_retries=infinite,default_randomization=2000,5000,10000,20000,40000,80000:5000,160000:5000,320000:5000,640000:5000,1280000:5000,1800000:5000} retryArray={5000:2000 10000:2000 20000:2000 40000:2000 80000:5000 160000:5000 320000:5000 640000:5000 1280000:5000 1800000:5000 }} mLinkProperties={InterfaceName: rmnet0 LinkAddresses: [30.68.155.67/32,]  Routes: [0.0.0.0/0 -> 30.68.155.65,] DnsAddresses: [10.177.0.34,10.168.191.116,] Domains: null} mLinkCapabilities={} mApnContexts=[{mApnType=supl mState=DISCONNECTING mWaitingApns={[[ApnSettingV2] T-Mobile US, 1374, 310260, epc.tmobile.com, , http://mms.msg.eng.t-mobile.com/mms/wapenc, , , , 0, default | mms | supl, IP, IP, true, 0]} mWaitingApnsPermanentFailureCountDown=1 mApnSetting={[ApnSettingV2] T-Mobile US, 1374, 310260, epc.tmobile.com, , http://mms.msg.eng.t-mobile.com/mms/wapenc, , , , 0, default | mms | supl, IP, IP, true, 0} mReason=dataDisabled mDataEnabled=false mDependencyMet=true}]}
02-03 22:38:53.381  1043  1280 D DC-1    : DcActiveState msg.what=EVENT_DISCONNECT RefCount=1
02-03 22:38:53.381  1043  1280 D DC-1    : tearDownData radio is on, call deactivateDataCall
02-03 22:38:53.381  1043  1280 D RILJ    : [rild] [0372]> DEACTIVATE_DATA_CALL 1 0
02-03 22:38:53.381   141   802 E RILD    : LDC-MGR: evt(101)
02-03 22:38:53.381   141   802 E RILD    : CA-DCA: evt(1001)
02-03 22:38:53.381   141   802 E RILD    : SetState: 6 for CID 1.
02-03 22:38:53.381   141   802 E RILD    : Deactivate PDP context for CID(1)
02-03 22:38:53.381   141   802 E RILD    : DeactivateContext: CID(1), state(4, v4/v6(4/0))
02-03 22:38:53.381   141   802 E RILD    : TxStopNetworkInterfaceIpv4: Stop NI for CID 1 handle 65792
02-03 22:38:53.381   141   802 E RILD    : ActivatePdpContext: Act or Deact is not required for this call.
02-03 22:38:53.381   241   241 D RIL-QMI : qmuxd: RX 54 bytes on fd=25 from qmux_client_id=1
02-03 22:38:53.381   241   241 E RIL-RAWDATA: 01 13 00 00 01 01 00 0C 00 21 00 07 00 01 04 00 88 AF 09 8C 
02-03 22:38:53.381   241   241 D RIL-QMI : [SMDPORT] >> BEFORE, Write SMD Port [fd = 11] [msg_len = 20]
02-03 22:38:53.381   241   241 D RIL-QMI : [SMDPORT] << AFTER, Write SMD Port [rc = 0]
02-03 22:38:53.391  1043  1280 D DC-1    : DcActiveState: exit dc=com.android.internal.telephony.dataconnection.DataConnection$DcActiveState@42759e18
02-03 22:38:53.391  1043  1400 D DCT     : diableApnType: return APN_REQUEST_STARTED
02-03 22:38:53.421  1338  5111 W SignalStrength: getGsmLevel=2
02-03 22:38:53.421  1338  5111 W SignalStrength: getLevel=2 (SignalStrength: 8 -1 -1 -1 -1 -1 -1 99 2147483647 2147483647 2147483647 -1 2147483647 gsm|lte 0x2)
02-03 22:38:53.441  1043  1567 E PHONE   : ServiceState.getRadioTechnology() DEPRECATED will be removed *******
02-03 22:38:53.441  1043  1567 D DCT     : enableApnType: supl mState(DISCONNECTING)
02-03 22:38:53.441  1043  1567 D DCT     : setEnabled(2, true) with old state = false and enabledCount = 1
02-03 22:38:53.441  1043  1043 D DCT     : handleMessage msg={ what=270349 when=-1ms arg1=2 arg2=1 }
02-03 22:38:53.441  1043  1043 D DCT     : onEnableApn: apnContext={mApnType=supl mState=DISCONNECTING mWaitingApns={[[ApnSettingV2] T-Mobile US, 1374, 310260, epc.tmobile.com, , http://mms.msg.eng.t-mobile.com/mms/wapenc, , , , 0, default | mms | supl, IP, IP, true, 0]} mWaitingApnsPermanentFailureCountDown=1 mApnSetting={[ApnSettingV2] T-Mobile US, 1374, 310260, epc.tmobile.com, , http://mms.msg.eng.t-mobile.com/mms/wapenc, , , , 0, default | mms | supl, IP, IP, true, 0} mReason=dataDisabled mDataEnabled=false mDependencyMet=true} call applyNewState
02-03 22:38:53.441  1043  1043 D DCT     : applyNewState(supl, true(false), true(true))
02-03 22:38:53.441  1043  1043 D DCT     : trySetupData for type:supl due to dataEnabled apnContext={mApnType=supl mState=DISCONNECTING mWaitingApns={[[ApnSettingV2] T-Mobile US, 1374, 310260, epc.tmobile.com, , http://mms.msg.eng.t-mobile.com/mms/wapenc, , , , 0, default | mms | supl, IP, IP, true, 0]} mWaitingApnsPermanentFailureCountDown=1 mApnSetting={[ApnSettingV2] T-Mobile US, 1374, 310260, epc.tmobile.com, , http://mms.msg.eng.t-mobile.com/mms/wapenc, , , , 0, default | mms | supl, IP, IP, true, 0} mReason=dataEnabled mDataEnabled=true mDependencyMet=true}
02-03 22:38:53.441  1043  1043 D DCT     : trySetupData with mIsPsRestricted=false
02-03 22:38:53.441  1043  1043 D DCT     : notifyOffApnOfAvailability type:fota
02-03 22:38:53.441  1043  1043 D DCT     : isDataPossible(fota): possible=true isDataAllowed=true apnTypePossible=true apnContextisEnabled=false apnContextState()=IDLE isDataAllowedOnDataDisabled =false
02-03 22:38:53.441  1043  1043 D DCT     : get active apn string for type:fota
02-03 22:38:53.441  1043  1043 D DCT     : [ApnContext:fota] getApnSetting: apnSetting=null
02-03 22:38:53.461  1043  1043 D DCT     : notifyOffApnOfAvailability type:dun
02-03 22:38:53.461  1043  1043 D DCT     : isDataPossible(dun): possible=true isDataAllowed=true apnTypePossible=true apnContextisEnabled=false apnContextState()=IDLE isDataAllowedOnDataDisabled =false
02-03 22:38:53.461  1043  1043 D DCT     : get active apn string for type:dun
02-03 22:38:53.461  1043  1043 D DCT     : [ApnContext:dun] getApnSetting: apnSetting=null
02-03 22:38:53.471  1043  1043 D DCT     : notifyOffApnsOfAvailability skipped apn due to isReady==true: {mApnType=supl mState=DISCONNECTING mWaitingApns={[[ApnSettingV2] T-Mobile US, 1374, 310260, epc.tmobile.com, , http://mms.msg.eng.t-mobile.com/mms/wapenc, , , , 0, default | mms | supl, IP, IP, true, 0]} mWaitingApnsPermanentFailureCountDown=1 mApnSetting={[ApnSettingV2] T-Mobile US, 1374, 310260, epc.tmobile.com, , http://mms.msg.eng.t-mobile.com/mms/wapenc, , , , 0, default | mms | supl, IP, IP, true, 0} mReason=dataEnabled mDataEnabled=true mDependencyMet=true}
02-03 22:38:53.471  1043  1043 D DCT     : notifyOffApnOfAvailability type:hipri
02-03 22:38:53.471  1043  1043 D DCT     : isDataPossible(hipri): possible=true isDataAllowed=true apnTypePossible=true apnContextisEnabled=false apnContextState()=IDLE isDataAllowedOnDataDisabled =false
02-03 22:38:53.471  1043  1043 D DCT     : get active apn string for type:hipri
02-03 22:38:53.471  1043  1043 D DCT     : [ApnContext:hipri] getApnSetting: apnSetting=null
02-03 22:38:53.481  1043  1043 D DCT     : notifyOffApnOfAvailability type:ims
02-03 22:38:53.481  1043  1043 D DCT     : isDataPossible(ims): possible=true isDataAllowed=true apnTypePossible=true apnContextisEnabled=false apnContextState()=IDLE isDataAllowedOnDataDisabled =false
02-03 22:38:53.481  1043  1043 D DCT     : get active apn string for type:ims
02-03 22:38:53.481  1043  1043 D DCT     : [ApnContext:ims] getApnSetting: apnSetting=null
02-03 22:38:53.491  1043  1043 D DCT     : notifyOffApnOfAvailability type:default
02-03 22:38:53.491  1043  1043 D DCT     : isDataPossible(default): possible=true isDataAllowed=true apnTypePossible=true apnContextisEnabled=false apnContextState()=IDLE isDataAllowedOnDataDisabled =false
02-03 22:38:53.491  1043  1043 D DCT     : get active apn string for type:default
02-03 22:38:53.491  1043  1043 D DCT     : [ApnContext:default] getApnSetting: apnSetting=null
02-03 22:38:53.501  1043  1043 D DCT     : notifyOffApnOfAvailability type:mms
02-03 22:38:53.501  1043  1043 D DCT     : isDataPossible(mms): possible=true isDataAllowed=true apnTypePossible=true apnContextisEnabled=false apnContextState()=IDLE isDataAllowedOnDataDisabled =false
02-03 22:38:53.501  1043  1043 D DCT     : get active apn string for type:mms
02-03 22:38:53.501  1043  1043 D DCT     : [ApnContext:mms] getApnSetting: apnSetting=null
02-03 22:38:53.511  1043  1043 D DCT     : notifyOffApnOfAvailability type:cbs
02-03 22:38:53.511  1043  1043 D DCT     : isDataPossible(cbs): possible=true isDataAllowed=true apnTypePossible=true apnContextisEnabled=false apnContextState()=IDLE isDataAllowedOnDataDisabled =false
02-03 22:38:53.511  1043  1043 D DCT     : get active apn string for type:cbs
02-03 22:38:53.511  1043  1043 D DCT     : [ApnContext:cbs] getApnSetting: apnSetting=null
02-03 22:38:53.521  1043  1043 D DCT     : trySetupData: X apnContext not 'ready' retValue=false
02-03 22:38:53.551  1043  1043 D DCT     : updateDataActivity: curTxRxSum={txSum=9 rxSum=7} preTxRxSum={txSum=9 rxSum=7}
02-03 22:38:53.551  1043  1043 D DCT     : updateDataActivity: sent=0 received=0
02-03 22:38:53.551  1043  1567 D DCT     : enableApnType: new apn request for type supl return APN_REQUEST_STARTED
02-03 22:38:53.631   241   672 E RIL-RAWDATA: 01 12 00 80 03 01 04 00 00 51 00 06 00 13 03 00 9D 0A 00 
02-03 22:38:53.631   241   672 D RIL-QMI : qmuxd: TX message on fd=25, to clientID = 1, len=53
02-03 22:38:53.631   141   687 E RILD    : QmiUnsolicitedCallback: msgId(81)
02-03 22:38:53.631   141   269 E RILD    : ReceiveMessage: svc(NAS), msg(0x51:QMI_NAS_SIG_INFO_IND), indi(1), size(56), err(0)
02-03 22:38:53.631   141   269 E RILD    : IsConsideredRegistered: Cache hit 1
02-03 22:38:53.631   141   269 E RILD    : need sig info-1, need err rate-0
02-03 22:38:53.631   141   269 E RILD    : Request for Signal Info
02-03 22:38:53.631   141   269 E RILD    : SendMessage: svc(NAS), msg(0x4F:QMI_NAS_GET_SIG_INFO), sync(1), internal(1), size(0)
02-03 22:38:53.631   241   241 D RIL-QMI : qmuxd: RX 47 bytes on fd=25 from qmux_client_id=1
02-03 22:38:53.631   241   241 E RIL-RAWDATA: 01 0C 00 00 03 01 00 86 00 4F 00 00 00 
02-03 22:38:53.631   241   241 D RIL-QMI : [SMDPORT] >> BEFORE, Write SMD Port [fd = 11] [msg_len = 13]
02-03 22:38:53.631   241   241 D RIL-QMI : [SMDPORT] << AFTER, Write SMD Port [rc = 0]
02-03 22:38:53.631   241   672 E RIL-RAWDATA: 01 1E 00 80 03 01 02 86 00 4F 00 12 00 02 04 00 00 00 00 00 13 03 00 9D 0A 00 20 02 00 02 00 
02-03 22:38:53.631   241   672 D RIL-QMI : qmuxd: TX message on fd=25, to clientID = 1, len=65
02-03 22:38:53.631   141   269 E RILD    : ReceiveMessage: svc(NAS), msg(0x4F:QMI_NAS_GET_SIG_INFO), indi(0), size(68), err(0)
02-03 22:38:53.631   141   269 E RILD    : Result(0), Error(0)
02-03 22:38:53.631   141   269 E RILD    : Signal Strength: [2, 7, 255, -1, -1, -1, -1, -1, -1, -1, -1, 2147483647, -1, 2147483647]
02-03 22:38:53.631   141   802 E RILD    : GLNET-MGR: evt(201)
02-03 22:38:53.631   141   802 E RILD    : NET-MGR: EVENT_NETWORK_SIGNAL_STRENGTH
02-03 22:38:53.631   141   802 E RILD    : OnNetworkSignalStrength() - mSignalBar: 2
02-03 22:38:53.631  1043  1230 W SignalStrength: Size of signalstrength parcel:60
02-03 22:38:53.631  1043  1043 W SignalStrength: Signal before validate=SignalStrength: 519 255 -1 -1 -1 -1 -1 -1 -1 -1 2147483647 -1 2147483647 gsm|lte 0x0
02-03 22:38:53.631  1043  1043 W SignalStrength: Signal after validate=SignalStrength: 519 255 -120 -160 -120 -1 -1 99 2147483647 2147483647 2147483647 -1 2147483647 gsm|lte 0x0
02-03 22:38:53.631  1043  1043 W SignalStrength: initialize: SignalStrength: 7 -1 -1 -1 -1 -1 -1 99 2147483647 2147483647 2147483647 -1 2147483647 gsm|lte 0x2
02-03 22:38:53.631   370  1856 W SignalStrength: Size of signalstrength parcel:172
02-03 22:38:53.631   370  1856 W SignalStrength: getGsmLevel=2
02-03 22:38:53.631   933   955 W SignalStrength: Size of signalstrength parcel:176
02-03 22:38:53.631  1338  1352 W SignalStrength: Size of signalstrength parcel:176
02-03 22:38:53.631  1010  1022 W SignalStrength: Size of signalstrength parcel:176
02-03 22:38:53.631  1010  1351 W SignalStrength: Size of signalstrength parcel:176
02-03 22:38:53.631  1620  2657 W SignalStrength: Size of signalstrength parcel:176
02-03 22:38:53.631  1620  1688 W SignalStrength: Size of signalstrength parcel:176
02-03 22:38:53.631  1620  1671 W SignalStrength: Size of signalstrength parcel:176
02-03 22:38:53.642  3225  3237 W SignalStrength: Size of signalstrength parcel:176
02-03 22:38:53.642  3504  3518 W SignalStrength: Size of signalstrength parcel:176
02-03 22:38:53.642   933   933 W SignalStrength: getGsmLevel=2
02-03 22:38:53.642   933   933 W SignalStrength: getLevel=2 (SignalStrength: 7 -1 -1 -1 -1 -1 -1 99 2147483647 2147483647 2147483647 -1 2147483647 gsm|lte 0x2)
02-03 22:38:53.642   933   933 W SignalStrength: getGsmLevel=2
02-03 22:38:53.642   933   933 W SignalStrength: getLevel=2 (SignalStrength: 7 -1 -1 -1 -1 -1 -1 99 2147483647 2147483647 2147483647 -1 2147483647 gsm|lte 0x2)
02-03 22:38:53.642   370  1856 W SignalStrength: getLevel=2 (SignalStrength: 7 -1 -1 -1 -1 -1 -1 99 2147483647 2147483647 2147483647 -1 2147483647 gsm|lte 0x2)
02-03 22:38:53.662  1043  1567 D GsmSST  : getCellLocation(): X good mCellLoc=[11292,39705431,-1]
02-03 22:38:53.722  1043  1060 D DCT     : disableApnType:supl
02-03 22:38:53.722  1043  1060 D DCT     : setEnabled(2, false) with old state = false and enabledCount = 1
02-03 22:38:53.722  1043  1043 D DCT     : handleMessage msg={ what=270349 when=0 arg1=2 }
02-03 22:38:53.722  1043  1043 D DCT     : onEnableApn: apnContext={mApnType=supl mState=DISCONNECTING mWaitingApns={[[ApnSettingV2] T-Mobile US, 1374, 310260, epc.tmobile.com, , http://mms.msg.eng.t-mobile.com/mms/wapenc, , , , 0, default | mms | supl, IP, IP, true, 0]} mWaitingApnsPermanentFailureCountDown=1 mApnSetting={[ApnSettingV2] T-Mobile US, 1374, 310260, epc.tmobile.com, , http://mms.msg.eng.t-mobile.com/mms/wapenc, , , , 0, default | mms | supl, IP, IP, true, 0} mReason=dataEnabled mDataEnabled=true mDependencyMet=true} call applyNewState
02-03 22:38:53.722  1043  1043 D DCT     : applyNewState(supl, false(true), true(true))
02-03 22:38:53.722  1043  1043 D DCT     : cleanUpConnection: E tearDown=true reason=dataDisabled apnContext={mApnType=supl mState=DISCONNECTING mWaitingApns={[[ApnSettingV2] T-Mobile US, 1374, 310260, epc.tmobile.com, , http://mms.msg.eng.t-mobile.com/mms/wapenc, , , , 0, default | mms | supl, IP, IP, true, 0]} mWaitingApnsPermanentFailureCountDown=1 mApnSetting={[ApnSettingV2] T-Mobile US, 1374, 310260, epc.tmobile.com, , http://mms.msg.eng.t-mobile.com/mms/wapenc, , , , 0, default | mms | supl, IP, IP, true, 0} mReason=dataDisabled mDataEnabled=false mDependencyMet=true}
02-03 22:38:53.722  1043  1043 D DCT     : cleanUpConnection: X tearDown=true reason=dataDisabled apnContext={mApnType=supl mState=DISCONNECTING mWaitingApns={[[ApnSettingV2] T-Mobile US, 1374, 310260, epc.tmobile.com, , http://mms.msg.eng.t-mobile.com/mms/wapenc, , , , 0, default | mms | supl, IP, IP, true, 0]} mWaitingApnsPermanentFailureCountDown=1 mApnSetting={[ApnSettingV2] T-Mobile US, 1374, 310260, epc.tmobile.com, , http://mms.msg.eng.t-mobile.com/mms/wapenc, , , , 0, default | mms | supl, IP, IP, true, 0} mReason=dataDisabled mDataEnabled=false mDependencyMet=true} dcac=DC-1
02-03 22:38:53.722  1043  1060 D DCT     : diableApnType: return APN_REQUEST_STARTED
02-03 22:38:53.942  1043  1400 E PHONE   : ServiceState.getRadioTechnology() DEPRECATED will be removed *******
02-03 22:38:53.942  1043  1400 D DCT     : enableApnType: supl mState(DISCONNECTING)
02-03 22:38:53.942  1043  1400 D DCT     : setEnabled(2, true) with old state = false and enabledCount = 1
02-03 22:38:53.942  1043  1043 D DCT     : handleMessage msg={ what=270349 when=-2ms arg1=2 arg2=1 }
02-03 22:38:53.942  1043  1043 D DCT     : onEnableApn: apnContext={mApnType=supl mState=DISCONNECTING mWaitingApns={[[ApnSettingV2] T-Mobile US, 1374, 310260, epc.tmobile.com, , http://mms.msg.eng.t-mobile.com/mms/wapenc, , , , 0, default | mms | supl, IP, IP, true, 0]} mWaitingApnsPermanentFailureCountDown=1 mApnSetting={[ApnSettingV2] T-Mobile US, 1374, 310260, epc.tmobile.com, , http://mms.msg.eng.t-mobile.com/mms/wapenc, , , , 0, default | mms | supl, IP, IP, true, 0} mReason=dataDisabled mDataEnabled=false mDependencyMet=true} call applyNewState
02-03 22:38:53.942  1043  1043 D DCT     : applyNewState(supl, true(false), true(true))
02-03 22:38:53.942  1043  1043 D DCT     : trySetupData for type:supl due to dataEnabled apnContext={mApnType=supl mState=DISCONNECTING mWaitingApns={[[ApnSettingV2] T-Mobile US, 1374, 310260, epc.tmobile.com, , http://mms.msg.eng.t-mobile.com/mms/wapenc, , , , 0, default | mms | supl, IP, IP, true, 0]} mWaitingApnsPermanentFailureCountDown=1 mApnSetting={[ApnSettingV2] T-Mobile US, 1374, 310260, epc.tmobile.com, , http://mms.msg.eng.t-mobile.com/mms/wapenc, , , , 0, default | mms | supl, IP, IP, true, 0} mReason=dataEnabled mDataEnabled=true mDependencyMet=true}
02-03 22:38:53.942  1043  1043 D DCT     : trySetupData with mIsPsRestricted=false
02-03 22:38:53.952  1043  1043 D DCT     : notifyOffApnOfAvailability type:fota
02-03 22:38:53.952  1043  1043 D DCT     : isDataPossible(fota): possible=true isDataAllowed=true apnTypePossible=true apnContextisEnabled=false apnContextState()=IDLE isDataAllowedOnDataDisabled =false
02-03 22:38:53.952  1043  1043 D DCT     : get active apn string for type:fota
02-03 22:38:53.952  1043  1043 D DCT     : [ApnContext:fota] getApnSetting: apnSetting=null
02-03 22:38:53.972  1043  1043 D DCT     : notifyOffApnOfAvailability type:dun
02-03 22:38:53.972  1043  1043 D DCT     : isDataPossible(dun): possible=true isDataAllowed=true apnTypePossible=true apnContextisEnabled=false apnContextState()=IDLE isDataAllowedOnDataDisabled =false
02-03 22:38:53.972  1043  1043 D DCT     : get active apn string for type:dun
02-03 22:38:53.972  1043  1043 D DCT     : [ApnContext:dun] getApnSetting: apnSetting=null
02-03 22:38:53.992  1043  1043 D DCT     : notifyOffApnsOfAvailability skipped apn due to isReady==true: {mApnType=supl mState=DISCONNECTING mWaitingApns={[[ApnSettingV2] T-Mobile US, 1374, 310260, epc.tmobile.com, , http://mms.msg.eng.t-mobile.com/mms/wapenc, , , , 0, default | mms | supl, IP, IP, true, 0]} mWaitingApnsPermanentFailureCountDown=1 mApnSetting={[ApnSettingV2] T-Mobile US, 1374, 310260, epc.tmobile.com, , http://mms.msg.eng.t-mobile.com/mms/wapenc, , , , 0, default | mms | supl, IP, IP, true, 0} mReason=dataEnabled mDataEnabled=true mDependencyMet=true}
02-03 22:38:53.992  1043  1043 D DCT     : notifyOffApnOfAvailability type:hipri
02-03 22:38:53.992  1043  1043 D DCT     : isDataPossible(hipri): possible=true isDataAllowed=true apnTypePossible=true apnContextisEnabled=false apnContextState()=IDLE isDataAllowedOnDataDisabled =false
02-03 22:38:53.992  1043  1043 D DCT     : get active apn string for type:hipri
02-03 22:38:53.992  1043  1043 D DCT     : [ApnContext:hipri] getApnSetting: apnSetting=null
02-03 22:38:54.002  1043  1043 D DCT     : notifyOffApnOfAvailability type:ims
02-03 22:38:54.002  1043  1043 D DCT     : isDataPossible(ims): possible=true isDataAllowed=true apnTypePossible=true apnContextisEnabled=false apnContextState()=IDLE isDataAllowedOnDataDisabled =false
02-03 22:38:54.002  1043  1043 D DCT     : get active apn string for type:ims
02-03 22:38:54.002  1043  1043 D DCT     : [ApnContext:ims] getApnSetting: apnSetting=null
02-03 22:38:54.012  1043  1043 D DCT     : notifyOffApnOfAvailability type:default
02-03 22:38:54.022  1043  1043 D DCT     : isDataPossible(default): possible=true isDataAllowed=true apnTypePossible=true apnContextisEnabled=false apnContextState()=IDLE isDataAllowedOnDataDisabled =false
02-03 22:38:54.022  1043  1043 D DCT     : get active apn string for type:default
02-03 22:38:54.022  1043  1043 D DCT     : [ApnContext:default] getApnSetting: apnSetting=null
02-03 22:38:54.032  1043  1043 D DCT     : notifyOffApnOfAvailability type:mms
02-03 22:38:54.032  1043  1043 D DCT     : isDataPossible(mms): possible=true isDataAllowed=true apnTypePossible=true apnContextisEnabled=false apnContextState()=IDLE isDataAllowedOnDataDisabled =false
02-03 22:38:54.032  1043  1043 D DCT     : get active apn string for type:mms
02-03 22:38:54.032  1043  1043 D DCT     : [ApnContext:mms] getApnSetting: apnSetting=null
02-03 22:38:54.042  1043  1043 D DCT     : notifyOffApnOfAvailability type:cbs
02-03 22:38:54.042  1043  1043 D DCT     : isDataPossible(cbs): possible=true isDataAllowed=true apnTypePossible=true apnContextisEnabled=false apnContextState()=IDLE isDataAllowedOnDataDisabled =false
02-03 22:38:54.042  1043  1043 D DCT     : get active apn string for type:cbs
02-03 22:38:54.042  1043  1043 D DCT     : [ApnContext:cbs] getApnSetting: apnSetting=null
02-03 22:38:54.052  1043  1043 D DCT     : trySetupData: X apnContext not 'ready' retValue=false
02-03 22:38:54.092  1043  1400 D DCT     : enableApnType: new apn request for type supl return APN_REQUEST_STARTED
02-03 22:38:54.412  1338  5111 W SignalStrength: getGsmLevel=2
02-03 22:38:54.412  1338  5111 W SignalStrength: getLevel=2 (SignalStrength: 7 -1 -1 -1 -1 -1 -1 99 2147483647 2147483647 2147483647 -1 2147483647 gsm|lte 0x2)
02-03 22:38:54.542  1043  1043 D DCT     : updateDataActivity: curTxRxSum={txSum=9 rxSum=7} preTxRxSum={txSum=9 rxSum=7}
02-03 22:38:54.542  1043  1043 D DCT     : updateDataActivity: sent=0 received=0
02-03 22:38:54.643   241   672 E RIL-RAWDATA: 01 5B 00 80 03 01 04 00 00 4E 00 4F 00 12 03 00 00 00 00 13 03 00 02 02 00 18 21 00 01 03 01 03 
02-03 22:38:54.643   241   672 E RIL-RAWDATA: 01 00 01 00 01 1C 2C 01 57 DB 5D 02 00 00 00 01 33 31 30 32 36 30 01 00 01 00 00 00 00 1D 06 00 
02-03 22:38:54.643   241   672 E RIL-RAWDATA: FF FF 01 00 00 00 20 08 00 03 00 00 00 03 00 00 00 23 01 00 02 28 04 00 01 00 00 00 
02-03 22:38:54.643   241   672 D RIL-QMI : qmuxd: TX message on fd=25, to clientID = 1, len=126
02-03 22:38:54.643   141   687 E RILD    : QmiUnsolicitedCallback: msgId(78)
02-03 22:38:54.643   141   269 E RILD    : ReceiveMessage: svc(NAS), msg(0x4E:QMI_NAS_SYS_INFO_IND), indi(1), size(1056), err(0)
02-03 22:38:54.643   141   269 E RILD    : GetDataRegs: group( CDMA), reg(0)
02-03 22:38:54.643   141   269 E RILD    : GetDataRegs: group( EVDO), reg(0)
02-03 22:38:54.643   141   269 E RILD    : GetDataRegs: group(  GSM), reg(2)
02-03 22:38:54.643   141   269 E RILD    : GetDataRegs: group( UMTS), reg(1)
02-03 22:38:54.643   141   269 E RILD    : GetDataRegs: group(EHRPD), reg(0)
02-03 22:38:54.643   141   269 E RILD    : GetDataRegs: group(  LTE), reg(0)
02-03 22:38:54.643   141   269 E RILD    : GetDataRegs: group(TDSCDMA), reg(0)
02-03 22:38:54.643   141   269 E RILD    : [CS] 1x reg [0], gsm reg [2], wcdma reg [1], lte reg [0], hdr reg [0], Td reg [0]
02-03 22:38:54.643   141   269 E RILD    : UpdateVoiceRte() - mVoiceRte(3), mVoiceRteConfidenceTag(1)
02-03 22:38:54.643   141   269 E RILD    : UpdateDataRte: [PS] 1x reg [0], gsm reg [2], wcdma reg [1], lte reg [0], hdr reg [0], Td reg [0]
02-03 22:38:54.643   141   269 E RILD    : UpdateDataRte: pref_data_tech(4), radio_tech_flag(1)
02-03 22:38:54.643   141   269 E RILD    : UpdateDataRte: [FINAL-PS] 1x reg [0], gsm reg [0], wcdma reg [1], lte reg [0], hdr reg [0], Td reg[0]
02-03 22:38:54.643   141   269 E RILD    : UpdateDataRte: mDataRte(3), confidence(1)
02-03 22:38:54.643   141   269 E RILD    : UpdateImsRte: mImsRte(0), mImsRteConfidenceTag(4)
02-03 22:38:54.643   141   269 E RILD    : UpdateVoiceTech() - RteType: 1, VoiceRadioTech: 1 -> 1
02-03 22:38:54.643   141   269 E RILD    : GetVoiceSysInfo: regState(1), voiceRte(3), isRte3gpp(1)
