02-03 22:36:25.223  7719  7719 V DexLibLoader: Secondary program dex metadata: secondary-2.dex.jar 99039fc9926f5611a0416e0866b3a83d7a0fa1d8 com.facebook.prefs.counters.UiCountersModule
02-03 22:36:25.223  7739  7739 V DexLibLoader: Secondary program dex metadata: secondary-1.dex.jar ee3d82e9ea8155d20b06d9b13b80287316247d1f com.facebook.analytics.AnalyticsEvent
02-03 22:36:25.223  7739  7739 V DexLibLoader: Secondary program dex metadata: secondary-2.dex.jar 99039fc9926f5611a0416e0866b3a83d7a0fa1d8 com.facebook.prefs.counters.UiCountersModule
02-03 22:36:25.233  7739  7739 E DexLibLoader: Error calling tryLock on /data/user/0/com.facebook.katana/app_secondary_program_dex/lock
02-03 22:36:25.233  7719  7719 W DexLibLoader: Unexpected file in program dex directory: /data/data/com.facebook.katana/app_secondary_program_dex/temp_dex_lock
02-03 22:36:25.243  7719  7719 V DexLibLoader: Preparing to extract secondary-1.dex.jar to /data/data/com.facebook.katana/app_secondary_program_dex/program-ee3d82e9ea8155d20b06d9b13b80287316247d1fcabc39b2.dex.jar
02-03 22:36:25.243  7719  7719 V DexLibLoader: Dex already copied
02-03 22:36:25.243  7719  7719 V DexLibLoader: Creating class loader
02-03 22:36:25.253  7719  7719 V DexLibLoader: Finished creating class loader
02-03 22:36:25.253  7719  7719 V DexLibLoader: Preparing to extract secondary-2.dex.jar to /data/data/com.facebook.katana/app_secondary_program_dex/program-99039fc9926f5611a0416e0866b3a83d7a0fa1d8cabc39b2.dex.jar
02-03 22:36:25.253  7719  7719 V DexLibLoader: Dex already copied
02-03 22:36:25.253  7719  7719 V DexLibLoader: Creating class loader
02-03 22:36:25.263  7719  7719 V DexLibLoader: Finished creating class loader
02-03 22:36:25.263  7719  7719 V DexLibLoader: Verifying classes from secondary dexes.
02-03 22:36:25.273  7719  7719 D DexLibLoader: DexLibLoader.ensureDexLoaded took 1089 ms
02-03 22:36:25.333  7739  7739 W DexLibLoader: Unexpected file in program dex directory: /data/user/0/com.facebook.katana/app_secondary_program_dex/temp_dex_lock
02-03 22:36:25.343  7739  7739 V DexLibLoader: Preparing to extract secondary-1.dex.jar to /data/user/0/com.facebook.katana/app_secondary_program_dex/program-ee3d82e9ea8155d20b06d9b13b80287316247d1fcabc39b2.dex.jar
02-03 22:36:25.343  7739  7739 V DexLibLoader: Dex already copied
02-03 22:36:25.343  7739  7739 V DexLibLoader: Creating class loader
02-03 22:36:25.353  7739  7739 V DexLibLoader: Finished creating class loader
02-03 22:36:25.373  7739  7739 V DexLibLoader: Preparing to extract secondary-2.dex.jar to /data/user/0/com.facebook.katana/app_secondary_program_dex/program-99039fc9926f5611a0416e0866b3a83d7a0fa1d8cabc39b2.dex.jar
02-03 22:36:25.373  7739  7739 V DexLibLoader: Dex already copied
02-03 22:36:25.373  7739  7739 V DexLibLoader: Creating class loader
02-03 22:36:25.373  7739  7739 V DexLibLoader: Finished creating class loader
02-03 22:36:25.413  7739  7739 V DexLibLoader: Verifying classes from secondary dexes.
02-03 22:36:25.473  7739  7739 D DexLibLoader: DexLibLoader.ensureDexLoaded took 1243 ms
02-03 22:36:25.503  7782  7794 D BadgeProvider: sendNotify entered. [uri] : content://com.sec.badge/apps
02-03 22:36:25.503  7782  7794 D BadgeProvider: sendNotify, [notify] : null
02-03 22:36:25.503  7782  7794 D BadgeProvider: update, [uri] : content://com.sec.badge/apps
02-03 22:36:25.503  7782  7794 D BadgeProvider: update, [BadgeCount] : package=com.facebook.katana class=com.facebook.katana.LoginActivity badgecount=0
02-03 22:36:25.513  7782  7794 D BadgeProvider: update, [UpdateCount] : 2
02-03 22:36:25.513  1072  1072 D Launcher.Model: reloadBadges entered.
02-03 22:36:25.533  7673  7799 I APACHE HTTP (thCr=1) - NafHttpAuthStrategyDefault: (thUse=788)    cached value : gbaSupportIsPossible=false
02-03 22:36:25.533  7673  7799 I APACHE HTTP (thCr=1) - NafHttpAuthStrategyDefault: (thUse=788) It is impossible to support GBA now (many possible reasons: no Android Context, current client is GBA service, etc.), then it will be just usual HTTP.
02-03 22:36:25.533  7673  7799 I APACHE HTTP (thCr=788) - NafRequestExecutorWrapperRedirectionHandler: (thUse=788)    It isn't GBA flow, redirection responses are not handled.
02-03 22:36:25.533  7673  7799 I FbHttpClientImpl$2: executeRequestSending()   director.getClass()=class org.apache.http.impl.client.DefaultRequestDirector
02-03 22:36:25.584  7673  7673 I Choreographer: Skipped 69 frames!  The application may be doing too much work on its main thread.
02-03 22:36:25.664  7719  7719 E dalvikvm: GREF has increased to 201, max is 200 and min is 0
02-03 22:36:25.714  7673  7673 D AbsListView: onVisibilityChanged() is called, visibility : 0
02-03 22:36:25.724  7673  7673 D AbsListView: unregisterIRListener() is called 
02-03 22:36:25.824  7673  7756 I FbHttpClientImpl$2: execute()#finished
02-03 22:36:25.894  7739  7739 E dalvikvm: GREF has increased to 201, max is 200 and min is 0
02-03 22:36:25.924  7673  7758 I FbHttpClientImpl$2: execute()#finished
02-03 22:36:26.204  7673  7758 W fb4a(:<default>):ImmutableBundle: Unsupported value type in bundle for key fb4a_new with value {"new_version":"154780","min_version":"148914","new_version_url":"https://m.facebook.com/mobile_builds?build_number=154780&no_fw=1","new_version_notes":"","everstore_handle":"FuuCCQA5cQwCBxEkAFAANnxuPwYAAAA:"}
02-03 22:36:26.204  7673  7758 W fb4a(:<default>):ImmutableBundle: Unsupported value type in bundle for key fb4a_master_new with value {"new_version":130613,"new_version_url":"https://m.facebook.com/mobile_builds?build_number=130613&no_fw=1"}
02-03 22:36:26.274  7673  7799 I FbHttpClientImpl$2: execute()#finished
02-03 22:36:26.454   370   541 E Sensors : accelHandler 0.004790 0.199984 9.303453
02-03 22:36:26.705  1072  1163 D Launcher.BadgeCache, : updateBadgeCounts, app[1] have 0 badges
02-03 22:36:26.725  1072  1163 D Launcher.BadgeCache, : updateBadgeCounts, app[0] have 0 badges
02-03 22:36:26.735  1072  1163 D Launcher.BadgeCache, : updateBadgeCounts, app[-1] have 0 badges
02-03 22:36:26.745  1072  1163 D Launcher.BadgeCache, : updateBadgeCounts, app[-1] have 0 badges
02-03 22:36:26.845  1072  1163 D Launcher.Model: reloadBadges, badges count : 1
02-03 22:36:26.845  1072  1163 D Launcher.Model: reloadBadges, origCallbacks : java.lang.ref.WeakReference@42334c50
02-03 22:36:26.865   370  1793 E WifiWatchdogStateMachine: CMD_QUALITY_RECHECK
02-03 22:36:26.865   370  1793 D WifiWatchdogStateMachine: QualityCheckingState
02-03 22:36:26.875   933   933 D STATUSBAR-WifiQuickSettingButton: SHOW_INFO_MESSAGE(4)
02-03 22:36:26.875   370  1795 D WifiWatchdogStateMachine: Pinging [/141.211.125.17, /141.211.144.17] on ssid ["MWireless"]: 
02-03 22:36:26.885   370  1795 D WifiWatchdogStateMachine.DnsResolver: DNS Result Hashmap - NO HIT!!! SENDING DNS QUERY!  www.yahoo.com
02-03 22:36:26.885   370  1795 D WifiWatchdogStateMachine.DnsResolver: DNS Result Hashmap - NO HIT!!! SENDING DNS QUERY!  www.yahoo.com
02-03 22:36:26.885   370  1795 D WifiWatchdogStateMachine.DnsResolver: DNS Result Hashmap - NO HIT!!! SENDING DNS QUERY!  www.yahoo.com
02-03 22:36:26.885   370  1795 D WifiWatchdogStateMachine.DnsResolver: DNS Result Hashmap - NO HIT!!! SENDING DNS QUERY!  www.yahoo.com
02-03 22:36:26.985   370  1795 D WifiWatchdogStateMachine.DnsResolver: Sending a ping 39 to 141.211.125.17 with packetId -31483.
02-03 22:36:26.985   370  1795 D WifiWatchdogStateMachine.DnsResolver: Sending a ping 40 to 141.211.144.17 with packetId -14471.
02-03 22:36:27.015   370  1795 D WifiWatchdogStateMachine.DnsResolver: Sending a ping 41 to 141.211.125.17 with packetId 12343.
02-03 22:36:27.025   370  1795 D WifiWatchdogStateMachine.DnsResolver: Sending a ping 42 to 141.211.144.17 with packetId -24757.
02-03 22:36:27.155  7673  7673 D dalvikvm: GC_FOR_ALLOC freed 1888K, 25% free 17837K/23672K, paused 506ms, total 533ms
02-03 22:36:27.235   370  1795 D WifiWatchdogStateMachine.DnsResolver: DNS Result - www.yahoo.com, [98.139.180.149] [98.139.183.24] 
02-03 22:36:27.235   370  7803 I HarmonyEASService: Updating for all 1
02-03 22:36:27.255   370  1795 D WifiWatchdogStateMachine.DnsResolver: Hashmap DnsResultMap contains 3 entries, url: www.yahoo.com - 2 IPs
02-03 22:36:27.265   370   671 I PackageManager: Running dexopt on: com.google.android.apps.authenticator2.test
02-03 22:36:27.345   370   744 D WifiStateMachine: handleMessage: E msg.what=131155
02-03 22:36:27.345   370   744 D WifiStateMachine: processMsg: ConnectedState
02-03 22:36:27.345   370   744 D WifiStateMachine: processMsg: L2ConnectedState
02-03 22:36:27.355  7804  7804 D dalvikvm: Unable to stat classpath element '/system/framework/WfdCommon.jar'
02-03 22:36:27.375   142   248 D qdutils : getuiClearRegion:70 wormRect( l = 0 t = 0 r = 720  b = 1280) 
02-03 22:36:27.375   142   248 D qdutils : getuiClearRegion:76 FinalwormRect( l = 0 t = 0 r = 720  b = 1280) 
02-03 22:36:27.476   370  1795 D WifiWatchdogStateMachine.DnsResolver: DNS Result - www.yahoo.com, [98.139.183.24] [98.139.180.149] 
02-03 22:36:27.476   370   744 D WifiNative-wlan0: doString: SIGNAL_POLL
02-03 22:36:27.476   370  1795 D WifiWatchdogStateMachine.DnsResolver: Hashmap DnsResultMap contains 3 entries, url: www.yahoo.com - 4 IPs
02-03 22:36:27.496   370   744 D WifiStateMachine: fetchRssiAndLinkSpeedNative - newRSSI:-69, newLinkSpeed:81
02-03 22:36:27.496   370   744 D WifiStateMachine: handleMessage: X
02-03 22:36:27.526   370  1795 D WifiWatchdogStateMachine.DnsResolver: DNS Result - www.yahoo.com, [98.139.183.24] [98.139.180.149] 
02-03 22:36:27.556   370  1795 D WifiWatchdogStateMachine.DnsResolver: Hashmap DnsResultMap contains 3 entries, url: www.yahoo.com - 6 IPs
02-03 22:36:27.606   184   184 E SMD     : DCD ON
02-03 22:36:27.626  7804  7804 D dalvikvm: DexOpt: load 65ms, verify+opt 202ms, 591340 bytes
02-03 22:36:27.846   370  1795 D WifiWatchdogStateMachine.DnsResolver: DNS Result - www.yahoo.com, [98.139.180.149] [98.139.183.24] 
02-03 22:36:27.846   370  1795 D WifiWatchdogStateMachine.DnsResolver: Hashmap DnsResultMap contains 3 entries, url: www.yahoo.com - 8 IPs
02-03 22:36:27.846   370  1795 D WifiWatchdogStateMachine.DnsResolver: Responding to packet 39 externalId -31483 and val 250
02-03 22:36:27.846   370  1795 D WifiWatchdogStateMachine.DnsResolver: SPECIFIC DNS PING: url - www.yahoo.com, responseVal : 250
02-03 22:36:27.846   370  1795 D WifiWatchdogStateMachine.DnsResolver: Responding to packet 40 externalId -14471 and val 277
02-03 22:36:27.846   370  1795 D WifiWatchdogStateMachine.DnsResolver: SPECIFIC DNS PING: url - www.yahoo.com, responseVal : 277
02-03 22:36:27.846   370  1795 D WifiWatchdogStateMachine.DnsResolver: Responding to packet 41 externalId 12343 and val 491
02-03 22:36:27.856   370  1795 D WifiWatchdogStateMachine.DnsResolver: SPECIFIC DNS PING: url - www.yahoo.com, responseVal : 491
02-03 22:36:27.856   370  1795 D WifiWatchdogStateMachine.DnsResolver: Responding to packet 42 externalId -24757 and val 541
02-03 22:36:27.856   370  1795 D WifiWatchdogStateMachine.DnsResolver: SPECIFIC DNS PING: url - www.yahoo.com, responseVal : 541
02-03 22:36:27.856   370  1795 D WifiWatchdogStateMachine:  [|250] []  SUCCESS
02-03 22:36:27.856   370  1795 D WifiWatchdogStateMachine: Skip a Dns response with ID - 40
02-03 22:36:27.856   370  1795 D WifiWatchdogStateMachine: Skip a Dns response with ID - 41
02-03 22:36:27.856   370  1795 D WifiWatchdogStateMachine: Skip a Dns response with ID - 42
02-03 22:36:27.926   370  1797 W WifiWatchdogStateMachine.QualitySocketHandler: [QUALITY_CHECK_START] id : 1
02-03 22:36:28.026   370  1797 E WifiWatchdogStateMachine.QualitySocketHandler: couldn't test quality by problem on using socket!
02-03 22:36:28.026   370  1795 D WifiWatchdogStateMachine: Pinging [/141.211.125.17, /141.211.144.17] on ssid ["MWireless"]: 
02-03 22:36:28.026   370  1795 D WifiWatchdogStateMachine.DnsResolver: DNS Result Hashmap - HIT!!! USE PREVIOUS RESULT   (8)www.yahoo.com
02-03 22:36:28.026   370  1795 D WifiWatchdogStateMachine.DnsResolver: Responding to packet 43 externalId -11111 and val 1
02-03 22:36:28.026   370  1795 D WifiWatchdogStateMachine.DnsResolver: SPECIFIC DNS PING: url - www.yahoo.com, responseVal : 1
02-03 22:36:28.036   370  1795 D WifiWatchdogStateMachine.DnsResolver: DNS Result Hashmap - HIT!!! USE PREVIOUS RESULT   (8)www.yahoo.com
02-03 22:36:28.036   370  1795 D WifiWatchdogStateMachine.DnsResolver: Responding to packet 44 externalId -11111 and val 1
02-03 22:36:28.036   370  1795 D WifiWatchdogStateMachine.DnsResolver: SPECIFIC DNS PING: url - www.yahoo.com, responseVal : 1
02-03 22:36:28.036   370  1795 D WifiWatchdogStateMachine.DnsResolver: DNS Result Hashmap - HIT!!! USE PREVIOUS RESULT   (8)www.yahoo.com
02-03 22:36:28.036   370  1795 D WifiWatchdogStateMachine.DnsResolver: Responding to packet 45 externalId -11111 and val 1
02-03 22:36:28.036   370  1795 D WifiWatchdogStateMachine.DnsResolver: SPECIFIC DNS PING: url - www.yahoo.com, responseVal : 1
02-03 22:36:28.036   370  1795 D WifiWatchdogStateMachine.DnsResolver: DNS Result Hashmap - HIT!!! USE PREVIOUS RESULT   (8)www.yahoo.com
02-03 22:36:28.046   370  1795 D WifiWatchdogStateMachine.DnsResolver: Responding to packet 46 externalId -11111 and val 1
02-03 22:36:28.046   370  1795 D WifiWatchdogStateMachine.DnsResolver: SPECIFIC DNS PING: url - www.yahoo.com, responseVal : 1
02-03 22:36:28.056  7673  7798 I APACHE HTTP (thCr=1) - NafHttpAuthStrategyDefault: (thUse=787)    cached value : gbaSupportIsPossible=false
02-03 22:36:28.056  7673  7798 I APACHE HTTP (thCr=1) - NafHttpAuthStrategyDefault: (thUse=787) It is impossible to support GBA now (many possible reasons: no Android Context, current client is GBA service, etc.), then it will be just usual HTTP.
02-03 22:36:28.056  7673  7798 I APACHE HTTP (thCr=787) - NafRequestExecutorWrapperRedirectionHandler: (thUse=787)    It isn't GBA flow, redirection responses are not handled.
02-03 22:36:28.056  7673  7798 I FbHttpClientImpl$2: executeRequestSending()   director.getClass()=class org.apache.http.impl.client.DefaultRequestDirector
02-03 22:36:28.076   370  1795 D WifiWatchdogStateMachine:  [|1] []  SUCCESS
02-03 22:36:28.086   370  1797 W WifiWatchdogStateMachine.QualitySocketHandler: [QUALITY_CHECK_START] id : 1
02-03 22:36:28.086   370  1797 E WifiWatchdogStateMachine.QualitySocketHandler: No http request!
02-03 22:36:28.086   370  1797 I WifiWatchdogStateMachine.QualitySocketHandler: send qc result...id:1
02-03 22:36:28.086   370  1795 D WifiWatchdogStateMachine: Skip a Dns response with ID - 44
02-03 22:36:28.086   370  1795 I WifiWatchdogStateMachine.QualityResultHandler_0: [QC_RESULT_RECEIVED] id:1
02-03 22:36:28.096   370  1795 D WifiWatchdogStateMachine: Skip a Dns response with ID - 45
02-03 22:36:28.096   370  1793 D WifiWatchdogStateMachine: QualityCheckingStateprocessMessage
02-03 22:36:28.096   370  1793 I WifiWatchdogStateMachine: [REPORT_QC_RESULT] id : 1
02-03 22:36:28.096   370  1795 D WifiWatchdogStateMachine: Skip a Dns response with ID - 46
02-03 22:36:28.096   370  1795 D WifiWatchdogStateMachine: Pinging [/141.211.125.17, /141.211.144.17] on ssid ["MWireless"]: 
02-03 22:36:28.096   370  1795 D WifiWatchdogStateMachine.DnsResolver: DNS Result Hashmap - NO HIT!!! SENDING DNS QUERY!  d2uzsrnmmf6tds.cloudfront.net
02-03 22:36:28.096   370  1795 D WifiWatchdogStateMachine.DnsResolver: DNS Result Hashmap - NO HIT!!! SENDING DNS QUERY!  d2uzsrnmmf6tds.cloudfront.net
02-03 22:36:28.096   370  1795 D WifiWatchdogStateMachine.DnsResolver: DNS Result Hashmap - NO HIT!!! SENDING DNS QUERY!  d2uzsrnmmf6tds.cloudfront.net
02-03 22:36:28.106   370  1795 D WifiWatchdogStateMachine.DnsResolver: DNS Result Hashmap - NO HIT!!! SENDING DNS QUERY!  d2uzsrnmmf6tds.cloudfront.net
02-03 22:36:28.206   370  1795 D WifiWatchdogStateMachine.DnsResolver: Sending a ping 47 to 141.211.125.17 with packetId 25177.
02-03 22:36:28.206   370  1795 D WifiWatchdogStateMachine.DnsResolver: Sending a ping 48 to 141.211.144.17 with packetId -19167.
02-03 22:36:28.216   370  1795 D WifiWatchdogStateMachine.DnsResolver: Sending a ping 49 to 141.211.125.17 with packetId -14225.
02-03 22:36:28.226   370  1795 D WifiWatchdogStateMachine.DnsResolver: Sending a ping 50 to 141.211.144.17 with packetId 7361.
02-03 22:36:28.276  7673  7798 I FbHttpClientImpl$2: execute()#finished
02-03 22:36:28.437   370  1795 D WifiWatchdogStateMachine.DnsResolver: DNS Result - d2uzsrnmmf6tds.cloudfront.net, [54.230.89.192] [54.230.90.178] [54.230.90.194] [54.230.91.111] [54.230.91.118] [54.230.91.230] [54.230.88.124] [54.230.89.96] 
02-03 22:36:28.437   370  1795 D WifiWatchdogStateMachine.DnsResolver: Hashmap DnsResultMap contains 4 entries, url: d2uzsrnmmf6tds.cloudfront.net - 8 IPs
02-03 22:36:28.457   370  1795 D WifiWatchdogStateMachine.DnsResolver: DNS Result - d2uzsrnmmf6tds.cloudfront.net, [54.230.34.208] [54.230.35.14] [54.230.35.47] [216.137.39.147] [216.137.39.204] [54.230.32.102] [54.230.33.23] [54.230.33.160] 
02-03 22:36:28.457   370  1795 D WifiWatchdogStateMachine.DnsResolver: Hashmap DnsResultMap contains 4 entries, url: d2uzsrnmmf6tds.cloudfront.net - 16 IPs
02-03 22:36:28.467   370  1795 D WifiWatchdogStateMachine.DnsResolver: DNS Result - d2uzsrnmmf6tds.cloudfront.net, [54.230.90.178] [54.230.90.194] [54.230.91.111] [54.230.91.118] [54.230.91.230] [54.230.88.124] [54.230.89.96] [54.230.89.192] 
02-03 22:36:28.477   370  1795 D WifiWatchdogStateMachine.DnsResolver: Hashmap DnsResultMap contains 4 entries, url: d2uzsrnmmf6tds.cloudfront.net - 24 IPs
02-03 22:36:28.487   370  1795 D WifiWatchdogStateMachine.DnsResolver: DNS Result - d2uzsrnmmf6tds.cloudfront.net, [54.230.35.14] [54.230.35.47] [216.137.39.147] [216.137.39.204] [54.230.32.102] [54.230.33.23] [54.230.33.160] [54.230.34.208] 
02-03 22:36:28.497   370  1795 D WifiWatchdogStateMachine.DnsResolver: Hashmap DnsResultMap contains 4 entries, url: d2uzsrnmmf6tds.cloudfront.net - 32 IPs
02-03 22:36:28.497   370  1795 D WifiWatchdogStateMachine.DnsResolver: Responding to packet 47 externalId 25177 and val 229
02-03 22:36:28.497   370  1795 D WifiWatchdogStateMachine.DnsResolver: SPECIFIC DNS PING: url - d2uzsrnmmf6tds.cloudfront.net, responseVal : 229
02-03 22:36:28.507  7673  7673 D ProgressBar: setProgress = 0
02-03 22:36:28.507   370  1795 D WifiWatchdogStateMachine.DnsResolver: Responding to packet 48 externalId -19167 and val 232
02-03 22:36:28.507   370  1795 D WifiWatchdogStateMachine.DnsResolver: SPECIFIC DNS PING: url - d2uzsrnmmf6tds.cloudfront.net, responseVal : 232
02-03 22:36:28.507   370  1795 D WifiWatchdogStateMachine.DnsResolver: Responding to packet 49 externalId -14225 and val 259
02-03 22:36:28.507   370  1795 D WifiWatchdogStateMachine.DnsResolver: SPECIFIC DNS PING: url - d2uzsrnmmf6tds.cloudfront.net, responseVal : 259
02-03 22:36:28.517   370  1795 D WifiWatchdogStateMachine.DnsResolver: Responding to packet 50 externalId 7361 and val 255
02-03 22:36:28.517  7673  7673 D ProgressBar: setProgress = 0, fromUser = false
02-03 22:36:28.517   370  1795 D WifiWatchdogStateMachine.DnsResolver: SPECIFIC DNS PING: url - d2uzsrnmmf6tds.cloudfront.net, responseVal : 255
02-03 22:36:28.517   370  1795 D WifiWatchdogStateMachine:  [|229] []  SUCCESS
02-03 22:36:28.517  7673  7673 D ProgressBar: mProgress = 0mIndeterminate = false, mMin = 0, mMax = 100
02-03 22:36:28.527   370  1797 W WifiWatchdogStateMachine.QualitySocketHandler: [QUALITY_CHECK_START] id : 2
02-03 22:36:28.527   370  1795 D WifiWatchdogStateMachine: Skip a Dns response with ID - 48
02-03 22:36:28.527   370  1795 D WifiWatchdogStateMachine: Skip a Dns response with ID - 49
02-03 22:36:28.527   370  1795 D WifiWatchdogStateMachine: Skip a Dns response with ID - 50
02-03 22:36:28.587   370  1797 I WifiWatchdogStateMachine.QualitySocketHandler: send qc result...id:2
02-03 22:36:28.587   370  1795 I WifiWatchdogStateMachine.QualityResultHandler_0: [QC_RESULT_RECEIVED] id:2
02-03 22:36:28.597   370  1793 D WifiWatchdogStateMachine: QualityCheckingStateprocessMessage
02-03 22:36:28.597   370  1793 I WifiWatchdogStateMachine: [REPORT_QC_RESULT] id : 2
02-03 22:36:28.597   370  1793 D WifiWatchdogStateMachine: QualityCheckingState exit
02-03 22:36:28.607   370  1793 D WifiWatchdogStateMachine: OnlineWatchState
02-03 22:36:28.627  7673  7673 D ProgressBar: setProgress = 0
02-03 22:36:28.627  7673  7673 D ProgressBar: setProgress = 0, fromUser = false
02-03 22:36:28.627  7673  7673 D ProgressBar: mProgress = 0mIndeterminate = false, mMin = 0, mMax = 100
02-03 22:36:28.757  7673  7673 D AbsListView: unregisterIRListener() is called 
02-03 22:36:29.247  7673  7797 I APACHE HTTP (thCr=1) - NafHttpAuthStrategyDefault: (thUse=786)    cached value : gbaSupportIsPossible=false
02-03 22:36:29.257  7673  7797 I APACHE HTTP (thCr=1) - NafHttpAuthStrategyDefault: (thUse=786) It is impossible to support GBA now (many possible reasons: no Android Context, current client is GBA service, etc.), then it will be just usual HTTP.
02-03 22:36:29.257  7673  7797 I APACHE HTTP (thCr=786) - NafRequestExecutorWrapperRedirectionHandler: (thUse=786)    It isn't GBA flow, redirection responses are not handled.
02-03 22:36:29.257  7673  7797 I FbHttpClientImpl$2: executeRequestSending()   director.getClass()=class org.apache.http.impl.client.DefaultRequestDirector
02-03 22:36:29.388   370   660 D PackageManager: getApplicationInfo - Execution time: 1329 ms
02-03 22:36:29.388   370   370 D PackageManager: checkUidPermission - Execution time: 1255 ms
02-03 22:36:29.388   370  1147 D PackageManager: checkUidPermission - Execution time: 1249 ms
02-03 22:36:29.388   370  1856 D PackageManager: checkUidPermission - Execution time: 230 ms
02-03 22:36:29.438   370   695 D PackageManager: getApplicationInfo - Execution time: 209 ms
02-03 22:36:29.478  7673  7811 I APACHE HTTP (thCr=1) - NafHttpAuthStrategyDefault: (thUse=796)    cached value : gbaSupportIsPossible=false
02-03 22:36:29.508  7673  7811 I APACHE HTTP (thCr=1) - NafHttpAuthStrategyDefault: (thUse=796) It is impossible to support GBA now (many possible reasons: no Android Context, current client is GBA service, etc.), then it will be just usual HTTP.
02-03 22:36:29.518  7673  7811 I APACHE HTTP (thCr=796) - NafRequestExecutorWrapperRedirectionHandler: (thUse=796)    It isn't GBA flow, redirection responses are not handled.
02-03 22:36:29.518  7673  7811 I FbHttpClientImpl$2: executeRequestSending()   director.getClass()=class org.apache.http.impl.client.DefaultRequestDirector
02-03 22:36:29.608  7673  7811 I FbHttpClientImpl$2: execute()#finished
02-03 22:36:29.618  7673  7813 I APACHE HTTP (thCr=1) - NafHttpAuthStrategyDefault: (thUse=798)    cached value : gbaSupportIsPossible=false
02-03 22:36:29.618  7673  7813 I APACHE HTTP (thCr=1) - NafHttpAuthStrategyDefault: (thUse=798) It is impossible to support GBA now (many possible reasons: no Android Context, current client is GBA service, etc.), then it will be just usual HTTP.
02-03 22:36:29.618  7673  7813 I APACHE HTTP (thCr=798) - NafRequestExecutorWrapperRedirectionHandler: (thUse=798)    It isn't GBA flow, redirection responses are not handled.
02-03 22:36:29.638  7673  7813 I FbHttpClientImpl$2: executeRequestSending()   director.getClass()=class org.apache.http.impl.client.DefaultRequestDirector
02-03 22:36:29.658  7673  7814 I APACHE HTTP (thCr=1) - NafHttpAuthStrategyDefault: (thUse=799)    cached value : gbaSupportIsPossible=false
02-03 22:36:29.658  7673  7814 I APACHE HTTP (thCr=1) - NafHttpAuthStrategyDefault: (thUse=799) It is impossible to support GBA now (many possible reasons: no Android Context, current client is GBA service, etc.), then it will be just usual HTTP.
02-03 22:36:29.658  7673  7814 I APACHE HTTP (thCr=799) - NafRequestExecutorWrapperRedirectionHandler: (thUse=799)    It isn't GBA flow, redirection responses are not handled.
02-03 22:36:29.888  7673  7814 D dalvikvm: GC_FOR_ALLOC freed 2155K, 23% free 18346K/23672K, paused 218ms, total 220ms
02-03 22:36:29.908  7673  7814 I FbHttpClientImpl$2: executeRequestSending()   director.getClass()=class org.apache.http.impl.client.DefaultRequestDirector
02-03 22:36:29.958  7673  7816 I APACHE HTTP (thCr=1) - NafHttpAuthStrategyDefault: (thUse=800)    cached value : gbaSupportIsPossible=false
02-03 22:36:29.968  7673  7816 I APACHE HTTP (thCr=1) - NafHttpAuthStrategyDefault: (thUse=800) It is impossible to support GBA now (many possible reasons: no Android Context, current client is GBA service, etc.), then it will be just usual HTTP.
02-03 22:36:29.968  7673  7816 I APACHE HTTP (thCr=800) - NafRequestExecutorWrapperRedirectionHandler: (thUse=800)    It isn't GBA flow, redirection responses are not handled.
02-03 22:36:29.968  7673  7816 I FbHttpClientImpl$2: executeRequestSending()   director.getClass()=class org.apache.http.impl.client.DefaultRequestDirector
02-03 22:36:30.088  7673  7673 D AbsListView: unregisterIRListener() is called 
02-03 22:36:30.138  7673  7813 I FbHttpClientImpl$2: execute()#finished
02-03 22:36:30.138  7673  7814 I FbHttpClientImpl$2: execute()#finished
02-03 22:36:30.148  7673  7816 I FbHttpClientImpl$2: execute()#finished
02-03 22:36:30.259  7673  7673 D ProgressBar: setProgress = 0
02-03 22:36:30.269  7673  7673 D ProgressBar: setProgress = 0, fromUser = false
02-03 22:36:30.269  7673  7673 D ProgressBar: mProgress = 0mIndeterminate = false, mMin = 0, mMax = 100
02-03 22:36:30.299  7673  7816 I APACHE HTTP (thCr=1) - NafHttpAuthStrategyDefault: (thUse=800)    cached value : gbaSupportIsPossible=false
02-03 22:36:30.299  7673  7816 I APACHE HTTP (thCr=1) - NafHttpAuthStrategyDefault: (thUse=800) It is impossible to support GBA now (many possible reasons: no Android Context, current client is GBA service, etc.), then it will be just usual HTTP.
02-03 22:36:30.299  7673  7816 I APACHE HTTP (thCr=800) - NafRequestExecutorWrapperRedirectionHandler: (thUse=800)    It isn't GBA flow, redirection responses are not handled.
02-03 22:36:30.299  7673  7816 I FbHttpClientImpl$2: executeRequestSending()   director.getClass()=class org.apache.http.impl.client.DefaultRequestDirector
02-03 22:36:30.319  7673  7673 D AbsListView: unregisterIRListener() is called 
02-03 22:36:30.319  7673  7813 I APACHE HTTP (thCr=1) - NafHttpAuthStrategyDefault: (thUse=798)    cached value : gbaSupportIsPossible=false
02-03 22:36:30.319  7673  7813 I APACHE HTTP (thCr=1) - NafHttpAuthStrategyDefault: (thUse=798) It is impossible to support GBA now (many possible reasons: no Android Context, current client is GBA service, etc.), then it will be just usual HTTP.
02-03 22:36:30.329  7673  7813 I APACHE HTTP (thCr=798) - NafRequestExecutorWrapperRedirectionHandler: (thUse=798)    It isn't GBA flow, redirection responses are not handled.
02-03 22:36:30.329  7673  7813 I FbHttpClientImpl$2: executeRequestSending()   director.getClass()=class org.apache.http.impl.client.DefaultRequestDirector
02-03 22:36:30.339  7673  7816 I FbHttpClientImpl$2: execute()#finished
02-03 22:36:30.339  7673  7814 I APACHE HTTP (thCr=1) - NafHttpAuthStrategyDefault: (thUse=799)    cached value : gbaSupportIsPossible=false
02-03 22:36:30.349  7673  7813 I FbHttpClientImpl$2: execute()#finished
02-03 22:36:30.349  7673  7814 I APACHE HTTP (thCr=1) - NafHttpAuthStrategyDefault: (thUse=799) It is impossible to support GBA now (many possible reasons: no Android Context, current client is GBA service, etc.), then it will be just usual HTTP.
02-03 22:36:30.349  7673  7814 I APACHE HTTP (thCr=799) - NafRequestExecutorWrapperRedirectionHandler: (thUse=799)    It isn't GBA flow, redirection responses are not handled.
02-03 22:36:30.359  7673  7814 I FbHttpClientImpl$2: executeRequestSending()   director.getClass()=class org.apache.http.impl.client.DefaultRequestDirector
02-03 22:36:30.399  7673  7814 I FbHttpClientImpl$2: execute()#finished
02-03 22:36:30.499   370   744 D WifiStateMachine: handleMessage: E msg.what=131155
02-03 22:36:30.499   370   744 D WifiStateMachine: processMsg: ConnectedState
02-03 22:36:30.499   370   744 D WifiStateMachine: processMsg: L2ConnectedState
02-03 22:36:30.499   370   744 D WifiNative-wlan0: doString: SIGNAL_POLL
02-03 22:36:30.509  7673  7813 I APACHE HTTP (thCr=1) - NafHttpAuthStrategyDefault: (thUse=798)    cached value : gbaSupportIsPossible=false
02-03 22:36:30.509  7673  7813 I APACHE HTTP (thCr=1) - NafHttpAuthStrategyDefault: (thUse=798) It is impossible to support GBA now (many possible reasons: no Android Context, current client is GBA service, etc.), then it will be just usual HTTP.
02-03 22:36:30.509   370   744 D WifiStateMachine: fetchRssiAndLinkSpeedNative - newRSSI:-69, newLinkSpeed:81
02-03 22:36:30.509   370   744 D WifiStateMachine: handleMessage: X
02-03 22:36:30.509  7673  7813 I APACHE HTTP (thCr=798) - NafRequestExecutorWrapperRedirectionHandler: (thUse=798)    It isn't GBA flow, redirection responses are not handled.
02-03 22:36:30.509  7673  7813 I FbHttpClientImpl$2: executeRequestSending()   director.getClass()=class org.apache.http.impl.client.DefaultRequestDirector
02-03 22:36:30.529  7673  7813 I FbHttpClientImpl$2: execute()#finished
02-03 22:36:30.589  7673  7818 I APACHE HTTP (thCr=1) - NafHttpAuthStrategyDefault: (thUse=801)    cached value : gbaSupportIsPossible=false
02-03 22:36:30.589  7673  7818 I APACHE HTTP (thCr=1) - NafHttpAuthStrategyDefault: (thUse=801) It is impossible to support GBA now (many possible reasons: no Android Context, current client is GBA service, etc.), then it will be just usual HTTP.
02-03 22:36:30.599  7673  7818 I APACHE HTTP (thCr=801) - NafRequestExecutorWrapperRedirectionHandler: (thUse=801)    It isn't GBA flow, redirection responses are not handled.
02-03 22:36:30.609   184   184 E SMD     : DCD ON
02-03 22:36:30.609  7673  7818 I FbHttpClientImpl$2: executeRequestSending()   director.getClass()=class org.apache.http.impl.client.DefaultRequestDirector
02-03 22:36:30.779   370  1102 D PackageManager: checkUidPermission - Execution time: 972 ms
02-03 22:36:30.849   370   695 D PackageManager: resolveContentProvider - Execution time: 1067 ms
02-03 22:36:31.139  7719  7719 I APACHE HTTP (thCr=1) - NafHttpAuthStrategyDefault: (thUse=1) NafHttpAuthStrategyDefault()
02-03 22:36:31.139  7719  7719 I APACHE HTTP (thCr=1) - KeeperManager: (thUse=1) INITIALIZATION of shared resources
02-03 22:36:31.139  7719  7719 I APACHE HTTP (thCr=1) - AndroidContextProviderImpl: (thUse=1)    currentActivityThread=android.app.ActivityThread@4227a438
02-03 22:36:31.179  7719  7719 I APACHE HTTP (thCr=1) - NafHttpAuthStrategyDefault: (thUse=1) NafHttpAuthStrategyDefault()
02-03 22:36:31.200  7719  7719 I APACHE HTTP (thCr=1) - NafHttpAuthStrategyDefault: (thUse=1) NafHttpAuthStrategyDefault()
02-03 22:36:31.260  7673  7759 D dalvikvm: GC_FOR_ALLOC freed 2351K, 21% free 18829K/23672K, paused 408ms, total 411ms
02-03 22:36:31.260  7673  7673 I Choreographer: Skipped 51 frames!  The application may be doing too much work on its main thread.
02-03 22:36:31.270  7673  7673 D AbsListView: unregisterIRListener() is called 
02-03 22:36:31.280  7673  7759 I APACHE HTTP (thCr=1) - NafHttpAuthStrategyDefault: (thUse=779)    cached value : gbaSupportIsPossible=false
02-03 22:36:31.280  7673  7759 I APACHE HTTP (thCr=1) - NafHttpAuthStrategyDefault: (thUse=779) It is impossible to support GBA now (many possible reasons: no Android Context, current client is GBA service, etc.), then it will be just usual HTTP.
02-03 22:36:31.290  7673  7759 I APACHE HTTP (thCr=779) - NafRequestExecutorWrapperRedirectionHandler: (thUse=779)    It isn't GBA flow, redirection responses are not handled.
02-03 22:36:31.290  7673  7759 I FbHttpClientImpl$2: executeRequestSending()   director.getClass()=class org.apache.http.impl.client.DefaultRequestDirector
02-03 22:36:31.350  1338  1338 D IPPolicy: onSignalStrengthsChanged
02-03 22:36:31.350  1338  1338 D IPPolicy: ReadImpu retry exceeded but impu is still empty. notifying sim not ready
02-03 22:36:31.350  1338  1338 D IPPolicy: notifyWifiCallStateChanged. 11, records: 1, string: Error: ER06 "SIM Not Ready"
02-03 22:36:31.350  1620  2576 W Settings: Setting airplane_mode_on has moved from android.provider.Settings.System to android.provider.Settings.Global, returning read-only value.
02-03 22:36:31.360  1043  1536 D PhoneInterfaceManager: getActivePhoneType() = 1
02-03 22:36:31.360  1043  1060 D PhoneInterfaceManager: getActivePhoneType() = 1
02-03 22:36:31.360  1043  1059 D PhoneInterfaceManager: getActivePhoneType() = 1
02-03 22:36:31.460  7673  7673 D AbsListView: unregisterIRListener() is called 
02-03 22:36:31.500  5199  5199 I DIOTEK  : siso added package name is package:com.google.android.apps.authenticator2.test
02-03 22:36:31.510  7673  7673 D AbsListView: unregisterIRListener() is called 
02-03 22:36:31.510  1054  1054 I HomeSyncInstallReceiver: Package Added : com.google.android.apps.authenticator2.test
02-03 22:36:31.510  1054  1054 I HomeSyncInstallReceiver: This pkg do not need BT addr. Do nothing
02-03 22:36:31.530  7327  7327 D [FileShare][Server]: ServerBroadcastReceiver : onReceive: android.intent.action.PACKAGE_ADDED // package:com.google.android.apps.authenticator2.test
02-03 22:36:31.530  7327  7327 D [FileShare][Server]: ServerBroadcastReceiver : Current User : UserHandle{0}
02-03 22:36:31.540  7327  7327 D [FileShare][Server]: ServerBroadcastReceiver : All UserInfo: [UserInfo{0:Owner:13}]
02-03 22:36:31.550  7673  7690 I dalvikvm: Could not find method android.support.v4.app.FragmentActivity.getSupportFragmentManager, referenced from method com.jayway.android.robotium.solo.Waiter.getSupportFragment
02-03 22:36:31.550  7673  7690 W dalvikvm: VFY: unable to resolve virtual method 41: Landroid/support/v4/app/FragmentActivity;.getSupportFragmentManager ()Landroid/support/v4/app/FragmentManager;
02-03 22:36:31.550  7673  7690 D dalvikvm: VFY: replacing opcode 0x6e at 0x0010
02-03 22:36:31.550  7673  7690 I dalvikvm: Could not find method android.support.v4.app.FragmentActivity.getSupportFragmentManager, referenced from method com.jayway.android.robotium.solo.Waiter.getSupportFragment
02-03 22:36:31.550  7673  7690 W dalvikvm: VFY: unable to resolve virtual method 41: Landroid/support/v4/app/FragmentActivity;.getSupportFragmentManager ()Landroid/support/v4/app/FragmentManager;
02-03 22:36:31.550  7673  7690 D dalvikvm: VFY: replacing opcode 0x6e at 0x0019
02-03 22:36:31.580  7673  7690 D ROBOT_EVENT_ALF: here17com.jayway.android.robotium.solo.Sleeper@428f95e0
02-03 22:36:31.620  7673  7759 I FbHttpClientImpl$2: execute()#finished
02-03 22:36:31.680   370   695 W Resources: Converting to string: TypedValue{t=0x12/d=0xffffffff a=-1}
02-03 22:36:31.710  7673  7797 I FbHttpClientImpl$2: execute()#finished
02-03 22:36:31.720   370   695 W Resources: Converting to string: TypedValue{t=0x12/d=0xffffffff a=-1}
02-03 22:36:31.780  1026  1026 D ContainerEventsRelayManager: <<< Intent action is >>> : android.intent.action.PACKAGE_REMOVED
02-03 22:36:31.780  1026  1026 D ContainerEventsRelayManager: <<< Intent data is   >>> : package:com.google.android.apps.authenticator2.test
02-03 22:36:31.820  1072  1072 D Launcher.Model: onReceive intent=Intent { act=android.intent.action.PACKAGE_REMOVED dat=package:com.google.android.apps.authenticator2.test flg=0x8000010 (has extras) }
02-03 22:36:31.820  1600  1600 I BackGroundService: Delete App BR Insert E
02-03 22:36:31.830  2016  2030 E ContactsUtil: ContactsUtil:isMasterSimEnabled()false
02-03 22:36:31.840  2016  2030 D AccountTypeManager: Registering external account type=com.android.ldap, packageName=com.android.email
02-03 22:36:31.850  2016  2030 D AccountTypeManager: Registering external account type=com.facebook.auth.login, packageName=com.facebook.katana
02-03 22:36:31.860  7025  7025 D CapabilityManagerService: Receiver Broadcast:android.intent.action.PACKAGE_ADDED
02-03 22:36:31.870   370   712 I InputReader: Reconfiguring input devices.  changes=0x00000010
02-03 22:36:31.920   370   660 I HarmonyEASService: onReceive : android.intent.action.PACKAGE_REMOVED for 0
02-03 22:36:32.010   370   695 W Resources: Converting to string: TypedValue{t=0x12/d=0xffffffff a=-1}
02-03 22:36:32.070   370   738 W LicenseLogService: log() is called by non admin
02-03 22:36:32.070  7343  7343 E EnterpriseContainerManager: ContainerPolicy Service is not yet ready!!!
02-03 22:36:32.070  7343  7343 E EnterpriseKnoxManager: Failed at EnterpriseContainerManager API getEnterpriseContainerManager 
02-03 22:36:32.070  7343  7343 E EnterpriseKnoxManager: java.lang.NoSuchFieldException: Container with Id 1 does not exists
02-03 22:36:32.070  7343  7343 E EnterpriseKnoxManager: 	at com.sec.enterprise.knox.EnterpriseContainerManager.<init>(EnterpriseContainerManager.java:706)
02-03 22:36:32.070  7343  7343 E EnterpriseKnoxManager: 	at com.sec.enterprise.knox.EnterpriseKnoxManager.getEnterpriseContainerManager(EnterpriseKnoxManager.java:243)
02-03 22:36:32.070  7343  7343 E EnterpriseKnoxManager: 	at com.sec.knox.containeragent.core.ContainerServiceAdapter.getInstance(ContainerServiceAdapter.java:55)
02-03 22:36:32.070  7343  7343 E EnterpriseKnoxManager: 	at com.sec.knox.containeragent.upgrade.knox.UpgradeInstallReceiver.onReceive(UpgradeInstallReceiver.java:36)
02-03 22:36:32.070  7343  7343 E EnterpriseKnoxManager: 	at android.app.ActivityThread.handleReceiver(ActivityThread.java:2535)
02-03 22:36:32.070  7343  7343 E EnterpriseKnoxManager: 	at android.app.ActivityThread.access$1600(ActivityThread.java:165)
02-03 22:36:32.070  7343  7343 E EnterpriseKnoxManager: 	at android.app.ActivityThread$H.handleMessage(ActivityThread.java:1402)
02-03 22:36:32.070  7343  7343 E EnterpriseKnoxManager: 	at android.os.Handler.dispatchMessage(Handler.java:99)
02-03 22:36:32.070  7343  7343 E EnterpriseKnoxManager: 	at android.os.Looper.loop(Looper.java:137)
02-03 22:36:32.070  7343  7343 E EnterpriseKnoxManager: 	at android.app.ActivityThread.main(ActivityThread.java:5455)
02-03 22:36:32.070  7343  7343 E EnterpriseKnoxManager: 	at java.lang.reflect.Method.invokeNative(Native Method)
02-03 22:36:32.070  7343  7343 E EnterpriseKnoxManager: 	at java.lang.reflect.Method.invoke(Method.java:525)
02-03 22:36:32.070  7343  7343 E EnterpriseKnoxManager: 	at com.android.internal.os.ZygoteInit$MethodAndArgsCaller.run(ZygoteInit.java:1187)
02-03 22:36:32.070  7343  7343 E EnterpriseKnoxManager: 	at com.android.internal.os.ZygoteInit.main(ZygoteInit.java:1003)
02-03 22:36:32.070  7343  7343 E EnterpriseKnoxManager: 	at dalvik.system.NativeStart.main(Native Method)
02-03 22:36:32.070   370   385 E ECS_EnterpriseContainerService: getStatus(). This will be same as getContainerActivation status
02-03 22:36:32.080   370   385 D ECS_StateManager:  Container Id:1
02-03 22:36:32.080   370   385 E ECS_EnterpriseContainerCacheData: There is no entry in cache for containerId1
02-03 22:36:32.080   370   385 D ECS_StateManager:  ************ no entry in HASH **********
02-03 22:36:32.080   370   385 I ECS_ContainerStorageProvider: active status database
02-03 22:36:32.080   370   385 E ECS_ContainerStorageProvider: updatebuilderobj
02-03 22:36:32.080   370   385 E ECS_ContainerDatabase: Container DB is null cannot fetch the status
02-03 22:36:32.090   370   385 D ECS_StateManager:  Current Status in DB:0
02-03 22:36:32.090   370   385 D ECS_StateManager:  NewState :CSSTATE_DOESNOT_EXISTS
02-03 22:36:32.090   370   385 D ECS_EnterpriseContainerService: New State :CSSTATE_DOESNOT_EXISTS
02-03 22:36:32.090   370   385 D ECS_EnterpriseContainerService:  Returning State :-1
02-03 22:36:32.090   370   385 E ECS_EnterpriseContainerService: getMountStatus() permission get it
02-03 22:36:32.090   370   385 D ECS_StateManager:  Container Id:1
02-03 22:36:32.090   370   385 E ECS_EnterpriseContainerCacheData: There is no entry in cache for containerId1
02-03 22:36:32.090   370   385 D ECS_StateManager:  ************ no entry in HASH **********
02-03 22:36:32.090   370   385 I ECS_ContainerStorageProvider: active status database
02-03 22:36:32.090   370   385 E ECS_ContainerStorageProvider: updatebuilderobj
02-03 22:36:32.090   370   385 E ECS_ContainerDatabase: Container DB is null cannot fetch the status
02-03 22:36:32.100   370   385 D ECS_StateManager:  Current Status in DB:0
02-03 22:36:32.100   370   385 D ECS_StateManager:  NewState :CSSTATE_DOESNOT_EXISTS
02-03 22:36:32.100   370   385 D ECS_EnterpriseContainerService: currentStateId: 0
02-03 22:36:32.100   370   385 D ECS_EnterpriseContainerService:  getMountStatus : false
02-03 22:36:32.100  7343  7343 I ContainerAgent: ContainerServiceAdapter: getStatus(1) result = -1
02-03 22:36:32.120  7059  7059 D PackageIntentReceiver: ACTION_PACKAGE_ADDED
02-03 22:36:32.120  7059  7059 D PackageIntentReceiver: Not GearManger package! 
02-03 22:36:32.151  2016  2030 W ExternalAccountType: Problem building account type (inflating scheme from XML)
02-03 22:36:32.171  2016  2030 W ExternalAccountType: Problem building account type (inflating scheme from XML)
02-03 22:36:32.171  2016  2030 D AccountTypeManager: Registering external account type=com.sec.chaton, packageName=com.sec.chaton
02-03 22:36:32.181  2016  2030 W ExternalAccountType: Problem building account type (inflating scheme from XML)
02-03 22:36:32.181  2016  2030 D AccountTypeManager: Registering 1 extension packages
02-03 22:36:32.191  2016  2030 E ExternalAccountType: Unsupported attribute readOnly
02-03 22:36:32.191  2016  2030 W ExternalAccountType: Problem building account type (inflating scheme from XML)
02-03 22:36:32.191  2016  2030 W ExternalAccountType: Problem building account type (inflating scheme from XML)
02-03 22:36:32.201  2016  2030 D AccountTypeManager: Registering extension package account type=com.google, dataSet=plus, packageName=com.google.android.apps.plus
02-03 22:36:32.201  2016  2030 D SIM TEST: isSimSupport()
02-03 22:36:32.211  2016  2030 D SIM TEST: isWifi()
02-03 22:36:32.211  2016  2030 D SIM TEST: isWifi() return false
02-03 22:36:32.211  2016  2030 D SIM TEST: isSimSupport() return truefrom csc feature
02-03 22:36:32.211  2016  2030 D SIM TEST: isSimSupport()
02-03 22:36:32.211  2016  2030 D SIM TEST: isWifi()
02-03 22:36:32.211  2016  2030 D SIM TEST: isWifi() return false
02-03 22:36:32.211  2016  2030 D SIM TEST: isSimSupport() return truefrom csc feature
02-03 22:36:32.211  2016  2030 I AccountTypeManager: Loaded meta-data for 12 account types, 8 accounts in 383ms(wall) 34ms(cpu)
02-03 22:36:32.241   370   712 I InputReader: Reconfiguring input devices.  changes=0x00000010
02-03 22:36:32.241  1026  1026 D ContainerEventsRelayManager: <<< Intent action is >>> : android.intent.action.PACKAGE_ADDED
02-03 22:36:32.241  1026  1026 D ContainerEventsRelayManager: <<< Intent data is   >>> : package:com.google.android.apps.authenticator2.test
02-03 22:36:32.251  1600  1600 I BackGroundService: BackGroundService:패키지 설치 BR 수신 처리 시작 
02-03 22:36:32.341   370   660 D ECS_EnterpriseContainerService: <<< Intent action is >>> : android.intent.action.PACKAGE_ADDED
02-03 22:36:32.341   370   660 D ECS_EnterpriseContainerService: <<< Intent data is   >>> : package:com.google.android.apps.authenticator2.test
02-03 22:36:32.341   370   660 I ECS_EnterpriseContainerService: Inside package added listener
02-03 22:36:32.371  1072  1072 D Launcher.Model: onReceive intent=Intent { act=android.intent.action.PACKAGE_ADDED dat=package:com.google.android.apps.authenticator2.test flg=0x8000010 (has extras) }
02-03 22:36:32.391  2016  2030 E ContactsUtil: ContactsUtil:isMasterSimEnabled()false
02-03 22:36:32.401  7072  7072 V PackageIntentReceiver: onReceive() intent:Intent { act=android.intent.action.PACKAGE_ADDED dat=package:com.google.android.apps.authenticator2.test flg=0x8000010 cmp=com.sec.android.app.controlpanel/.PackageIntentReceiver (has extras) } pkg:com.google.android.apps.authenticator2.test action:android.intent.action.PACKAGE_ADDED
02-03 22:36:32.431  1072  1163 D Launcher.Model: mMenuAppLoader.updatePackage com.google.android.apps.authenticator2.test
02-03 22:36:32.451  7107  7107 I PCWCLIENTTRACE_SPPReceiver: [onReceive] - android.intent.action.PACKAGE_ADDED
02-03 22:36:32.461  3225  3225 I DBG_POLICYDM: [SPD_v1_1309_2_2][Line:37][onReceive] ACTION_PACKAGE_ADDED. mPkgName:com.google.android.apps.authenticator2.test
02-03 22:36:32.471  7152  7152 W ResourceType: No package identifier when getting value for resource number 0x00000000
02-03 22:36:32.481  7152  7152 W ResourceType: No package identifier when getting value for resource number 0x00000000
02-03 22:36:32.491  1072  1072 I ContextualPageManager: awareHotseatItemsReload from CA
02-03 22:36:32.501  7171  7171 I SA      : [PMR] Received action : android.intent.action.PACKAGE_ADDED
02-03 22:36:32.511  7171  7171 I SA      : [SUR] onReceive log=[SA =  V = 18 HWD = 0X0 0.0 dpi = 0  SIZE = 0 LOCALE =  CSC = TMB MCC = 0 MNC 0 T = eng DEVICE = d2tmo P = d2tmo I = JSS15J M = SGH-T999 OKLEFT true DIS d2tmo-eng 4.3 JSS15J T999UVEEMJC test-keys  ]
02-03 22:36:32.511  7171  7171 I SA      : [SUR] onReceive Intent=[ android.intent.action.PACKAGE_ADDED package ]
02-03 22:36:32.561  2016  2030 D AccountTypeManager: Registering external account type=com.android.ldap, packageName=com.android.email
02-03 22:36:32.571   370   738 W LicenseLogService: log() is called by non admin
02-03 22:36:32.581   370   738 W LicenseLogService: log() is called by non admin
02-03 22:36:32.591  2016  2030 D AccountTypeManager: Registering external account type=com.facebook.auth.login, packageName=com.facebook.katana
02-03 22:36:32.611  2016  2030 W ExternalAccountType: Problem building account type (inflating scheme from XML)
02-03 22:36:32.621  2016  2030 W ExternalAccountType: Problem building account type (inflating scheme from XML)
02-03 22:36:32.621  2016  2030 D AccountTypeManager: Registering external account type=com.sec.chaton, packageName=com.sec.chaton
02-03 22:36:32.651  2016  2030 W ExternalAccountType: Problem building account type (inflating scheme from XML)
02-03 22:36:32.651  2016  2030 D AccountTypeManager: Registering 1 extension packages
02-03 22:36:32.661  2016  2030 E ExternalAccountType: Unsupported attribute readOnly
02-03 22:36:32.661  2016  2030 W ExternalAccountType: Problem building account type (inflating scheme from XML)
02-03 22:36:32.661  2016  2030 W ExternalAccountType: Problem building account type (inflating scheme from XML)
02-03 22:36:32.671  1026  1026 D ContainerEventsRelayManager: <<< Intent action is >>> : android.intent.action.PACKAGE_REPLACED
02-03 22:36:32.671  1026  1026 D ContainerEventsRelayManager: <<< Intent data is   >>> : package:com.google.android.apps.authenticator2.test
02-03 22:36:32.671   370   660 D ECS_EnterpriseContainerService: <<< Intent action is >>> : android.intent.action.PACKAGE_REPLACED
02-03 22:36:32.671   370   660 D ECS_EnterpriseContainerService: <<< Intent data is   >>> : package:com.google.android.apps.authenticator2.test
02-03 22:36:32.681   370   660 I ECS_EnterpriseContainerService: Inside package added listener
02-03 22:36:32.681  3437  3437 I SettingsIntentReceiver: onReceive(): android.intent.action.PACKAGE_ADDED
02-03 22:36:32.691  7201  7201 I SmartCardBroadcastReceiver: SmartCardBroadcastReceiver - onReceive() 
02-03 22:36:32.691  7201  7201 I SmartCardBroadcastReceiver: Received intent with action - android.intent.action.PACKAGE_ADDED
02-03 22:36:32.691  7201  7201 I SmartCardBroadcastReceiver: foundMatchingVendorPackage - Checking for com.google.android.apps.authenticator2.test
02-03 22:36:32.721  1689  7835 D PackageBroadcastService: Received broadcast action=android.intent.action.PACKAGE_ADDED and uri=com.google.android.apps.authenticator2.test
02-03 22:36:32.761  1083  1083 D PackageAddedReceiver: package added com.google.android.apps.authenticator2.test
02-03 22:36:32.821  2016  2030 D AccountTypeManager: Registering extension package account type=com.google, dataSet=plus, packageName=com.google.android.apps.plus
02-03 22:36:32.821  2016  2030 D SIM TEST: isSimSupport()
02-03 22:36:32.821  2016  2030 D SIM TEST: isWifi()
02-03 22:36:32.821  2016  2030 D SIM TEST: isWifi() return false
02-03 22:36:32.821  2016  2030 D SIM TEST: isSimSupport() return truefrom csc feature
02-03 22:36:32.821  2016  2030 D SIM TEST: isSimSupport()
02-03 22:36:32.821  2016  2030 D SIM TEST: isWifi()
02-03 22:36:32.821  2016  2030 D SIM TEST: isWifi() return false
02-03 22:36:32.821  2016  2030 D SIM TEST: isSimSupport() return truefrom csc feature
02-03 22:36:32.861  2016  2030 I AccountTypeManager: Loaded meta-data for 12 account types, 8 accounts in 471ms(wall) 34ms(cpu)
02-03 22:36:33.011  4601  4601 D dalvikvm: GC_FOR_ALLOC freed 340K, 31% free 13502K/19420K, paused 27ms, total 28ms
02-03 22:36:33.051   370   695 W Resources: Converting to string: TypedValue{t=0x12/d=0xffffffff a=-1}
02-03 22:36:33.061   370   695 W Resources: Converting to string: TypedValue{t=0x12/d=0xffffffff a=-1}
02-03 22:36:33.082   370   695 W Resources: Converting to string: TypedValue{t=0x12/d=0xffffffff a=-1}
02-03 22:36:33.142   370   695 W Resources: Converting to string: TypedValue{t=0x12/d=0xffffffff a=-1}
02-03 22:36:33.142  7245  7245 V GelStubAppWatcher: onReceive: android.intent.action.PACKAGE_ADDED
02-03 22:36:33.172  7245  7839 I Icing.InternalIcingCorporaProvider: Updating corpora: A: com.google.android.apps.authenticator2.test, C: MAYBE
02-03 22:36:33.192  3963  3963 D SPPClientService: [PackageInfoChangeReceiver] (main) Package Info Changed
02-03 22:36:33.452   142   248 D qdutils : getuiClearRegion:70 wormRect( l = 0 t = 0 r = 720  b = 1280) 
02-03 22:36:33.452   142   248 D qdutils : getuiClearRegion:76 FinalwormRect( l = 0 t = 0 r = 720  b = 1280) 
02-03 22:36:33.582  7673  7690 D ROBOT_EVENT_ALF: here18
02-03 22:36:33.612   184   184 E SMD     : DCD ON
