02-03 22:38:52.090   370  1187 I power_partial_wake_state: [1,GpsLocationProvider]
02-03 22:38:52.090  7673  7673 I am_on_resume_called: [0,com.facebook.maps.GoogleEmbeddableMapActivity]
02-03 22:38:52.110   370  1862 I power_partial_wake_state: [1,NetworkLocationLocator]
02-03 22:38:52.190   370  1102 I am_destroy_service: [0,1133729336,4920]
02-03 22:38:52.220   370   392 I am_destroy_service: [0,1130968376,8346]
02-03 22:38:52.290  7673  7673 I am_on_resume_called: [0,com.facebook.katana.activity.places.SelectAtTagActivity]
02-03 22:38:52.420   370  1102 I power_partial_wake_state: [0,LocationManagerService]
02-03 22:38:52.590   370   662 I am_activity_launch_time: [0,1119487256,com.facebook.katana/.activity.places.SelectAtTagActivity,2122,2122]
02-03 22:38:52.650   370  1856 I power_partial_wake_state: [0,ActivityManager-Launch]
02-03 22:38:52.731   370  1763 I power_partial_wake_state: [1,NetworkLocationCallbackRunner]
02-03 22:38:52.741   370   660 I power_partial_wake_state: [0,AlarmManager]
02-03 22:38:52.961   370  1186 I am_create_service: [0,1137268368,com.tmobile.pr.mytmobile/.wifimetrics.service.WifiMetricsService,1110]
02-03 22:38:52.971   370  1041 I power_partial_wake_state: [0,NetworkLocationCallbackRunner]
02-03 22:38:53.051   370   370 I notification_cancel: [com.android.settings,2131297359,NULL,0,0,0]
02-03 22:38:53.071  1010  1010 I binder_sample: [android.app.IActivityManager,16,335,com.google.process.location,67]
02-03 22:38:53.361   370  1858 I am_kill : [0,7187,com.sec.android.SimpleWidget,15,too many background]
02-03 22:38:53.371   370  1858 I am_proc_died: [0,7187,com.sec.android.SimpleWidget,15]
02-03 22:38:53.381   370   385 I power_partial_wake_state: [1,RILJ]
02-03 22:38:53.431   370  1763 I am_create_service: [0,1119537296,com.android.email/.service.AccountService,8294]
02-03 22:38:53.611   370  1069 I am_destroy_service: [0,1119537296,8294]
02-03 22:38:53.611   370   370 I am_destroy_service: [0,1137268368,1110]
02-03 22:38:53.672   370  1858 I power_partial_wake_state: [1,com.carrieriq.tmobile.Wakelock]
02-03 22:38:53.742   370  1008 I power_partial_wake_state: [0,LocationManagerService]
02-03 22:38:53.742  7673  8152 I content_query_sample: [content://com.facebook.katana.provider.PhotosProvider/photos,aid/pid/caption/position,pid IN('100004638540466_1073742432','100004638540466_1376'),,1515,com.facebook.katana,100]
02-03 22:38:53.782   370  1860 I notification_enqueue: [com.android.systemui,252119,NULL,-1,Notification(pri=1 icon=7f02011c contentView=com.android.systemui/0x10900b4 vibrate=null sound=null defaults=0x0 flags=0x2 when=1391485133787 ledARGB=0x0 contentIntent=Y deleteIntent=N contentTitle=Searching using GPS contentText=N tickerText=N kind=[null])]
02-03 22:38:53.852   370  1008 I power_partial_wake_state: [0,GpsLocationProvider]
02-03 22:38:54.462   370  1858 I am_create_service: [0,1138902040,com.tmobile.pr.mytmobile/.wifimetrics.service.WifiMetricsService,1110]
02-03 22:38:54.562   370  1187 I power_partial_wake_state: [0,PushClient SystemStateMonitorService]
02-03 22:38:54.713   370  1860 I power_partial_wake_state: [0,RILJ]
02-03 22:38:54.763   370  1856 I power_partial_wake_state: [1,RILJ]
02-03 22:38:54.763   370   385 I power_partial_wake_state: [0,RILJ]
02-03 22:38:54.763   370   914 I power_partial_wake_state: [1,RILJ]
02-03 22:38:54.773   370  1147 I power_partial_wake_state: [0,RILJ]
02-03 22:38:54.773   370  1187 I power_partial_wake_state: [1,RILJ]
02-03 22:38:54.783   370   392 I power_partial_wake_state: [0,RILJ]
02-03 22:38:54.783   370  1862 I power_partial_wake_state: [1,RILJ]
02-03 22:38:54.803   370  1041 I power_partial_wake_state: [0,RILJ]
02-03 22:38:54.803   370  1860 I notification_cancel: [com.android.systemui,273,NULL,0,0,64]
02-03 22:38:54.803   933   933 I binder_sample: [android.app.INotificationManager,5,8,com.android.systemui,1]
02-03 22:38:54.823   370   767 I connectivity_state_changed: [3,15,8]
02-03 22:38:54.853   370  1147 I notification_cancel: [com.android.systemui,273,NULL,0,0,64]
02-03 22:38:54.883   370  1861 I power_partial_wake_state: [1,RILJ]
02-03 22:38:54.893   370  1102 I power_partial_wake_state: [0,RILJ]
02-03 22:38:54.893   370  1070 I power_partial_wake_state: [1,RILJ]
02-03 22:38:54.903   370  1858 I power_partial_wake_state: [0,RILJ]
02-03 22:38:54.903   370  1041 I power_partial_wake_state: [1,RILJ]
02-03 22:38:54.913   370  1862 I power_partial_wake_state: [0,RILJ]
02-03 22:38:54.913   370  1860 I power_partial_wake_state: [1,RILJ]
02-03 22:38:54.923   370  1186 I power_partial_wake_state: [0,RILJ]
02-03 22:38:55.193   370  1102 I notification_cancel: [com.android.systemui,273,NULL,0,0,64]
02-03 22:38:55.203   370  1069 I notification_cancel: [com.android.systemui,273,NULL,0,0,64]
02-03 22:38:55.233   370   741 I power_partial_wake_state: [1,NetworkStats]
02-03 22:38:55.263   370   741 I netstats_mobile_sample: [725,7,628,8,725,7,558,8,725,7,626,9,1391485136214]
02-03 22:38:55.263   370   741 I netstats_wifi_sample: [1565496,3651,816930,2844,1476866,2812,765710,2843,1476866,2812,765710,2843,1391485136214]
02-03 22:38:55.263   370   741 I power_partial_wake_state: [0,NetworkStats]
02-03 22:38:55.263   370   741 I power_partial_wake_state: [1,NetworkStats]
02-03 22:38:55.283  3504  3504 I binder_sample: [com.android.internal.telephony.ITelephony,48,194,com.wssyncmldm,38]
02-03 22:38:55.313   370   741 I netstats_mobile_sample: [725,7,628,8,725,7,558,8,725,7,626,9,1391485136269]
02-03 22:38:55.343   370   741 I netstats_wifi_sample: [1565496,3651,816930,2844,1476866,2812,765710,2843,1476866,2812,765710,2843,1391485136269]
02-03 22:38:55.343   370   741 I power_partial_wake_state: [0,NetworkStats]
02-03 22:38:55.664   370  1147 I power_partial_wake_state: [0,com.carrieriq.tmobile.Wakelock]
02-03 22:38:55.694   370  1763 I power_partial_wake_state: [0,NetworkLocationLocator]
02-03 22:38:55.734   370  1008 I power_partial_wake_state: [1,LocationManagerService]
02-03 22:38:55.784   370  1069 I notification_cancel: [com.android.systemui,273,NULL,0,0,64]
02-03 22:38:55.834   370  1860 I notification_cancel: [com.android.systemui,273,NULL,0,0,64]
02-03 22:38:56.044  3173  3173 I binder_sample: [android.net.IConnectivityManager,5,104,com.samsung.SMT,20]
02-03 22:38:56.044  3066  3066 I binder_sample: [android.net.IConnectivityManager,3,149,com.voxmobili.sync.MobileBackup2:voxmob,29]
02-03 22:38:56.064   370  1856 I am_create_service: [0,1138027848,com.samsung.SMT/.UpdateManager,3173]
02-03 22:38:56.114   370  1069 I am_destroy_service: [0,1138027848,3173]
02-03 22:38:56.124  7739  7739 I binder_sample: [android.net.IConnectivityManager,13,5,com.facebook.katana:providers,1]
02-03 22:38:56.134   370  1008 I power_partial_wake_state: [1,LocationManagerService]
02-03 22:38:56.164   370  1187 I am_destroy_service: [0,1138902040,1110]
02-03 22:38:56.174   370  1008 I power_partial_wake_state: [1,LocationManagerService]
02-03 22:38:56.184   370   660 I power_partial_wake_state: [0,LocationManagerService]
02-03 22:38:56.184   370   370 I power_partial_wake_state: [0,LocationManagerService]
02-03 22:38:56.204  7673  7673 I binder_sample: [android.net.IConnectivityManager,3,11,com.facebook.katana,2]
02-03 22:38:56.334   370  1862 I power_partial_wake_state: [1,Checkin Handoff]
02-03 22:38:56.334   370  1187 I am_create_service: [0,1144004760,com.google.android.gsf/.checkin.CheckinService,1083]
02-03 22:38:56.344   370  1069 I power_partial_wake_state: [1,Checkin Service]
02-03 22:38:56.344   370  1102 I power_partial_wake_state: [0,Checkin Handoff]
02-03 22:38:56.414   370   392 I am_create_service: [0,1139463760,com.google.android.apps.uploader/com.google.android.picasasync.ConnectivityReceiver$AsyncService,8245]
02-03 22:38:56.424  4193  4193 I binder_sample: [android.app.IActivityManager,16,28,com.sec.android.app.keyguard,5]
02-03 22:38:56.434   370   790 I power_partial_wake_state: [1,SyncLoopWakeLock]
02-03 22:38:56.444   370  1862 I am_destroy_service: [0,1139463760,8245]
02-03 22:38:56.465   370  1008 I power_partial_wake_state: [1,LocationManagerService]
02-03 22:38:56.495   370  1008 I power_partial_wake_state: [1,LocationManagerService]
02-03 22:38:56.535   370  1862 I am_destroy_service: [0,1144004760,1083]
02-03 22:38:56.575   370  1102 I power_partial_wake_state: [0,Checkin Service]
02-03 22:38:56.595   370  1008 I power_partial_wake_state: [1,LocationManagerService]
02-03 22:38:56.615   370  1008 I power_partial_wake_state: [1,LocationManagerService]
02-03 22:38:56.635   370   790 I power_partial_wake_state: [0,SyncLoopWakeLock]
02-03 22:38:56.645   370  1041 I power_partial_wake_state: [0,LocationManagerService]
02-03 22:38:56.645   370  1041 I power_partial_wake_state: [1,GpsLocationProvider]
02-03 22:38:56.655   370   790 I power_partial_wake_state: [1,SyncLoopWakeLock]
02-03 22:38:56.675   370   392 I power_partial_wake_state: [0,LocationManagerService]
02-03 22:38:56.675   370   914 I power_partial_wake_state: [1,NetworkLocationLocator]
02-03 22:38:56.675   370  1069 I power_partial_wake_state: [0,LocationManagerService]
02-03 22:38:56.745   370  1008 I power_partial_wake_state: [1,LocationManagerService]
02-03 22:38:56.765   370  1008 I power_partial_wake_state: [1,LocationManagerService]
02-03 22:38:56.765   370   370 I power_partial_wake_state: [0,LocationManagerService]
02-03 22:38:56.775   370  1186 I power_partial_wake_state: [0,LocationManagerService]
02-03 22:38:56.785   370   790 I power_partial_wake_state: [0,SyncLoopWakeLock]
02-03 22:38:56.805   370  1008 I power_partial_wake_state: [0,LocationManagerService]
02-03 22:38:56.875   370  1069 I power_partial_wake_state: [0,LocationManagerService]
02-03 22:38:56.935   370  1858 I power_partial_wake_state: [1,RILJ]
02-03 22:38:56.935   370  1147 I power_partial_wake_state: [1,RILJ]
02-03 22:38:56.945   370   392 I power_partial_wake_state: [0,RILJ]
02-03 22:38:56.955   370   370 I power_partial_wake_state: [1,RILJ]
02-03 22:38:56.955   370  1186 I power_partial_wake_state: [1,RILJ]
02-03 22:38:56.965   370  1763 I power_partial_wake_state: [1,RILJ]
02-03 22:38:56.965   370  1069 I power_partial_wake_state: [1,RILJ]
02-03 22:38:56.975   370   914 I power_partial_wake_state: [1,RILJ]
02-03 22:38:56.975   370  1862 I power_partial_wake_state: [1,RILJ]
02-03 22:38:56.995   370  1856 I power_partial_wake_state: [0,RILJ]
02-03 22:38:57.285   370  1008 I content_query_sample: [content://telephony/carriers,protocol,current = 1 and apn = 'epc.tmobile.com' and carrier_enabled = 1,name ASC,398,,80]
02-03 22:38:57.335   370  1102 I am_create_service: [0,1136992720,com.android.providers.downloads/.DownloadService,1321]
02-03 22:38:57.365   370  1763 I notification_cancel_all: [com.android.providers.downloads,0,0,64]
02-03 22:38:57.456   370  1858 I am_create_service: [0,1136894280,com.google.android.youtube/com.google.android.apps.youtube.app.prefetch.PrefetchService,8365]
02-03 22:38:57.486   370   392 I am_destroy_service: [0,1136894280,8365]
02-03 22:38:57.516   370  1862 I am_create_service: [0,1133513456,com.tmobile.pr.mytmobile/.wifimetrics.service.WifiMetricsService,1110]
02-03 22:38:57.576   370  1856 I am_destroy_service: [0,1133513456,1110]
02-03 22:38:57.576  3225  3225 I binder_sample: [android.app.IActivityManager,110,305,com.policydm,61]
02-03 22:38:57.606  1321  8476 I content_query_sample: [content://downloads/all_downloads,,,,202,com.android.providers.media,41]
02-03 22:38:57.626   370  1008 I power_partial_wake_state: [0,GpsLocationProvider]
02-03 22:38:57.666   370  1041 I am_destroy_service: [0,1136992720,1321]
02-03 22:38:57.736   370   370 I am_create_service: [0,1136840232,com.sec.spp.push/.monitor.SystemStateMonitorService,3963]
02-03 22:38:57.756  3963  3963 I binder_sample: [android.app.IActivityManager,110,17,com.sec.spp.push,3]
02-03 22:38:57.926   370  1862 I notification_cancel: [com.android.systemui,273,NULL,0,0,64]
02-03 22:38:57.966   370  1858 I power_partial_wake_state: [1,Checkin Handoff]
02-03 22:38:57.976   370  1861 I am_create_service: [0,1131753072,com.google.android.gsf/.checkin.CheckinService,1083]
02-03 22:38:57.976   370  1102 I power_partial_wake_state: [1,Checkin Service]
02-03 22:38:57.976   370  1186 I power_partial_wake_state: [0,Checkin Handoff]
02-03 22:38:58.126   370  1147 I am_create_service: [0,1142154848,com.google.android.apps.uploader/com.google.android.picasasync.ConnectivityReceiver$AsyncService,8245]
02-03 22:38:58.166   370  1102 I am_destroy_service: [0,1142154848,8245]
02-03 22:38:58.186   370   370 I power_partial_wake_state: [1,PushClient SystemStateMonitorService]
02-03 22:38:58.186   370   392 I am_destroy_service: [0,1136840232,3963]
02-03 22:38:58.196   370  1861 I am_destroy_service: [0,1131753072,1083]
02-03 22:38:58.196   370   385 I power_partial_wake_state: [0,Checkin Service]
02-03 22:38:58.507   370  1856 I am_create_service: [0,1138732856,com.android.providers.downloads/.DownloadService,1321]
02-03 22:38:58.527   370   370 I notification_cancel_all: [com.android.providers.downloads,0,0,64]
02-03 22:38:58.567   370  1186 I am_create_service: [0,1142131560,com.sec.android.providers.downloads/.SecDownloadService,1321]
02-03 22:38:58.577   370  1070 I notification_cancel_all: [com.sec.android.providers.downloads,0,0,64]
02-03 22:38:58.597   370  1102 I force_gc: Binder
02-03 22:38:58.797  3225  3225 I binder_sample: [android.app.IActivityManager,110,228,com.policydm,45]
02-03 22:38:58.797   370  1041 I am_create_service: [0,1142552984,com.google.android.youtube/com.google.android.apps.youtube.app.prefetch.PrefetchService,8365]
02-03 22:38:58.867  1321  1321 I binder_sample: [android.content.IContentService,2,266,android.process.media,53]
02-03 22:38:58.867  1321  1321 I content_query_sample: [content://sisodownloads/sisodownloads,_id,status >= '200',lastmod,270,com.android.providers.media,55]
02-03 22:38:58.967   370  1147 I am_destroy_service: [0,1142552984,8365]
02-03 22:38:58.997   370  1070 I am_create_service: [0,1144187120,com.tmobile.pr.mytmobile/.wifimetrics.service.WifiMetricsService,1110]
02-03 22:38:59.117  3225  3225 I binder_sample: [android.app.IActivityManager,110,143,com.policydm,28]
02-03 22:38:59.117   370  1861 I am_destroy_service: [0,1144187120,1110]
02-03 22:38:59.147  1110  1110 I binder_sample: [android.app.IActivityManager,61,30,com.tmobile.pr.mytmobile,6]
02-03 22:38:59.187   370  1861 I notification_cancel: [com.android.systemui,273,NULL,0,0,64]
02-03 22:38:59.217   370  1862 I am_destroy_service: [0,1138732856,1321]
02-03 22:38:59.227   370  1186 I am_destroy_service: [0,1142131560,1321]
02-03 22:38:59.298   370  1860 I am_create_service: [0,1142930600,com.sec.spp.push/.monitor.SystemStateMonitorService,3963]
02-03 22:38:59.418   370  1861 I am_destroy_service: [0,1142930600,3963]
02-03 22:38:59.448   370   385 I am_destroy_service: [0,1143169912,7673]
02-03 22:38:59.518   370   392 I am_create_service: [0,1142647064,com.mobitv.client.tmobiletvhd/.UpdateService,4291]
02-03 22:38:59.868   370   701 I power_partial_wake_state: [1,AlarmManager]
02-03 22:38:59.938  4291  4291 I binder_sample: [android.app.IActivityManager,34,431,com.mobitv.client.tmobiletvhd:com.mobit,86]
02-03 22:39:00.088   370   767 I connectivity_state_changed: [3,3,2]
02-03 22:39:00.098   370  1186 I power_partial_wake_state: [1,RILJ]
02-03 22:39:00.198   370  1763 I power_partial_wake_state: [0,RILJ]
02-03 22:39:00.219   370  1858 I notification_cancel: [com.android.systemui,273,NULL,0,0,64]
02-03 22:39:00.329   370  1041 I notification_cancel: [com.android.systemui,273,NULL,0,0,64]
02-03 22:39:00.339   370   767 I connectivity_state_changed: [3,3,5]
02-03 22:39:00.379   370  1102 I power_partial_wake_state: [1,RILJ]
02-03 22:39:00.389   370   914 I power_partial_wake_state: [0,RILJ]
02-03 22:39:00.389   370  1858 I power_partial_wake_state: [1,RILJ]
02-03 22:39:00.389   370  1186 I power_partial_wake_state: [0,RILJ]
02-03 22:39:00.419   370  1147 I power_partial_wake_state: [1,RILJ]
02-03 22:39:00.419   370   385 I power_partial_wake_state: [1,RILJ]
02-03 22:39:00.419   370  1041 I power_partial_wake_state: [0,RILJ]
02-03 22:39:00.489   370   392 I power_partial_wake_state: [1,RILJ]
02-03 22:39:00.499  1043  1043 I binder_sample: [android.os.IPowerManager,1,62,com.android.phone,12]
02-03 22:39:00.499   370  1069 I power_partial_wake_state: [0,RILJ]
02-03 22:39:00.499   370  1763 I power_partial_wake_state: [1,RILJ]
02-03 22:39:00.509   370  1102 I power_partial_wake_state: [0,RILJ]
02-03 22:39:00.519   370   914 I power_partial_wake_state: [1,RILJ]
02-03 22:39:00.519   370  1858 I power_partial_wake_state: [0,RILJ]
02-03 22:39:00.519   370  1186 I power_partial_wake_state: [1,RILJ]
02-03 22:39:00.529   370  1147 I power_partial_wake_state: [0,RILJ]
02-03 22:39:00.529   370   385 I notification_cancel: [com.android.phone,7,NULL,0,0,64]
02-03 22:39:00.599   370   741 I power_partial_wake_state: [1,NetworkStats]
02-03 22:39:00.619   370   741 I netstats_mobile_sample: [725,7,628,8,725,7,558,8,725,7,626,9,1391485141569]
02-03 22:39:00.629   370   741 I netstats_wifi_sample: [1629083,3789,832898,2932,1514181,2880,780094,2931,1514181,2880,780094,2931,1391485141569]
02-03 22:39:00.639   370   741 I power_partial_wake_state: [0,NetworkStats]
02-03 22:39:00.639  1010  1010 I binder_sample: [android.net.wifi.IWifiManager,8,147,com.google.process.location,29]
02-03 22:39:00.669  1043  1043 I binder_sample: [android.content.IContentProvider,1,8,com.android.phone,1]
02-03 22:39:00.739   370  1862 I notification_cancel: [com.android.systemui,273,NULL,0,0,64]
02-03 22:39:00.779   370  1147 I notification_cancel: [com.android.systemui,273,NULL,0,0,64]
02-03 22:39:00.859   370   392 I notification_cancel: [com.android.phone,7,NULL,0,0,64]
02-03 22:39:00.889  3504  3504 I binder_sample: [com.android.internal.telephony.ITelephony,48,250,com.wssyncmldm,50]
02-03 22:39:01.170   370  1008 I power_partial_wake_state: [1,GpsLocationProvider]
02-03 22:39:01.220   370  1041 I notification_cancel: [com.android.systemui,273,NULL,0,0,64]
02-03 22:39:01.360  3066  3066 I binder_sample: [android.net.IConnectivityManager,3,116,com.voxmobili.sync.MobileBackup2:voxmob,23]
02-03 22:39:01.370   370  1069 I am_create_service: [0,1118994680,com.samsung.SMT/.UpdateManager,3173]
02-03 22:39:01.410   370  1147 I am_destroy_service: [0,1118994680,3173]
02-03 22:39:01.730   370   790 I power_partial_wake_state: [1,SyncLoopWakeLock]
02-03 22:39:01.870   370  1008 I power_partial_wake_state: [0,GpsLocationProvider]
02-03 22:39:01.890   370  1147 I am_finish_activity: [0,1119487256,6,com.facebook.katana/.activity.places.SelectAtTagActivity,app-request]
02-03 22:39:01.900  1010  1010 I binder_sample: [android.net.wifi.IWifiManager,8,99,com.google.process.location,19]
02-03 22:39:01.910   370  1147 I am_pause_activity: [0,1119487256,com.facebook.katana/.activity.places.SelectAtTagActivity]
02-03 22:39:01.940   370  1147 I power_partial_wake_state: [1,ActivityManager-Launch]
02-03 22:39:01.940  7673  7673 I binder_sample: [android.app.IActivityManager,11,184,com.facebook.katana,36]
02-03 22:39:01.950   370  1860 I am_create_service: [0,1137107256,com.tmobile.pr.mytmobile/.wifimetrics.service.WifiMetricsService,1110]
02-03 22:39:02.060   370  1860 I power_partial_wake_state: [1,GpsLocationProvider]
02-03 22:39:02.101  7673  7673 I am_on_paused_called: [0,com.facebook.maps.GoogleEmbeddableMapActivity]
02-03 22:39:02.111   370  1102 I power_partial_wake_state: [0,NetworkLocationLocator]
02-03 22:39:02.151   370   914 I power_partial_wake_state: [1,NetworkLocationLocator]
02-03 22:39:02.241   370  1186 I power_partial_wake_state: [0,PushClient SystemStateMonitorService]
02-03 22:39:02.271   370  1147 I power_partial_wake_state: [1,Checkin Handoff]
02-03 22:39:02.271   370  1858 I am_create_service: [0,1135210424,com.google.android.gsf/.checkin.CheckinService,1083]
02-03 22:39:02.281   370   392 I power_partial_wake_state: [1,Checkin Service]
02-03 22:39:02.291   370  1763 I power_partial_wake_state: [0,Checkin Handoff]
02-03 22:39:02.371   370  1187 I am_create_service: [0,1142588120,com.google.android.apps.uploader/com.google.android.picasasync.ConnectivityReceiver$AsyncService,8245]
02-03 22:39:02.391  1083  1083 I binder_sample: [android.app.IActivityManager,16,89,com.google.process.gapps,17]
02-03 22:39:02.391   370  1763 I am_destroy_service: [0,1142588120,8245]
02-03 22:39:02.421   370  1008 I power_partial_wake_state: [1,LocationManagerService]
02-03 22:39:02.481   370  1008 I power_partial_wake_state: [1,LocationManagerService]
02-03 22:39:02.501   370   663 I am_resume_activity: [0,1134069928,6,com.facebook.katana/.activity.composer.ComposerActivity]
02-03 22:39:02.541   370  1102 I am_destroy_service: [0,1135210424,1083]
02-03 22:39:02.541   370  1763 I power_partial_wake_state: [0,Checkin Service]
02-03 22:39:02.561   370   385 I power_partial_wake_state: [0,LocationManagerService]
02-03 22:39:02.571   370   660 I power_partial_wake_state: [0,LocationManagerService]
02-03 22:39:02.571  7673  7673 I binder_sample: [android.location.ILocationManager,2,376,com.facebook.katana,75]
02-03 22:39:02.571  7673  7673 I am_on_paused_called: [0,com.facebook.katana.activity.places.SelectAtTagActivity]
02-03 22:39:02.571   370  1856 I am_failed_to_pause: [1119487256,com.facebook.katana/.activity.places.SelectAtTagActivity,[]]
02-03 22:39:02.601   370   370 I am_create_service: [0,1139391640,com.facebook.katana/.service.FacebookService,7673]
02-03 22:39:02.651  7673  7673 I am_on_resume_called: [0,com.facebook.katana.activity.composer.ComposerActivity]
02-03 22:39:02.881   370   392 I notification_enqueue: [android,17041112,NULL,-1,Notification(pri=0 icon=1080441 contentView=android/0x10900b4 vibrate=null sound=null defaults=0x0 flags=0x1002 when=0 ledARGB=0x0 contentIntent=Y deleteIntent=N contentTitle=Select input method contentText=Samsung keyboard tickerText=N kind=[android.system.imeswitcher])]
02-03 22:39:02.911   370   370 I notification_enqueue: [android,17041112,NULL,-1,Notification(pri=0 icon=1080441 contentView=android/0x10900b4 vibrate=null sound=null defaults=0x0 flags=0x1002 when=0 ledARGB=0x0 contentIntent=Y deleteIntent=N contentTitle=Select input method contentText=Samsung keyboard tickerText=N kind=[android.system.imeswitcher])]
02-03 22:39:03.022   370  1041 I power_partial_wake_state: [0,ActivityManager-Launch]
02-03 22:39:03.032   370  1041 I am_destroy_activity: [0,1119487256,6,com.facebook.katana/.activity.places.SelectAtTagActivity,finish-imm]
02-03 22:39:03.662   370  1069 I notification_enqueue: [android,17041112,NULL,-1,Notification(pri=0 icon=1080441 contentView=android/0x10900b4 vibrate=null sound=null defaults=0x0 flags=0x1002 when=0 ledARGB=0x0 contentIntent=Y deleteIntent=N contentTitle=Select input method contentText=Samsung keyboard tickerText=N kind=[android.system.imeswitcher])]
02-03 22:39:03.792  7673  7673 I binder_sample: [android.view.IWindowSession,6,9,com.facebook.katana,1]
02-03 22:39:04.343   370  1008 I power_partial_wake_state: [1,LocationManagerService]
02-03 22:39:04.383   370   790 I power_partial_wake_state: [0,SyncLoopWakeLock]
02-03 22:39:04.483   370  1008 I power_partial_wake_state: [1,LocationManagerService]
02-03 22:39:04.733   370   370 I am_destroy_service: [0,1137107256,1110]
02-03 22:39:04.763   370  1041 I notification_cancel: [android,17041112,NULL,-1,0,0]
02-03 22:39:04.873  3225  3225 I binder_sample: [android.app.IAlarmManager,6,317,com.policydm,63]
02-03 22:39:04.934   370  1008 I power_partial_wake_state: [1,LocationManagerService]
02-03 22:39:04.954   370  1147 I am_destroy_service: [0,1142647064,4291]
02-03 22:39:04.994  3504  3504 I binder_sample: [android.app.IActivityManager,110,24,com.wssyncmldm,4]
02-03 22:39:05.124  8294  8530 I content_query_sample: [content://com.android.email.provider/account,_id/displayName/emailAddress/syncKey/syncLookback/syncInterval/hostAuthKeyRecv/hostAuthKeySend/flags/isDefault/compatibilityUuid/senderName/ringtoneUri/protocolVersion/newMessageCount/securityFlags/securitySyncKey/signature/emailsize/policyKey/peakDays/peakStartMinute/peakEndMinute/peakSchedule/offPeakSchedule/roamingSchedule/calendarSyncLookback/typeMsg/sevenAccountKey/sizeLimit/timeLimit/peakTime/offPeakTime/days/peakStartTime/peakEndTime/whileRoaming/attachmentEnabled/smimeOwnCertificateAlias/smimeOptionsFlags/smimeSignAlgorithm/smimeEncryptionAlgorithm/conversationMode/textPreview/deviceInfoSent/deviceBlockedType/conflict/IRMTemplateTimeStamp/cbaCertificateAlias/messageFormat/accountType/easLocalChange/forwardWithFiles/autoDownload/recentMessages/showImage/autoRetryTimes/downloadOnScroll/spamfolderid/isSignatureEdited/cancelSendingMessageTimeout/isPeakScheduleOn/companyname/roamingemailsize/smimeOwnSignCertAlias,displayName is not '##snc##',,837,com.android.!
02-03 22:39:05.124   370  1008 I power_partial_wake_state: [1,LocationManagerService]
02-03 22:39:05.134   370  1069 I power_partial_wake_state: [0,LocationManagerService]
02-03 22:39:05.134   370  1070 I power_partial_wake_state: [0,LocationManagerService]
02-03 22:39:05.134   370  1763 I power_partial_wake_state: [0,LocationManagerService]
02-03 22:39:05.164   370  1008 I power_partial_wake_state: [1,LocationManagerService]
02-03 22:39:05.164   370  1008 I power_partial_wake_state: [1,LocationManagerService]
02-03 22:39:05.174   370  1008 I power_partial_wake_state: [1,LocationManagerService]
02-03 22:39:05.174   370  1102 I power_partial_wake_state: [0,LocationManagerService]
02-03 22:39:05.174   370  1860 I power_partial_wake_state: [0,LocationManagerService]
02-03 22:39:05.174   370  1861 I power_partial_wake_state: [0,LocationManagerService]
02-03 22:39:05.184   370   370 I notification_cancel: [com.android.systemui,252119,NULL,-1,0,64]
02-03 22:39:05.194   370  1008 I power_partial_wake_state: [0,GpsLocationProvider]
02-03 22:39:05.204   370  1008 I power_partial_wake_state: [0,LocationManagerService]
02-03 22:39:05.214   370   392 I notification_enqueue: [com.android.systemui,252119,NULL,-1,Notification(pri=1 icon=7f02011c contentView=com.android.systemui/0x10900b4 vibrate=null sound=null defaults=0x0 flags=0x2 when=1391485145225 ledARGB=0x0 contentIntent=Y deleteIntent=N contentTitle=Searching using GPS contentText=N tickerText=N kind=[null])]
02-03 22:39:05.274   370  1186 I notification_cancel: [com.android.systemui,252119,NULL,-1,0,64]
02-03 22:39:05.434   370  1147 I am_create_service: [0,1142841744,com.android.providers.downloads/.DownloadService,1321]
02-03 22:39:05.444  1321  8533 I content_query_sample: [content://downloads/all_downloads,_data,,,2,com.android.providers.media,1]
02-03 22:39:05.454   370  1187 I notification_cancel_all: [com.android.providers.downloads,0,0,64]
02-03 22:39:05.464  3225  3225 I binder_sample: [android.app.IActivityManager,110,45,com.policydm,9]
02-03 22:39:05.474   370   370 I am_create_service: [0,1142841224,com.sec.android.providers.downloads/.SecDownloadService,1321]
02-03 22:39:05.494   370  1856 I notification_cancel_all: [com.sec.android.providers.downloads,0,0,64]
02-03 22:39:05.574   370  1862 I am_create_service: [0,1142562792,com.google.android.youtube/com.google.android.apps.youtube.app.prefetch.PrefetchService,8365]
02-03 22:39:05.624   370  1147 I am_create_service: [0,1142521160,com.tmobile.pr.mytmobile/.wifimetrics.service.WifiMetricsService,1110]
02-03 22:39:05.684   370  1861 I am_destroy_service: [0,1142521160,1110]
02-03 22:39:05.694   370  1858 I am_destroy_service: [0,1142562792,8365]
02-03 22:39:05.714   370  1856 I notification_enqueue: [com.android.systemui,252119,NULL,-1,Notification(pri=1 icon=7f02011c contentView=com.android.systemui/0x10900b4 vibrate=null sound=null defaults=0x0 flags=0x2 when=1391485145723 ledARGB=0x0 contentIntent=Y deleteIntent=N contentTitle=Searching using GPS contentText=N tickerText=N kind=[null])]
02-03 22:39:05.804   370  1862 I am_destroy_service: [0,1142841744,1321]
02-03 22:39:05.814   370  1186 I am_destroy_service: [0,1142841224,1321]
02-03 22:39:05.835   370  1102 I am_create_service: [0,1142337704,com.sec.spp.push/.monitor.SystemStateMonitorService,3963]
02-03 22:39:05.875   370  1186 I power_partial_wake_state: [1,NetworkLocationCallbackRunner]
02-03 22:39:05.875   370   660 I power_partial_wake_state: [0,AlarmManager]
02-03 22:39:05.895   370  1102 I power_partial_wake_state: [0,NetworkLocationCallbackRunner]
02-03 22:39:05.895   370   385 I power_partial_wake_state: [1,PushClient SystemStateMonitorService]
02-03 22:39:05.895   370  1041 I am_destroy_service: [0,1142337704,3963]
02-03 22:39:05.985   370  1858 I am_create_service: [0,1141592656,com.tmobile.pr.mytmobile/.wifimetrics.service.WifiMetricsService,1110]
02-03 22:39:06.065   370  1862 I notification_cancel: [com.android.systemui,273,NULL,0,0,64]
02-03 22:39:06.215   370   701 I power_partial_wake_state: [1,AlarmManager]
02-03 22:39:06.215   370   660 I power_partial_wake_state: [0,AlarmManager]
02-03 22:39:06.235   370  1860 I power_partial_wake_state: [0,NetworkLocationLocator]
02-03 22:39:06.355   370  1008 I power_partial_wake_state: [1,LocationManagerService]
02-03 22:39:06.395   370  1008 I power_partial_wake_state: [1,LocationManagerService]
02-03 22:39:06.405   370   660 I power_partial_wake_state: [0,LocationManagerService]
02-03 22:39:06.415   370  1069 I power_partial_wake_state: [0,LocationManagerService]
02-03 22:39:06.415   370  1069 I power_partial_wake_state: [1,GpsLocationProvider]
02-03 22:39:06.435   370  1861 I power_partial_wake_state: [1,NetworkLocationLocator]
02-03 22:39:06.455   370  1008 I power_partial_wake_state: [1,LocationManagerService]
02-03 22:39:06.485   370  1008 I power_partial_wake_state: [1,LocationManagerService]
02-03 22:39:06.505   370  1008 I power_partial_wake_state: [1,LocationManagerService]
02-03 22:39:06.505   370  1008 I power_partial_wake_state: [1,LocationManagerService]
02-03 22:39:06.525   370  1856 I power_partial_wake_state: [0,LocationManagerService]
02-03 22:39:06.525   370  1763 I power_partial_wake_state: [0,LocationManagerService]
02-03 22:39:06.525   370  1858 I power_partial_wake_state: [0,LocationManagerService]
02-03 22:39:06.535   370  1008 I power_partial_wake_state: [1,LocationManagerService]
02-03 22:39:06.545   370  1008 I power_partial_wake_state: [1,LocationManagerService]
02-03 22:39:06.545   370  1860 I am_destroy_service: [0,1141592656,1110]
02-03 22:39:06.555   370  1008 I power_partial_wake_state: [1,LocationManagerService]
02-03 22:39:06.555   370  1041 I power_partial_wake_state: [0,LocationManagerService]
02-03 22:39:06.555   370   914 I power_partial_wake_state: [0,LocationManagerService]
02-03 22:39:06.555   370  1862 I power_partial_wake_state: [0,LocationManagerService]
02-03 22:39:06.565   370  1008 I power_partial_wake_state: [0,GpsLocationProvider]
02-03 22:39:06.565   370  1008 I power_partial_wake_state: [0,LocationManagerService]
02-03 22:39:06.575   370   392 I am_destroy_service: [0,1139391640,7673]
02-03 22:39:06.595   370   370 I notification_cancel: [com.android.systemui,252119,NULL,-1,0,64]
02-03 22:39:06.655   370   392 I notification_enqueue: [com.android.systemui,252119,NULL,-1,Notification(pri=1 icon=7f02011c contentView=com.android.systemui/0x10900b4 vibrate=null sound=null defaults=0x0 flags=0x2 when=1391485146651 ledARGB=0x0 contentIntent=Y deleteIntent=N contentTitle=Searching using GPS contentText=N tickerText=N kind=[null])]
02-03 22:39:06.665   933   933 I binder_sample: [android.app.INotificationManager,4,17,com.android.systemui,3]
02-03 22:39:06.715   370  1861 I power_partial_wake_state: [1,RILJ]
02-03 22:39:06.725   370  1041 I power_partial_wake_state: [0,RILJ]
02-03 22:39:06.735   370   914 I power_partial_wake_state: [1,RILJ]
02-03 22:39:06.735   370  1102 I power_partial_wake_state: [0,RILJ]
02-03 22:39:06.735   370  1147 I power_partial_wake_state: [1,RILJ]
02-03 22:39:06.745   370   370 I power_partial_wake_state: [1,RILJ]
02-03 22:39:06.745   370   392 I power_partial_wake_state: [0,RILJ]
02-03 22:39:06.755   370  1856 I power_partial_wake_state: [1,RILJ]
02-03 22:39:06.766   370  1763 I power_partial_wake_state: [0,RILJ]
02-03 22:39:06.766   370  1187 I power_partial_wake_state: [1,RILJ]
02-03 22:39:06.766   370  1069 I power_partial_wake_state: [0,RILJ]
02-03 22:39:06.766   370   385 I power_partial_wake_state: [1,RILJ]
02-03 22:39:06.776   370  1860 I power_partial_wake_state: [1,RILJ]
02-03 22:39:06.776   370  1858 I power_partial_wake_state: [0,RILJ]
02-03 22:39:06.786   933   933 I binder_sample: [android.app.IActivityManager,12,81,com.android.systemui,16]
02-03 22:39:06.796   370  1186 I notification_cancel: [com.android.systemui,252119,NULL,-1,0,64]
02-03 22:39:07.016  1043  1043 I binder_sample: [com.android.internal.telephony.ITelephonyRegistry,8,148,com.android.phone,29]
02-03 22:39:07.046  1338  1338 I binder_sample: [,1,25,com.movial.ipservice,5]
02-03 22:39:07.056   370  1187 I notification_cancel: [com.android.systemui,273,NULL,0,0,64]
02-03 22:39:07.076   370   385 I notification_cancel: [com.android.systemui,273,NULL,0,0,64]
02-03 22:39:07.086   370  1862 I notification_cancel: [com.android.phone,7,NULL,0,0,64]
02-03 22:39:07.086  3225  3225 I binder_sample: [,1,153,com.policydm,30]
02-03 22:39:07.196   370   392 I notification_enqueue: [com.android.systemui,252119,NULL,-1,Notification(pri=1 icon=7f02011c contentView=com.android.systemui/0x10900b4 vibrate=null sound=null defaults=0x0 flags=0x2 when=1391485147200 ledARGB=0x0 contentIntent=Y deleteIntent=N contentTitle=Searching using GPS contentText=N tickerText=N kind=[null])]
02-03 22:39:07.206   933  1559 I force_gc: Binder
02-03 22:39:08.177   370   660 I free_storage_changed: 11959304192
02-03 22:39:08.968   370  1861 I power_partial_wake_state: [0,PushClient SystemStateMonitorService]
02-03 22:39:10.269   370   370 I am_create_service: [0,1142552696,com.tmobile.pr.mytmobile/.wifimetrics.service.WifiMetricsService,1110]
02-03 22:39:10.269   370   392 I power_partial_wake_state: [1,com.carrieriq.tmobile.Wakelock]
02-03 22:39:10.509   370   392 I power_partial_wake_state: [0,NetworkLocationLocator]
02-03 22:39:10.509   370  1008 I power_partial_wake_state: [1,LocationManagerService]
02-03 22:39:10.520   370  1008 I power_partial_wake_state: [1,LocationManagerService]
02-03 22:39:10.520   370   660 I power_partial_wake_state: [0,LocationManagerService]
02-03 22:39:10.520   370  1187 I power_partial_wake_state: [0,LocationManagerService]
02-03 22:39:10.520   370  1008 I power_partial_wake_state: [1,LocationManagerService]
02-03 22:39:10.530   370  1008 I power_partial_wake_state: [1,LocationManagerService]
02-03 22:39:10.530   370  1008 I power_partial_wake_state: [1,LocationManagerService]
02-03 22:39:10.530   370  1008 I power_partial_wake_state: [1,LocationManagerService]
02-03 22:39:10.530   370   385 I power_partial_wake_state: [0,LocationManagerService]
02-03 22:39:10.530   370  1041 I power_partial_wake_state: [0,LocationManagerService]
02-03 22:39:10.530   370  1070 I power_partial_wake_state: [0,LocationManagerService]
02-03 22:39:10.540   370  1008 I power_partial_wake_state: [1,LocationManagerService]
02-03 22:39:10.540   370  1008 I power_partial_wake_state: [1,LocationManagerService]
02-03 22:39:10.540   370  1008 I power_partial_wake_state: [1,LocationManagerService]
02-03 22:39:10.540   370  1069 I power_partial_wake_state: [0,LocationManagerService]
02-03 22:39:10.540   370  1186 I power_partial_wake_state: [0,LocationManagerService]
02-03 22:39:10.540   370   914 I power_partial_wake_state: [0,LocationManagerService]
02-03 22:39:10.550   370  1008 I power_partial_wake_state: [0,LocationManagerService]
02-03 22:39:10.560   370  1856 I am_destroy_service: [0,1142552696,1110]
02-03 22:39:10.890   370  1763 I am_finish_activity: [0,1134069928,6,com.facebook.katana/.activity.composer.ComposerActivity,app-request]
02-03 22:39:10.920   370  1763 I am_pause_activity: [0,1134069928,com.facebook.katana/.activity.composer.ComposerActivity]
02-03 22:39:10.920   370  1763 I power_partial_wake_state: [1,ActivityManager-Launch]
02-03 22:39:10.940   370  1861 I power_partial_wake_state: [1,GpsLocationProvider]
02-03 22:39:10.970  7673  7673 I am_on_paused_called: [0,com.facebook.katana.activity.composer.ComposerActivity]
02-03 22:39:11.000   370  1008 I power_partial_wake_state: [0,GpsLocationProvider]
02-03 22:39:11.010   370  1069 I am_resume_activity: [0,1142528184,6,com.facebook.katana/com.facebook.photos.mediapicker.MediaPickerActivity]
02-03 22:39:11.030   370  1147 I notification_cancel: [com.android.systemui,252119,NULL,-1,0,64]
02-03 22:39:11.080  7673  7673 I am_on_resume_called: [0,com.facebook.photos.mediapicker.MediaPickerActivity]
02-03 22:39:11.190  7673  7673 I binder_sample: [com.android.internal.view.IInputMethodManager,13,50,com.facebook.katana,10]
02-03 22:39:11.210   370  1856 I power_partial_wake_state: [0,ActivityManager-Launch]
02-03 22:39:11.210   370  1856 I am_destroy_activity: [0,1134069928,6,com.facebook.katana/.activity.composer.ComposerActivity,finish-imm]
02-03 22:39:11.260   370  1041 I power_partial_wake_state: [1,NetworkLocationLocator]
02-03 22:39:12.251   370   670 I battery_level: [100,4310,341]
02-03 22:39:12.301   370   392 I power_partial_wake_state: [0,com.carrieriq.tmobile.Wakelock]
02-03 22:39:15.094   370  1763 I am_create_service: [0,1132928592,com.tmobile.pr.mytmobile/.wifimetrics.service.WifiMetricsService,1110]
02-03 22:39:15.325   370  1069 I power_partial_wake_state: [0,NetworkLocationLocator]
02-03 22:39:15.335   370  1008 I power_partial_wake_state: [1,LocationManagerService]
02-03 22:39:15.345   370   660 I power_partial_wake_state: [0,LocationManagerService]
02-03 22:39:15.345   370  1008 I power_partial_wake_state: [1,LocationManagerService]
02-03 22:39:15.345   370  1008 I power_partial_wake_state: [1,LocationManagerService]
02-03 22:39:15.355   370  1008 I power_partial_wake_state: [1,LocationManagerService]
02-03 22:39:15.355   370  1008 I power_partial_wake_state: [1,LocationManagerService]
02-03 22:39:15.355   370  1862 I power_partial_wake_state: [0,LocationManagerService]
02-03 22:39:15.355   370  1070 I power_partial_wake_state: [0,LocationManagerService]
02-03 22:39:15.355   370  1860 I power_partial_wake_state: [0,LocationManagerService]
02-03 22:39:15.355   370  1008 I power_partial_wake_state: [1,LocationManagerService]
02-03 22:39:15.365   370  1008 I power_partial_wake_state: [1,LocationManagerService]
02-03 22:39:15.365   370  1008 I power_partial_wake_state: [1,LocationManagerService]
02-03 22:39:15.365   370  1102 I power_partial_wake_state: [0,LocationManagerService]
02-03 22:39:15.365   370   385 I power_partial_wake_state: [0,LocationManagerService]
02-03 22:39:15.365   370   370 I power_partial_wake_state: [0,LocationManagerService]
02-03 22:39:15.365   370  1008 I power_partial_wake_state: [0,LocationManagerService]
02-03 22:39:15.415   370  1147 I am_destroy_service: [0,1132928592,1110]
02-03 22:39:15.975   370   385 I am_finish_activity: [0,1142528184,6,com.facebook.katana/com.facebook.photos.mediapicker.MediaPickerActivity,app-request]
02-03 22:39:16.125   370   385 I am_pause_activity: [0,1142528184,com.facebook.katana/com.facebook.photos.mediapicker.MediaPickerActivity]
02-03 22:39:16.136   370   385 I power_partial_wake_state: [1,ActivityManager-Launch]
02-03 22:39:16.166  7673  7673 I am_on_paused_called: [0,com.facebook.photos.mediapicker.MediaPickerActivity]
02-03 22:39:16.206   370  1861 I am_resume_activity: [0,1144229728,6,com.facebook.katana/.activity.FbFragmentChromeActivity]
02-03 22:39:16.216  7673  7673 I binder_sample: [android.app.IActivityManager,19,50,com.facebook.katana,10]
02-03 22:39:16.226   370  1858 I am_create_service: [0,1142259224,com.facebook.katana/com.facebook.videoads.scheduler.VideoAdsFetchService,7673]
02-03 22:39:16.256  7673  7673 I am_on_resume_called: [0,com.facebook.katana.activity.FbFragmentChromeActivity]
02-03 22:39:16.406   370  1862 I power_partial_wake_state: [0,ActivityManager-Launch]
02-03 22:39:16.406   370  1862 I am_destroy_activity: [0,1142528184,6,com.facebook.katana/com.facebook.photos.mediapicker.MediaPickerActivity,finish-imm]
02-03 22:39:16.426   370   370 I am_destroy_service: [0,1134800016,8043]
02-03 22:39:16.426  7673  7673 I binder_sample: [android.app.IActivityManager,37,13,com.facebook.katana,2]
02-03 22:39:16.496  7673  7673 I binder_sample: [android.view.IWindowSession,5,47,com.facebook.katana,9]
02-03 22:39:16.506   370   914 I am_destroy_service: [0,1142259224,7673]
02-03 22:39:16.906   370   392 I am_kill : [0,7008,com.tmobile.highlight,15,too many background]
02-03 22:39:16.926   370  1041 I am_proc_died: [0,7008,com.tmobile.highlight,15]
02-03 22:39:18.498   370   914 I am_create_service: [0,1139935216,com.sec.android.inputmethod/com.nuance.connect.service.ConnectClient,8043]
02-03 22:39:21.651  1043  1043 I binder_sample: [com.android.internal.telephony.ITelephonyRegistry,4,59,com.android.phone,11]
02-03 22:39:22.612  7673  7673 I binder_sample: [android.app.IActivityManager,1002,39,com.facebook.katana,7]
02-03 22:39:23.914   370   701 I power_partial_wake_state: [1,AlarmManager]
02-03 22:39:23.914   370   660 I power_partial_wake_state: [0,AlarmManager]
02-03 22:39:26.507  7739  7739 I binder_sample: [android.app.IActivityManager,69,261,com.facebook.katana:providers,52]
02-03 22:39:26.777   370   701 I power_partial_wake_state: [1,AlarmManager]
02-03 22:39:27.337  1083  1083 I binder_sample: [android.app.IAlarmManager,6,209,com.google.process.gapps,41]
02-03 22:39:27.388   370   660 I power_partial_wake_state: [0,AlarmManager]
02-03 22:39:28.449   370  1763 I am_create_activity: [0,1119706792,6,com.facebook.katana/.activity.composer.ComposerActivity,NULL,NULL,NULL,0,com.facebook.katana]
02-03 22:39:28.629   370  1763 I am_pause_activity: [0,1144229728,com.facebook.katana/.activity.FbFragmentChromeActivity]
02-03 22:39:28.639   370  1763 I power_partial_wake_state: [1,ActivityManager-Launch]
02-03 22:39:28.669  7673  7673 I am_on_paused_called: [0,com.facebook.katana.activity.FbFragmentChromeActivity]
02-03 22:39:28.679   370  1147 I am_restart_activity: [0,1119706792,6,com.facebook.katana/.activity.composer.ComposerActivity]
02-03 22:39:28.969   370  1041 I am_create_service: [0,1142152872,com.facebook.katana/.service.FacebookService,7673]
02-03 22:39:28.979   370  1860 I am_create_service: [0,1142152168,com.facebook.katana/com.facebook.privacy.service.PrivacyService,7673]
02-03 22:39:28.999   370  1861 I power_partial_wake_state: [1,GpsLocationProvider]
02-03 22:39:29.019  7673  7673 I am_on_resume_called: [0,com.facebook.katana.activity.composer.ComposerActivity]
02-03 22:39:29.209   370   392 I am_destroy_service: [0,1139935216,8043]
02-03 22:39:29.380   370   662 I am_activity_launch_time: [0,1119706792,com.facebook.katana/.activity.composer.ComposerActivity,715,715]
02-03 22:39:29.560   370  1187 I power_partial_wake_state: [1,NetworkLocationLocator]
02-03 22:39:29.610   370  1861 I power_partial_wake_state: [0,ActivityManager-Launch]
02-03 22:39:29.780   370  1856 I am_create_service: [0,1139512872,com.sec.android.inputmethod/com.nuance.connect.service.ConnectClient,8043]
02-03 22:39:29.790  8043  8043 I binder_sample: [android.app.IActivityManager,61,228,com.sec.android.inputmethod:ACService,45]
02-03 22:39:29.800   370  1070 I am_destroy_service: [0,1142152168,7673]
02-03 22:39:30.100   370  1858 I notification_enqueue: [android,17041112,NULL,-1,Notification(pri=0 icon=1080441 contentView=android/0x10900b4 vibrate=null sound=null defaults=0x0 flags=0x1002 when=0 ledARGB=0x0 contentIntent=Y deleteIntent=N contentTitle=Select input method contentText=Samsung keyboard tickerText=N kind=[android.system.imeswitcher])]
02-03 22:39:30.120   370  1147 I notification_enqueue: [android,17041112,NULL,-1,Notification(pri=0 icon=1080441 contentView=android/0x10900b4 vibrate=null sound=null defaults=0x0 flags=0x1002 when=0 ledARGB=0x0 contentIntent=Y deleteIntent=N contentTitle=Select input method contentText=Samsung keyboard tickerText=N kind=[android.system.imeswitcher])]
02-03 22:39:30.481  7673  7673 I binder_sample: [android.view.IWindowSession,6,7,com.facebook.katana,1]
02-03 22:39:30.651   370  1102 I notification_enqueue: [com.android.systemui,252119,NULL,-1,Notification(pri=1 icon=7f02011c contentView=com.android.systemui/0x10900b4 vibrate=null sound=null defaults=0x0 flags=0x2 when=1391485170649 ledARGB=0x0 contentIntent=Y deleteIntent=N contentTitle=Searching using GPS contentText=N tickerText=N kind=[null])]
02-03 22:39:30.751   370  1008 I power_partial_wake_state: [0,GpsLocationProvider]
02-03 22:39:32.403   370  1186 I am_destroy_service: [0,1142152872,7673]
02-03 22:39:32.983   370  1186 I notification_cancel: [android,17041112,NULL,-1,0,0]
02-03 22:39:33.294   370  1861 I notification_enqueue: [android,17041112,NULL,-1,Notification(pri=0 icon=1080441 contentView=android/0x10900b4 vibrate=null sound=null defaults=0x0 flags=0x1002 when=0 ledARGB=0x0 contentIntent=Y deleteIntent=N contentTitle=Select input method contentText=Samsung keyboard tickerText=N kind=[android.system.imeswitcher])]
02-03 22:39:33.424   370   385 I notification_enqueue: [android,17041112,NULL,-1,Notification(pri=0 icon=1080441 contentView=android/0x10900b4 vibrate=null sound=null defaults=0x0 flags=0x1002 when=0 ledARGB=0x0 contentIntent=Y deleteIntent=N contentTitle=Select input method contentText=Samsung keyboard tickerText=N kind=[android.system.imeswitcher])]
02-03 22:39:33.444   370  1763 I notification_cancel: [android,17041112,NULL,-1,0,0]
02-03 22:39:33.564  5199  5199 I binder_sample: [android.app.IActivityManager,14,53,com.sec.android.inputmethod,10]
02-03 22:39:33.604   370  1102 I am_create_service: [0,1133089648,com.tmobile.pr.mytmobile/.wifimetrics.service.WifiMetricsService,1110]
02-03 22:39:33.654  1043  1043 I binder_sample: [com.android.internal.telephony.ITelephonyRegistry,4,115,com.android.phone,23]
02-03 22:39:34.225  1010  1010 I binder_sample: [android.net.wifi.IWifiManager,8,672,com.google.process.location,100]
02-03 22:39:34.565   370   701 I power_partial_wake_state: [1,AlarmManager]
02-03 22:39:36.267   370  1102 I am_finish_activity: [0,1119706792,6,com.facebook.katana/.activity.composer.ComposerActivity,app-request]
02-03 22:39:37.178  1110  1110 I binder_sample: [android.app.IActivityManager,61,3234,com.tmobile.pr.mytmobile,100]
02-03 22:39:38.099  1043  1043 I binder_sample: [android.net.INetworkStatsService,4,1746,com.android.phone,100]
02-03 22:39:38.229   370  1102 I am_pause_activity: [0,1119706792,com.facebook.katana/.activity.composer.ComposerActivity]
02-03 22:39:38.279   370  1102 I power_partial_wake_state: [1,ActivityManager-Launch]
02-03 22:39:38.309  7673  7673 I binder_sample: [android.app.IActivityManager,11,2064,com.facebook.katana,100]
02-03 22:39:38.349  1043  1043 I binder_sample: [com.android.internal.telephony.ITelephonyRegistry,4,227,com.android.phone,45]
02-03 22:39:38.970   370   663 I am_resume_activity: [0,1144229728,6,com.facebook.katana/.activity.FbFragmentChromeActivity]
02-03 22:39:39.110  7673  7673 I am_on_paused_called: [0,com.facebook.katana.activity.composer.ComposerActivity]
02-03 22:39:39.110   370  1862 I am_failed_to_pause: [1119706792,com.facebook.katana/.activity.composer.ComposerActivity,[]]
02-03 22:39:39.180   370  1102 I am_create_service: [0,1142259224,com.facebook.katana/com.facebook.videoads.scheduler.VideoAdsFetchService,7673]
02-03 22:39:39.210  7673  7673 I am_on_resume_called: [0,com.facebook.katana.activity.FbFragmentChromeActivity]
02-03 22:39:39.400   370  1856 I am_destroy_service: [0,1142259224,7673]
02-03 22:39:39.801   370   392 I power_partial_wake_state: [0,ActivityManager-Launch]
02-03 22:39:39.801   370   392 I am_destroy_activity: [0,1119706792,6,com.facebook.katana/.activity.composer.ComposerActivity,finish-imm]
02-03 22:39:39.811  7673  7673 I binder_sample: [android.app.IActivityManager,18,10,com.facebook.katana,2]
02-03 22:39:39.921  7673  7673 I binder_sample: [android.sec.multiwindow.impl.IMultiWindowManager,19,21,com.facebook.katana,4]
02-03 22:39:41.382   370   385 I power_partial_wake_state: [1,NetworkLocationCallbackRunner]
02-03 22:39:41.422  7673  7673 I binder_sample: [android.app.IAlarmManager,1,20,com.facebook.katana,4]
02-03 22:39:41.503   370   660 I power_partial_wake_state: [0,AlarmManager]
02-03 22:39:41.553   370  1147 I power_partial_wake_state: [0,NetworkLocationLocator]
02-03 22:39:41.583   370  1862 I power_partial_wake_state: [0,NetworkLocationCallbackRunner]
02-03 22:39:41.613   370  1008 I power_partial_wake_state: [1,LocationManagerService]
02-03 22:39:41.683   370  1008 I power_partial_wake_state: [1,LocationManagerService]
02-03 22:39:41.743   370   660 I power_partial_wake_state: [0,LocationManagerService]
02-03 22:39:41.753   370  1861 I power_partial_wake_state: [0,LocationManagerService]
02-03 22:39:41.753   370  1861 I power_partial_wake_state: [1,GpsLocationProvider]
02-03 22:39:41.773   370  1763 I power_partial_wake_state: [1,NetworkLocationLocator]
02-03 22:39:41.863   370  1008 I power_partial_wake_state: [1,LocationManagerService]
02-03 22:39:41.953   370   370 I am_destroy_service: [0,1133089648,1110]
02-03 22:39:42.113   370  1008 I power_partial_wake_state: [1,LocationManagerService]
02-03 22:39:42.113   370  1008 I power_partial_wake_state: [1,LocationManagerService]
02-03 22:39:42.113   370  1008 I power_partial_wake_state: [1,LocationManagerService]
02-03 22:39:42.123   370   392 I power_partial_wake_state: [0,LocationManagerService]
02-03 22:39:42.123   370  1856 I power_partial_wake_state: [0,LocationManagerService]
02-03 22:39:42.123   370  1861 I power_partial_wake_state: [0,LocationManagerService]
02-03 22:39:42.123   370  1008 I power_partial_wake_state: [1,LocationManagerService]
