02-03 22:39:00.068  1043  1043 D DCT     : checkForCompatibleConnectedApnContext: not conn curApnCtx={mApnType=fota mState=IDLE mWaitingApns={null} mWaitingApnsPermanentFailureCountDown=0 mApnSetting={null} mReason=radioTurnedOff mDataEnabled=false mDependencyMet=true}
02-03 22:39:00.068  1043  1043 D DCT     : checkForCompatibleConnectedApnContext: not conn curApnCtx={mApnType=dun mState=IDLE mWaitingApns={null} mWaitingApnsPermanentFailureCountDown=0 mApnSetting={null} mReason=radioTurnedOff mDataEnabled=false mDependencyMet=true}
02-03 22:39:00.068  1043  1043 D DCT     : checkForCompatibleConnectedApnContext: not conn curApnCtx={mApnType=supl mState=IDLE mWaitingApns={[[ApnSettingV2] T-Mobile US, 1374, 310260, epc.tmobile.com, , http://mms.msg.eng.t-mobile.com/mms/wapenc, , , , 0, default | mms | supl, IP, IP, true, 0]} mWaitingApnsPermanentFailureCountDown=1 mApnSetting={[ApnSettingV2] T-Mobile US, 1374, 310260, epc.tmobile.com, , http://mms.msg.eng.t-mobile.com/mms/wapenc, , , , 0, default | mms | supl, IP, IP, true, 0} mReason=dataEnabled mDataEnabled=true mDependencyMet=true}
02-03 22:39:00.068  1043  1043 D DCT     : checkForCompatibleConnectedApnContext: not conn curApnCtx={mApnType=hipri mState=IDLE mWaitingApns={[[ApnSettingV2] T-Mobile US, 1374, 310260, epc.tmobile.com, , http://mms.msg.eng.t-mobile.com/mms/wapenc, , , , 0, default | mms | supl, IP, IP, true, 0]} mWaitingApnsPermanentFailureCountDown=1 mApnSetting={null} mReason=dataDisabled mDataEnabled=false mDependencyMet=true}
02-03 22:39:00.068  1043  1043 D DCT     : checkForCompatibleConnectedApnContext: not conn curApnCtx={mApnType=ims mState=IDLE mWaitingApns={null} mWaitingApnsPermanentFailureCountDown=0 mApnSetting={null} mReason=radioTurnedOff mDataEnabled=false mDependencyMet=true}
02-03 22:39:00.068  1043  1043 D DCT     : checkForCompatibleConnectedApnContext: not conn curApnCtx={mApnType=default mState=IDLE mWaitingApns={[[ApnSettingV2] T-Mobile US, 1374, 310260, epc.tmobile.com, , http://mms.msg.eng.t-mobile.com/mms/wapenc, , , , 0, default | mms | supl, IP, IP, true, 0]} mWaitingApnsPermanentFailureCountDown=1 mApnSetting={null} mReason=dataDisabled mDataEnabled=false mDependencyMet=true}
02-03 22:39:00.068  1043  1043 D DCT     : checkForCompatibleConnectedApnContext: not conn curApnCtx={mApnType=mms mState=IDLE mWaitingApns={null} mWaitingApnsPermanentFailureCountDown=0 mApnSetting={null} mReason=radioTurnedOff mDataEnabled=false mDependencyMet=true}
02-03 22:39:00.068  1043  1043 D DCT     : checkForCompatibleConnectedApnContext: not conn curApnCtx={mApnType=cbs mState=IDLE mWaitingApns={null} mWaitingApnsPermanentFailureCountDown=0 mApnSetting={null} mReason=radioTurnedOff mDataEnabled=false mDependencyMet=true}
02-03 22:39:00.068  1043  1043 D DCT     : checkForCompatibleConnectedApnContext: NO conn apnContext={mApnType=supl mState=IDLE mWaitingApns={[[ApnSettingV2] T-Mobile US, 1374, 310260, epc.tmobile.com, , http://mms.msg.eng.t-mobile.com/mms/wapenc, , , , 0, default | mms | supl, IP, IP, true, 0]} mWaitingApnsPermanentFailureCountDown=1 mApnSetting={[ApnSettingV2] T-Mobile US, 1374, 310260, epc.tmobile.com, , http://mms.msg.eng.t-mobile.com/mms/wapenc, , , , 0, default | mms | supl, IP, IP, true, 0} mReason=dataEnabled mDataEnabled=true mDependencyMet=true}
02-03 22:39:00.068  1043  1043 D DCT     : checkForDuplicatedConnectedApnContext: apn=epc.tmobile.com NO conn
02-03 22:39:00.068  1043  1280 D DC-1    : DcInactiveState nothandled msg.what=REQ_IS_INACTIVE
02-03 22:39:00.078  1043  1280 D DC-1    : DcDefault msg=REQ_IS_INACTIVE RefCount=0
02-03 22:39:00.078  1043  1280 D DC-1    : REQ_IS_INACTIVE  isInactive=true
02-03 22:39:00.078  1043  1043 D DCT     : dataConnectionNotInUse: check if dcac is inuse dcac=DC-1
02-03 22:39:00.078  1043  1043 D DCT     : dataConnectionNotInUse: tearDownAll
02-03 22:39:00.078  1043  1280 D DC-1    : DcInactiveState: msg.what=EVENT_DISCONNECT_ALL
02-03 22:39:00.078  1043  1280 D DC-1    : NotifyDisconnectCompleted
02-03 22:39:00.078  1043  1280 D DC-1    : NotifyDisconnectCompleted DisconnectParams={mTag=0 mApnContext=null mReason=No connection mOnCompletedMsg=null}
02-03 22:39:00.078  1043  1043 D DCT     : dataConnectionNotInUse: not in use return true
02-03 22:39:00.078  1043  1043 D DCT     : findFreeDataConnection: found free DataConnection= dcac=DC-1
02-03 22:39:00.078  1043  1043 D DCT     : setupData: dcac=DC-1 apnSetting=[ApnSettingV2] T-Mobile US, 1374, 310260, epc.tmobile.com, , http://mms.msg.eng.t-mobile.com/mms/wapenc, , , , 0, default | mms | supl, IP, IP, true, 0
02-03 22:39:00.078  1043  1043 D DCT     : [ApnContext:supl] setApnSetting: apnSetting=[ApnSettingV2] T-Mobile US, 1374, 310260, epc.tmobile.com, , http://mms.msg.eng.t-mobile.com/mms/wapenc, , , , 0, default | mms | supl, IP, IP, true, 0
02-03 22:39:00.078  1043  1043 D GSMPhone: getDataConnectionState() ret : CONNECTING, simSlot : 0, isOtherPhoneCalling : false, apnType : supl
02-03 22:39:00.078  1043  1043 D DCT     : isDataPossible(supl): possible=true isDataAllowed=true apnTypePossible=true apnContextisEnabled=true apnContextState()=CONNECTING isDataAllowedOnDataDisabled =false
02-03 22:39:00.078  1043  1043 D DCT     : get active apn string for type:supl
02-03 22:39:00.078  1043  1043 D DCT     : [ApnContext:supl] getApnSetting: apnSetting=[ApnSettingV2] T-Mobile US, 1374, 310260, epc.tmobile.com, , http://mms.msg.eng.t-mobile.com/mms/wapenc, , , , 0, default | mms | supl, IP, IP, true, 0
02-03 22:39:00.088  1043  1280 D DC-1    : DcInactiveState: mag.what=EVENT_CONNECT
02-03 22:39:00.088  1043  1280 D DCT     : [ApnContext:supl] getApnSetting: apnSetting=[ApnSettingV2] T-Mobile US, 1374, 310260, epc.tmobile.com, , http://mms.msg.eng.t-mobile.com/mms/wapenc, , , , 0, default | mms | supl, IP, IP, true, 0
02-03 22:39:00.088  1043  1280 E PHONE   : ServiceState.getNetworkType() DEPRECATED will be removed *******
02-03 22:39:00.098  1043  1280 D DC-1    : configureRetry: forDefault=true mRetryManager=RetryManager: { forever=true maxRetry=10 curMaxRetry=10 retry=0 config={max_retries=infinite,default_randomization=2000,5000,10000,20000,40000,80000:5000,160000:5000,320000:5000,640000:5000,1280000:5000,1800000:5000} retryArray={5000:2000 10000:2000 20000:2000 40000:2000 80000:5000 160000:5000 320000:5000 640000:5000 1280000:5000 1800000:5000 }}
02-03 22:39:00.098  1043  1280 D DC-1    : initConnection:  RefCount=1 mApnList=[{mApnType=supl mState=CONNECTING mWaitingApns={[[ApnSettingV2] T-Mobile US, 1374, 310260, epc.tmobile.com, , http://mms.msg.eng.t-mobile.com/mms/wapenc, , , , 0, default | mms | supl, IP, IP, true, 0]} mWaitingApnsPermanentFailureCountDown=1 mApnSetting={[ApnSettingV2] T-Mobile US, 1374, 310260, epc.tmobile.com, , http://mms.msg.eng.t-mobile.com/mms/wapenc, , , , 0, default | mms | supl, IP, IP, true, 0} mReason=dataEnabled mDataEnabled=true mDependencyMet=true}] mConnectionParams={mTag=8 mApnContext={mApnType=supl mState=CONNECTING mWaitingApns={[[ApnSettingV2] T-Mobile US, 1374, 310260, epc.tmobile.com, , http://mms.msg.eng.t-mobile.com/mms/wapenc, , , , 0, default | mms | supl, IP, IP, true, 0]} mWaitingApnsPermanentFailureCountDown=1 mApnSetting={[ApnSettingV2] T-Mobile US, 1374, 310260, epc.tmobile.com, , http://mms.msg.eng.t-mobile.com/mms/wapenc, , , , 0, default | mms | supl, IP, IP, true, 0} mReason=dataEnabled mDataEnabled=true mDependencyMet=true} mInitialMaxRetry=1 mProfileId=6 mOnCompletedMsg={what=0x42000 when=-9m13s801ms obj={mApnType=supl mState=CONNECTING mWaitingApns={[[ApnSettingV2] T-Mobile US, 1374, 310260, epc.tmobile.com, , http://mms.msg.eng.t-mobile.com/mms/wapenc, , , , 0, default | mms | supl, IP, IP, true, 0]} mWaitingApnsPermanentFailureCountDown=1 mApnSetting={[ApnSettingV2] T-Mobile US, 1374, 310260, epc.tmobile.com, , http://mms.msg.eng.t-mobile.com/mms/wapenc, , , , 0, default | mms | supl, IP, IP, true, 0} mReason=dataEnabled mDataEnabled=true mDependencyMet=true} target=Handler (com.android.internal.telephony.dataconnection.DcTracker) {4232f9b0} replyTo=null}}
02-03 22:39:00.098  1043  1280 D DC-1    : onConnect: carrier='T-Mobile US' APN='epc.tmobile.com' proxy='' port=''
02-03 22:39:00.098  1043  1280 D RILJ    : [rild] [0389]> SETUP_DATA_CALL 5 6 epc.tmobile.com   0 IP
02-03 22:39:00.098   141   802 E RILD    : LDC-MGR: evt(100)
02-03 22:39:00.098   141   802 E RILD    : DoSetupDataCall: Data call info: [3, epc.tmobile.com, , , 0, 1, 6]
02-03 22:39:00.098   141   802 E RILD    : Can't find context count. Use defult context count (operator : 310260)
02-03 22:39:00.098   141   802 E RILD    : Reuse connection: CID(1)
02-03 22:39:00.098   141   802 E RILD    : CA-DCA: evt(1000)
02-03 22:39:00.098   141   802 E RILD    : SetState: 1 for CID 1.
02-03 22:39:00.098   141   802 E RILD    : Profile tech: 3GPP
02-03 22:39:00.098   141   802 E RIL-QMI : qmi_wds_get_profile_list: profile technology sent 0
02-03 22:39:00.098   241   241 D RIL-QMI : qmuxd: RX 51 bytes on fd=25 from qmux_client_id=1
02-03 22:39:00.098   241   241 E RIL-RAWDATA: 01 10 00 00 01 03 00 25 00 2A 00 04 00 10 01 00 00 
02-03 22:39:00.098   241   241 D RIL-QMI : [SMDPORT] >> BEFORE, Write SMD Port [fd = 11] [msg_len = 17]
02-03 22:39:00.098   241   241 D RIL-QMI : [SMDPORT] << AFTER, Write SMD Port [rc = 0]
02-03 22:39:00.098   241   672 E RIL-RAWDATA: 01 26 00 80 01 03 02 25 00 2A 00 1A 00 02 04 00 00 00 00 00 01 10 00 01 00 01 0C 6C 74 65 5F 69 
02-03 22:39:00.098   241   672 E RIL-RAWDATA: 6E 74 65 72 6E 65 74 
02-03 22:39:00.098   241   672 D RIL-QMI : qmuxd: TX message on fd=25, to clientID = 1, len=73
02-03 22:39:00.098   241   241 D RIL-QMI : qmuxd: RX 52 bytes on fd=25 from qmux_client_id=1
02-03 22:39:00.098   241   241 E RIL-RAWDATA: 01 11 00 00 01 03 00 26 00 2B 00 05 00 01 02 00 00 01 
02-03 22:39:00.098   241   241 D RIL-QMI : [SMDPORT] >> BEFORE, Write SMD Port [fd = 11] [msg_len = 18]
02-03 22:39:00.098   241   241 D RIL-QMI : [SMDPORT] << AFTER, Write SMD Port [rc = 0]
02-03 22:39:00.098  1043  1043 D DCT     : setupData: initing!
02-03 22:39:00.098  1043  1043 D DCT     : notifyOffApnOfAvailability type:fota
02-03 22:39:00.098  1043  1043 D DCT     : isDataPossible(fota): possible=true isDataAllowed=true apnTypePossible=true apnContextisEnabled=false apnContextState()=IDLE isDataAllowedOnDataDisabled =false
02-03 22:39:00.098  1043  1043 D DCT     : get active apn string for type:fota
02-03 22:39:00.098  1043  1043 D DCT     : [ApnContext:fota] getApnSetting: apnSetting=null
02-03 22:39:00.108   241   672 E RIL-RAWDATA: 01 C7 00 80 01 03 02 26 00 2B 00 BB 00 02 04 00 00 00 00 00 31 01 00 00 30 04 00 00 00 00 00 2F 
02-03 22:39:00.108   241   672 E RIL-RAWDATA: 01 00 00 2D 01 00 00 2C 10 00 00 00 00 00 00 00 00 00 00 00 00 00 00 00 00 00 2B 10 00 00 00 00 
02-03 22:39:00.108   241   672 E RIL-RAWDATA: 00 00 00 00 00 00 00 00 00 00 00 00 00 28 10 00 00 00 00 00 00 00 00 00 00 00 00 00 00 00 00 00 
02-03 22:39:00.108   241   672 E RIL-RAWDATA: 27 01 00 00 26 01 00 00 25 01 00 01 22 01 00 00 21 01 00 00 20 01 00 00 1F 01 00 00 1E 04 00 00 
02-03 22:39:00.108   241   672 E RIL-RAWDATA: 00 00 00 1D 01 00 00 1C 00 00 1B 00 00 16 04 00 00 00 00 00 15 04 00 00 00 00 00 14 0F 00 65 70 
02-03 22:39:00.108   241   672 E RIL-RAWDATA: 63 2E 74 6D 6F 62 69 6C 65 2E 63 6F 6D 13 01 00 00 12 01 00 00 11 01 00 00 10 0C 00 6C 74 65 5F 
02-03 22:39:00.108   241   672 E RIL-RAWDATA: 69 6E 74 65 72 6E 65 74 
02-03 22:39:00.108   241   672 D RIL-QMI : qmuxd: TX message on fd=25, to clientID = 1, len=234
02-03 22:39:00.108   141   802 E RIL-QMI : qmi_wds_read_query_profile_tlvs: ignoring unknown TLV type=31
02-03 22:39:00.108   141   802 E RIL-QMI : qmi_wds_read_query_profile_tlvs: ignoring unknown TLV type=30
02-03 22:39:00.108   141   802 E RIL-QMI : qmi_wds_read_query_profile_tlvs: ignoring unknown TLV type=2f
02-03 22:39:00.108   141   802 E RIL-QMI : qmi_wds_read_query_profile_tlvs: ignoring unknown TLV type=2d
02-03 22:39:00.108   141   802 E RILD    : Profile match found: index(1), APN(epc.tmobile.com)
02-03 22:39:00.108   141   802 E RIL-QMI : qmi_wds_get_profile_list: profile technology sent 1
02-03 22:39:00.108   241   241 D RIL-QMI : qmuxd: RX 51 bytes on fd=25 from qmux_client_id=1
02-03 22:39:00.108   241   241 E RIL-RAWDATA: 01 10 00 00 01 03 00 27 00 2A 00 04 00 10 01 00 01 
02-03 22:39:00.108   241   241 D RIL-QMI : [SMDPORT] >> BEFORE, Write SMD Port [fd = 11] [msg_len = 17]
02-03 22:39:00.108   241   241 D RIL-QMI : [SMDPORT] << AFTER, Write SMD Port [rc = 0]
02-03 22:39:00.108   241   672 E RIL-RAWDATA: 01 2F 00 80 01 03 02 27 00 2A 00 23 00 02 04 00 00 00 00 00 01 19 00 08 01 00 00 01 65 00 01 66 
02-03 22:39:00.108   241   672 E RIL-RAWDATA: 00 01 67 00 01 68 00 01 69 00 01 6A 00 01 6B 00 
02-03 22:39:00.108   241   672 D RIL-QMI : qmuxd: TX message on fd=25, to clientID = 1, len=82
02-03 22:39:00.108   241   241 D RIL-QMI : qmuxd: RX 52 bytes on fd=25 from qmux_client_id=1
02-03 22:39:00.108   241   241 E RIL-RAWDATA: 01 11 00 00 01 03 00 28 00 2B 00 05 00 01 02 00 01 00 
02-03 22:39:00.108   241   241 D RIL-QMI : [SMDPORT] >> BEFORE, Write SMD Port [fd = 11] [msg_len = 18]
02-03 22:39:00.108   241   241 D RIL-QMI : [SMDPORT] << AFTER, Write SMD Port [rc = 0]
02-03 22:39:00.108  1043  1043 D DCT     : notifyOffApnOfAvailability type:dun
02-03 22:39:00.118  1043  1043 D DCT     : isDataPossible(dun): possible=true isDataAllowed=true apnTypePossible=true apnContextisEnabled=false apnContextState()=IDLE isDataAllowedOnDataDisabled =false
02-03 22:39:00.118  1043  1043 D DCT     : get active apn string for type:dun
02-03 22:39:00.118  1043  1043 D DCT     : [ApnContext:dun] getApnSetting: apnSetting=null
02-03 22:39:00.118   241   672 E RIL-RAWDATA: 01 A5 00 80 01 03 02 28 00 2B 00 99 00 02 04 00 00 00 00 00 AB 01 00 00 AA 04 00 00 00 00 00 A9 
02-03 22:39:00.118   241   672 E RIL-RAWDATA: 01 00 01 A8 01 00 03 A7 10 00 00 00 00 00 00 00 00 00 00 00 00 00 00 00 00 00 A6 10 00 00 00 00 
02-03 22:39:00.118   241   672 E RIL-RAWDATA: 00 00 00 00 00 00 00 00 00 00 00 00 00 A5 04 00 00 00 00 00 A4 04 00 00 00 00 00 A3 01 00 00 A2 
02-03 22:39:00.118   241   672 E RIL-RAWDATA: 01 00 02 A1 00 00 9F 01 00 00 9D 01 00 02 9B 00 00 9A 01 00 03 99 01 00 05 98 01 00 14 97 01 00 
02-03 22:39:00.118   241   672 E RIL-RAWDATA: 14 96 02 00 B8 0B 95 02 00 E8 03 94 02 00 E8 03 93 01 00 00 92 04 00 00 00 00 00 91 04 00 00 00 
02-03 22:39:00.118   241   672 E RIL-RAWDATA: 00 00 90 01 00 01 
02-03 22:39:00.118   241   672 D RIL-QMI : qmuxd: TX message on fd=25, to clientID = 1, len=200
02-03 22:39:00.118   141   802 E RIL-QMI : qmi_wds_read_query_profile_tlvs: ignoring unknown TLV type=ab
02-03 22:39:00.118   141   802 E RIL-QMI : qmi_wds_read_query_profile_tlvs: ignoring unknown TLV type=aa
02-03 22:39:00.118   141   802 E RIL-QMI : qmi_wds_read_query_profile_tlvs: ignoring unknown TLV type=a9
02-03 22:39:00.118   141   802 E RILD    : ConvertWds3gpp2ProfileFromQmi: apn(), proto(3)
02-03 22:39:00.118   241   241 D RIL-QMI : qmuxd: RX 52 bytes on fd=25 from qmux_client_id=1
02-03 22:39:00.118   241   241 E RIL-RAWDATA: 01 11 00 00 01 03 00 29 00 2B 00 05 00 01 02 00 01 65 
02-03 22:39:00.118   241   241 D RIL-QMI : [SMDPORT] >> BEFORE, Write SMD Port [fd = 11] [msg_len = 18]
02-03 22:39:00.118   241   241 D RIL-QMI : [SMDPORT] << AFTER, Write SMD Port [rc = 0]
02-03 22:39:00.118   241   672 E RIL-RAWDATA: 01 A5 00 80 01 03 02 29 00 2B 00 99 00 02 04 00 00 00 00 00 AB 01 00 00 AA 04 00 00 00 00 00 A9 
02-03 22:39:00.118   241   672 E RIL-RAWDATA: 01 00 01 A8 01 00 03 A7 10 00 00 00 00 00 00 00 00 00 00 00 00 00 00 00 00 00 A6 10 00 00 00 00 
02-03 22:39:00.118   241   672 E RIL-RAWDATA: 00 00 00 00 00 00 00 00 00 00 00 00 00 A5 04 00 00 00 00 00 A4 04 00 00 00 00 00 A3 01 00 00 A2 
02-03 22:39:00.118   241   672 E RIL-RAWDATA: 01 00 02 A1 00 00 9F 01 00 00 9D 01 00 02 9B 00 00 9A 01 00 04 99 01 00 05 98 01 00 14 97 01 00 
02-03 22:39:00.118   241   672 E RIL-RAWDATA: 14 96 02 00 B8 0B 95 02 00 E8 03 94 02 00 E8 03 93 01 00 00 92 04 00 00 00 00 00 91 04 00 00 00 
02-03 22:39:00.118   241   672 E RIL-RAWDATA: 00 00 90 01 00 01 
02-03 22:39:00.118   241   672 D RIL-QMI : qmuxd: TX message on fd=25, to clientID = 1, len=200
02-03 22:39:00.118   141   802 E RIL-QMI : qmi_wds_read_query_profile_tlvs: ignoring unknown TLV type=ab
02-03 22:39:00.118   141   802 E RIL-QMI : qmi_wds_read_query_profile_tlvs: ignoring unknown TLV type=aa
02-03 22:39:00.118   141   802 E RIL-QMI : qmi_wds_read_query_profile_tlvs: ignoring unknown TLV type=a9
02-03 22:39:00.118   141   802 E RILD    : ConvertWds3gpp2ProfileFromQmi: apn(), proto(3)
02-03 22:39:00.118   241   241 D RIL-QMI : qmuxd: RX 52 bytes on fd=25 from qmux_client_id=1
02-03 22:39:00.118   241   241 E RIL-RAWDATA: 01 11 00 00 01 03 00 2A 00 2B 00 05 00 01 02 00 01 66 
02-03 22:39:00.118   241   241 D RIL-QMI : [SMDPORT] >> BEFORE, Write SMD Port [fd = 11] [msg_len = 18]
02-03 22:39:00.118   241   241 D RIL-QMI : [SMDPORT] << AFTER, Write SMD Port [rc = 0]
02-03 22:39:00.128  1043  1043 D DCT     : notifyOffApnsOfAvailability skipped apn due to isReady==true: {mApnType=supl mState=CONNECTING mWaitingApns={[[ApnSettingV2] T-Mobile US, 1374, 310260, epc.tmobile.com, , http://mms.msg.eng.t-mobile.com/mms/wapenc, , , , 0, default | mms | supl, IP, IP, true, 0]} mWaitingApnsPermanentFailureCountDown=1 mApnSetting={[ApnSettingV2] T-Mobile US, 1374, 310260, epc.tmobile.com, , http://mms.msg.eng.t-mobile.com/mms/wapenc, , , , 0, default | mms | supl, IP, IP, true, 0} mReason=dataEnabled mDataEnabled=true mDependencyMet=true}
02-03 22:39:00.128  1043  1043 D DCT     : notifyOffApnOfAvailability type:hipri
02-03 22:39:00.128  1043  1043 D DCT     : isDataPossible(hipri): possible=true isDataAllowed=true apnTypePossible=true apnContextisEnabled=false apnContextState()=IDLE isDataAllowedOnDataDisabled =false
02-03 22:39:00.128  1043  1043 D DCT     : get active apn string for type:hipri
02-03 22:39:00.128  1043  1043 D DCT     : [ApnContext:hipri] getApnSetting: apnSetting=null
02-03 22:39:00.128   241   672 E RIL-RAWDATA: 01 A5 00 80 01 03 02 2A 00 2B 00 99 00 02 04 00 00 00 00 00 AB 01 00 00 AA 04 00 00 00 00 00 A9 
02-03 22:39:00.128   241   672 E RIL-RAWDATA: 01 00 01 A8 01 00 03 A7 10 00 00 00 00 00 00 00 00 00 00 00 00 00 00 00 00 00 A6 10 00 00 00 00 
02-03 22:39:00.128   241   672 E RIL-RAWDATA: 00 00 00 00 00 00 00 00 00 00 00 00 00 A5 04 00 00 00 00 00 A4 04 00 00 00 00 00 A3 01 00 00 A2 
02-03 22:39:00.128   241   672 E RIL-RAWDATA: 01 00 02 A1 00 00 9F 01 00 00 9D 01 00 02 9B 00 00 9A 01 00 04 99 01 00 05 98 01 00 14 97 01 00 
02-03 22:39:00.128   241   672 E RIL-RAWDATA: 14 96 02 00 B8 0B 95 02 00 E8 03 94 02 00 E8 03 93 01 00 00 92 04 00 00 00 00 00 91 04 00 00 00 
02-03 22:39:00.128   241   672 E RIL-RAWDATA: 00 00 90 01 00 01 
02-03 22:39:00.128   241   672 D RIL-QMI : qmuxd: TX message on fd=25, to clientID = 1, len=200
02-03 22:39:00.128   141   802 E RIL-QMI : qmi_wds_read_query_profile_tlvs: ignoring unknown TLV type=ab
02-03 22:39:00.128   141   802 E RIL-QMI : qmi_wds_read_query_profile_tlvs: ignoring unknown TLV type=aa
02-03 22:39:00.128   141   802 E RIL-QMI : qmi_wds_read_query_profile_tlvs: ignoring unknown TLV type=a9
02-03 22:39:00.128   141   802 E RILD    : ConvertWds3gpp2ProfileFromQmi: apn(), proto(3)
02-03 22:39:00.128   241   241 D RIL-QMI : qmuxd: RX 52 bytes on fd=25 from qmux_client_id=1
02-03 22:39:00.128   241   241 E RIL-RAWDATA: 01 11 00 00 01 03 00 2B 00 2B 00 05 00 01 02 00 01 67 
02-03 22:39:00.128   241   241 D RIL-QMI : [SMDPORT] >> BEFORE, Write SMD Port [fd = 11] [msg_len = 18]
02-03 22:39:00.128   241   241 D RIL-QMI : [SMDPORT] << AFTER, Write SMD Port [rc = 0]
02-03 22:39:00.138  1043  1043 D DCT     : notifyOffApnOfAvailability type:ims
02-03 22:39:00.138   241   672 E RIL-RAWDATA: 01 A5 00 80 01 03 02 2B 00 2B 00 99 00 02 04 00 00 00 00 00 AB 01 00 00 AA 04 00 00 00 00 00 A9 
02-03 22:39:00.138   241   672 E RIL-RAWDATA: 01 00 01 A8 01 00 03 A7 10 00 00 00 00 00 00 00 00 00 00 00 00 00 00 00 00 00 A6 10 00 00 00 00 
02-03 22:39:00.138   241   672 E RIL-RAWDATA: 00 00 00 00 00 00 00 00 00 00 00 00 00 A5 04 00 00 00 00 00 A4 04 00 00 00 00 00 A3 01 00 00 A2 
02-03 22:39:00.138   241   672 E RIL-RAWDATA: 01 00 02 A1 00 00 9F 01 00 00 9D 01 00 02 9B 00 00 9A 01 00 04 99 01 00 05 98 01 00 14 97 01 00 
02-03 22:39:00.138   241   672 E RIL-RAWDATA: 14 96 02 00 B8 0B 95 02 00 E8 03 94 02 00 E8 03 93 01 00 00 92 04 00 00 00 00 00 91 04 00 00 00 
02-03 22:39:00.138   241   672 E RIL-RAWDATA: 00 00 90 01 00 01 
02-03 22:39:00.138   241   672 D RIL-QMI : qmuxd: TX message on fd=25, to clientID = 1, len=200
02-03 22:39:00.138   141   802 E RIL-QMI : qmi_wds_read_query_profile_tlvs: ignoring unknown TLV type=ab
02-03 22:39:00.138   141   802 E RIL-QMI : qmi_wds_read_query_profile_tlvs: ignoring unknown TLV type=aa
02-03 22:39:00.138   141   802 E RIL-QMI : qmi_wds_read_query_profile_tlvs: ignoring unknown TLV type=a9
02-03 22:39:00.138   141   802 E RILD    : ConvertWds3gpp2ProfileFromQmi: apn(), proto(3)
02-03 22:39:00.138   241   241 D RIL-QMI : qmuxd: RX 52 bytes on fd=25 from qmux_client_id=1
02-03 22:39:00.138   241   241 E RIL-RAWDATA: 01 11 00 00 01 03 00 2C 00 2B 00 05 00 01 02 00 01 68 
02-03 22:39:00.138   241   241 D RIL-QMI : [SMDPORT] >> BEFORE, Write SMD Port [fd = 11] [msg_len = 18]
02-03 22:39:00.138   241   241 D RIL-QMI : [SMDPORT] << AFTER, Write SMD Port [rc = 0]
02-03 22:39:00.138  1043  1043 D DCT     : isDataPossible(ims): possible=true isDataAllowed=true apnTypePossible=true apnContextisEnabled=false apnContextState()=IDLE isDataAllowedOnDataDisabled =false
02-03 22:39:00.138  1043  1043 D DCT     : get active apn string for type:ims
02-03 22:39:00.138  1043  1043 D DCT     : [ApnContext:ims] getApnSetting: apnSetting=null
02-03 22:39:00.148   241   672 E RIL-RAWDATA: 01 A5 00 80 01 03 02 2C 00 2B 00 99 00 02 04 00 00 00 00 00 AB 01 00 00 AA 04 00 00 00 00 00 A9 
02-03 22:39:00.148   241   672 E RIL-RAWDATA: 01 00 01 A8 01 00 03 A7 10 00 00 00 00 00 00 00 00 00 00 00 00 00 00 00 00 00 A6 10 00 00 00 00 
02-03 22:39:00.148   241   672 E RIL-RAWDATA: 00 00 00 00 00 00 00 00 00 00 00 00 00 A5 04 00 00 00 00 00 A4 04 00 00 00 00 00 A3 01 00 00 A2 
02-03 22:39:00.148   241   672 E RIL-RAWDATA: 01 00 02 A1 00 00 9F 01 00 00 9D 01 00 02 9B 00 00 9A 01 00 04 99 01 00 05 98 01 00 14 97 01 00 
02-03 22:39:00.148   241   672 E RIL-RAWDATA: 14 96 02 00 B8 0B 95 02 00 E8 03 94 02 00 E8 03 93 01 00 00 92 04 00 00 00 00 00 91 04 00 00 00 
02-03 22:39:00.148   241   672 E RIL-RAWDATA: 00 00 90 01 00 01 
02-03 22:39:00.148   241   672 D RIL-QMI : qmuxd: TX message on fd=25, to clientID = 1, len=200
02-03 22:39:00.148   141   802 E RIL-QMI : qmi_wds_read_query_profile_tlvs: ignoring unknown TLV type=ab
02-03 22:39:00.148   141   802 E RIL-QMI : qmi_wds_read_query_profile_tlvs: ignoring unknown TLV type=aa
02-03 22:39:00.148   141   802 E RIL-QMI : qmi_wds_read_query_profile_tlvs: ignoring unknown TLV type=a9
02-03 22:39:00.148   141   802 E RILD    : ConvertWds3gpp2ProfileFromQmi: apn(), proto(3)
02-03 22:39:00.148   241   241 D RIL-QMI : qmuxd: RX 52 bytes on fd=25 from qmux_client_id=1
02-03 22:39:00.148   241   241 E RIL-RAWDATA: 01 11 00 00 01 03 00 2D 00 2B 00 05 00 01 02 00 01 69 
02-03 22:39:00.148   241   241 D RIL-QMI : [SMDPORT] >> BEFORE, Write SMD Port [fd = 11] [msg_len = 18]
02-03 22:39:00.148   241   241 D RIL-QMI : [SMDPORT] << AFTER, Write SMD Port [rc = 0]
02-03 22:39:00.148  1043  1043 D DCT     : notifyOffApnOfAvailability type:default
02-03 22:39:00.148   241   672 E RIL-RAWDATA: 01 A5 00 80 01 03 02 2D 00 2B 00 99 00 02 04 00 00 00 00 00 AB 01 00 00 AA 04 00 00 00 00 00 A9 
02-03 22:39:00.148   241   672 E RIL-RAWDATA: 01 00 01 A8 01 00 03 A7 10 00 00 00 00 00 00 00 00 00 00 00 00 00 00 00 00 00 A6 10 00 00 00 00 
02-03 22:39:00.148   241   672 E RIL-RAWDATA: 00 00 00 00 00 00 00 00 00 00 00 00 00 A5 04 00 00 00 00 00 A4 04 00 00 00 00 00 A3 01 00 00 A2 
02-03 22:39:00.148   241   672 E RIL-RAWDATA: 01 00 02 A1 00 00 9F 01 00 00 9D 01 00 02 9B 00 00 9A 01 00 04 99 01 00 05 98 01 00 14 97 01 00 
02-03 22:39:00.148   241   672 E RIL-RAWDATA: 14 96 02 00 B8 0B 95 02 00 E8 03 94 02 00 E8 03 93 01 00 00 92 04 00 00 00 00 00 91 04 00 00 00 
02-03 22:39:00.148   241   672 E RIL-RAWDATA: 00 00 90 01 00 01 
02-03 22:39:00.148   241   672 D RIL-QMI : qmuxd: TX message on fd=25, to clientID = 1, len=200
02-03 22:39:00.148   141   802 E RIL-QMI : qmi_wds_read_query_profile_tlvs: ignoring unknown TLV type=ab
02-03 22:39:00.148   141   802 E RIL-QMI : qmi_wds_read_query_profile_tlvs: ignoring unknown TLV type=aa
02-03 22:39:00.148   141   802 E RIL-QMI : qmi_wds_read_query_profile_tlvs: ignoring unknown TLV type=a9
02-03 22:39:00.148   141   802 E RILD    : ConvertWds3gpp2ProfileFromQmi: apn(), proto(3)
02-03 22:39:00.148   241   241 D RIL-QMI : qmuxd: RX 52 bytes on fd=25 from qmux_client_id=1
02-03 22:39:00.148   241   241 E RIL-RAWDATA: 01 11 00 00 01 03 00 2E 00 2B 00 05 00 01 02 00 01 6A 
02-03 22:39:00.148   241   241 D RIL-QMI : [SMDPORT] >> BEFORE, Write SMD Port [fd = 11] [msg_len = 18]
02-03 22:39:00.148   241   241 D RIL-QMI : [SMDPORT] << AFTER, Write SMD Port [rc = 0]
02-03 22:39:00.158  1043  1043 D DCT     : isDataPossible(default): possible=true isDataAllowed=true apnTypePossible=true apnContextisEnabled=false apnContextState()=IDLE isDataAllowedOnDataDisabled =false
02-03 22:39:00.158  1043  1043 D DCT     : get active apn string for type:default
02-03 22:39:00.158  1043  1043 D DCT     : [ApnContext:default] getApnSetting: apnSetting=null
02-03 22:39:00.158   241   672 E RIL-RAWDATA: 01 A5 00 80 01 03 02 2E 00 2B 00 99 00 02 04 00 00 00 00 00 AB 01 00 00 AA 04 00 00 00 00 00 A9 
02-03 22:39:00.158   241   672 E RIL-RAWDATA: 01 00 01 A8 01 00 03 A7 10 00 00 00 00 00 00 00 00 00 00 00 00 00 00 00 00 00 A6 10 00 00 00 00 
02-03 22:39:00.158   241   672 E RIL-RAWDATA: 00 00 00 00 00 00 00 00 00 00 00 00 00 A5 04 00 00 00 00 00 A4 04 00 00 00 00 00 A3 01 00 00 A2 
02-03 22:39:00.158   241   672 E RIL-RAWDATA: 01 00 02 A1 00 00 9F 01 00 00 9D 01 00 02 9B 00 00 9A 01 00 04 99 01 00 05 98 01 00 14 97 01 00 
02-03 22:39:00.158   241   672 E RIL-RAWDATA: 14 96 02 00 B8 0B 95 02 00 E8 03 94 02 00 E8 03 93 01 00 00 92 04 00 00 00 00 00 91 04 00 00 00 
02-03 22:39:00.158   241   672 E RIL-RAWDATA: 00 00 90 01 00 01 
02-03 22:39:00.158   241   672 D RIL-QMI : qmuxd: TX message on fd=25, to clientID = 1, len=200
02-03 22:39:00.158   141   802 E RIL-QMI : qmi_wds_read_query_profile_tlvs: ignoring unknown TLV type=ab
02-03 22:39:00.158   141   802 E RIL-QMI : qmi_wds_read_query_profile_tlvs: ignoring unknown TLV type=aa
02-03 22:39:00.158   141   802 E RIL-QMI : qmi_wds_read_query_profile_tlvs: ignoring unknown TLV type=a9
02-03 22:39:00.158   141   802 E RILD    : ConvertWds3gpp2ProfileFromQmi: apn(), proto(3)
02-03 22:39:00.158   241   241 D RIL-QMI : qmuxd: RX 52 bytes on fd=25 from qmux_client_id=1
02-03 22:39:00.158   241   241 E RIL-RAWDATA: 01 11 00 00 01 03 00 2F 00 2B 00 05 00 01 02 00 01 6B 
02-03 22:39:00.158   241   241 D RIL-QMI : [SMDPORT] >> BEFORE, Write SMD Port [fd = 11] [msg_len = 18]
02-03 22:39:00.158   241   241 D RIL-QMI : [SMDPORT] << AFTER, Write SMD Port [rc = 0]
02-03 22:39:00.168  1043  1043 D DCT     : notifyOffApnOfAvailability type:mms
02-03 22:39:00.168   241   672 E RIL-RAWDATA: 01 A5 00 80 01 03 02 2F 00 2B 00 99 00 02 04 00 00 00 00 00 AB 01 00 00 AA 04 00 00 00 00 00 A9 
02-03 22:39:00.168   241   672 E RIL-RAWDATA: 01 00 01 A8 01 00 03 A7 10 00 00 00 00 00 00 00 00 00 00 00 00 00 00 00 00 00 A6 10 00 00 00 00 
02-03 22:39:00.168   241   672 E RIL-RAWDATA: 00 00 00 00 00 00 00 00 00 00 00 00 00 A5 04 00 00 00 00 00 A4 04 00 00 00 00 00 A3 01 00 00 A2 
02-03 22:39:00.168   241   672 E RIL-RAWDATA: 01 00 02 A1 00 00 9F 01 00 00 9D 01 00 02 9B 00 00 9A 01 00 04 99 01 00 05 98 01 00 14 97 01 00 
02-03 22:39:00.168   241   672 E RIL-RAWDATA: 14 96 02 00 B8 0B 95 02 00 E8 03 94 02 00 E8 03 93 01 00 00 92 04 00 00 00 00 00 91 04 00 00 00 
02-03 22:39:00.168   241   672 E RIL-RAWDATA: 00 00 90 01 00 01 
02-03 22:39:00.168   241   672 D RIL-QMI : qmuxd: TX message on fd=25, to clientID = 1, len=200
02-03 22:39:00.168   141   802 E RIL-QMI : qmi_wds_read_query_profile_tlvs: ignoring unknown TLV type=ab
02-03 22:39:00.168   141   802 E RIL-QMI : qmi_wds_read_query_profile_tlvs: ignoring unknown TLV type=aa
02-03 22:39:00.168   141   802 E RIL-QMI : qmi_wds_read_query_profile_tlvs: ignoring unknown TLV type=a9
02-03 22:39:00.168   141   802 E RILD    : ConvertWds3gpp2ProfileFromQmi: apn(), proto(3)
02-03 22:39:00.168   241   241 D RIL-QMI : qmuxd: RX 51 bytes on fd=25 from qmux_client_id=1
02-03 22:39:00.168   241   241 E RIL-RAWDATA: 01 10 00 00 01 01 00 0D 00 4D 00 04 00 01 01 00 04 
02-03 22:39:00.168   241   241 D RIL-QMI : [SMDPORT] >> BEFORE, Write SMD Port [fd = 11] [msg_len = 17]
02-03 22:39:00.168   241   241 D RIL-QMI : [SMDPORT] << AFTER, Write SMD Port [rc = 0]
02-03 22:39:00.168   241   672 E RIL-RAWDATA: 01 13 00 80 01 01 02 0D 00 4D 00 07 00 02 04 00 00 00 00 00 
02-03 22:39:00.168   241   672 D RIL-QMI : qmuxd: TX message on fd=25, to clientID = 1, len=54
02-03 22:39:00.168   141   802 E RILD    : Interface rmnet0 will be used for CID(1)
02-03 22:39:00.168   141   802 E RILD    : CA-DCA: evt(10000)
02-03 22:39:00.168   141   802 E RILD    : Activate PDP context for CID(1)
02-03 22:39:00.168   141   802 E RILD    : [Context CID(1): valid]
02-03 22:39:00.168   141   802 E RILD    :  [*] In use: 1
02-03 22:39:00.168   141   802 E RILD    :  [*] Call state: 1(v4/v6: 1/0)
02-03 22:39:00.168   141   802 E RILD    :  [*] RAT: 3
02-03 22:39:00.168   141   802 E RILD    :  [*] Profile tech: 3GPP
02-03 22:39:00.168   141   802 E RILD    : [Profile: ID(1)]
02-03 22:39:00.168   141   802 E RILD    :  [*] APN: epc.tmobile.com
02-03 22:39:00.168   141   802 E RILD    :  [*] Protocol: 1
02-03 22:39:00.168   141   802 E RILD    :  [*] Auth: 0
02-03 22:39:00.168   141   802 E RILD    : SNI param: 3GPP profile index(1)
02-03 22:39:00.168   141   802 E RILD    : SNI param: call origin preference(1)
02-03 22:39:00.168   141   802 E RILD    : SNI param: IP family preference(4)
02-03 22:39:00.168   141   802 E RILD    : Succeed to place data call
02-03 22:39:00.168   141   802 E RILD    : ActivatePdpContext: Act or Deact is not required for this call.
02-03 22:39:00.168   241   241 D RIL-QMI : qmuxd: RX 59 bytes on fd=25 from qmux_client_id=1
02-03 22:39:00.168   241   241 E RIL-RAWDATA: 01 18 00 00 01 01 00 0E 00 20 00 0C 00 31 01 00 01 19 01 00 04 35 01 00 01 
02-03 22:39:00.168   241   241 D RIL-QMI : [SMDPORT] >> BEFORE, Write SMD Port [fd = 11] [msg_len = 25]
02-03 22:39:00.168   241   241 D RIL-QMI : [SMDPORT] << AFTER, Write SMD Port [rc = 0]
02-03 22:39:00.168  1043  1043 D DCT     : isDataPossible(mms): possible=true isDataAllowed=true apnTypePossible=true apnContextisEnabled=false apnContextState()=IDLE isDataAllowedOnDataDisabled =false
02-03 22:39:00.168  1043  1043 D DCT     : get active apn string for type:mms
02-03 22:39:00.168  1043  1043 D DCT     : [ApnContext:mms] getApnSetting: apnSetting=null
02-03 22:39:00.178  1043  1043 D DCT     : notifyOffApnOfAvailability type:cbs
02-03 22:39:00.178  1043  1043 D DCT     : isDataPossible(cbs): possible=true isDataAllowed=true apnTypePossible=true apnContextisEnabled=false apnContextState()=IDLE isDataAllowedOnDataDisabled =false
02-03 22:39:00.178  1043  1043 D DCT     : get active apn string for type:cbs
02-03 22:39:00.178  1043  1043 D DCT     : [ApnContext:cbs] getApnSetting: apnSetting=null
02-03 22:39:00.188   241   672 E RIL-RAWDATA: 01 1A 00 80 01 01 02 0E 00 20 00 0E 00 02 04 00 00 00 00 00 01 04 00 88 AF 09 8C 
02-03 22:39:00.188   241   672 D RIL-QMI : qmuxd: TX message on fd=25, to clientID = 1, len=61
02-03 22:39:00.188   141   687 E RILD    : QmiWdsAsyncRespCallback: hndl(0x10100), svcId(1), sysError(0), qmiError(0), respId(0x2)
02-03 22:39:00.188   141   269 E RILD    : ReceiveMessage: svc(WDS), msg(0x2:QMI_WDS_START_NW), indi(0), size(16), err(0)
02-03 22:39:00.188   141   269 E RILD    : ProcessAsyncResponse: resp ID(0x2), error(0)
02-03 22:39:00.188   141   269 E RILD    : FailCause(0, 0) ActiveProto(1) Proto(1) RespMask(0)
02-03 22:39:00.188   141   802 E RILD    : CA-DCA: evt(10001)
02-03 22:39:00.188   141   802 E RILD    : PDP activation is done for CID(1)
02-03 22:39:00.188   241   672 E RIL-RAWDATA: 01 15 00 80 01 03 04 00 00 01 00 09 00 22 02 00 01 00 1F 01 00 01 
02-03 22:39:00.188   241   672 D RIL-QMI : qmuxd: TX message on fd=25, to clientID = 1, len=56
02-03 22:39:00.188   241   672 E RIL-RAWDATA: 01 15 00 80 01 FF 04 00 00 22 00 09 00 01 02 00 02 00 12 01 00 04 
02-03 22:39:00.188   241   672 D RIL-QMI : qmuxd: TX message on fd=25, to clientID = 1, len=56
02-03 22:39:00.188   141   687 E RILD    : QmiWdsGlobalIndCallback: hndl(0x30100), ind ID(0x2)
02-03 22:39:00.188   141   687 E RILD    : QmiWdsGlobalIndCallback: hndl(0x30100), ind ID(0x1)
02-03 22:39:00.188   141   687 E RILD    : QmiWdsContextIndCallback: hndl(0x20100), svcId(1), indId(0x1)
02-03 22:39:00.188   141   687 E RILD    : QmiWdsContextIndCallback: hndl(0x10100), svcId(1), indId(0x1)
02-03 22:39:00.188   141   269 E RILD    : ReceiveMessage: svc(WDS), msg(0x2:QMI_WDS_EVENT_REPORT), indi(1), size(152), err(0)
02-03 22:39:00.188   141   269 E RILD    : ProcessGlobalIndication: ind ID(0x2)
02-03 22:39:00.188   141   269 E RILD    : Event report mask (0xa0)
02-03 22:39:00.188   141   269 E RILD    : ReceiveMessage: svc(WDS), msg(0x1:QMI_WDS_PKT_SRVC_STATUS), indi(1), size(152), err(0)
02-03 22:39:00.188   141   269 E RILD    : ProcessGlobalIndication: ind ID(0x1)
02-03 22:39:00.188   141   269 E RILD    : ProcessGlobalIndication: Ignored
02-03 22:39:00.188   141   269 E RILD    : ReceiveMessage: svc(WDS), msg(0x1:QMI_WDS_PKT_SRVC_STATUS), indi(1), size(152), err(0)
02-03 22:39:00.188   141   269 E RILD    : ProcessContextIndication: ind ID(0x1)
02-03 22:39:00.188   141   269 E RILD    : RxPacketServiceStatusInd: state(4)
02-03 22:39:00.188   141   269 E RILD    : RxPacketServiceStatusInd: ind mask(0x01), proto(0x01)
02-03 22:39:00.188   241   241 D RIL-QMI : qmuxd: RX 54 bytes on fd=25 from qmux_client_id=1
02-03 22:39:00.188   241   241 E RIL-RAWDATA: 01 13 00 00 01 01 00 0F 00 2D 00 07 00 10 04 00 10 BF 00 00 
02-03 22:39:00.188   241   241 D RIL-QMI : [SMDPORT] >> BEFORE, Write SMD Port [fd = 11] [msg_len = 20]
02-03 22:39:00.188   241   241 D RIL-QMI : [SMDPORT] << AFTER, Write SMD Port [rc = 0]
02-03 22:39:00.188   241   672 E RIL-RAWDATA: 01 4D 00 80 01 01 02 0F 00 2D 00 41 00 02 04 00 00 00 00 00 1E 04 00 43 9B 44 1E 15 04 00 22 00 
02-03 22:39:00.188   241   672 E RIL-RAWDATA: B1 0A 16 04 00 74 BF A8 0A 20 04 00 41 9B 44 1E 21 04 00 F8 FF FF FF 24 01 00 00 23 01 00 00 29 
02-03 22:39:00.188   241   672 E RIL-RAWDATA: 04 00 DC 05 00 00 2B 01 00 04 22 01 00 00 
02-03 22:39:00.188   241   672 D RIL-QMI : qmuxd: TX message on fd=25, to clientID = 1, len=112
02-03 22:39:00.188   141   269 E RILD    : [IP acquired from modem]
02-03 22:39:00.188   141   269 E RILD    :  [*] IP: 30.68.155.67
02-03 22:39:00.188   141   269 E RILD    :  [*] GW: 30.68.155.65
02-03 22:39:00.188   141   269 E RILD    :  [*] DNS1: 10.177.0.34
02-03 22:39:00.188   141   269 E RILD    :  [*] DNS2: 10.168.191.116
02-03 22:39:00.188   141   269 E RILD    :  [*] IPv6: ::
02-03 22:39:00.188   141   269 E RILD    :  [*] IPv6 GW: ::1
02-03 22:39:00.188   141   269 E RILD    :  [*] DNS1v6: ::
02-03 22:39:00.188   141   269 E RILD    :  [*] DNS2v6: ::
02-03 22:39:00.188   141   269 E RILD    :  [*] pcscf: 0.0.0.0
02-03 22:39:00.188   141   269 E RILD    :  [*] pcscfIp6Addr1: ::
02-03 22:39:00.188   141   269 E RILD    :  [*] pcscfIp6Addr2: ::
02-03 22:39:00.188   141   269 E RILD    :  [*] pcscfIp6Addr3: ::
02-03 22:39:00.188   141   269 E RILD    : ReceiveMessage: svc(WDS), msg(0x1:QMI_WDS_PKT_SRVC_STATUS), indi(1), size(152), err(0)
02-03 22:39:00.188   141   269 E RILD    : ProcessContextIndication: ind ID(0x1)
02-03 22:39:00.188   141   269 E RILD    : RxPacketServiceStatusInd: state(4)
02-03 22:39:00.188   141   269 E RILD    : RxPacketServiceStatusInd: ind mask(0x00), proto(0x01)
02-03 22:39:00.188   141   802 E RILD    : CA-DCA: evt(1004)
02-03 22:39:00.188   141   802 E RILD    :  [*] IP: 30.68.155.67
02-03 22:39:00.188   141   802 E RILD    :  [*] GW: 30.68.155.65
02-03 22:39:00.188   141   802 E RILD    :  [*] DNS1: 10.177.0.34
02-03 22:39:00.188   141   802 E RILD    :  [*] DNS2: 10.168.191.116
02-03 22:39:00.188   141   802 E RILD    :  [*] IPv6: ::
02-03 22:39:00.188   141   802 E RILD    :  [*] IPv6 GW: ::1
02-03 22:39:00.188   141   802 E RILD    :  [*] DNS1v6: ::
02-03 22:39:00.188   141   802 E RILD    :  [*] DNS2v6: ::
02-03 22:39:00.188   141   802 E RILD    :  [*] pcscf: 0.0.0.0
02-03 22:39:00.188   141   802 E RILD    :  [*] pcscfIp6Addr1: ::
02-03 22:39:00.188   141   802 E RILD    :  [*] pcscfIp6Addr2: ::
02-03 22:39:00.188   141   802 E RILD    :  [*] pcscfIp6Addr3: ::
02-03 22:39:00.188   141   802 E RILD    : OnIpConfigured(): GetState = 1, Profile = 6
02-03 22:39:00.188   141   802 E RILD    : CA-DCA: evt(1005)
02-03 22:39:00.188   141   802 E RILD    : Previous state is 1.
02-03 22:39:00.188   141   802 E RILD    : Data call is connected
02-03 22:39:00.188   141   802 E RILD    : SetState: 4 for CID 1.
02-03 22:39:00.188   141   802 E RILD    : NotifyDataCallState: 4 for CID 1.
02-03 22:39:00.188   141   802 E RILD    : GetMtuDb(): load mtu from db (1440)
02-03 22:39:00.188   141   802 E RILD    : mtu for 310260 -> 1440 (in DB)
02-03 22:39:00.188   141   802 E RILD    : GetMtuDb(): load mtu from db (1440)
02-03 22:39:00.188   141   802 E RILD    : mtu for 310260 -> 1440 (in DB)
02-03 22:39:00.188   141   802 E RILD    : DC-MGR: UpdateMtu with 1440
02-03 22:39:00.188   141   802 E RILD    : Ipv6 for rmnet0 is disabled
02-03 22:39:00.188   141   802 E RILD    : [NIF] Interface(rmnet0) is up.
02-03 22:39:00.188   141   802 E RILD    : [NIF] Setting IPv4 address.
02-03 22:39:00.198   141   802 E RILD    : [NIF] Address is set for rmnet0
02-03 22:39:00.198   141   802 E RILD    : [FD] There is no fd preferences file
02-03 22:39:00.198  1043  1230 D RILJ    : [rild] [0389]< SETUP_DATA_CALL DataCallResponse: {version=7 status=0 retry=-1 cid=1 active=2 type=IP' ifname='rmnet0' addresses=[30.68.155.67] dnses=[10.177.0.34,10.168.191.116] gateways=[30.68.155.65]}
02-03 22:39:00.198   141   802 E RILD    : [FD] Time Info : screenOn(0), screenOff(0),  screenOnRel8(0), screenOffRel8(0)
02-03 22:39:00.198   141   802 E RILD    : [FD] FD is not enabled.
02-03 22:39:00.198  1043  1280 D DC-1    : DcActivatingState: msg={what=EVENT_SETUP_DATA_CONNECTION_DONE when=-1ms obj=android.os.AsyncResult@424fc9b8 target=Handler (com.android.internal.util.StateMachine$SmHandler) {42759448} replyTo=null}
02-03 22:39:00.198  1043  1280 D DC-1    : onSetupConnectionCompleted received DataCallResponse: DataCallResponse: {version=7 status=0 retry=-1 cid=1 active=2 type=IP' ifname='rmnet0' addresses=[30.68.155.67] dnses=[10.177.0.34,10.168.191.116] gateways=[30.68.155.65]}
02-03 22:39:00.198  1043  1280 D DataCallResponse: addr/pl=30.68.155.67/32
02-03 22:39:00.198  1043  1280 D DC-1    : updateLinkProperty old LP={LinkAddresses: []  Routes: [] DnsAddresses: [] Domains: null}
02-03 22:39:00.198  1043  1230 D RILJ    : [rild] responseDataCallList ver=7 num=1
02-03 22:39:00.198  1043  1230 D RILJ    : [rild] [UNSL]< UNSOL_DATA_CALL_LIST_CHANGED [DataCallResponse: {version=7 status=0 retry=-1 cid=1 active=2 type=IP' ifname='rmnet0' addresses=[30.68.155.67] dnses=[10.177.0.34,10.168.191.116] gateways=[30.68.155.65]}]
02-03 22:39:00.198  1043  1280 D DC-1    : updateLinkProperty new LP={InterfaceName: rmnet0 LinkAddresses: [30.68.155.67/32,]  Routes: [0.0.0.0/0 -> 30.68.155.65,] DnsAddresses: [10.177.0.34,10.168.191.116,] Domains: null}
02-03 22:39:00.209  1043  1280 D DC-1    : DcActivatingState onSetupConnectionCompleted result=SUCCESS  SetupResult.mFailCause=NONE dc={DC-1: State=DcActivatingState mApnSetting=[ApnSettingV2] T-Mobile US, 1374, 310260, epc.tmobile.com, , http://mms.msg.eng.t-mobile.com/mms/wapenc, , , , 0, default | mms | supl, IP, IP, true, 0 RefCount=1 mCid=1 mCreateTime=-1 mLastastFailTime=-1 mLastFailCause=NONE mTag=8 mRetryManager=RetryManager: { forever=true maxRetry=10 curMaxRetry=10 retry=0 config={max_retries=infinite,default_randomization=2000,5000,10000,20000,40000,80000:5000,160000:5000,320000:5000,640000:5000,1280000:5000,1800000:5000} retryArray={5000:2000 10000:2000 20000:2000 40000:2000 80000:5000 160000:5000 320000:5000 640000:5000 1280000:5000 1800000:5000 }} mLinkProperties={InterfaceName: rmnet0 LinkAddresses: [30.68.155.67/32,]  Routes: [0.0.0.0/0 -> 30.68.155.65,] DnsAddresses: [10.177.0.34,10.168.191.116,] Domains: null} mLinkCapabilities={} mApnContexts=[{mApnType=supl mState=CONNECTING mWaitingApns={[[ApnSettingV2] T-Mobile US, 1374, 310260, epc.tmobile.com, , http://mms.msg.eng.t-mobile.com/mms/wapenc, , , , 0, default | mms | supl, IP, IP, true, 0]} mWaitingApnsPermanentFailureCountDown=1 mApnSetting={[ApnSettingV2] T-Mobile US, 1374, 310260, epc.tmobile.com, , http://mms.msg.eng.t-mobile.com/mms/wapenc, , , , 0, default | mms | supl, IP, IP, true, 0} mReason=dataEnabled mDataEnabled=true mDependencyMet=true}]}
02-03 22:39:00.209  1043  1280 D DC-1    : DcActiveState: enter dc={DC-1: State=DcActiveState mApnSetting=[ApnSettingV2] T-Mobile US, 1374, 310260, epc.tmobile.com, , http://mms.msg.eng.t-mobile.com/mms/wapenc, , , , 0, default | mms | supl, IP, IP, true, 0 RefCount=1 mCid=1 mCreateTime=-1 mLastastFailTime=-1 mLastFailCause=NONE mTag=8 mRetryManager=RetryManager: { forever=true maxRetry=10 curMaxRetry=10 retry=0 config={max_retries=infinite,default_randomization=2000,5000,10000,20000,40000,80000:5000,160000:5000,320000:5000,640000:5000,1280000:5000,1800000:5000} retryArray={5000:2000 10000:2000 20000:2000 40000:2000 80000:5000 160000:5000 320000:5000 640000:5000 1280000:5000 1800000:5000 }} mLinkProperties={InterfaceName: rmnet0 LinkAddresses: [30.68.155.67/32,]  Routes: [0.0.0.0/0 -> 30.68.155.65,] DnsAddresses: [10.177.0.34,10.168.191.116,] Domains: null} mLinkCapabilities={} mApnContexts=[{mApnType=supl mState=CONNECTING mWaitingApns={[[ApnSettingV2] T-Mobile US, 1374, 310260, epc.tmobile.com, , http://mms.msg.eng.t-mobile.com/mms/wapenc, , , , 0, default | mms | supl, IP, IP, true, 0]} mWaitingApnsPermanentFailureCountDown=1 mApnSetting={[ApnSettingV2] T-Mobile US, 1374, 310260, epc.tmobile.com, , http://mms.msg.eng.t-mobile.com/mms/wapenc, , , , 0, default | mms | supl, IP, IP, true, 0} mReason=dataEnabled mDataEnabled=true mDependencyMet=true}]}
02-03 22:39:00.209  1043  1280 E PHONE   : ServiceState.getNetworkType() DEPRECATED will be removed *******
02-03 22:39:00.209  1043  1280 D DC-1    : configureRetry: forDefault=true mRetryManager=RetryManager: { forever=true maxRetry=10 curMaxRetry=10 retry=0 config={max_retries=infinite,default_randomization=2000,5000,10000,20000,40000,80000:5000,160000:5000,320000:5000,640000:5000,1280000:5000,1800000:5000} retryArray={5000:2000 10000:2000 20000:2000 40000:2000 80000:5000 160000:5000 320000:5000 640000:5000 1280000:5000 1800000:5000 }}
02-03 22:39:00.209  1043  1280 D Dcc     : onDataStateChanged: dcsList=[DataCallResponse: {version=7 status=0 retry=-1 cid=1 active=2 type=IP' ifname='rmnet0' addresses=[30.68.155.67] dnses=[10.177.0.34,10.168.191.116] gateways=[30.68.155.65]}] mDcListActiveByCid={1={DC-1: State=DcActiveState mApnSetting=[ApnSettingV2] T-Mobile US, 1374, 310260, epc.tmobile.com, , http://mms.msg.eng.t-mobile.com/mms/wapenc, , , , 0, default | mms | supl, IP, IP, true, 0 RefCount=1 mCid=1 mCreateTime=-1 mLastastFailTime=-1 mLastFailCause=NONE mTag=8 mRetryManager=RetryManager: { forever=true maxRetry=10 curMaxRetry=10 retry=0 config={max_retries=infinite,default_randomization=2000,5000,10000,20000,40000,80000:5000,160000:5000,320000:5000,640000:5000,1280000:5000,1800000:5000} retryArray={5000:2000 10000:2000 20000:2000 40000:2000 80000:5000 160000:5000 320000:5000 640000:5000 1280000:5000 1800000:5000 }} mLinkProperties={InterfaceName: rmnet0 LinkAddresses: [30.68.155.67/32,]  Routes: [0.0.0.0/0 -> 30.68.155.65,] DnsAddresses: [10.177.0.34,10.168.191.116,] Domains: null} mLinkCapabilities={} mApnContexts=[{mApnType=supl mState=CONNECTING mWaitingApns={[[ApnSettingV2] T-Mobile US, 1374, 310260, epc.tmobile.com, , http://mms.msg.eng.t-mobile.com/mms/wapenc, , , , 0, default | mms | supl, IP, IP, true, 0]} mWaitingApnsPermanentFailureCountDown=1 mApnSetting={[ApnSettingV2] T-Mobile US, 1374, 310260, epc.tmobile.com, , http://mms.msg.eng.t-mobile.com/mms/wapenc, , , , 0, default | mms | supl, IP, IP, true, 0} mReason=connected mDataEnabled=true mDependencyMet=true}]}}
02-03 22:39:00.209  1043  1043 D DCT     : trySetupData: X retValue=true
02-03 22:39:00.219  1043  1280 D Dcc     : onDataStateChanged: dcsToRetry=[]
02-03 22:39:00.219  1043  1280 D Dcc     : onDataStateChanged: Found ConnId=1 newState=DataCallResponse: {version=7 status=0 retry=-1 cid=1 active=2 type=IP' ifname='rmnet0' addresses=[30.68.155.67] dnses=[10.177.0.34,10.168.191.116] gateways=[30.68.155.65]}
02-03 22:39:00.219  1043  1280 D DataCallResponse: addr/pl=30.68.155.67/32
02-03 22:39:00.219  1043  1280 D Dcc     : onDataStateChanged: no change
02-03 22:39:00.219  1043  1280 D Dcc     : onDataStateChanged: dcsToRetry=[] apnsToCleanup=[]
02-03 22:39:00.219  1043  1280 D Dcc     : onDataStateChanged: X
02-03 22:39:00.309   241   672 E RIL-RAWDATA: 01 5B 00 80 03 01 04 00 00 4E 00 4F 00 12 03 00 00 00 00 13 03 00 02 02 00 18 21 00 01 03 01 03 
02-03 22:39:00.309   241   672 E RIL-RAWDATA: 01 00 01 00 01 1C 2C 01 5C DB 5D 02 00 00 00 01 33 31 30 32 36 30 01 07 01 00 00 00 00 1D 06 00 
02-03 22:39:00.309   241   672 E RIL-RAWDATA: FF FF 01 00 00 00 20 08 00 03 00 00 00 03 00 00 00 23 01 00 02 28 04 00 01 00 00 00 
02-03 22:39:00.309   241   672 D RIL-QMI : qmuxd: TX message on fd=25, to clientID = 1, len=126
02-03 22:39:00.309   141   687 E RILD    : QmiUnsolicitedCallback: msgId(78)
02-03 22:39:00.309   141   269 E RILD    : ReceiveMessage: svc(NAS), msg(0x4E:QMI_NAS_SYS_INFO_IND), indi(1), size(1056), err(0)
02-03 22:39:00.309   141   269 E RILD    : GetDataRegs: group( CDMA), reg(0)
02-03 22:39:00.309   141   269 E RILD    : GetDataRegs: group( EVDO), reg(0)
02-03 22:39:00.309   141   269 E RILD    : GetDataRegs: group(  GSM), reg(2)
02-03 22:39:00.309   141   269 E RILD    : GetDataRegs: group( UMTS), reg(1)
02-03 22:39:00.309   141   269 E RILD    : GetDataRegs: group(EHRPD), reg(0)
02-03 22:39:00.309   141   269 E RILD    : GetDataRegs: group(  LTE), reg(0)
02-03 22:39:00.309   141   269 E RILD    : GetDataRegs: group(TDSCDMA), reg(0)
02-03 22:39:00.309   141   269 E RILD    : [CS] 1x reg [0], gsm reg [2], wcdma reg [1], lte reg [0], hdr reg [0], Td reg [0]
02-03 22:39:00.309   141   269 E RILD    : UpdateVoiceRte() - mVoiceRte(3), mVoiceRteConfidenceTag(1)
02-03 22:39:00.309   141   269 E RILD    : UpdateDataRte: [PS] 1x reg [0], gsm reg [2], wcdma reg [1], lte reg [0], hdr reg [0], Td reg [0]
02-03 22:39:00.309   141   269 E RILD    : UpdateDataRte: pref_data_tech(4), radio_tech_flag(1)
02-03 22:39:00.309   141   269 E RILD    : UpdateDataRte: [FINAL-PS] 1x reg [0], gsm reg [0], wcdma reg [1], lte reg [0], hdr reg [0], Td reg[0]
02-03 22:39:00.309   141   269 E RILD    : UpdateDataRte: mDataRte(3), confidence(1)
02-03 22:39:00.309   141   269 E RILD    : UpdateImsRte: mImsRte(0), mImsRteConfidenceTag(4)
02-03 22:39:00.309   141   269 E RILD    : UpdateVoiceTech() - RteType: 1, VoiceRadioTech: 1 -> 1
02-03 22:39:00.309   141   269 E RILD    : GetVoiceSysInfo: regState(1), voiceRte(3), isRte3gpp(1)
02-03 22:39:00.309   141   269 E RILD    : IsConsideredRegistered: cs 1x(0), gsm(2), wcdma(1), lte(0), hdr(0), Td(0)
02-03 22:39:00.309   141   269 E RILD    : FindCurrentMccMnc: mcc(310), mnc(260)
02-03 22:39:00.309   141   269 E RILD    : cdmaCcsSupported: 0, SimulVoiceAndDataCapability Valid: 1, Value: 0
02-03 22:39:00.309   141   269 E RILD    : mReportedDataTechnology Valid: 1, Value: 3
02-03 22:39:00.309   141   269 E RILD    : GetDataRegs: group( CDMA), reg(0)
02-03 22:39:00.309   141   269 E RILD    : GetDataRegs: group( EVDO), reg(0)
02-03 22:39:00.309   141   269 E RILD    : GetDataRegs: group(  GSM), reg(2)
02-03 22:39:00.309   141   269 E RILD    : GetDataRegs: group( UMTS), reg(1)
02-03 22:39:00.309   141   269 E RILD    : GetDataRegs: group(EHRPD), reg(0)
02-03 22:39:00.309   141   269 E RILD    : GetDataRegs: group(  LTE), reg(0)
02-03 22:39:00.309   141   269 E RILD    : GetDataRegs: group(TDSCDMA), reg(0)
02-03 22:39:00.309   141   269 E RILD    : IsConsideredRegistered: Cache hit 1
02-03 22:39:00.309   141   269 E RILD    : IsConsideredRegistered: Cache hit 1
02-03 22:39:00.309   141   269 E RILD    : need sig info-0, need err rate-0
02-03 22:39:00.309   141   269 E RILD    : mCurrentRestricedState = 0
02-03 22:39:00.309   141   269 E RILD    : cs_bar_status 3
02-03 22:39:00.309   141   269 E RILD    : ps_bar_status 3
02-03 22:39:00.309   141   269 E RILD    : UpdateRestrictedDetails nRestrictedStateDetail 0
02-03 22:39:00.309   141   802 E RILD    : GLNET-MGR: evt(201)
02-03 22:39:00.309   141   802 E RILD    : NET-MGR: EVENT_NETWORK_SIGNAL_STRENGTH
02-03 22:39:00.309   141   802 E RILD    : OnNetworkSignalStrength() - mSignalBar: 3
02-03 22:39:00.309   241   672 E RIL-RAWDATA: 01 23 00 80 01 03 04 00 00 01 00 17 00 24 14 00 00 02 00 88 00 00 00 00 00 00 00 01 00 00 00 00 
02-03 22:39:00.309   241   672 E RIL-RAWDATA: 00 00 00 00 
02-03 22:39:00.309   241   672 D RIL-QMI : qmuxd: TX message on fd=25, to clientID = 1, len=70
02-03 22:39:00.309   141   687 E RILD    : QmiWdsGlobalIndCallback: hndl(0x30100), ind ID(0x2)
