01-25 20:22:02.265  4130  4144 W ResourceType: No known package when getting name for resource number 0xffffffff
01-25 20:22:02.265  4130  4144 W ResourceType: No known package when getting name for resource number 0xffffffff
01-25 20:22:02.265  4130  4144 W ResourceType: No known package when getting name for resource number 0xffffffff
01-25 20:22:02.265  4130  4144 W ResourceType: No known package when getting name for resource number 0xffffffff
01-25 20:22:02.265  4130  4144 W ResourceType: No known package when getting name for resource number 0xffffffff
01-25 20:22:02.275  4130  4144 W ResourceType: No known package when getting name for resource number 0xffffffff
01-25 20:22:02.275  4130  4144 W ResourceType: No known package when getting name for resource number 0xffffffff
01-25 20:22:02.275  4130  4144 W ResourceType: No known package when getting name for resource number 0xffffffff
01-25 20:22:02.285  4130  4144 W ResourceType: No known package when getting name for resource number 0xffffffff
01-25 20:22:02.285  4130  4144 W ResourceType: No known package when getting name for resource number 0xffffffff
01-25 20:22:02.285  4130  4144 W ResourceType: No known package when getting name for resource number 0xffffffff
01-25 20:22:02.285  4130  4144 W ResourceType: No known package when getting name for resource number 0xffffffff
01-25 20:22:02.285  4130  4144 W ResourceType: No known package when getting name for resource number 0xffffffff
01-25 20:22:02.285  4130  4144 W ResourceType: No known package when getting name for resource number 0xffffffff
01-25 20:22:02.285  4130  4144 W ResourceType: No known package when getting name for resource number 0xffffffff
01-25 20:22:02.295  4088  4088 I TCPDUMP : Packets Captured ID =2831
01-25 20:22:02.295  4088  4088 I TCPDUMP : Packets Captured ID =2832
01-25 20:22:02.295  4088  4088 I TCPDUMP : Packets Captured ID =2833
01-25 20:22:02.305  4130  4144 W ResourceType: No known package when getting name for resource number 0xffffffff
01-25 20:22:02.305  4130  4144 W ResourceType: No known package when getting name for resource number 0xffffffff
01-25 20:22:02.305  4130  4144 W ResourceType: No known package when getting name for resource number 0xffffffff
01-25 20:22:02.305  4130  4144 W ResourceType: No known package when getting name for resource number 0xffffffff
01-25 20:22:02.305  4130  4144 W ResourceType: No known package when getting name for resource number 0xffffffff
01-25 20:22:02.305  4130  4144 W ResourceType: No known package when getting name for resource number 0xffffffff
01-25 20:22:02.305  4130  4144 W ResourceType: No known package when getting name for resource number 0xffffffff
01-25 20:22:02.305  4130  4144 W ResourceType: No known package when getting name for resource number 0xffffffff
01-25 20:22:02.305  4130  4144 W ResourceType: No known package when getting name for resource number 0xffffffff
01-25 20:22:02.305  4130  4144 W ResourceType: No known package when getting name for resource number 0xffffffff
01-25 20:22:02.325  4130  4144 W ResourceType: No known package when getting name for resource number 0xffffffff
01-25 20:22:02.325  4130  4144 W ResourceType: No known package when getting name for resource number 0xffffffff
01-25 20:22:02.325  4130  4144 W ResourceType: No known package when getting name for resource number 0xffffffff
01-25 20:22:02.325  4130  4144 W ResourceType: No known package when getting name for resource number 0xffffffff
01-25 20:22:02.325  4130  4144 W ResourceType: No known package when getting name for resource number 0xffffffff
01-25 20:22:02.325  4130  4144 W ResourceType: No known package when getting name for resource number 0xffffffff
01-25 20:22:02.325  4130  4144 W ResourceType: No known package when getting name for resource number 0xffffffff
01-25 20:22:02.325  4130  4144 W ResourceType: No known package when getting name for resource number 0xffffffff
01-25 20:22:02.325  4130  4144 W ResourceType: No known package when getting name for resource number 0xffffffff
01-25 20:22:02.335  4130  4144 W ResourceType: No known package when getting name for resource number 0xffffffff
01-25 20:22:02.345  4130  4144 W ResourceType: No known package when getting name for resource number 0xffffffff
01-25 20:22:02.345  4130  4144 W ResourceType: No known package when getting name for resource number 0xffffffff
01-25 20:22:02.345  4130  4144 W ResourceType: No known package when getting name for resource number 0xffffffff
01-25 20:22:02.345  4130  4144 W ResourceType: No known package when getting name for resource number 0xffffffff
01-25 20:22:02.345  4130  4144 W ResourceType: No known package when getting name for resource number 0xffffffff
01-25 20:22:02.345  4130  4144 W ResourceType: No known package when getting name for resource number 0xffffffff
01-25 20:22:02.345  4130  4144 W ResourceType: No known package when getting name for resource number 0xffffffff
01-25 20:22:02.345  4130  4144 W ResourceType: No known package when getting name for resource number 0xffffffff
01-25 20:22:02.355  4130  4144 W ResourceType: No known package when getting name for resource number 0xffffffff
01-25 20:22:02.355  4130  4144 W ResourceType: No known package when getting name for resource number 0xffffffff
01-25 20:22:02.375  4130  4144 W ResourceType: No known package when getting name for resource number 0xffffffff
01-25 20:22:02.375  4130  4144 W ResourceType: No known package when getting name for resource number 0xffffffff
01-25 20:22:02.385  4130  4144 W ResourceType: No known package when getting name for resource number 0xffffffff
01-25 20:22:02.385  4130  4144 W ResourceType: No known package when getting name for resource number 0xffffffff
01-25 20:22:02.385  4130  4144 W ResourceType: No known package when getting name for resource number 0xffffffff
01-25 20:22:02.385  4130  4144 W ResourceType: No known package when getting name for resource number 0xffffffff
01-25 20:22:02.385  4130  4144 W ResourceType: No known package when getting name for resource number 0xffffffff
01-25 20:22:02.385  4130  4144 W ResourceType: No known package when getting name for resource number 0xffffffff
01-25 20:22:02.385  4130  4144 W ResourceType: No known package when getting name for resource number 0xffffffff
01-25 20:22:02.385  4130  4144 W ResourceType: No known package when getting name for resource number 0xffffffff
01-25 20:22:02.415  4130  4144 W ResourceType: No known package when getting name for resource number 0xffffffff
01-25 20:22:02.415  4130  4144 W ResourceType: No known package when getting name for resource number 0xffffffff
01-25 20:22:02.415  4130  4144 W ResourceType: No known package when getting name for resource number 0xffffffff
01-25 20:22:02.415  4130  4144 W ResourceType: No known package when getting name for resource number 0xffffffff
01-25 20:22:02.415  4130  4144 W ResourceType: No known package when getting name for resource number 0xffffffff
01-25 20:22:02.415  4130  4144 W ResourceType: No known package when getting name for resource number 0xffffffff
01-25 20:22:02.415  4130  4144 W ResourceType: No known package when getting name for resource number 0xffffffff
01-25 20:22:02.425  4130  4144 W ResourceType: No known package when getting name for resource number 0xffffffff
01-25 20:22:02.425  4130  4144 W ResourceType: No known package when getting name for resource number 0xffffffff
01-25 20:22:02.445  4130  4144 W ResourceType: No known package when getting name for resource number 0xffffffff
01-25 20:22:02.445  4130  4144 W ResourceType: No known package when getting name for resource number 0xffffffff
01-25 20:22:02.445  4130  4144 D ROBOT_UTIL_ALF: OMG, cannot find view for class name:com.facebook.feed.ui.StoryContentTextView
01-25 20:22:02.475  4130  4144 W ResourceType: No known package when getting name for resource number 0xffffffff
01-25 20:22:02.475  4130  4144 W ResourceType: No known package when getting name for resource number 0xffffffff
01-25 20:22:02.475  4130  4144 D ROBOT_UTIL_ALF: OMG, cannot find view for class name:com.facebook.feed.ui.StoryContentTextView
01-25 20:22:02.626  4130  4135 D dalvikvm: GC_CONCURRENT freed 5421K, 27% free 20151K/27336K, paused 8ms+21ms, total 146ms
01-25 20:22:02.626  4130  4144 D dalvikvm: WAIT_FOR_CONCURRENT_GC blocked 126ms
01-25 20:22:02.626  4130  4130 D dalvikvm: WAIT_FOR_CONCURRENT_GC blocked 121ms
01-25 20:22:02.636  4130  4232 D dalvikvm: WAIT_FOR_CONCURRENT_GC blocked 83ms
01-25 20:22:02.646  4130  4144 W ResourceType: No known package when getting name for resource number 0xffffffff
01-25 20:22:02.656  4130  4144 W ResourceType: No known package when getting name for resource number 0xffffffff
01-25 20:22:02.656  4130  4144 D ROBOT_UTIL_ALF: OMG, cannot find view for class name:android.widget.TextView
01-25 20:22:02.686  4130  4144 W ResourceType: No known package when getting name for resource number 0xffffffff
01-25 20:22:02.686  4130  4144 W ResourceType: No known package when getting name for resource number 0xffffffff
01-25 20:22:02.686  4130  4144 W ResourceType: No package identifier when getting name for resource number 0x00000000
01-25 20:22:02.686  4130  4144 W ResourceType: No known package when getting name for resource number 0xffffffff
01-25 20:22:02.686  4130  4144 W ResourceType: No known package when getting name for resource number 0xffffffff
01-25 20:22:02.696  4130  4144 W ResourceType: No known package when getting name for resource number 0xffffffff
01-25 20:22:02.696  4130  4144 W ResourceType: No known package when getting name for resource number 0xffffffff
01-25 20:22:02.726  4130  4144 W ResourceType: No known package when getting name for resource number 0xffffffff
01-25 20:22:02.726  4130  4144 W ResourceType: No known package when getting name for resource number 0xffffffff
01-25 20:22:02.726  4130  4144 W ResourceType: No package identifier when getting name for resource number 0x00000000
01-25 20:22:02.726  4130  4144 W ResourceType: No known package when getting name for resource number 0xffffffff
01-25 20:22:02.736  4130  4144 W ResourceType: No known package when getting name for resource number 0xffffffff
01-25 20:22:02.736  4130  4144 W ResourceType: No known package when getting name for resource number 0xffffffff
01-25 20:22:02.736  4130  4144 W ResourceType: No known package when getting name for resource number 0xffffffff
01-25 20:22:02.766  4130  4144 W ResourceType: No known package when getting name for resource number 0xffffffff
01-25 20:22:02.766  4130  4144 W ResourceType: No known package when getting name for resource number 0xffffffff
01-25 20:22:02.766  4130  4144 W ResourceType: No package identifier when getting name for resource number 0x00000000
01-25 20:22:02.766  4130  4144 W ResourceType: No known package when getting name for resource number 0xffffffff
01-25 20:22:02.766  4130  4144 W ResourceType: No known package when getting name for resource number 0xffffffff
01-25 20:22:02.766  4130  4144 W ResourceType: No known package when getting name for resource number 0xffffffff
01-25 20:22:02.766  4130  4144 W ResourceType: No known package when getting name for resource number 0xffffffff
01-25 20:22:02.796  4130  4144 W ResourceType: No known package when getting name for resource number 0xffffffff
01-25 20:22:02.796  4130  4144 W ResourceType: No known package when getting name for resource number 0xffffffff
01-25 20:22:02.796  4130  4144 W ResourceType: No known package when getting name for resource number 0xffffffff
01-25 20:22:02.796  4130  4144 W ResourceType: No known package when getting name for resource number 0xffffffff
01-25 20:22:02.796  4130  4144 W ResourceType: No known package when getting name for resource number 0xffffffff
01-25 20:22:02.806  4130  4144 W ResourceType: No known package when getting name for resource number 0xffffffff
01-25 20:22:02.806  4130  4144 W ResourceType: No known package when getting name for resource number 0xffffffff
01-25 20:22:02.806  4130  4144 W ResourceType: No known package when getting name for resource number 0xffffffff
01-25 20:22:02.806  4130  4144 W ResourceType: No known package when getting name for resource number 0xffffffff
01-25 20:22:02.836  4130  4144 W ResourceType: No known package when getting name for resource number 0xffffffff
01-25 20:22:02.836  4130  4144 W ResourceType: No known package when getting name for resource number 0xffffffff
01-25 20:22:02.836  4130  4144 D ROBOT_UTIL_ALF: OMG, cannot find view for class name:com.facebook.feed.ui.StoryContentTextView
01-25 20:22:02.866  4130  4144 W ResourceType: No known package when getting name for resource number 0xffffffff
01-25 20:22:02.866  4130  4144 W ResourceType: No known package when getting name for resource number 0xffffffff
01-25 20:22:02.866  4130  4144 D ROBOT_UTIL_ALF: OMG, cannot find view for class name:com.facebook.feed.ui.StoryContentTextView
01-25 20:22:02.906  4130  4144 W ResourceType: No known package when getting name for resource number 0xffffffff
01-25 20:22:02.906  4130  4144 W ResourceType: No known package when getting name for resource number 0xffffffff
01-25 20:22:02.926  4130  4144 W ResourceType: No known package when getting name for resource number 0xffffffff
01-25 20:22:02.926  4130  4144 W ResourceType: No known package when getting name for resource number 0xffffffff
01-25 20:22:02.926  4130  4144 W ResourceType: No package identifier when getting name for resource number 0x00000000
01-25 20:22:02.926  4130  4144 W ResourceType: No known package when getting name for resource number 0xffffffff
01-25 20:22:02.926  4130  4144 W ResourceType: No known package when getting name for resource number 0xffffffff
01-25 20:22:02.926  4130  4144 W ResourceType: No known package when getting name for resource number 0xffffffff
01-25 20:22:02.926  4130  4144 W ResourceType: No known package when getting name for resource number 0xffffffff
01-25 20:22:02.956  4130  4144 W ResourceType: No known package when getting name for resource number 0xffffffff
01-25 20:22:02.956  4130  4144 W ResourceType: No known package when getting name for resource number 0xffffffff
01-25 20:22:02.956  4130  4144 W ResourceType: No package identifier when getting name for resource number 0x00000000
01-25 20:22:02.956  4130  4144 W ResourceType: No known package when getting name for resource number 0xffffffff
01-25 20:22:02.956  4130  4144 W ResourceType: No known package when getting name for resource number 0xffffffff
01-25 20:22:02.956  4130  4144 W ResourceType: No known package when getting name for resource number 0xffffffff
01-25 20:22:02.966  4130  4144 W ResourceType: No known package when getting name for resource number 0xffffffff
01-25 20:22:02.986  4130  4144 W ResourceType: No known package when getting name for resource number 0xffffffff
01-25 20:22:02.986  4130  4144 W ResourceType: No known package when getting name for resource number 0xffffffff
01-25 20:22:02.986  4130  4144 W ResourceType: No package identifier when getting name for resource number 0x00000000
01-25 20:22:02.986  4130  4144 W ResourceType: No known package when getting name for resource number 0xffffffff
01-25 20:22:02.986  4130  4144 W ResourceType: No known package when getting name for resource number 0xffffffff
01-25 20:22:02.986  4130  4144 W ResourceType: No known package when getting name for resource number 0xffffffff
01-25 20:22:02.986  4130  4144 W ResourceType: No known package when getting name for resource number 0xffffffff
01-25 20:22:03.006  4130  4144 W ResourceType: No known package when getting name for resource number 0xffffffff
01-25 20:22:03.016  4130  4144 W ResourceType: No known package when getting name for resource number 0xffffffff
01-25 20:22:03.016  4130  4144 W ResourceType: No known package when getting name for resource number 0xffffffff
01-25 20:22:03.016  4130  4144 W ResourceType: No known package when getting name for resource number 0xffffffff
01-25 20:22:03.016  4130  4144 W ResourceType: No known package when getting name for resource number 0xffffffff
01-25 20:22:03.016  4130  4144 W ResourceType: No known package when getting name for resource number 0xffffffff
01-25 20:22:03.016  4130  4144 W ResourceType: No known package when getting name for resource number 0xffffffff
01-25 20:22:03.016  4130  4144 W ResourceType: No known package when getting name for resource number 0xffffffff
01-25 20:22:03.016  4130  4144 W ResourceType: No known package when getting name for resource number 0xffffffff
01-25 20:22:03.056  4130  4144 W ResourceType: No known package when getting name for resource number 0xffffffff
01-25 20:22:03.056  4130  4144 W ResourceType: No known package when getting name for resource number 0xffffffff
01-25 20:22:03.056  4130  4144 D ROBOT_UTIL_ALF: OMG, cannot find view for class name:com.facebook.feed.ui.StoryContentTextView
01-25 20:22:03.076  4130  4144 W ResourceType: No known package when getting name for resource number 0xffffffff
01-25 20:22:03.076  4130  4144 W ResourceType: No known package when getting name for resource number 0xffffffff
01-25 20:22:03.076  4130  4144 D ROBOT_UTIL_ALF: OMG, cannot find view for class name:com.facebook.feed.ui.StoryContentTextView
01-25 20:22:03.106  4130  4144 W ResourceType: No known package when getting name for resource number 0xffffffff
01-25 20:22:03.106  4130  4144 W ResourceType: No known package when getting name for resource number 0xffffffff
01-25 20:22:03.106  4130  4144 D ROBOT_UTIL_ALF: OMG, cannot find view for class name:android.widget.TextView
01-25 20:22:03.126  3674  4032 W Settings: Setting airplane_mode_on has moved from android.provider.Settings.System to android.provider.Settings.Global, returning read-only value.
01-25 20:22:03.136  4130  4144 W ResourceType: No known package when getting name for resource number 0xffffffff
01-25 20:22:03.136  4130  4144 W ResourceType: No known package when getting name for resource number 0xffffffff
01-25 20:22:03.166  4130  4144 W ResourceType: No known package when getting name for resource number 0xffffffff
01-25 20:22:03.166  4130  4144 W ResourceType: No known package when getting name for resource number 0xffffffff
01-25 20:22:03.196  4130  4144 W ResourceType: No known package when getting name for resource number 0xffffffff
01-25 20:22:03.196  4130  4144 W ResourceType: No known package when getting name for resource number 0xffffffff
01-25 20:22:03.196  4130  4144 D ROBOT_ALF: it contains: Status post on Jan 25, 2014 8:22:01 PM
01-25 20:22:03.196  4130  4144 D ROBOT_ALF: title contains: Alfred RobustNet
01-25 20:22:03.196  4130  4144 D ROBOT_ALF: info contains: Just Now near Ann Arbor 
01-25 20:22:03.196  4130  4144 D ROBOT_ALF: time:1390699323207
01-25 20:22:03.196  4130  4144 D ROBOT_EVENT_ALF: here17com.jayway.android.robotium.solo.Sleeper@416b54d8
01-25 20:22:03.507  1291  1298 E MP-Decision: DOWN Ld:31 Ns:1.100000 Ts:190 rq:0.000000 seq:196.000000
01-25 20:22:04.127  3674  4032 W Settings: Setting airplane_mode_on has moved from android.provider.Settings.System to android.provider.Settings.Global, returning read-only value.
01-25 20:22:04.868   241   355 D overlay : FROM_STATE = OV_BYPASS_2_LAYER TO_STATE = OV_CLOSED
01-25 20:22:05.128  3674  4032 W Settings: Setting airplane_mode_on has moved from android.provider.Settings.System to android.provider.Settings.Global, returning read-only value.
01-25 20:22:05.288   244   690 D alsa_ucm: snd_use_case_set(): uc_mgr 0x41a822a0 identifier _verb value Inactive
01-25 20:22:05.288   244   690 D alsa_ucm: Set mixer controls for HiFi enable 0
01-25 20:22:05.288   244   690 D alsa_ucm: snd_use_case_set(): uc_mgr 0x41a822a0 identifier _disdev value Speaker
01-25 20:22:05.288   244   690 D alsa_ucm: Set mixer controls for Speaker enable 0
01-25 20:22:06.129  3674  4032 W Settings: Setting airplane_mode_on has moved from android.provider.Settings.System to android.provider.Settings.Global, returning read-only value.
01-25 20:22:06.290  4088  4088 I TCPDUMP : Packets Captured ID =2834
01-25 20:22:06.290  4088  4088 I TCPDUMP : Packets Captured ID =2835
01-25 20:22:06.360  4088  4088 I TCPDUMP : Packets Captured ID =2836
01-25 20:22:06.360  4088  4088 I TCPDUMP : Packets Captured ID =2837
01-25 20:22:06.810   241   355 D overlay : FROM_STATE = OV_CLOSED TO_STATE = OV_BYPASS_2_LAYER
01-25 20:22:07.100  3674  3677 D dalvikvm: GC_CONCURRENT freed 384K, 26% free 3172K/4232K, paused 6ms+2ms, total 27ms
01-25 20:22:07.140  3674  4032 W Settings: Setting airplane_mode_on has moved from android.provider.Settings.System to android.provider.Settings.Global, returning read-only value.
01-25 20:22:07.160  4088  4088 I TCPDUMP : Packets Captured ID =2838
01-25 20:22:07.160  4088  4088 I TCPDUMP : Packets Captured ID =2839
01-25 20:22:07.160  4088  4088 I TCPDUMP : Packets Captured ID =2840
01-25 20:22:07.241   606   606 I rmt_storage: rmt_storage_rw_iovec_cb: /boot/modem_fs1: clnt_h=0x1: req_h=0xd msg_id=3: R/W request received
01-25 20:22:07.241   606   606 I rmt_storage: wakelock acquired: 1, error no: 110
01-25 20:22:07.241   606   656 I rmt_storage: rmt_storage_client_thread: /boot/modem_fs1: clnt_h=0x1 Unblock worker thread (th_id: 1074573208)
01-25 20:22:07.471   606   656 I rmt_storage: rmt_storage_client_thread: /boot/modem_fs1: clnt_h=0x1: req_h=0xd msg_id=3: Bytes written = 3145216
01-25 20:22:07.471   606   656 I rmt_storage: rmt_storage_client_thread: /boot/modem_fs1: clnt_h=0x1: req_h=0xd msg_id=3: Bytes written = 512
01-25 20:22:07.471   606   656 I rmt_storage: rmt_storage_client_thread: /boot/modem_fs1: clnt_h=0x1: req_h=0xd msg_id=3: Send response: res=0 err=0
01-25 20:22:07.471   606   656 I rmt_storage: rmt_storage_client_thread: /boot/modem_fs1: clnt_h=0x1 About to block rmt_storage client thread (th_id: 1074573208) wakelock released: 1, error no: 0
01-25 20:22:07.471   606   656 I rmt_storage: 
01-25 20:22:08.041  4088  4088 I TCPDUMP : Packets Captured ID =2841
01-25 20:22:08.041  4088  4088 I TCPDUMP : Packets Captured ID =2842
01-25 20:22:08.132  3674  4032 W Settings: Setting airplane_mode_on has moved from android.provider.Settings.System to android.provider.Settings.Global, returning read-only value.
01-25 20:22:08.402  4088  4088 I TCPDUMP : Packets Captured ID =2843
01-25 20:22:08.402  4088  4088 I TCPDUMP : Packets Captured ID =2844
01-25 20:22:08.832   241   355 D overlay : FROM_STATE = OV_BYPASS_2_LAYER TO_STATE = OV_CLOSED
01-25 20:22:09.133  3674  4032 W Settings: Setting airplane_mode_on has moved from android.provider.Settings.System to android.provider.Settings.Global, returning read-only value.
01-25 20:22:09.383  4088  4088 I TCPDUMP : Packets Captured ID =2845
01-25 20:22:09.383  4088  4088 I TCPDUMP : Packets Captured ID =2846
01-25 20:22:09.383  4088  4088 I TCPDUMP : Packets Captured ID =2847
01-25 20:22:09.533  4088  4088 I TCPDUMP : Packets Captured ID =2848
01-25 20:22:09.533  4088  4088 I TCPDUMP : Packets Captured ID =2849
01-25 20:22:09.773  4088  4088 I TCPDUMP : Packets Captured ID =2850
01-25 20:22:09.773  4088  4088 I TCPDUMP : Packets Captured ID =2851
01-25 20:22:09.773  4088  4088 I TCPDUMP : Packets Captured ID =2852
01-25 20:22:10.004  4088  4088 I TCPDUMP : Packets Captured ID =2853
01-25 20:22:10.004  4088  4088 I TCPDUMP : Packets Captured ID =2854
01-25 20:22:10.134  3674  4032 W Settings: Setting airplane_mode_on has moved from android.provider.Settings.System to android.provider.Settings.Global, returning read-only value.
01-25 20:22:10.324  4088  4088 I TCPDUMP : Packets Captured ID =2855
01-25 20:22:10.324  4088  4088 I TCPDUMP : Packets Captured ID =2856
01-25 20:22:10.324  4088  4088 I TCPDUMP : Packets Captured ID =2857
01-25 20:22:10.534  4088  4088 I TCPDUMP : Packets Captured ID =2858
01-25 20:22:10.534  4088  4088 I TCPDUMP : Packets Captured ID =2859
01-25 20:22:11.125  3674  4032 W Settings: Setting airplane_mode_on has moved from android.provider.Settings.System to android.provider.Settings.Global, returning read-only value.
01-25 20:22:11.835   241   355 D overlay : FROM_STATE = OV_CLOSED TO_STATE = OV_BYPASS_2_LAYER
01-25 20:22:12.126  4088  4088 I TCPDUMP : Packets Captured ID =2860
01-25 20:22:12.126  4088  4088 I TCPDUMP : Packets Captured ID =2861
01-25 20:22:12.136  4088  4088 I TCPDUMP : Packets Captured ID =2862
01-25 20:22:12.136  3674  4032 W Settings: Setting airplane_mode_on has moved from android.provider.Settings.System to android.provider.Settings.Global, returning read-only value.
01-25 20:22:12.326  4088  4088 I TCPDUMP : Packets Captured ID =2863
01-25 20:22:12.326  4088  4088 I TCPDUMP : Packets Captured ID =2864
01-25 20:22:12.626  4088  4088 I TCPDUMP : Packets Captured ID =2865
01-25 20:22:12.626  4088  4088 I TCPDUMP : Packets Captured ID =2866
01-25 20:22:12.626  4088  4088 I TCPDUMP : Packets Captured ID =2867
01-25 20:22:12.626  4088  4088 I TCPDUMP : Packets Captured ID =2868
01-25 20:22:12.626  4088  4088 I TCPDUMP : Packets Captured ID =2869
01-25 20:22:12.686  4088  4088 I TCPDUMP : Packets Captured ID =2870
01-25 20:22:12.686  4088  4088 I TCPDUMP : Packets Captured ID =2871
01-25 20:22:12.686  4088  4088 I TCPDUMP : Packets Captured ID =2872
01-25 20:22:12.807  4088  4088 I TCPDUMP : Packets Captured ID =2873
01-25 20:22:12.807  4088  4088 I TCPDUMP : Packets Captured ID =2874
01-25 20:22:12.887  4088  4088 I TCPDUMP : Packets Captured ID =2875
01-25 20:22:12.887  4088  4088 I TCPDUMP : Packets Captured ID =2876
01-25 20:22:12.887  4088  4088 I TCPDUMP : Packets Captured ID =2877
01-25 20:22:12.947  4088  4088 I TCPDUMP : Packets Captured ID =2878
01-25 20:22:12.947  4088  4088 I TCPDUMP : Packets Captured ID =2879
01-25 20:22:13.037  4088  4088 I TCPDUMP : Packets Captured ID =2880
01-25 20:22:13.037  4088  4088 I TCPDUMP : Packets Captured ID =2881
01-25 20:22:13.037  4088  4088 I TCPDUMP : Packets Captured ID =2882
01-25 20:22:13.107  4088  4088 I TCPDUMP : Packets Captured ID =2883
01-25 20:22:13.107  4088  4088 I TCPDUMP : Packets Captured ID =2884
01-25 20:22:13.127  3674  4032 W Settings: Setting airplane_mode_on has moved from android.provider.Settings.System to android.provider.Settings.Global, returning read-only value.
01-25 20:22:13.197  4130  4144 D ROBOT_EVENT_ALF: here18
01-25 20:22:13.237  4130  4144 W ResourceType: No known package when getting name for resource number 0xffffffff
01-25 20:22:13.237  4130  4144 W ResourceType: No known package when getting name for resource number 0xffffffff
01-25 20:22:13.237  4088  4088 I TCPDUMP : Packets Captured ID =2885
01-25 20:22:13.237  4088  4088 I TCPDUMP : Packets Captured ID =2886
01-25 20:22:13.237  4088  4088 I TCPDUMP : Packets Captured ID =2887
01-25 20:22:13.237  4130  4144 W ResourceType: No known package when getting name for resource number 0xffffffff
01-25 20:22:13.237  4130  4144 W ResourceType: No known package when getting name for resource number 0xffffffff
01-25 20:22:13.247  4130  4144 W ResourceType: No known package when getting name for resource number 0xffffffff
01-25 20:22:13.247  4130  4144 W ResourceType: No known package when getting name for resource number 0xffffffff
01-25 20:22:13.247  4130  4144 W ResourceType: No known package when getting name for resource number 0xffffffff
01-25 20:22:13.247  4130  4144 W ResourceType: No known package when getting name for resource number 0xffffffff
01-25 20:22:13.247  4130  4144 W ResourceType: No known package when getting name for resource number 0xffffffff
01-25 20:22:13.287  4088  4088 I TCPDUMP : Packets Captured ID =2888
01-25 20:22:13.287  4088  4088 I TCPDUMP : Packets Captured ID =2889
01-25 20:22:13.407  4088  4088 I TCPDUMP : Packets Captured ID =2890
01-25 20:22:13.407  4088  4088 I TCPDUMP : Packets Captured ID =2891
01-25 20:22:13.407  4088  4088 I TCPDUMP : Packets Captured ID =2892
01-25 20:22:13.507  4088  4088 I TCPDUMP : Packets Captured ID =2893
01-25 20:22:13.507  4088  4088 I TCPDUMP : Packets Captured ID =2894
01-25 20:22:13.677  4088  4088 I TCPDUMP : Packets Captured ID =2895
01-25 20:22:13.677  4088  4088 I TCPDUMP : Packets Captured ID =2896
01-25 20:22:13.677  4088  4088 I TCPDUMP : Packets Captured ID =2897
01-25 20:22:13.788  4088  4088 I TCPDUMP : Packets Captured ID =2898
01-25 20:22:13.788  4088  4088 I TCPDUMP : Packets Captured ID =2899
01-25 20:22:14.028   669   923 E LocSvc_eng: I/===> int loc_eng_inject_location(loc_eng_data_s_type&, double, double, float) line 818 
01-25 20:22:14.028   669   923 E LocSvc_eng: E/int loc_eng_inject_location(loc_eng_data_s_type&, double, double, float): log_eng state error: instance not initialized
01-25 20:22:14.028   669   923 E LocSvc_eng: I/Exiting int loc_eng_inject_location(loc_eng_data_s_type&, double, double, float) line 819 instance not initialized
01-25 20:22:14.128  3674  4032 W Settings: Setting airplane_mode_on has moved from android.provider.Settings.System to android.provider.Settings.Global, returning read-only value.
01-25 20:22:14.298  4088  4088 I TCPDUMP : Packets Captured ID =2900
01-25 20:22:14.298  4088  4088 I TCPDUMP : Packets Captured ID =2901
01-25 20:22:14.298  4088  4088 I TCPDUMP : Packets Captured ID =2902
01-25 20:22:14.298  4088  4088 I TCPDUMP : Packets Captured ID =2903
01-25 20:22:14.298  4088  4088 I TCPDUMP : Packets Captured ID =2904
01-25 20:22:14.298  4088  4088 I TCPDUMP : Packets Captured ID =2905
01-25 20:22:14.298  4088  4088 I TCPDUMP : Packets Captured ID =2906
01-25 20:22:14.298  4088  4088 I TCPDUMP : Packets Captured ID =2907
01-25 20:22:14.298  4088  4088 I TCPDUMP : Packets Captured ID =2908
01-25 20:22:14.318  4088  4088 I TCPDUMP : Packets Captured ID =2909
01-25 20:22:14.358  4088  4088 I TCPDUMP : Packets Captured ID =2910
01-25 20:22:14.358  4088  4088 I TCPDUMP : Packets Captured ID =2911
01-25 20:22:14.428  4130  4144 W ResourceType: No known package when getting name for resource number 0xffffffff
01-25 20:22:14.428  4130  4144 W ResourceType: No known package when getting name for resource number 0xffffffff
01-25 20:22:14.428  4130  4144 W ResourceType: No known package when getting name for resource number 0xffffffff
01-25 20:22:14.428  4130  4144 W ResourceType: No known package when getting name for resource number 0xffffffff
01-25 20:22:14.438  4130  4144 W ResourceType: No known package when getting name for resource number 0xffffffff
01-25 20:22:14.438  4130  4144 W ResourceType: No known package when getting name for resource number 0xffffffff
01-25 20:22:14.438  4130  4144 W ResourceType: No known package when getting name for resource number 0xffffffff
01-25 20:22:14.438  4130  4144 W ResourceType: No known package when getting name for resource number 0xffffffff
01-25 20:22:14.438  4130  4144 W ResourceType: No known package when getting name for resource number 0xffffffff
01-25 20:22:14.478  1291  1298 E MP-Decision: UP Ld:82 Nw:1.990000 Tw:140 rq:2.300000 seq:147.000000
01-25 20:22:14.478  4130  4144 W ResourceType: No known package when getting name for resource number 0xffffffff
01-25 20:22:14.478  4130  4144 W ResourceType: No known package when getting name for resource number 0xffffffff
01-25 20:22:14.488  4130  4144 W ResourceType: No known package when getting name for resource number 0xffffffff
01-25 20:22:14.488  4130  4144 W ResourceType: No known package when getting name for resource number 0xffffffff
01-25 20:22:14.498  4130  4144 W ResourceType: No known package when getting name for resource number 0xffffffff
01-25 20:22:14.498  4130  4144 W ResourceType: No known package when getting name for resource number 0xffffffff
01-25 20:22:14.498  4130  4144 W ResourceType: No known package when getting name for resource number 0xffffffff
01-25 20:22:14.508  4130  4144 W ResourceType: No known package when getting name for resource number 0xffffffff
01-25 20:22:14.508  4130  4144 W ResourceType: No known package when getting name for resource number 0xffffffff
01-25 20:22:14.618  4130  4135 D dalvikvm: GC_CONCURRENT freed 7563K, 33% free 18545K/27336K, paused 8ms+9ms, total 138ms
01-25 20:22:14.618  4130  4232 D dalvikvm: WAIT_FOR_CONCURRENT_GC blocked 98ms
01-25 20:22:14.618  4130  4144 D dalvikvm: WAIT_FOR_CONCURRENT_GC blocked 108ms
01-25 20:22:14.618  4130  4130 D dalvikvm: WAIT_FOR_CONCURRENT_GC blocked 103ms
01-25 20:22:14.638  4130  4144 W ResourceType: No known package when getting name for resource number 0xffffffff
01-25 20:22:14.638  4130  4144 W ResourceType: No known package when getting name for resource number 0xffffffff
01-25 20:22:14.648  4130  4144 W ResourceType: No known package when getting name for resource number 0xffffffff
01-25 20:22:14.648  4130  4144 W ResourceType: No known package when getting name for resource number 0xffffffff
01-25 20:22:14.648  4088  4088 I TCPDUMP : Packets Captured ID =2912
01-25 20:22:14.648  4088  4088 I TCPDUMP : Packets Captured ID =2913
01-25 20:22:14.648  4088  4088 I TCPDUMP : Packets Captured ID =2914
01-25 20:22:14.648  4130  4144 W ResourceType: No known package when getting name for resource number 0xffffffff
01-25 20:22:14.658  4130  4144 W ResourceType: No known package when getting name for resource number 0xffffffff
01-25 20:22:14.658  4130  4144 W ResourceType: No known package when getting name for resource number 0xffffffff
01-25 20:22:14.658  4130  4144 W ResourceType: No known package when getting name for resource number 0xffffffff
01-25 20:22:14.658  4130  4144 W ResourceType: No known package when getting name for resource number 0xffffffff
01-25 20:22:14.699  4130  4144 W ResourceType: No known package when getting name for resource number 0xffffffff
01-25 20:22:14.699  4130  4144 W ResourceType: No known package when getting name for resource number 0xffffffff
01-25 20:22:14.699  4130  4144 W ResourceType: No known package when getting name for resource number 0xffffffff
01-25 20:22:14.699  4130  4144 W ResourceType: No known package when getting name for resource number 0xffffffff
01-25 20:22:14.699  4130  4144 W ResourceType: No known package when getting name for resource number 0xffffffff
01-25 20:22:14.709  4130  4144 W ResourceType: No known package when getting name for resource number 0xffffffff
01-25 20:22:14.709  4130  4144 W ResourceType: No known package when getting name for resource number 0xffffffff
01-25 20:22:14.709  4130  4144 W ResourceType: No known package when getting name for resource number 0xffffffff
01-25 20:22:14.709  4130  4144 W ResourceType: No known package when getting name for resource number 0xffffffff
01-25 20:22:14.739  4130  4144 W ResourceType: No known package when getting name for resource number 0xffffffff
01-25 20:22:14.739  4130  4144 W ResourceType: No known package when getting name for resource number 0xffffffff
01-25 20:22:14.749  4130  4144 W ResourceType: No known package when getting name for resource number 0xffffffff
01-25 20:22:14.749  4130  4144 W ResourceType: No known package when getting name for resource number 0xffffffff
01-25 20:22:14.749  4130  4144 W ResourceType: No known package when getting name for resource number 0xffffffff
01-25 20:22:14.749  4130  4144 W ResourceType: No known package when getting name for resource number 0xffffffff
01-25 20:22:14.749  4130  4144 W ResourceType: No known package when getting name for resource number 0xffffffff
01-25 20:22:14.759  4130  4144 W ResourceType: No known package when getting name for resource number 0xffffffff
01-25 20:22:14.759  4130  4144 W ResourceType: No known package when getting name for resource number 0xffffffff
01-25 20:22:14.779  4088  4088 I TCPDUMP : Packets Captured ID =2915
01-25 20:22:14.779  4088  4088 I TCPDUMP : Packets Captured ID =2916
01-25 20:22:14.789  4130  4144 W ResourceType: No known package when getting name for resource number 0xffffffff
01-25 20:22:14.789  4130  4144 W ResourceType: No known package when getting name for resource number 0xffffffff
01-25 20:22:14.789  4130  4144 W ResourceType: No known package when getting name for resource number 0xffffffff
01-25 20:22:14.789  4130  4144 W ResourceType: No known package when getting name for resource number 0xffffffff
01-25 20:22:14.789  4130  4144 W ResourceType: No known package when getting name for resource number 0xffffffff
01-25 20:22:14.799  4130  4144 W ResourceType: No known package when getting name for resource number 0xffffffff
01-25 20:22:14.799  4130  4144 W ResourceType: No known package when getting name for resource number 0xffffffff
01-25 20:22:14.799  4130  4144 W ResourceType: No known package when getting name for resource number 0xffffffff
01-25 20:22:14.799  4130  4144 W ResourceType: No known package when getting name for resource number 0xffffffff
01-25 20:22:14.829  4130  4144 W ResourceType: No known package when getting name for resource number 0xffffffff
01-25 20:22:14.829  4130  4144 W ResourceType: No known package when getting name for resource number 0xffffffff
01-25 20:22:14.839  4130  4144 W ResourceType: No known package when getting name for resource number 0xffffffff
01-25 20:22:14.839  4130  4144 W ResourceType: No known package when getting name for resource number 0xffffffff
01-25 20:22:14.839  4130  4144 W ResourceType: No known package when getting name for resource number 0xffffffff
01-25 20:22:14.839  4130  4144 W ResourceType: No known package when getting name for resource number 0xffffffff
01-25 20:22:14.839  4130  4144 W ResourceType: No known package when getting name for resource number 0xffffffff
01-25 20:22:14.849  4130  4144 W ResourceType: No known package when getting name for resource number 0xffffffff
01-25 20:22:14.849  4130  4144 W ResourceType: No known package when getting name for resource number 0xffffffff
01-25 20:22:14.879  4130  4144 W ResourceType: No known package when getting name for resource number 0xffffffff
01-25 20:22:14.879  4130  4144 W ResourceType: No known package when getting name for resource number 0xffffffff
01-25 20:22:14.879  4130  4144 W ResourceType: No known package when getting name for resource number 0xffffffff
01-25 20:22:14.879  4130  4144 W ResourceType: No known package when getting name for resource number 0xffffffff
01-25 20:22:14.879  4130  4144 W ResourceType: No known package when getting name for resource number 0xffffffff
01-25 20:22:14.879  4130  4144 W ResourceType: No known package when getting name for resource number 0xffffffff
01-25 20:22:14.889  4130  4144 W ResourceType: No known package when getting name for resource number 0xffffffff
01-25 20:22:14.889  4130  4144 W ResourceType: No known package when getting name for resource number 0xffffffff
01-25 20:22:14.889  4130  4144 W ResourceType: No known package when getting name for resource number 0xffffffff
01-25 20:22:14.919  4130  4144 W ResourceType: No known package when getting name for resource number 0xffffffff
01-25 20:22:14.919  4130  4144 W ResourceType: No known package when getting name for resource number 0xffffffff
01-25 20:22:14.919  4130  4144 W ResourceType: No known package when getting name for resource number 0xffffffff
01-25 20:22:14.919  4130  4144 W ResourceType: No known package when getting name for resource number 0xffffffff
01-25 20:22:14.929  4130  4144 W ResourceType: No known package when getting name for resource number 0xffffffff
01-25 20:22:14.929  4130  4144 W ResourceType: No known package when getting name for resource number 0xffffffff
01-25 20:22:14.929  4130  4144 W ResourceType: No known package when getting name for resource number 0xffffffff
01-25 20:22:14.929  4088  4088 I TCPDUMP : Packets Captured ID =2917
01-25 20:22:14.929  4088  4088 I TCPDUMP : Packets Captured ID =2918
01-25 20:22:14.929  4088  4088 I TCPDUMP : Packets Captured ID =2919
01-25 20:22:14.939  4130  4144 W ResourceType: No known package when getting name for resource number 0xffffffff
01-25 20:22:14.939  4130  4144 W ResourceType: No known package when getting name for resource number 0xffffffff
01-25 20:22:14.969  4130  4144 W ResourceType: No known package when getting name for resource number 0xffffffff
01-25 20:22:14.969  4130  4144 W ResourceType: No known package when getting name for resource number 0xffffffff
01-25 20:22:14.969  4130  4144 W ResourceType: No known package when getting name for resource number 0xffffffff
01-25 20:22:14.969  4130  4144 W ResourceType: No known package when getting name for resource number 0xffffffff
01-25 20:22:14.969  4130  4144 W ResourceType: No known package when getting name for resource number 0xffffffff
01-25 20:22:14.979  4130  4144 W ResourceType: No known package when getting name for resource number 0xffffffff
01-25 20:22:14.979  4130  4144 W ResourceType: No known package when getting name for resource number 0xffffffff
01-25 20:22:14.979  4130  4144 W ResourceType: No known package when getting name for resource number 0xffffffff
01-25 20:22:14.979  4130  4144 W ResourceType: No known package when getting name for resource number 0xffffffff
01-25 20:22:15.009  4130  4144 W ResourceType: No known package when getting name for resource number 0xffffffff
01-25 20:22:15.009  4130  4144 W ResourceType: No known package when getting name for resource number 0xffffffff
01-25 20:22:15.019  4130  4144 W ResourceType: No known package when getting name for resource number 0xffffffff
01-25 20:22:15.019  4130  4144 W ResourceType: No known package when getting name for resource number 0xffffffff
01-25 20:22:15.019  4130  4144 W ResourceType: No known package when getting name for resource number 0xffffffff
01-25 20:22:15.019  4130  4144 W ResourceType: No known package when getting name for resource number 0xffffffff
01-25 20:22:15.019  4130  4144 W ResourceType: No known package when getting name for resource number 0xffffffff
01-25 20:22:15.029  4130  4144 W ResourceType: No known package when getting name for resource number 0xffffffff
01-25 20:22:15.029  4130  4144 W ResourceType: No known package when getting name for resource number 0xffffffff
01-25 20:22:15.059  4130  4144 W ResourceType: No known package when getting name for resource number 0xffffffff
01-25 20:22:15.059  4130  4144 W ResourceType: No known package when getting name for resource number 0xffffffff
01-25 20:22:15.059  4130  4144 W ResourceType: No known package when getting name for resource number 0xffffffff
01-25 20:22:15.059  4130  4144 W ResourceType: No known package when getting name for resource number 0xffffffff
01-25 20:22:15.059  4130  4144 W ResourceType: No known package when getting name for resource number 0xffffffff
01-25 20:22:15.059  4130  4144 W ResourceType: No known package when getting name for resource number 0xffffffff
01-25 20:22:15.069  4130  4144 W ResourceType: No known package when getting name for resource number 0xffffffff
01-25 20:22:15.069  4130  4144 W ResourceType: No known package when getting name for resource number 0xffffffff
01-25 20:22:15.069  4130  4144 W ResourceType: No known package when getting name for resource number 0xffffffff
01-25 20:22:15.079  4088  4088 I TCPDUMP : Packets Captured ID =2920
01-25 20:22:15.079  4088  4088 I TCPDUMP : Packets Captured ID =2921
01-25 20:22:15.099  4130  4144 W ResourceType: No known package when getting name for resource number 0xffffffff
01-25 20:22:15.099  4130  4144 W ResourceType: No known package when getting name for resource number 0xffffffff
01-25 20:22:15.099  4130  4144 W ResourceType: No known package when getting name for resource number 0xffffffff
01-25 20:22:15.099  4130  4144 W ResourceType: No known package when getting name for resource number 0xffffffff
01-25 20:22:15.109  4130  4144 W ResourceType: No known package when getting name for resource number 0xffffffff
01-25 20:22:15.109  4130  4144 W ResourceType: No known package when getting name for resource number 0xffffffff
01-25 20:22:15.109  4130  4144 W ResourceType: No known package when getting name for resource number 0xffffffff
01-25 20:22:15.109  4130  4144 W ResourceType: No known package when getting name for resource number 0xffffffff
01-25 20:22:15.109  4130  4144 W ResourceType: No known package when getting name for resource number 0xffffffff
01-25 20:22:15.129  3674  4032 W Settings: Setting airplane_mode_on has moved from android.provider.Settings.System to android.provider.Settings.Global, returning read-only value.
01-25 20:22:15.139  4130  4144 W ResourceType: No known package when getting name for resource number 0xffffffff
01-25 20:22:15.139  4130  4144 W ResourceType: No known package when getting name for resource number 0xffffffff
01-25 20:22:15.149  4130  4144 W ResourceType: No known package when getting name for resource number 0xffffffff
01-25 20:22:15.149  4130  4144 W ResourceType: No known package when getting name for resource number 0xffffffff
01-25 20:22:15.149  4130  4144 W ResourceType: No known package when getting name for resource number 0xffffffff
01-25 20:22:15.149  4130  4144 W ResourceType: No known package when getting name for resource number 0xffffffff
01-25 20:22:15.159  4130  4144 W ResourceType: No known package when getting name for resource number 0xffffffff
01-25 20:22:15.159  4130  4144 W ResourceType: No known package when getting name for resource number 0xffffffff
01-25 20:22:15.159  4130  4144 W ResourceType: No known package when getting name for resource number 0xffffffff
01-25 20:22:15.189  4088  4088 I TCPDUMP : Packets Captured ID =2922
01-25 20:22:15.189  4130  4144 W ResourceType: No known package when getting name for resource number 0xffffffff
01-25 20:22:15.189  4130  4144 W ResourceType: No known package when getting name for resource number 0xffffffff
01-25 20:22:15.189  4088  4088 I TCPDUMP : Packets Captured ID =2923
01-25 20:22:15.189  4088  4088 I TCPDUMP : Packets Captured ID =2924
01-25 20:22:15.189  4130  4144 W ResourceType: No known package when getting name for resource number 0xffffffff
01-25 20:22:15.189  4130  4144 W ResourceType: No known package when getting name for resource number 0xffffffff
01-25 20:22:15.189  4130  4144 W ResourceType: No known package when getting name for resource number 0xffffffff
01-25 20:22:15.189  4130  4144 W ResourceType: No known package when getting name for resource number 0xffffffff
01-25 20:22:15.199  4130  4144 W ResourceType: No known package when getting name for resource number 0xffffffff
01-25 20:22:15.199  4130  4144 W ResourceType: No known package when getting name for resource number 0xffffffff
01-25 20:22:15.199  4130  4144 W ResourceType: No known package when getting name for resource number 0xffffffff
01-25 20:22:15.229  4130  4144 W ResourceType: No known package when getting name for resource number 0xffffffff
01-25 20:22:15.229  4130  4144 W ResourceType: No known package when getting name for resource number 0xffffffff
01-25 20:22:15.229  4130  4144 W ResourceType: No known package when getting name for resource number 0xffffffff
01-25 20:22:15.229  4130  4144 W ResourceType: No known package when getting name for resource number 0xffffffff
01-25 20:22:15.229  4130  4144 W ResourceType: No known package when getting name for resource number 0xffffffff
01-25 20:22:15.229  4130  4144 W ResourceType: No known package when getting name for resource number 0xffffffff
01-25 20:22:15.229  4130  4144 W ResourceType: No known package when getting name for resource number 0xffffffff
01-25 20:22:15.239  4130  4144 W ResourceType: No known package when getting name for resource number 0xffffffff
01-25 20:22:15.239  4130  4144 W ResourceType: No known package when getting name for resource number 0xffffffff
01-25 20:22:15.239  4088  4088 I TCPDUMP : Packets Captured ID =2925
01-25 20:22:15.239  4088  4088 I TCPDUMP : Packets Captured ID =2926
01-25 20:22:15.269  4130  4144 W ResourceType: No known package when getting name for resource number 0xffffffff
01-25 20:22:15.269  4130  4144 W ResourceType: No known package when getting name for resource number 0xffffffff
01-25 20:22:15.269  4130  4144 W ResourceType: No known package when getting name for resource number 0xffffffff
01-25 20:22:15.269  4130  4144 W ResourceType: No known package when getting name for resource number 0xffffffff
01-25 20:22:15.279  4130  4144 W ResourceType: No known package when getting name for resource number 0xffffffff
01-25 20:22:15.279  4130  4144 W ResourceType: No known package when getting name for resource number 0xffffffff
01-25 20:22:15.279  4130  4144 W ResourceType: No known package when getting name for resource number 0xffffffff
01-25 20:22:15.279  4130  4144 W ResourceType: No known package when getting name for resource number 0xffffffff
01-25 20:22:15.279  4130  4144 W ResourceType: No known package when getting name for resource number 0xffffffff
01-25 20:22:15.309  4130  4144 W ResourceType: No known package when getting name for resource number 0xffffffff
01-25 20:22:15.309  4130  4144 W ResourceType: No known package when getting name for resource number 0xffffffff
01-25 20:22:15.309  4130  4144 W ResourceType: No known package when getting name for resource number 0xffffffff
01-25 20:22:15.309  4130  4144 W ResourceType: No known package when getting name for resource number 0xffffffff
01-25 20:22:15.319  4130  4144 W ResourceType: No known package when getting name for resource number 0xffffffff
01-25 20:22:15.319  4130  4144 W ResourceType: No known package when getting name for resource number 0xffffffff
01-25 20:22:15.319  4130  4144 W ResourceType: No known package when getting name for resource number 0xffffffff
01-25 20:22:15.319  4130  4144 W ResourceType: No known package when getting name for resource number 0xffffffff
01-25 20:22:15.319  4130  4144 W ResourceType: No known package when getting name for resource number 0xffffffff
01-25 20:22:15.349  4130  4144 W ResourceType: No known package when getting name for resource number 0xffffffff
