01-25 20:21:38.920  4130  4144 W ResourceType: No known package when getting name for resource number 0xffffffff
01-25 20:21:38.920  4130  4144 W ResourceType: No known package when getting name for resource number 0xffffffff
01-25 20:21:38.920  4130  4144 W ResourceType: No known package when getting name for resource number 0xffffffff
01-25 20:21:38.930  4130  4144 W ResourceType: No known package when getting name for resource number 0xffffffff
01-25 20:21:38.930  4130  4144 W ResourceType: No known package when getting name for resource number 0xffffffff
01-25 20:21:38.930  4130  4144 W ResourceType: No known package when getting name for resource number 0xffffffff
01-25 20:21:38.930  4130  4144 W ResourceType: No known package when getting name for resource number 0xffffffff
01-25 20:21:38.930  4130  4144 W ResourceType: No known package when getting name for resource number 0xffffffff
01-25 20:21:38.960  4130  4144 W ResourceType: No known package when getting name for resource number 0xffffffff
01-25 20:21:38.960  4130  4144 W ResourceType: No known package when getting name for resource number 0xffffffff
01-25 20:21:38.960  4130  4144 W ResourceType: No known package when getting name for resource number 0xffffffff
01-25 20:21:38.960  4130  4144 W ResourceType: No known package when getting name for resource number 0xffffffff
01-25 20:21:38.960  4130  4144 W ResourceType: No known package when getting name for resource number 0xffffffff
01-25 20:21:38.960  4130  4144 W ResourceType: No known package when getting name for resource number 0xffffffff
01-25 20:21:38.960  4130  4144 W ResourceType: No known package when getting name for resource number 0xffffffff
01-25 20:21:38.970  4130  4144 W ResourceType: No known package when getting name for resource number 0xffffffff
01-25 20:21:38.970  4130  4144 W ResourceType: No known package when getting name for resource number 0xffffffff
01-25 20:21:38.990  4130  4144 W ResourceType: No known package when getting name for resource number 0xffffffff
01-25 20:21:38.990  4130  4144 W ResourceType: No known package when getting name for resource number 0xffffffff
01-25 20:21:38.990  4130  4144 W ResourceType: No known package when getting name for resource number 0xffffffff
01-25 20:21:38.990  4130  4144 W ResourceType: No known package when getting name for resource number 0xffffffff
01-25 20:21:39.000  4130  4144 W ResourceType: No known package when getting name for resource number 0xffffffff
01-25 20:21:39.000  4130  4144 W ResourceType: No known package when getting name for resource number 0xffffffff
01-25 20:21:39.000  4130  4144 W ResourceType: No known package when getting name for resource number 0xffffffff
01-25 20:21:39.000  4130  4144 W ResourceType: No known package when getting name for resource number 0xffffffff
01-25 20:21:39.000  4130  4144 W ResourceType: No known package when getting name for resource number 0xffffffff
01-25 20:21:39.030  4130  4144 W ResourceType: No known package when getting name for resource number 0xffffffff
01-25 20:21:39.030  4130  4144 W ResourceType: No known package when getting name for resource number 0xffffffff
01-25 20:21:39.030  4130  4144 W ResourceType: No known package when getting name for resource number 0xffffffff
01-25 20:21:39.030  4130  4144 W ResourceType: No known package when getting name for resource number 0xffffffff
01-25 20:21:39.030  4130  4144 W ResourceType: No known package when getting name for resource number 0xffffffff
01-25 20:21:39.030  4130  4144 W ResourceType: No known package when getting name for resource number 0xffffffff
01-25 20:21:39.030  4130  4144 W ResourceType: No known package when getting name for resource number 0xffffffff
01-25 20:21:39.040  4130  4144 W ResourceType: No known package when getting name for resource number 0xffffffff
01-25 20:21:39.040  4130  4144 W ResourceType: No known package when getting name for resource number 0xffffffff
01-25 20:21:39.071  4130  4144 W ResourceType: No known package when getting name for resource number 0xffffffff
01-25 20:21:39.071  4130  4144 W ResourceType: No known package when getting name for resource number 0xffffffff
01-25 20:21:39.071  4130  4144 W ResourceType: No known package when getting name for resource number 0xffffffff
01-25 20:21:39.071  4130  4144 W ResourceType: No known package when getting name for resource number 0xffffffff
01-25 20:21:39.071  4130  4144 W ResourceType: No known package when getting name for resource number 0xffffffff
01-25 20:21:39.071  4130  4144 W ResourceType: No known package when getting name for resource number 0xffffffff
01-25 20:21:39.071  4130  4144 W ResourceType: No known package when getting name for resource number 0xffffffff
01-25 20:21:39.081  4130  4144 W ResourceType: No known package when getting name for resource number 0xffffffff
01-25 20:21:39.081  4130  4144 W ResourceType: No known package when getting name for resource number 0xffffffff
01-25 20:21:39.101  4130  4144 W ResourceType: No known package when getting name for resource number 0xffffffff
01-25 20:21:39.101  4130  4144 W ResourceType: No known package when getting name for resource number 0xffffffff
01-25 20:21:39.101  4130  4144 D ROBOT_UTIL_ALF: OMG, cannot find view for class name:com.facebook.feed.ui.StoryContentTextView
01-25 20:21:39.131  4130  4144 W ResourceType: No known package when getting name for resource number 0xffffffff
01-25 20:21:39.131  4130  4144 W ResourceType: No known package when getting name for resource number 0xffffffff
01-25 20:21:39.131  4130  4144 D ROBOT_UTIL_ALF: OMG, cannot find view for class name:android.widget.TextView
01-25 20:21:39.131  3674  4032 W Settings: Setting airplane_mode_on has moved from android.provider.Settings.System to android.provider.Settings.Global, returning read-only value.
01-25 20:21:39.151  4130  4144 W ResourceType: No known package when getting name for resource number 0xffffffff
01-25 20:21:39.151  4130  4144 W ResourceType: No known package when getting name for resource number 0xffffffff
01-25 20:21:39.151  4130  4144 D ROBOT_UTIL_ALF: OMG, cannot find view for class name:com.facebook.feed.ui.StoryContentTextView
01-25 20:21:39.171  4130  4144 W ResourceType: No known package when getting name for resource number 0xffffffff
01-25 20:21:39.171  4130  4144 W ResourceType: No known package when getting name for resource number 0xffffffff
01-25 20:21:39.171  4130  4144 W ResourceType: No package identifier when getting name for resource number 0x00000000
01-25 20:21:39.171  4130  4144 W ResourceType: No known package when getting name for resource number 0xffffffff
01-25 20:21:39.171  4130  4144 W ResourceType: No known package when getting name for resource number 0xffffffff
01-25 20:21:39.181  4130  4144 W ResourceType: No known package when getting name for resource number 0xffffffff
01-25 20:21:39.181  4130  4144 W ResourceType: No known package when getting name for resource number 0xffffffff
01-25 20:21:39.331  4130  4135 D dalvikvm: GC_CONCURRENT freed 6018K, 27% free 20197K/27336K, paused 7ms+14ms, total 147ms
01-25 20:21:39.331  4130  4144 D dalvikvm: WAIT_FOR_CONCURRENT_GC blocked 122ms
01-25 20:21:39.331  4130  4232 D dalvikvm: WAIT_FOR_CONCURRENT_GC blocked 91ms
01-25 20:21:39.331  4130  4144 W ResourceType: No known package when getting name for resource number 0xffffffff
01-25 20:21:39.331  4130  4144 W ResourceType: No known package when getting name for resource number 0xffffffff
01-25 20:21:39.341  4130  4144 W ResourceType: No package identifier when getting name for resource number 0x00000000
01-25 20:21:39.341  4130  4144 W ResourceType: No known package when getting name for resource number 0xffffffff
01-25 20:21:39.341  4130  4144 W ResourceType: No known package when getting name for resource number 0xffffffff
01-25 20:21:39.341  4130  4144 W ResourceType: No known package when getting name for resource number 0xffffffff
01-25 20:21:39.341  4130  4144 W ResourceType: No known package when getting name for resource number 0xffffffff
01-25 20:21:39.371  4130  4144 W ResourceType: No known package when getting name for resource number 0xffffffff
01-25 20:21:39.371  4130  4144 W ResourceType: No known package when getting name for resource number 0xffffffff
01-25 20:21:39.371  4130  4144 W ResourceType: No package identifier when getting name for resource number 0x00000000
01-25 20:21:39.371  4130  4144 W ResourceType: No known package when getting name for resource number 0xffffffff
01-25 20:21:39.371  4130  4144 W ResourceType: No known package when getting name for resource number 0xffffffff
01-25 20:21:39.371  4130  4144 W ResourceType: No known package when getting name for resource number 0xffffffff
01-25 20:21:39.371  4130  4144 W ResourceType: No known package when getting name for resource number 0xffffffff
01-25 20:21:39.371  4130  4144 D ROBOT_EVENT_ALF: here17com.jayway.android.robotium.solo.Sleeper@416b54d8
01-25 20:21:39.401  4088  4088 I TCPDUMP : Packets Captured ID =2637
01-25 20:21:39.551  1291  1298 E MP-Decision: DOWN Ld:46 Ns:1.100000 Ts:190 rq:0.500000 seq:196.000000
01-25 20:21:39.661  4088  4088 I TCPDUMP : Packets Captured ID =2638
01-25 20:21:39.871  4088  4088 I TCPDUMP : Packets Captured ID =2639
01-25 20:21:40.132  3674  4032 W Settings: Setting airplane_mode_on has moved from android.provider.Settings.System to android.provider.Settings.Global, returning read-only value.
01-25 20:21:40.582  4088  4088 I TCPDUMP : Packets Captured ID =2640
01-25 20:21:40.922  4088  4088 I TCPDUMP : Packets Captured ID =2641
01-25 20:21:41.133  3674  4032 W Settings: Setting airplane_mode_on has moved from android.provider.Settings.System to android.provider.Settings.Global, returning read-only value.
01-25 20:21:41.603  4088  4088 I TCPDUMP : Packets Captured ID =2642
01-25 20:21:41.813  4088  4088 I TCPDUMP : Packets Captured ID =2643
01-25 20:21:42.034  4088  4088 I TCPDUMP : Packets Captured ID =2644
01-25 20:21:42.124  3674  3677 D dalvikvm: GC_CONCURRENT freed 400K, 26% free 3156K/4232K, paused 4ms+1ms, total 55ms
01-25 20:21:42.134  3674  4032 W Settings: Setting airplane_mode_on has moved from android.provider.Settings.System to android.provider.Settings.Global, returning read-only value.
01-25 20:21:42.364  4088  4088 I TCPDUMP : Packets Captured ID =2645
01-25 20:21:42.524  4088  4088 I TCPDUMP : Packets Captured ID =2646
01-25 20:21:42.784  4088  4088 I TCPDUMP : Packets Captured ID =2647
01-25 20:21:43.055  4088  4088 I TCPDUMP : Packets Captured ID =2648
01-25 20:21:43.125  3674  4032 W Settings: Setting airplane_mode_on has moved from android.provider.Settings.System to android.provider.Settings.Global, returning read-only value.
01-25 20:21:43.285  4088  4088 I TCPDUMP : Packets Captured ID =2649
01-25 20:21:43.685  4088  4088 I TCPDUMP : Packets Captured ID =2650
01-25 20:21:43.896  4088  4088 I TCPDUMP : Packets Captured ID =2651
01-25 20:21:44.066  4088  4088 I TCPDUMP : Packets Captured ID =2652
01-25 20:21:44.126  3674  4032 W Settings: Setting airplane_mode_on has moved from android.provider.Settings.System to android.provider.Settings.Global, returning read-only value.
01-25 20:21:44.396  4088  4088 I TCPDUMP : Packets Captured ID =2653
01-25 20:21:44.676  4088  4088 I TCPDUMP : Packets Captured ID =2654
01-25 20:21:44.917  4088  4088 I TCPDUMP : Packets Captured ID =2655
01-25 20:21:45.087  4088  4088 I TCPDUMP : Packets Captured ID =2656
01-25 20:21:45.127  3674  4032 W Settings: Setting airplane_mode_on has moved from android.provider.Settings.System to android.provider.Settings.Global, returning read-only value.
01-25 20:21:45.417  4088  4088 I TCPDUMP : Packets Captured ID =2657
01-25 20:21:45.577  4088  4088 I TCPDUMP : Packets Captured ID =2658
01-25 20:21:45.758  4088  4088 I TCPDUMP : Packets Captured ID =2659
01-25 20:21:45.948  4088  4088 I TCPDUMP : Packets Captured ID =2660
01-25 20:21:46.128  3674  4032 W Settings: Setting airplane_mode_on has moved from android.provider.Settings.System to android.provider.Settings.Global, returning read-only value.
01-25 20:21:46.158  4088  4088 I TCPDUMP : Packets Captured ID =2661
01-25 20:21:46.398  4088  4088 I TCPDUMP : Packets Captured ID =2662
01-25 20:21:46.559  4088  4088 I TCPDUMP : Packets Captured ID =2663
01-25 20:21:46.789  4088  4088 I TCPDUMP : Packets Captured ID =2664
01-25 20:21:46.969  4088  4088 I TCPDUMP : Packets Captured ID =2665
01-25 20:21:47.139  3674  4032 W Settings: Setting airplane_mode_on has moved from android.provider.Settings.System to android.provider.Settings.Global, returning read-only value.
01-25 20:21:47.379  4088  4088 I TCPDUMP : Packets Captured ID =2666
01-25 20:21:47.419  4088  4088 I TCPDUMP : Packets Captured ID =2667
01-25 20:21:48.130  3674  4032 W Settings: Setting airplane_mode_on has moved from android.provider.Settings.System to android.provider.Settings.Global, returning read-only value.
01-25 20:21:49.131  3674  4032 W Settings: Setting airplane_mode_on has moved from android.provider.Settings.System to android.provider.Settings.Global, returning read-only value.
01-25 20:21:49.372  4130  4144 D ROBOT_EVENT_ALF: here18
01-25 20:21:49.422  4130  4144 W ResourceType: No known package when getting name for resource number 0xffffffff
01-25 20:21:49.422  4130  4144 W ResourceType: No known package when getting name for resource number 0xffffffff
01-25 20:21:49.432  4130  4144 W ResourceType: No known package when getting name for resource number 0xffffffff
01-25 20:21:49.432  4130  4144 W ResourceType: No known package when getting name for resource number 0xffffffff
01-25 20:21:49.432  4130  4144 W ResourceType: No known package when getting name for resource number 0xffffffff
01-25 20:21:49.432  4130  4144 W ResourceType: No known package when getting name for resource number 0xffffffff
01-25 20:21:49.442  4130  4144 W ResourceType: No known package when getting name for resource number 0xffffffff
01-25 20:21:49.442  4130  4144 W ResourceType: No known package when getting name for resource number 0xffffffff
01-25 20:21:49.442  4130  4144 W ResourceType: No known package when getting name for resource number 0xffffffff
01-25 20:21:50.132  3674  4032 W Settings: Setting airplane_mode_on has moved from android.provider.Settings.System to android.provider.Settings.Global, returning read-only value.
01-25 20:21:50.302  1291  1298 E MP-Decision: UP Ld:27 Nw:1.990000 Tw:140 rq:2.000000 seq:146.000000
01-25 20:21:50.653  4130  4144 W ResourceType: No known package when getting name for resource number 0xffffffff
01-25 20:21:50.653  4130  4144 W ResourceType: No known package when getting name for resource number 0xffffffff
01-25 20:21:50.653  4130  4144 W ResourceType: No known package when getting name for resource number 0xffffffff
01-25 20:21:50.653  4130  4144 W ResourceType: No known package when getting name for resource number 0xffffffff
01-25 20:21:50.663  4130  4144 W ResourceType: No known package when getting name for resource number 0xffffffff
01-25 20:21:50.663  4130  4144 W ResourceType: No known package when getting name for resource number 0xffffffff
01-25 20:21:50.663  4130  4144 W ResourceType: No known package when getting name for resource number 0xffffffff
01-25 20:21:50.663  4130  4144 W ResourceType: No known package when getting name for resource number 0xffffffff
01-25 20:21:50.663  4130  4144 W ResourceType: No known package when getting name for resource number 0xffffffff
01-25 20:21:50.693  4130  4144 W ResourceType: No known package when getting name for resource number 0xffffffff
01-25 20:21:50.693  4130  4144 W ResourceType: No known package when getting name for resource number 0xffffffff
01-25 20:21:50.693  4130  4144 W ResourceType: No known package when getting name for resource number 0xffffffff
01-25 20:21:50.703  4130  4144 W ResourceType: No known package when getting name for resource number 0xffffffff
01-25 20:21:50.703  4130  4144 W ResourceType: No known package when getting name for resource number 0xffffffff
01-25 20:21:50.703  4130  4144 W ResourceType: No known package when getting name for resource number 0xffffffff
01-25 20:21:50.703  4130  4144 W ResourceType: No known package when getting name for resource number 0xffffffff
01-25 20:21:50.703  4130  4144 W ResourceType: No known package when getting name for resource number 0xffffffff
01-25 20:21:50.703  4130  4144 W ResourceType: No known package when getting name for resource number 0xffffffff
01-25 20:21:50.733  4130  4144 W ResourceType: No known package when getting name for resource number 0xffffffff
01-25 20:21:50.733  4130  4144 W ResourceType: No known package when getting name for resource number 0xffffffff
01-25 20:21:50.733  4130  4144 W ResourceType: No known package when getting name for resource number 0xffffffff
01-25 20:21:50.733  4130  4144 W ResourceType: No known package when getting name for resource number 0xffffffff
01-25 20:21:50.733  4130  4144 W ResourceType: No known package when getting name for resource number 0xffffffff
01-25 20:21:50.743  4130  4144 W ResourceType: No known package when getting name for resource number 0xffffffff
01-25 20:21:50.743  4130  4144 W ResourceType: No known package when getting name for resource number 0xffffffff
01-25 20:21:50.743  4130  4144 W ResourceType: No known package when getting name for resource number 0xffffffff
01-25 20:21:50.743  4130  4144 W ResourceType: No known package when getting name for resource number 0xffffffff
01-25 20:21:50.773  4130  4144 W ResourceType: No known package when getting name for resource number 0xffffffff
01-25 20:21:50.773  4130  4144 W ResourceType: No known package when getting name for resource number 0xffffffff
01-25 20:21:50.773  4130  4144 W ResourceType: No known package when getting name for resource number 0xffffffff
01-25 20:21:50.773  4130  4144 W ResourceType: No known package when getting name for resource number 0xffffffff
01-25 20:21:50.773  4130  4144 W ResourceType: No known package when getting name for resource number 0xffffffff
01-25 20:21:50.783  4130  4144 W ResourceType: No known package when getting name for resource number 0xffffffff
01-25 20:21:50.783  4130  4144 W ResourceType: No known package when getting name for resource number 0xffffffff
01-25 20:21:50.783  4130  4144 W ResourceType: No known package when getting name for resource number 0xffffffff
01-25 20:21:50.783  4130  4144 W ResourceType: No known package when getting name for resource number 0xffffffff
01-25 20:21:50.813  4130  4144 W ResourceType: No known package when getting name for resource number 0xffffffff
01-25 20:21:50.813  4130  4144 W ResourceType: No known package when getting name for resource number 0xffffffff
01-25 20:21:50.813  4130  4144 W ResourceType: No known package when getting name for resource number 0xffffffff
01-25 20:21:50.813  4130  4144 W ResourceType: No known package when getting name for resource number 0xffffffff
01-25 20:21:50.813  4130  4144 W ResourceType: No known package when getting name for resource number 0xffffffff
01-25 20:21:50.813  4130  4144 W ResourceType: No known package when getting name for resource number 0xffffffff
01-25 20:21:50.813  4130  4144 W ResourceType: No known package when getting name for resource number 0xffffffff
01-25 20:21:50.823  4130  4144 W ResourceType: No known package when getting name for resource number 0xffffffff
01-25 20:21:50.823  4130  4144 W ResourceType: No known package when getting name for resource number 0xffffffff
01-25 20:21:50.853  4130  4144 W ResourceType: No known package when getting name for resource number 0xffffffff
01-25 20:21:50.853  4130  4144 W ResourceType: No known package when getting name for resource number 0xffffffff
01-25 20:21:50.853  4130  4144 W ResourceType: No known package when getting name for resource number 0xffffffff
01-25 20:21:50.853  4130  4144 W ResourceType: No known package when getting name for resource number 0xffffffff
01-25 20:21:50.853  4130  4144 W ResourceType: No known package when getting name for resource number 0xffffffff
01-25 20:21:50.853  4130  4144 W ResourceType: No known package when getting name for resource number 0xffffffff
01-25 20:21:50.853  4130  4144 W ResourceType: No known package when getting name for resource number 0xffffffff
01-25 20:21:50.853  4130  4144 W ResourceType: No known package when getting name for resource number 0xffffffff
01-25 20:21:50.853  4130  4144 W ResourceType: No known package when getting name for resource number 0xffffffff
01-25 20:21:50.883  4130  4144 W ResourceType: No known package when getting name for resource number 0xffffffff
01-25 20:21:50.883  4130  4144 W ResourceType: No known package when getting name for resource number 0xffffffff
01-25 20:21:50.883  4130  4144 W ResourceType: No known package when getting name for resource number 0xffffffff
01-25 20:21:50.883  4130  4144 W ResourceType: No known package when getting name for resource number 0xffffffff
01-25 20:21:50.883  4130  4144 W ResourceType: No known package when getting name for resource number 0xffffffff
01-25 20:21:50.883  4130  4144 W ResourceType: No known package when getting name for resource number 0xffffffff
01-25 20:21:50.893  4130  4144 W ResourceType: No known package when getting name for resource number 0xffffffff
01-25 20:21:50.893  4130  4144 W ResourceType: No known package when getting name for resource number 0xffffffff
01-25 20:21:50.893  4130  4144 W ResourceType: No known package when getting name for resource number 0xffffffff
01-25 20:21:50.913  4130  4144 W ResourceType: No known package when getting name for resource number 0xffffffff
01-25 20:21:50.913  4130  4144 W ResourceType: No known package when getting name for resource number 0xffffffff
01-25 20:21:50.923  4130  4144 W ResourceType: No known package when getting name for resource number 0xffffffff
01-25 20:21:50.923  4130  4144 W ResourceType: No known package when getting name for resource number 0xffffffff
01-25 20:21:50.923  4130  4144 W ResourceType: No known package when getting name for resource number 0xffffffff
01-25 20:21:50.923  4130  4144 W ResourceType: No known package when getting name for resource number 0xffffffff
01-25 20:21:50.923  4130  4144 W ResourceType: No known package when getting name for resource number 0xffffffff
01-25 20:21:50.923  4130  4144 W ResourceType: No known package when getting name for resource number 0xffffffff
01-25 20:21:50.923  4130  4144 W ResourceType: No known package when getting name for resource number 0xffffffff
01-25 20:21:50.953  4130  4144 W ResourceType: No known package when getting name for resource number 0xffffffff
01-25 20:21:50.953  4130  4144 W ResourceType: No known package when getting name for resource number 0xffffffff
01-25 20:21:50.953  4130  4144 W ResourceType: No known package when getting name for resource number 0xffffffff
01-25 20:21:50.953  4130  4144 W ResourceType: No known package when getting name for resource number 0xffffffff
01-25 20:21:50.953  4130  4144 W ResourceType: No known package when getting name for resource number 0xffffffff
01-25 20:21:50.953  4130  4144 W ResourceType: No known package when getting name for resource number 0xffffffff
01-25 20:21:50.963  4130  4144 W ResourceType: No known package when getting name for resource number 0xffffffff
01-25 20:21:50.963  4130  4144 W ResourceType: No known package when getting name for resource number 0xffffffff
01-25 20:21:50.963  4130  4144 W ResourceType: No known package when getting name for resource number 0xffffffff
01-25 20:21:50.983  4130  4144 W ResourceType: No known package when getting name for resource number 0xffffffff
01-25 20:21:50.983  4130  4144 W ResourceType: No known package when getting name for resource number 0xffffffff
01-25 20:21:50.993  4130  4144 W ResourceType: No known package when getting name for resource number 0xffffffff
01-25 20:21:50.993  4130  4144 W ResourceType: No known package when getting name for resource number 0xffffffff
01-25 20:21:50.993  4130  4144 W ResourceType: No known package when getting name for resource number 0xffffffff
01-25 20:21:50.993  4130  4144 W ResourceType: No known package when getting name for resource number 0xffffffff
01-25 20:21:50.993  4130  4144 W ResourceType: No known package when getting name for resource number 0xffffffff
01-25 20:21:50.993  4130  4144 W ResourceType: No known package when getting name for resource number 0xffffffff
01-25 20:21:50.993  4130  4144 W ResourceType: No known package when getting name for resource number 0xffffffff
01-25 20:21:51.023  4130  4144 W ResourceType: No known package when getting name for resource number 0xffffffff
01-25 20:21:51.023  4130  4144 W ResourceType: No known package when getting name for resource number 0xffffffff
01-25 20:21:51.023  4130  4144 W ResourceType: No known package when getting name for resource number 0xffffffff
01-25 20:21:51.023  4130  4144 W ResourceType: No known package when getting name for resource number 0xffffffff
01-25 20:21:51.023  4130  4144 W ResourceType: No known package when getting name for resource number 0xffffffff
01-25 20:21:51.033  4130  4144 W ResourceType: No known package when getting name for resource number 0xffffffff
01-25 20:21:51.033  4130  4144 W ResourceType: No known package when getting name for resource number 0xffffffff
01-25 20:21:51.033  4130  4144 W ResourceType: No known package when getting name for resource number 0xffffffff
01-25 20:21:51.033  4130  4144 W ResourceType: No known package when getting name for resource number 0xffffffff
01-25 20:21:51.053  4130  4144 W ResourceType: No known package when getting name for resource number 0xffffffff
01-25 20:21:51.053  4130  4144 W ResourceType: No known package when getting name for resource number 0xffffffff
01-25 20:21:51.053  4130  4144 W ResourceType: No known package when getting name for resource number 0xffffffff
01-25 20:21:51.063  4130  4144 W ResourceType: No known package when getting name for resource number 0xffffffff
01-25 20:21:51.063  4130  4144 W ResourceType: No known package when getting name for resource number 0xffffffff
01-25 20:21:51.063  4130  4144 W ResourceType: No known package when getting name for resource number 0xffffffff
01-25 20:21:51.063  4130  4144 W ResourceType: No known package when getting name for resource number 0xffffffff
01-25 20:21:51.063  4130  4144 W ResourceType: No known package when getting name for resource number 0xffffffff
01-25 20:21:51.063  4130  4144 W ResourceType: No known package when getting name for resource number 0xffffffff
01-25 20:21:51.093  4130  4144 W ResourceType: No known package when getting name for resource number 0xffffffff
01-25 20:21:51.093  4130  4144 W ResourceType: No known package when getting name for resource number 0xffffffff
01-25 20:21:51.093  4130  4144 W ResourceType: No known package when getting name for resource number 0xffffffff
01-25 20:21:51.093  4130  4144 W ResourceType: No known package when getting name for resource number 0xffffffff
01-25 20:21:51.093  4130  4144 W ResourceType: No known package when getting name for resource number 0xffffffff
01-25 20:21:51.093  4130  4144 W ResourceType: No known package when getting name for resource number 0xffffffff
01-25 20:21:51.093  4130  4144 W ResourceType: No known package when getting name for resource number 0xffffffff
01-25 20:21:51.103  4130  4144 W ResourceType: No known package when getting name for resource number 0xffffffff
01-25 20:21:51.103  4130  4144 W ResourceType: No known package when getting name for resource number 0xffffffff
01-25 20:21:51.113  4088  4088 I TCPDUMP : Packets Captured ID =2668
01-25 20:21:51.113  4088  4088 I TCPDUMP : Packets Captured ID =2669
01-25 20:21:51.113  4088  4088 I TCPDUMP : Packets Captured ID =2670
01-25 20:21:51.123  4130  4144 W ResourceType: No known package when getting name for resource number 0xffffffff
01-25 20:21:51.123  4130  4144 W ResourceType: No known package when getting name for resource number 0xffffffff
01-25 20:21:51.123  4130  4144 W ResourceType: No known package when getting name for resource number 0xffffffff
01-25 20:21:51.123  4130  4144 W ResourceType: No known package when getting name for resource number 0xffffffff
01-25 20:21:51.133  4130  4144 W ResourceType: No known package when getting name for resource number 0xffffffff
01-25 20:21:51.133  4130  4144 W ResourceType: No known package when getting name for resource number 0xffffffff
01-25 20:21:51.133  4130  4144 W ResourceType: No known package when getting name for resource number 0xffffffff
01-25 20:21:51.133  4130  4144 W ResourceType: No known package when getting name for resource number 0xffffffff
01-25 20:21:51.133  4130  4144 W ResourceType: No known package when getting name for resource number 0xffffffff
01-25 20:21:51.133  3674  4032 W Settings: Setting airplane_mode_on has moved from android.provider.Settings.System to android.provider.Settings.Global, returning read-only value.
01-25 20:21:51.163  4130  4144 W ResourceType: No known package when getting name for resource number 0xffffffff
01-25 20:21:51.163  4130  4144 W ResourceType: No known package when getting name for resource number 0xffffffff
01-25 20:21:51.163  4130  4144 W ResourceType: No known package when getting name for resource number 0xffffffff
01-25 20:21:51.163  4130  4144 W ResourceType: No known package when getting name for resource number 0xffffffff
01-25 20:21:51.163  4130  4144 W ResourceType: No known package when getting name for resource number 0xffffffff
01-25 20:21:51.163  4130  4144 W ResourceType: No known package when getting name for resource number 0xffffffff
01-25 20:21:51.163  4130  4144 W ResourceType: No known package when getting name for resource number 0xffffffff
01-25 20:21:51.173  4130  4144 W ResourceType: No known package when getting name for resource number 0xffffffff
01-25 20:21:51.173  4130  4144 W ResourceType: No known package when getting name for resource number 0xffffffff
01-25 20:21:51.193  4130  4144 W ResourceType: No known package when getting name for resource number 0xffffffff
01-25 20:21:51.193  4130  4144 W ResourceType: No known package when getting name for resource number 0xffffffff
01-25 20:21:51.193  4130  4144 W ResourceType: No known package when getting name for resource number 0xffffffff
01-25 20:21:51.193  4130  4144 W ResourceType: No known package when getting name for resource number 0xffffffff
01-25 20:21:51.193  4130  4144 W ResourceType: No known package when getting name for resource number 0xffffffff
01-25 20:21:51.203  4130  4144 W ResourceType: No known package when getting name for resource number 0xffffffff
01-25 20:21:51.203  4130  4144 W ResourceType: No known package when getting name for resource number 0xffffffff
01-25 20:21:51.203  4130  4144 W ResourceType: No known package when getting name for resource number 0xffffffff
01-25 20:21:51.203  4130  4144 W ResourceType: No known package when getting name for resource number 0xffffffff
01-25 20:21:51.203  4088  4088 I TCPDUMP : Packets Captured ID =2671
01-25 20:21:51.203  4088  4088 I TCPDUMP : Packets Captured ID =2672
01-25 20:21:51.233  4130  4144 W ResourceType: No known package when getting name for resource number 0xffffffff
01-25 20:21:51.244  4130  4144 W ResourceType: No known package when getting name for resource number 0xffffffff
01-25 20:21:51.244  4130  4144 W ResourceType: No known package when getting name for resource number 0xffffffff
01-25 20:21:51.244  4130  4144 W ResourceType: No known package when getting name for resource number 0xffffffff
01-25 20:21:51.244  4130  4144 W ResourceType: No known package when getting name for resource number 0xffffffff
01-25 20:21:51.244  4130  4144 W ResourceType: No known package when getting name for resource number 0xffffffff
01-25 20:21:51.364  4130  4135 D dalvikvm: GC_CONCURRENT freed 5954K, 27% free 20214K/27336K, paused 12ms+12ms, total 145ms
01-25 20:21:51.364  4130  4144 D dalvikvm: WAIT_FOR_CONCURRENT_GC blocked 121ms
01-25 20:21:51.364  4130  4144 W ResourceType: No known package when getting name for resource number 0xffffffff
01-25 20:21:51.364  4130  4232 D dalvikvm: WAIT_FOR_CONCURRENT_GC blocked 86ms
01-25 20:21:51.364  4130  4144 W ResourceType: No known package when getting name for resource number 0xffffffff
01-25 20:21:51.374  4130  4144 W ResourceType: No known package when getting name for resource number 0xffffffff
01-25 20:21:51.394  4130  4144 W ResourceType: No known package when getting name for resource number 0xffffffff
01-25 20:21:51.394  4130  4144 W ResourceType: No known package when getting name for resource number 0xffffffff
01-25 20:21:51.394  4130  4144 W ResourceType: No known package when getting name for resource number 0xffffffff
01-25 20:21:51.394  4130  4144 W ResourceType: No known package when getting name for resource number 0xffffffff
01-25 20:21:51.404  4130  4144 W ResourceType: No known package when getting name for resource number 0xffffffff
01-25 20:21:51.404  4130  4144 W ResourceType: No known package when getting name for resource number 0xffffffff
01-25 20:21:51.404  4130  4144 W ResourceType: No known package when getting name for resource number 0xffffffff
01-25 20:21:51.404  4130  4140 W CursorWrapperInner: Cursor finalized without prior close()
01-25 20:21:51.404  4130  4144 W ResourceType: No known package when getting name for resource number 0xffffffff
01-25 20:21:51.404  4130  4144 W ResourceType: No known package when getting name for resource number 0xffffffff
01-25 20:21:51.434  4130  4144 W ResourceType: No known package when getting name for resource number 0xffffffff
01-25 20:21:51.434  4130  4144 W ResourceType: No known package when getting name for resource number 0xffffffff
01-25 20:21:51.434  4130  4144 W ResourceType: No known package when getting name for resource number 0xffffffff
01-25 20:21:51.434  4130  4144 W ResourceType: No known package when getting name for resource number 0xffffffff
01-25 20:21:51.434  4130  4144 W ResourceType: No known package when getting name for resource number 0xffffffff
01-25 20:21:51.434  4130  4144 W ResourceType: No known package when getting name for resource number 0xffffffff
01-25 20:21:51.434  4130  4144 W ResourceType: No known package when getting name for resource number 0xffffffff
01-25 20:21:51.444  4130  4144 W ResourceType: No known package when getting name for resource number 0xffffffff
01-25 20:21:51.444  4130  4144 W ResourceType: No known package when getting name for resource number 0xffffffff
01-25 20:21:51.464  4130  4144 W ResourceType: No known package when getting name for resource number 0xffffffff
01-25 20:21:51.464  4130  4144 W ResourceType: No known package when getting name for resource number 0xffffffff
01-25 20:21:51.464  4130  4144 W ResourceType: No known package when getting name for resource number 0xffffffff
01-25 20:21:51.474  4130  4144 W ResourceType: No known package when getting name for resource number 0xffffffff
01-25 20:21:51.474  4130  4144 W ResourceType: No known package when getting name for resource number 0xffffffff
01-25 20:21:51.474  4130  4144 W ResourceType: No known package when getting name for resource number 0xffffffff
01-25 20:21:51.474  4130  4144 W ResourceType: No known package when getting name for resource number 0xffffffff
01-25 20:21:51.474  4130  4144 W ResourceType: No known package when getting name for resource number 0xffffffff
01-25 20:21:51.474  4130  4144 W ResourceType: No known package when getting name for resource number 0xffffffff
01-25 20:21:51.504  4130  4144 W ResourceType: No known package when getting name for resource number 0xffffffff
01-25 20:21:51.504  4130  4144 W ResourceType: No known package when getting name for resource number 0xffffffff
01-25 20:21:51.504  4130  4144 W ResourceType: No known package when getting name for resource number 0xffffffff
01-25 20:21:51.504  4130  4144 W ResourceType: No known package when getting name for resource number 0xffffffff
01-25 20:21:51.504  4130  4144 W ResourceType: No known package when getting name for resource number 0xffffffff
01-25 20:21:51.504  4130  4144 W ResourceType: No known package when getting name for resource number 0xffffffff
01-25 20:21:51.504  4130  4144 W ResourceType: No known package when getting name for resource number 0xffffffff
01-25 20:21:51.514  4130  4144 W ResourceType: No known package when getting name for resource number 0xffffffff
01-25 20:21:51.514  4130  4144 W ResourceType: No known package when getting name for resource number 0xffffffff
01-25 20:21:51.524  4088  4088 I TCPDUMP : Packets Captured ID =2673
01-25 20:21:51.524  4088  4088 I TCPDUMP : Packets Captured ID =2674
01-25 20:21:51.524  4088  4088 I TCPDUMP : Packets Captured ID =2675
01-25 20:21:51.534  4130  4144 W ResourceType: No known package when getting name for resource number 0xffffffff
01-25 20:21:51.534  4130  4144 W ResourceType: No known package when getting name for resource number 0xffffffff
01-25 20:21:51.534  4130  4144 W ResourceType: No known package when getting name for resource number 0xffffffff
01-25 20:21:51.544  4130  4144 W ResourceType: No known package when getting name for resource number 0xffffffff
01-25 20:21:51.544  4130  4144 W ResourceType: No known package when getting name for resource number 0xffffffff
01-25 20:21:51.544  4130  4144 W ResourceType: No known package when getting name for resource number 0xffffffff
01-25 20:21:51.544  4130  4144 W ResourceType: No known package when getting name for resource number 0xffffffff
01-25 20:21:51.544  4130  4144 W ResourceType: No known package when getting name for resource number 0xffffffff
01-25 20:21:51.544  4130  4144 W ResourceType: No known package when getting name for resource number 0xffffffff
01-25 20:21:51.574  4130  4144 W ResourceType: No known package when getting name for resource number 0xffffffff
01-25 20:21:51.574  4130  4144 W ResourceType: No known package when getting name for resource number 0xffffffff
01-25 20:21:51.574  4130  4144 W ResourceType: No known package when getting name for resource number 0xffffffff
01-25 20:21:51.574  4130  4144 W ResourceType: No known package when getting name for resource number 0xffffffff
01-25 20:21:51.574  4130  4144 W ResourceType: No known package when getting name for resource number 0xffffffff
01-25 20:21:51.574  4130  4144 W ResourceType: No known package when getting name for resource number 0xffffffff
01-25 20:21:51.574  4130  4144 W ResourceType: No known package when getting name for resource number 0xffffffff
01-25 20:21:51.584  4130  4144 W ResourceType: No known package when getting name for resource number 0xffffffff
01-25 20:21:51.584  4130  4144 W ResourceType: No known package when getting name for resource number 0xffffffff
01-25 20:21:51.604  4130  4144 W ResourceType: No known package when getting name for resource number 0xffffffff
01-25 20:21:51.604  4130  4144 W ResourceType: No known package when getting name for resource number 0xffffffff
01-25 20:21:51.604  4130  4144 W ResourceType: No known package when getting name for resource number 0xffffffff
01-25 20:21:51.604  4130  4144 W ResourceType: No known package when getting name for resource number 0xffffffff
01-25 20:21:51.604  4130  4144 W ResourceType: No known package when getting name for resource number 0xffffffff
01-25 20:21:51.614  4130  4144 W ResourceType: No known package when getting name for resource number 0xffffffff
01-25 20:21:51.614  4130  4144 W ResourceType: No known package when getting name for resource number 0xffffffff
01-25 20:21:51.614  4130  4144 W ResourceType: No known package when getting name for resource number 0xffffffff
01-25 20:21:51.614  4130  4144 W ResourceType: No known package when getting name for resource number 0xffffffff
01-25 20:21:51.634  4130  4144 W ResourceType: No known package when getting name for resource number 0xffffffff
01-25 20:21:51.644  4130  4144 W ResourceType: No known package when getting name for resource number 0xffffffff
01-25 20:21:51.644  4130  4144 W ResourceType: No known package when getting name for resource number 0xffffffff
01-25 20:21:51.644  4130  4144 W ResourceType: No known package when getting name for resource number 0xffffffff
01-25 20:21:51.644  4130  4144 W ResourceType: No known package when getting name for resource number 0xffffffff
01-25 20:21:51.644  4130  4144 W ResourceType: No known package when getting name for resource number 0xffffffff
01-25 20:21:51.644  4130  4144 W ResourceType: No known package when getting name for resource number 0xffffffff
01-25 20:21:51.644  4130  4144 W ResourceType: No known package when getting name for resource number 0xffffffff
01-25 20:21:51.644  4130  4144 W ResourceType: No known package when getting name for resource number 0xffffffff
01-25 20:21:51.674  4130  4144 W ResourceType: No known package when getting name for resource number 0xffffffff
01-25 20:21:51.674  4130  4144 W ResourceType: No known package when getting name for resource number 0xffffffff
01-25 20:21:51.674  4130  4144 W ResourceType: No known package when getting name for resource number 0xffffffff
01-25 20:21:51.674  4130  4144 W ResourceType: No known package when getting name for resource number 0xffffffff
01-25 20:21:51.674  4130  4144 W ResourceType: No known package when getting name for resource number 0xffffffff
01-25 20:21:51.674  4130  4144 W ResourceType: No known package when getting name for resource number 0xffffffff
01-25 20:21:51.674  4130  4144 W ResourceType: No known package when getting name for resource number 0xffffffff
01-25 20:21:51.684  4130  4144 W ResourceType: No known package when getting name for resource number 0xffffffff
01-25 20:21:51.684  4130  4144 W ResourceType: No known package when getting name for resource number 0xffffffff
01-25 20:21:51.704  4130  4144 W ResourceType: No known package when getting name for resource number 0xffffffff
01-25 20:21:51.704  4130  4144 W ResourceType: No known package when getting name for resource number 0xffffffff
01-25 20:21:51.704  4130  4144 W ResourceType: No known package when getting name for resource number 0xffffffff
01-25 20:21:51.704  4130  4144 W ResourceType: No known package when getting name for resource number 0xffffffff
01-25 20:21:51.714  4130  4144 W ResourceType: No known package when getting name for resource number 0xffffffff
01-25 20:21:51.714  4130  4144 W ResourceType: No known package when getting name for resource number 0xffffffff
01-25 20:21:51.714  4130  4144 W ResourceType: No known package when getting name for resource number 0xffffffff
01-25 20:21:51.714  4130  4144 W ResourceType: No known package when getting name for resource number 0xffffffff
01-25 20:21:51.714  4130  4144 W ResourceType: No known package when getting name for resource number 0xffffffff
01-25 20:21:51.734  4130  4144 W ResourceType: No known package when getting name for resource number 0xffffffff
01-25 20:21:51.744  4130  4144 W ResourceType: No known package when getting name for resource number 0xffffffff
01-25 20:21:51.744  4130  4144 W ResourceType: No known package when getting name for resource number 0xffffffff
01-25 20:21:51.744  4130  4144 W ResourceType: No known package when getting name for resource number 0xffffffff
01-25 20:21:51.744  4130  4144 W ResourceType: No known package when getting name for resource number 0xffffffff
01-25 20:21:51.744  4130  4144 W ResourceType: No known package when getting name for resource number 0xffffffff
01-25 20:21:51.744  4130  4144 W ResourceType: No known package when getting name for resource number 0xffffffff
01-25 20:21:51.744  4130  4144 W ResourceType: No known package when getting name for resource number 0xffffffff
01-25 20:21:51.744  4130  4144 W ResourceType: No known package when getting name for resource number 0xffffffff
01-25 20:21:51.774  4130  4144 W ResourceType: No known package when getting name for resource number 0xffffffff
01-25 20:21:51.774  4130  4144 W ResourceType: No known package when getting name for resource number 0xffffffff
01-25 20:21:51.774  4130  4144 W ResourceType: No known package when getting name for resource number 0xffffffff
01-25 20:21:51.774  4130  4144 W ResourceType: No known package when getting name for resource number 0xffffffff
01-25 20:21:51.774  4130  4144 W ResourceType: No known package when getting name for resource number 0xffffffff
01-25 20:21:51.774  4130  4144 W ResourceType: No known package when getting name for resource number 0xffffffff
01-25 20:21:51.774  4130  4144 W ResourceType: No known package when getting name for resource number 0xffffffff
01-25 20:21:51.784  4130  4144 W ResourceType: No known package when getting name for resource number 0xffffffff
01-25 20:21:51.784  4130  4144 W ResourceType: No known package when getting name for resource number 0xffffffff
01-25 20:21:51.804  4130  4144 W ResourceType: No known package when getting name for resource number 0xffffffff
01-25 20:21:51.804  4130  4144 W ResourceType: No known package when getting name for resource number 0xffffffff
01-25 20:21:51.804  4130  4144 W ResourceType: No known package when getting name for resource number 0xffffffff
01-25 20:21:51.804  4130  4144 W ResourceType: No known package when getting name for resource number 0xffffffff
01-25 20:21:51.804  4130  4144 W ResourceType: No known package when getting name for resource number 0xffffffff
01-25 20:21:51.814  4130  4144 W ResourceType: No known package when getting name for resource number 0xffffffff
01-25 20:21:51.814  4130  4144 W ResourceType: No known package when getting name for resource number 0xffffffff
01-25 20:21:51.814  4130  4144 W ResourceType: No known package when getting name for resource number 0xffffffff
01-25 20:21:51.814  4130  4144 W ResourceType: No known package when getting name for resource number 0xffffffff
01-25 20:21:51.854  4130  4144 W ResourceType: No known package when getting name for resource number 0xffffffff
01-25 20:21:51.854  4130  4144 W ResourceType: No known package when getting name for resource number 0xffffffff
01-25 20:21:51.854  4130  4144 W ResourceType: No known package when getting name for resource number 0xffffffff
01-25 20:21:51.854  4130  4144 W ResourceType: No known package when getting name for resource number 0xffffffff
01-25 20:21:51.864  4130  4144 W ResourceType: No known package when getting name for resource number 0xffffffff
01-25 20:21:51.864  4130  4144 W ResourceType: No known package when getting name for resource number 0xffffffff
01-25 20:21:51.864  4130  4144 W ResourceType: No known package when getting name for resource number 0xffffffff
01-25 20:21:51.864  4130  4144 W ResourceType: No known package when getting name for resource number 0xffffffff
01-25 20:21:51.864  4130  4144 W ResourceType: No known package when getting name for resource number 0xffffffff
01-25 20:21:51.894  4130  4144 W ResourceType: No known package when getting name for resource number 0xffffffff
01-25 20:21:51.894  4130  4144 W ResourceType: No known package when getting name for resource number 0xffffffff
01-25 20:21:51.894  4130  4144 W ResourceType: No known package when getting name for resource number 0xffffffff
01-25 20:21:51.894  4130  4144 W ResourceType: No known package when getting name for resource number 0xffffffff
01-25 20:21:51.894  4130  4144 W ResourceType: No known package when getting name for resource number 0xffffffff
01-25 20:21:51.894  4130  4144 W ResourceType: No known package when getting name for resource number 0xffffffff
01-25 20:21:51.894  4130  4144 W ResourceType: No known package when getting name for resource number 0xffffffff
01-25 20:21:51.904  4130  4144 W ResourceType: No known package when getting name for resource number 0xffffffff
01-25 20:21:51.904  4130  4144 W ResourceType: No known package when getting name for resource number 0xffffffff
01-25 20:21:51.904  4088  4088 I TCPDUMP : Packets Captured ID =2676
01-25 20:21:51.904  4088  4088 I TCPDUMP : Packets Captured ID =2677
01-25 20:21:51.914  4088  4088 I TCPDUMP : Packets Captured ID =2678
01-25 20:21:51.934  4130  4144 W ResourceType: No known package when getting name for resource number 0xffffffff
01-25 20:21:51.934  4130  4144 W ResourceType: No known package when getting name for resource number 0xffffffff
01-25 20:21:51.934  4130  4144 W ResourceType: No known package when getting name for resource number 0xffffffff
01-25 20:21:51.934  4130  4144 W ResourceType: No known package when getting name for resource number 0xffffffff
01-25 20:21:51.934  4130  4144 W ResourceType: No known package when getting name for resource number 0xffffffff
01-25 20:21:51.934  4130  4144 W ResourceType: No known package when getting name for resource number 0xffffffff
01-25 20:21:51.934  4130  4144 W ResourceType: No known package when getting name for resource number 0xffffffff
01-25 20:21:51.944  4130  4144 W ResourceType: No known package when getting name for resource number 0xffffffff
01-25 20:21:51.944  4130  4144 W ResourceType: No known package when getting name for resource number 0xffffffff
01-25 20:21:51.954  4130  4144 W ResourceType: No known package when getting name for resource number 0xffffffff
01-25 20:21:51.954  4130  4144 W ResourceType: No known package when getting name for resource number 0xffffffff
01-25 20:21:51.954  4130  4144 W ResourceType: No known package when getting name for resource number 0xffffffff
01-25 20:21:51.964  4130  4144 W ResourceType: No known package when getting name for resource number 0xffffffff
01-25 20:21:51.964  4130  4144 W ResourceType: No known package when getting name for resource number 0xffffffff
