01-25 20:21:51.964  4130  4144 W ResourceType: No known package when getting name for resource number 0xffffffff
01-25 20:21:51.964  4130  4144 W ResourceType: No known package when getting name for resource number 0xffffffff
01-25 20:21:51.964  4130  4144 W ResourceType: No known package when getting name for resource number 0xffffffff
01-25 20:21:51.964  4130  4144 W ResourceType: No known package when getting name for resource number 0xffffffff
01-25 20:21:52.014  3674  3677 D dalvikvm: GC_CONCURRENT freed 396K, 24% free 3220K/4232K, paused 1ms+1ms, total 28ms
01-25 20:21:52.014  4130  4144 W ResourceType: No known package when getting name for resource number 0xffffffff
01-25 20:21:52.014  4130  4144 W ResourceType: No known package when getting name for resource number 0xffffffff
01-25 20:21:52.014  4130  4144 W ResourceType: No known package when getting name for resource number 0xffffffff
01-25 20:21:52.014  4130  4144 W ResourceType: No known package when getting name for resource number 0xffffffff
01-25 20:21:52.024  4130  4144 W ResourceType: No known package when getting name for resource number 0xffffffff
01-25 20:21:52.024  4130  4144 W ResourceType: No known package when getting name for resource number 0xffffffff
01-25 20:21:52.024  4130  4144 W ResourceType: No known package when getting name for resource number 0xffffffff
01-25 20:21:52.024  4130  4144 W ResourceType: No known package when getting name for resource number 0xffffffff
01-25 20:21:52.024  4130  4144 W ResourceType: No known package when getting name for resource number 0xffffffff
01-25 20:21:52.054  4130  4144 W ResourceType: No known package when getting name for resource number 0xffffffff
01-25 20:21:52.054  4130  4144 W ResourceType: No known package when getting name for resource number 0xffffffff
01-25 20:21:52.054  4130  4144 W ResourceType: No known package when getting name for resource number 0xffffffff
01-25 20:21:52.054  4130  4144 W ResourceType: No known package when getting name for resource number 0xffffffff
01-25 20:21:52.054  4130  4144 W ResourceType: No known package when getting name for resource number 0xffffffff
01-25 20:21:52.054  4130  4144 W ResourceType: No known package when getting name for resource number 0xffffffff
01-25 20:21:52.054  4130  4144 W ResourceType: No known package when getting name for resource number 0xffffffff
01-25 20:21:52.064  4130  4144 W ResourceType: No known package when getting name for resource number 0xffffffff
01-25 20:21:52.064  4130  4144 W ResourceType: No known package when getting name for resource number 0xffffffff
01-25 20:21:52.094  4130  4144 W ResourceType: No known package when getting name for resource number 0xffffffff
01-25 20:21:52.094  4130  4144 W ResourceType: No known package when getting name for resource number 0xffffffff
01-25 20:21:52.104  4130  4144 W ResourceType: No known package when getting name for resource number 0xffffffff
01-25 20:21:52.104  4130  4144 W ResourceType: No known package when getting name for resource number 0xffffffff
01-25 20:21:52.104  4130  4144 W ResourceType: No known package when getting name for resource number 0xffffffff
01-25 20:21:52.104  4130  4144 W ResourceType: No known package when getting name for resource number 0xffffffff
01-25 20:21:52.104  4130  4144 W ResourceType: No known package when getting name for resource number 0xffffffff
01-25 20:21:52.124  3674  4032 W Settings: Setting airplane_mode_on has moved from android.provider.Settings.System to android.provider.Settings.Global, returning read-only value.
01-25 20:21:52.225  4130  4135 D dalvikvm: GC_CONCURRENT freed 6381K, 28% free 19811K/27336K, paused 6ms+10ms, total 145ms
01-25 20:21:52.225  4130  4144 D dalvikvm: WAIT_FOR_CONCURRENT_GC blocked 122ms
01-25 20:21:52.225  4130  4144 W ResourceType: No known package when getting name for resource number 0xffffffff
01-25 20:21:52.225  4130  4232 D dalvikvm: WAIT_FOR_CONCURRENT_GC blocked 119ms
01-25 20:21:52.235  4130  4144 W ResourceType: No known package when getting name for resource number 0xffffffff
01-25 20:21:52.255  4130  4144 W ResourceType: No known package when getting name for resource number 0xffffffff
01-25 20:21:52.255  4130  4144 W ResourceType: No known package when getting name for resource number 0xffffffff
01-25 20:21:52.265  4130  4144 W ResourceType: No known package when getting name for resource number 0xffffffff
01-25 20:21:52.265  4130  4144 W ResourceType: No known package when getting name for resource number 0xffffffff
01-25 20:21:52.265  4130  4144 W ResourceType: No known package when getting name for resource number 0xffffffff
01-25 20:21:52.265  4130  4144 W ResourceType: No known package when getting name for resource number 0xffffffff
01-25 20:21:52.265  4130  4144 W ResourceType: No known package when getting name for resource number 0xffffffff
01-25 20:21:52.265  4130  4144 W ResourceType: No known package when getting name for resource number 0xffffffff
01-25 20:21:52.275  4130  4144 W ResourceType: No known package when getting name for resource number 0xffffffff
01-25 20:21:52.275  4088  4088 I TCPDUMP : Packets Captured ID =2679
01-25 20:21:52.295  4088  4088 I TCPDUMP : Packets Captured ID =2680
01-25 20:21:52.295  4130  4144 W ResourceType: No known package when getting name for resource number 0xffffffff
01-25 20:21:52.295  4130  4144 W ResourceType: No known package when getting name for resource number 0xffffffff
01-25 20:21:52.305  4130  4144 W ResourceType: No known package when getting name for resource number 0xffffffff
01-25 20:21:52.305  4130  4144 W ResourceType: No known package when getting name for resource number 0xffffffff
01-25 20:21:52.305  4130  4144 W ResourceType: No known package when getting name for resource number 0xffffffff
01-25 20:21:52.305  4130  4144 W ResourceType: No known package when getting name for resource number 0xffffffff
01-25 20:21:52.305  4130  4144 W ResourceType: No known package when getting name for resource number 0xffffffff
01-25 20:21:52.305  4130  4144 W ResourceType: No known package when getting name for resource number 0xffffffff
01-25 20:21:52.305  4130  4144 W ResourceType: No known package when getting name for resource number 0xffffffff
01-25 20:21:52.335  4130  4144 W ResourceType: No known package when getting name for resource number 0xffffffff
01-25 20:21:52.335  4130  4144 W ResourceType: No known package when getting name for resource number 0xffffffff
01-25 20:21:52.335  4130  4144 W ResourceType: No known package when getting name for resource number 0xffffffff
01-25 20:21:52.335  4130  4144 W ResourceType: No known package when getting name for resource number 0xffffffff
01-25 20:21:52.335  4130  4144 W ResourceType: No known package when getting name for resource number 0xffffffff
01-25 20:21:52.345  4130  4144 W ResourceType: No known package when getting name for resource number 0xffffffff
01-25 20:21:52.345  4130  4144 W ResourceType: No known package when getting name for resource number 0xffffffff
01-25 20:21:52.345  4130  4144 W ResourceType: No known package when getting name for resource number 0xffffffff
01-25 20:21:52.345  4130  4144 W ResourceType: No known package when getting name for resource number 0xffffffff
01-25 20:21:52.365  4088  4088 I TCPDUMP : Packets Captured ID =2681
01-25 20:21:52.365  4088  4088 I TCPDUMP : Packets Captured ID =2682
01-25 20:21:52.375  4130  4144 W ResourceType: No known package when getting name for resource number 0xffffffff
01-25 20:21:52.375  4130  4144 W ResourceType: No known package when getting name for resource number 0xffffffff
01-25 20:21:52.375  4130  4144 W ResourceType: No known package when getting name for resource number 0xffffffff
01-25 20:21:52.375  4130  4144 W ResourceType: No known package when getting name for resource number 0xffffffff
01-25 20:21:52.375  4130  4144 W ResourceType: No known package when getting name for resource number 0xffffffff
01-25 20:21:52.375  4130  4144 W ResourceType: No known package when getting name for resource number 0xffffffff
01-25 20:21:52.375  4130  4144 W ResourceType: No known package when getting name for resource number 0xffffffff
01-25 20:21:52.385  4130  4144 W ResourceType: No known package when getting name for resource number 0xffffffff
01-25 20:21:52.385  4130  4144 W ResourceType: No known package when getting name for resource number 0xffffffff
01-25 20:21:52.405  4130  4144 W ResourceType: No known package when getting name for resource number 0xffffffff
01-25 20:21:52.405  4130  4144 W ResourceType: No known package when getting name for resource number 0xffffffff
01-25 20:21:52.405  4130  4144 W ResourceType: No known package when getting name for resource number 0xffffffff
01-25 20:21:52.405  4130  4144 W ResourceType: No known package when getting name for resource number 0xffffffff
01-25 20:21:52.405  4130  4144 W ResourceType: No known package when getting name for resource number 0xffffffff
01-25 20:21:52.415  4130  4144 W ResourceType: No known package when getting name for resource number 0xffffffff
01-25 20:21:52.415  4130  4144 W ResourceType: No known package when getting name for resource number 0xffffffff
01-25 20:21:52.415  4130  4144 W ResourceType: No known package when getting name for resource number 0xffffffff
01-25 20:21:52.415  4130  4144 W ResourceType: No known package when getting name for resource number 0xffffffff
01-25 20:21:52.445  4130  4144 W ResourceType: No known package when getting name for resource number 0xffffffff
01-25 20:21:52.445  4130  4144 W ResourceType: No known package when getting name for resource number 0xffffffff
01-25 20:21:52.445  4130  4144 W ResourceType: No known package when getting name for resource number 0xffffffff
01-25 20:21:52.445  4130  4144 W ResourceType: No known package when getting name for resource number 0xffffffff
01-25 20:21:52.445  4130  4144 W ResourceType: No known package when getting name for resource number 0xffffffff
01-25 20:21:52.445  4130  4144 W ResourceType: No known package when getting name for resource number 0xffffffff
01-25 20:21:52.455  4130  4144 W ResourceType: No known package when getting name for resource number 0xffffffff
01-25 20:21:52.455  4130  4144 W ResourceType: No known package when getting name for resource number 0xffffffff
01-25 20:21:52.455  4130  4144 W ResourceType: No known package when getting name for resource number 0xffffffff
01-25 20:21:52.475  4130  4144 W ResourceType: No known package when getting name for resource number 0xffffffff
01-25 20:21:52.475  4130  4144 W ResourceType: No known package when getting name for resource number 0xffffffff
01-25 20:21:52.475  4130  4144 W ResourceType: No known package when getting name for resource number 0xffffffff
01-25 20:21:52.485  4130  4144 W ResourceType: No known package when getting name for resource number 0xffffffff
01-25 20:21:52.485  4130  4144 W ResourceType: No known package when getting name for resource number 0xffffffff
01-25 20:21:52.485  4130  4144 W ResourceType: No known package when getting name for resource number 0xffffffff
01-25 20:21:52.485  4130  4144 W ResourceType: No known package when getting name for resource number 0xffffffff
01-25 20:21:52.485  4130  4144 W ResourceType: No known package when getting name for resource number 0xffffffff
01-25 20:21:52.485  4130  4144 W ResourceType: No known package when getting name for resource number 0xffffffff
01-25 20:21:52.515  4130  4144 W ResourceType: No known package when getting name for resource number 0xffffffff
01-25 20:21:52.515  4130  4144 W ResourceType: No known package when getting name for resource number 0xffffffff
01-25 20:21:52.515  4130  4144 W ResourceType: No known package when getting name for resource number 0xffffffff
01-25 20:21:52.515  4130  4144 W ResourceType: No known package when getting name for resource number 0xffffffff
01-25 20:21:52.515  4130  4144 W ResourceType: No known package when getting name for resource number 0xffffffff
01-25 20:21:52.515  4130  4144 W ResourceType: No known package when getting name for resource number 0xffffffff
01-25 20:21:52.515  4130  4144 W ResourceType: No known package when getting name for resource number 0xffffffff
01-25 20:21:52.515  4130  4144 W ResourceType: No known package when getting name for resource number 0xffffffff
01-25 20:21:52.515  4130  4144 W ResourceType: No known package when getting name for resource number 0xffffffff
01-25 20:21:52.545  4088  4088 I TCPDUMP : Packets Captured ID =2683
01-25 20:21:52.545  4130  4144 W ResourceType: No known package when getting name for resource number 0xffffffff
01-25 20:21:52.545  4130  4144 W ResourceType: No known package when getting name for resource number 0xffffffff
01-25 20:21:52.545  4088  4088 I TCPDUMP : Packets Captured ID =2684
01-25 20:21:52.545  4130  4144 W ResourceType: No known package when getting name for resource number 0xffffffff
01-25 20:21:52.545  4130  4144 W ResourceType: No known package when getting name for resource number 0xffffffff
01-25 20:21:52.545  4130  4144 W ResourceType: No known package when getting name for resource number 0xffffffff
01-25 20:21:52.545  4130  4144 W ResourceType: No known package when getting name for resource number 0xffffffff
01-25 20:21:52.555  4130  4144 W ResourceType: No known package when getting name for resource number 0xffffffff
01-25 20:21:52.555  4130  4144 W ResourceType: No known package when getting name for resource number 0xffffffff
01-25 20:21:52.555  4130  4144 W ResourceType: No known package when getting name for resource number 0xffffffff
01-25 20:21:52.575  4130  4144 W ResourceType: No known package when getting name for resource number 0xffffffff
01-25 20:21:52.575  4130  4144 W ResourceType: No known package when getting name for resource number 0xffffffff
01-25 20:21:52.585  4130  4144 W ResourceType: No known package when getting name for resource number 0xffffffff
01-25 20:21:52.585  4130  4144 W ResourceType: No known package when getting name for resource number 0xffffffff
01-25 20:21:52.585  4130  4144 W ResourceType: No known package when getting name for resource number 0xffffffff
01-25 20:21:52.585  4130  4144 W ResourceType: No known package when getting name for resource number 0xffffffff
01-25 20:21:52.585  4130  4144 W ResourceType: No known package when getting name for resource number 0xffffffff
01-25 20:21:52.585  4130  4144 W ResourceType: No known package when getting name for resource number 0xffffffff
01-25 20:21:52.585  4130  4144 W ResourceType: No known package when getting name for resource number 0xffffffff
01-25 20:21:52.605  4088  4088 I TCPDUMP : Packets Captured ID =2685
01-25 20:21:52.615  4130  4144 W ResourceType: No known package when getting name for resource number 0xffffffff
01-25 20:21:52.615  4130  4144 W ResourceType: No known package when getting name for resource number 0xffffffff
01-25 20:21:52.615  4130  4144 W ResourceType: No known package when getting name for resource number 0xffffffff
01-25 20:21:52.615  4130  4144 W ResourceType: No known package when getting name for resource number 0xffffffff
01-25 20:21:52.615  4130  4144 W ResourceType: No known package when getting name for resource number 0xffffffff
01-25 20:21:52.615  4130  4144 W ResourceType: No known package when getting name for resource number 0xffffffff
01-25 20:21:52.625  4130  4144 W ResourceType: No known package when getting name for resource number 0xffffffff
01-25 20:21:52.625  4130  4144 W ResourceType: No known package when getting name for resource number 0xffffffff
01-25 20:21:52.625  4130  4144 W ResourceType: No known package when getting name for resource number 0xffffffff
01-25 20:21:52.645  4130  4144 W ResourceType: No known package when getting name for resource number 0xffffffff
01-25 20:21:52.645  4130  4144 W ResourceType: No known package when getting name for resource number 0xffffffff
01-25 20:21:52.655  4130  4144 W ResourceType: No known package when getting name for resource number 0xffffffff
01-25 20:21:52.655  4130  4144 W ResourceType: No known package when getting name for resource number 0xffffffff
01-25 20:21:52.655  4130  4144 W ResourceType: No known package when getting name for resource number 0xffffffff
01-25 20:21:52.655  4130  4144 W ResourceType: No known package when getting name for resource number 0xffffffff
01-25 20:21:52.655  4130  4144 W ResourceType: No known package when getting name for resource number 0xffffffff
01-25 20:21:52.655  4088  4088 I TCPDUMP : Packets Captured ID =2686
01-25 20:21:52.655  4088  4088 I TCPDUMP : Packets Captured ID =2687
01-25 20:21:52.655  4088  4088 I TCPDUMP : Packets Captured ID =2688
01-25 20:21:52.655  4088  4088 I TCPDUMP : Packets Captured ID =2689
01-25 20:21:52.655  4130  4144 W ResourceType: No known package when getting name for resource number 0xffffffff
01-25 20:21:52.655  4130  4144 W ResourceType: No known package when getting name for resource number 0xffffffff
01-25 20:21:52.685  4130  4144 W ResourceType: No known package when getting name for resource number 0xffffffff
01-25 20:21:52.685  4130  4144 W ResourceType: No known package when getting name for resource number 0xffffffff
01-25 20:21:52.685  4130  4144 W ResourceType: No known package when getting name for resource number 0xffffffff
01-25 20:21:52.685  4130  4144 W ResourceType: No known package when getting name for resource number 0xffffffff
01-25 20:21:52.685  4130  4144 W ResourceType: No known package when getting name for resource number 0xffffffff
01-25 20:21:52.685  4130  4144 W ResourceType: No known package when getting name for resource number 0xffffffff
01-25 20:21:52.695  4130  4144 W ResourceType: No known package when getting name for resource number 0xffffffff
01-25 20:21:52.695  4130  4144 W ResourceType: No known package when getting name for resource number 0xffffffff
01-25 20:21:52.695  4130  4144 W ResourceType: No known package when getting name for resource number 0xffffffff
01-25 20:21:52.715  4088  4088 I TCPDUMP : Packets Captured ID =2690
01-25 20:21:52.715  4130  4144 W ResourceType: No known package when getting name for resource number 0xffffffff
01-25 20:21:52.715  4130  4144 W ResourceType: No known package when getting name for resource number 0xffffffff
01-25 20:21:52.725  4130  4144 W ResourceType: No known package when getting name for resource number 0xffffffff
01-25 20:21:52.725  4130  4144 W ResourceType: No known package when getting name for resource number 0xffffffff
01-25 20:21:52.725  4130  4144 W ResourceType: No known package when getting name for resource number 0xffffffff
01-25 20:21:52.725  4130  4144 W ResourceType: No known package when getting name for resource number 0xffffffff
01-25 20:21:52.725  4130  4144 W ResourceType: No known package when getting name for resource number 0xffffffff
01-25 20:21:52.725  4130  4144 W ResourceType: No known package when getting name for resource number 0xffffffff
01-25 20:21:52.725  4130  4144 W ResourceType: No known package when getting name for resource number 0xffffffff
01-25 20:21:52.755  4130  4144 W ResourceType: No known package when getting name for resource number 0xffffffff
01-25 20:21:52.755  4130  4144 W ResourceType: No known package when getting name for resource number 0xffffffff
01-25 20:21:52.755  4130  4144 W ResourceType: No known package when getting name for resource number 0xffffffff
01-25 20:21:52.755  4130  4144 W ResourceType: No known package when getting name for resource number 0xffffffff
01-25 20:21:52.755  4130  4144 W ResourceType: No known package when getting name for resource number 0xffffffff
01-25 20:21:52.755  4130  4144 W ResourceType: No known package when getting name for resource number 0xffffffff
01-25 20:21:52.765  4130  4144 W ResourceType: No known package when getting name for resource number 0xffffffff
01-25 20:21:52.765  4130  4144 W ResourceType: No known package when getting name for resource number 0xffffffff
01-25 20:21:52.765  4130  4144 W ResourceType: No known package when getting name for resource number 0xffffffff
01-25 20:21:52.785  4130  4144 W ResourceType: No known package when getting name for resource number 0xffffffff
01-25 20:21:52.785  4130  4144 W ResourceType: No known package when getting name for resource number 0xffffffff
01-25 20:21:52.785  4130  4144 D ROBOT_UTIL_ALF: OMG, cannot find view for class name:com.facebook.feed.ui.StoryContentTextView
01-25 20:21:52.815  4130  4144 W ResourceType: No known package when getting name for resource number 0xffffffff
01-25 20:21:52.815  4130  4144 W ResourceType: No known package when getting name for resource number 0xffffffff
01-25 20:21:52.815  4130  4144 D ROBOT_UTIL_ALF: OMG, cannot find view for class name:android.widget.TextView
01-25 20:21:52.845  4130  4144 W ResourceType: No known package when getting name for resource number 0xffffffff
01-25 20:21:52.845  4130  4144 W ResourceType: No known package when getting name for resource number 0xffffffff
01-25 20:21:52.845  4130  4144 D ROBOT_UTIL_ALF: OMG, cannot find view for class name:com.facebook.feed.ui.StoryContentTextView
01-25 20:21:52.855  4088  4088 I TCPDUMP : Packets Captured ID =2691
01-25 20:21:52.885  4130  4144 W ResourceType: No known package when getting name for resource number 0xffffffff
01-25 20:21:52.885  4130  4144 W ResourceType: No known package when getting name for resource number 0xffffffff
01-25 20:21:52.885  4130  4144 W ResourceType: No package identifier when getting name for resource number 0x00000000
01-25 20:21:52.885  4130  4144 W ResourceType: No known package when getting name for resource number 0xffffffff
01-25 20:21:52.885  4130  4144 W ResourceType: No known package when getting name for resource number 0xffffffff
01-25 20:21:52.885  4130  4144 W ResourceType: No known package when getting name for resource number 0xffffffff
01-25 20:21:52.885  4130  4144 W ResourceType: No known package when getting name for resource number 0xffffffff
01-25 20:21:52.905  4088  4088 I TCPDUMP : Packets Captured ID =2692
01-25 20:21:52.915  4130  4144 W ResourceType: No known package when getting name for resource number 0xffffffff
01-25 20:21:52.915  4130  4144 W ResourceType: No known package when getting name for resource number 0xffffffff
01-25 20:21:52.915  4130  4144 W ResourceType: No package identifier when getting name for resource number 0x00000000
01-25 20:21:52.915  4130  4144 W ResourceType: No known package when getting name for resource number 0xffffffff
01-25 20:21:52.915  4130  4144 W ResourceType: No known package when getting name for resource number 0xffffffff
01-25 20:21:52.925  4130  4144 W ResourceType: No known package when getting name for resource number 0xffffffff
01-25 20:21:52.925  4130  4144 W ResourceType: No known package when getting name for resource number 0xffffffff
01-25 20:21:52.965  4088  4088 I TCPDUMP : Packets Captured ID =2693
01-25 20:21:53.065  4130  4135 D dalvikvm: GC_CONCURRENT freed 5903K, 28% free 19750K/27336K, paused 7ms+12ms, total 138ms
01-25 20:21:53.065  4130  4144 D dalvikvm: WAIT_FOR_CONCURRENT_GC blocked 119ms
01-25 20:21:53.065  4130  4232 D dalvikvm: WAIT_FOR_CONCURRENT_GC blocked 82ms
01-25 20:21:53.075  4130  4144 W ResourceType: No known package when getting name for resource number 0xffffffff
01-25 20:21:53.075  4130  4144 W ResourceType: No known package when getting name for resource number 0xffffffff
01-25 20:21:53.075  4130  4144 W ResourceType: No package identifier when getting name for resource number 0x00000000
01-25 20:21:53.075  4130  4144 W ResourceType: No known package when getting name for resource number 0xffffffff
01-25 20:21:53.075  4130  4144 W ResourceType: No known package when getting name for resource number 0xffffffff
01-25 20:21:53.075  4130  4144 W ResourceType: No known package when getting name for resource number 0xffffffff
01-25 20:21:53.075  4130  4144 W ResourceType: No known package when getting name for resource number 0xffffffff
01-25 20:21:53.095  4130  4144 W ResourceType: No known package when getting name for resource number 0xffffffff
01-25 20:21:53.095  4130  4144 W ResourceType: No known package when getting name for resource number 0xffffffff
01-25 20:21:53.095  4130  4144 W ResourceType: No known package when getting name for resource number 0xffffffff
01-25 20:21:53.105  4130  4144 W ResourceType: No known package when getting name for resource number 0xffffffff
01-25 20:21:53.105  4130  4144 W ResourceType: No known package when getting name for resource number 0xffffffff
01-25 20:21:53.105  4130  4144 W ResourceType: No known package when getting name for resource number 0xffffffff
01-25 20:21:53.105  4130  4144 W ResourceType: No known package when getting name for resource number 0xffffffff
01-25 20:21:53.115  4130  4144 W ResourceType: No known package when getting name for resource number 0xffffffff
01-25 20:21:53.115  4130  4144 W ResourceType: No known package when getting name for resource number 0xffffffff
01-25 20:21:53.115  4130  4144 W ResourceType: No known package when getting name for resource number 0xffffffff
01-25 20:21:53.115  4130  4144 W ResourceType: No known package when getting name for resource number 0xffffffff
01-25 20:21:53.115  4130  4144 W ResourceType: No known package when getting name for resource number 0xffffffff
01-25 20:21:53.115  4130  4144 W ResourceType: No known package when getting name for resource number 0xffffffff
01-25 20:21:53.115  4130  4144 W ResourceType: No known package when getting name for resource number 0xffffffff
01-25 20:21:53.115  4130  4144 W ResourceType: No known package when getting name for resource number 0xffffffff
01-25 20:21:53.115  4130  4144 W ResourceType: No package identifier when getting name for resource number 0x00000000
01-25 20:21:53.126  4130  4144 D ROBOT_EVENT_ALF: EVENT: click on (139.0,206.0)
01-25 20:21:53.126  3674  4032 W Settings: Setting airplane_mode_on has moved from android.provider.Settings.System to android.provider.Settings.Global, returning read-only value.
01-25 20:21:53.156  4088  4088 I TCPDUMP : Packets Captured ID =2694
01-25 20:21:53.216  4088  4088 I TCPDUMP : Packets Captured ID =2695
01-25 20:21:53.276  4088  4088 I TCPDUMP : Packets Captured ID =2696
01-25 20:21:53.436  4088  4088 I TCPDUMP : Packets Captured ID =2697
01-25 20:21:53.436  4088  4088 I TCPDUMP : Packets Captured ID =2698
01-25 20:21:53.436  4088  4088 I TCPDUMP : Packets Captured ID =2699
01-25 20:21:53.596  1291  1298 E MP-Decision: DOWN Ld:18 Ns:1.100000 Ts:190 rq:0.100000 seq:195.000000
01-25 20:21:53.636  4130  4144 D ROBOT_ALF: send time:1390699313650
01-25 20:21:53.656   244   578 D AudioStreamOutALSA: mHandle->useCase: HiFi
01-25 20:21:53.656   244   578 D ALSAModule: s_route: devices 0x2 in mode 0
01-25 20:21:53.656   244   578 D ALSAModule: switchDevice: device 2 mode:0
01-25 20:21:53.656   244   578 D ALSAModule: No valid input device: 0
01-25 20:21:53.656   244   578 D ALSAModule: switchDevice,rxDev:Speaker, txDev:(null), curRxDev:Speaker, curTxDev:None
01-25 20:21:53.656   244   578 D alsa_ucm: snd_use_case_set(): uc_mgr 0x41a822a0 identifier _enadev value Speaker
01-25 20:21:53.656   244   578 D ALSAModule: switchDevice: curTxUCMDevivce None curRxDevDevice Speaker
01-25 20:21:53.656   244   578 D alsa_ucm: snd_use_case_set(): uc_mgr 0x41a822a0 identifier _verb value HiFi
01-25 20:21:53.656   244   578 D alsa_ucm: Set mixer controls for Speaker enable 1
01-25 20:21:53.656   244   578 D ACDB-LOADER: ACDB -> send_audio_cal, acdb_id = 15, path =  0
01-25 20:21:53.656   244   578 D ACDB-LOADER: ACDB -> send_adm_topology
01-25 20:21:53.656   244   578 D ACDB-LOADER: ACDB -> ACDB_CMD_GET_AUDPROC_COMMON_TOPOLOGY_ID
01-25 20:21:53.656   244   578 D ACDB-LOADER: ACDB -> send_audtable
01-25 20:21:53.656   244   578 D ACDB-LOADER: ACDB -> ACDB_CMD_GET_AUDPROC_COMMON_TABLE
01-25 20:21:53.656   244   578 D ACDB-LOADER: ACDB -> AUDIO_SET_AUDPROC_CAL
01-25 20:21:53.656   244   578 D ACDB-LOADER: ACDB -> send_audvoltable
01-25 20:21:53.656   244   578 D ACDB-LOADER: ACDB -> ACDB_CMD_GET_AUDPROC_GAIN_DEP_VOLTBL_STEP_COPP
01-25 20:21:53.656   244   578 D ACDB-LOADER: ACDB -> AUDIO_SET_AUDPROC_VOL_CAL
01-25 20:21:53.656   244   578 D ACDB-LOADER: ACDB -> send_afe_cal
01-25 20:21:53.656   244   578 D ACDB-LOADER: ACDB -> ACDB_CMD_GET_AFE_COMMON_TABLE
01-25 20:21:53.656   244   578 E ACDB-LOADER: Error: ACDB AFE returned = -8
01-25 20:21:53.656   244   578 D ACDB-LOADER: ACDB -> AUDIO_SET_AFE_CAL
01-25 20:21:53.676   244   578 D alsa_ucm: Set mixer controls for HiFi enable 1
01-25 20:21:53.676   244   578 D ALSAModule: Device value returned is hw:0,0
01-25 20:21:53.676   244   578 D ALSAModule: setHardwareParams: reqBuffSize 2048 channels 2 sampleRate 48000
01-25 20:21:53.686   244   578 D ALSAModule: setHardwareParams: buffer_size 16384, period_size 2048, period_cnt 8
01-25 20:21:53.736  4130  4144 D ROBOT_EVENT_ALF: here17com.jayway.android.robotium.solo.Sleeper@416b54d8
01-25 20:21:53.746  4130  5198 W Settings: Setting wifi_sleep_policy has moved from android.provider.Settings.System to android.provider.Settings.Global, returning read-only value.
01-25 20:21:53.796  1291  1298 E MP-Decision: UP Ld:53 Nw:1.990000 Tw:140 rq:3.100000 seq:147.000000
01-25 20:21:53.936  4130  4130 E SpannableStringBuilder: SPAN_EXCLUSIVE_EXCLUSIVE spans cannot have a zero length
01-25 20:21:54.026  1164  1167 D dalvikvm: GC_CONCURRENT freed 406K, 16% free 3818K/4544K, paused 2ms+1ms, total 40ms
01-25 20:21:54.036   669   923 E LocSvc_eng: I/===> int loc_eng_inject_location(loc_eng_data_s_type&, double, double, float) line 818 
01-25 20:21:54.036   669   923 E LocSvc_eng: E/int loc_eng_inject_location(loc_eng_data_s_type&, double, double, float): log_eng state error: instance not initialized
01-25 20:21:54.036   669   923 E LocSvc_eng: I/Exiting int loc_eng_inject_location(loc_eng_data_s_type&, double, double, float) line 819 instance not initialized
01-25 20:21:54.107  4088  4088 I TCPDUMP : Packets Captured ID =2700
01-25 20:21:54.107  4088  4088 I TCPDUMP : Packets Captured ID =2701
01-25 20:21:54.127  3674  4032 W Settings: Setting airplane_mode_on has moved from android.provider.Settings.System to android.provider.Settings.Global, returning read-only value.
01-25 20:21:54.157   669   685 I ActivityManager: Displayed com.facebook.katana/.activity.composer.ComposerActivity: +422ms
01-25 20:21:54.177   241   355 D overlay : FROM_STATE = OV_BYPASS_2_LAYER TO_STATE = OV_CLOSED
01-25 20:21:54.597   241   355 D overlay : FROM_STATE = OV_CLOSED TO_STATE = OV_BYPASS_3_LAYER
01-25 20:21:54.998  1291  1298 E MP-Decision: DOWN Ld:46 Ns:1.100000 Ts:190 rq:0.000000 seq:195.000000
01-25 20:21:55.128  3674  4032 W Settings: Setting airplane_mode_on has moved from android.provider.Settings.System to android.provider.Settings.Global, returning read-only value.
01-25 20:21:55.238  4130  4144 D ROBOT_EVENT_ALF: here18
01-25 20:21:55.238  4130  4144 D ROBOT_EVENT_ALF: here2
01-25 20:21:55.258  4130  4144 D ROBOT_UTIL_ALF: out!
01-25 20:21:55.258  4130  4144 D ROBOT_UTIL_ALF: activity: com.facebook.katana.activity.composer.ComposerActivity
01-25 20:21:55.258  4130  4144 D ROBOT_UTIL_ALF: SOFTKEYBOARD is ON, get rid of it!
01-25 20:21:55.258  4130  4144 D ROBOT_UTIL_ALF: go back 1
01-25 20:21:55.258  4130  4144 D ROBOT_UTIL_ALF: EVENT: go Back
01-25 20:21:55.428  4088  4088 I TCPDUMP : Packets Captured ID =2702
01-25 20:21:55.428  4088  4088 I TCPDUMP : Packets Captured ID =2703
01-25 20:21:55.428  4088  4088 I TCPDUMP : Packets Captured ID =2704
01-25 20:21:55.438  4088  4088 I TCPDUMP : Packets Captured ID =2705
01-25 20:21:55.808  4088  4088 I TCPDUMP : Packets Captured ID =2706
01-25 20:21:55.808  4088  4088 I TCPDUMP : Packets Captured ID =2707
01-25 20:21:55.808  4088  4088 I TCPDUMP : Packets Captured ID =2708
01-25 20:21:55.808  4088  4088 I TCPDUMP : Packets Captured ID =2709
01-25 20:21:55.808  4088  4088 I TCPDUMP : Packets Captured ID =2710
01-25 20:21:55.808  4088  4088 I TCPDUMP : Packets Captured ID =2711
01-25 20:21:55.838  4088  4088 I TCPDUMP : Packets Captured ID =2712
01-25 20:21:55.868   241   355 D overlay : FROM_STATE = OV_BYPASS_3_LAYER TO_STATE = OV_CLOSED
01-25 20:21:55.908  1291  1298 E MP-Decision: UP Ld:23 Nw:1.990000 Tw:140 rq:4.300000 seq:147.000000
01-25 20:21:55.959  4088  4088 I TCPDUMP : Packets Captured ID =2713
01-25 20:21:56.019   241   355 D overlay : FROM_STATE = OV_CLOSED TO_STATE = OV_BYPASS_2_LAYER
01-25 20:21:56.129  3674  4032 W Settings: Setting airplane_mode_on has moved from android.provider.Settings.System to android.provider.Settings.Global, returning read-only value.
01-25 20:21:56.269  4130  4144 D ROBOT_EVENT_ALF: here17com.jayway.android.robotium.solo.Sleeper@416b54d8
01-25 20:21:56.409  1291  1298 E MP-Decision: DOWN Ld:58 Ns:1.100000 Ts:190 rq:0.000000 seq:197.000000
01-25 20:21:56.709  3674  3674 D AROCollectorTraceService: received battery level: 100
01-25 20:21:56.709  3674  3674 D AROCollectorTraceService: received battery temp: 33C
01-25 20:21:56.719  3674  3674 D AROCollectorTraceService: received power source true
01-25 20:21:56.719  3674  3674 D ARODataCollector: writeToFlurry()hashMapToWriteTo()-wrote flurry-hashmap: Battery-key: time-hashmap value: Sat Jan 25 20:21:56 EST 2014-existingState: NA
01-25 20:21:56.719  3674  3674 D ARODataCollector: writeToFlurry()hashMapToWriteTo()-wrote flurry-hashmap: Battery-key: status-hashmap value: level: 100% temp: 33C power source: true-existingState: level: 100% temp: 33C power source: true
01-25 20:21:57.070   244   690 D alsa_ucm: snd_use_case_set(): uc_mgr 0x41a822a0 identifier _verb value Inactive
01-25 20:21:57.070   244   690 D alsa_ucm: Set mixer controls for HiFi enable 0
01-25 20:21:57.070   244   690 D alsa_ucm: snd_use_case_set(): uc_mgr 0x41a822a0 identifier _disdev value Speaker
01-25 20:21:57.070   244   690 D alsa_ucm: Set mixer controls for Speaker enable 0
01-25 20:21:57.130  3674  4032 W Settings: Setting airplane_mode_on has moved from android.provider.Settings.System to android.provider.Settings.Global, returning read-only value.
01-25 20:21:57.770  4130  4144 D ROBOT_EVENT_ALF: here18
01-25 20:21:57.770  4130  4144 D ROBOT_UTIL_ALF: here
01-25 20:21:57.770  4130  4144 D ROBOT_EVENT_ALF: here17com.jayway.android.robotium.solo.Sleeper@416b54d8
01-25 20:21:58.001  4088  4088 I TCPDUMP : Packets Captured ID =2714
01-25 20:21:58.001  4088  4088 I TCPDUMP : Packets Captured ID =2715
01-25 20:21:58.041  4130  4773 D NativeJpegCodec: transcoding: /storage/emulated/0/DCIM/Facebook/FB_IMG_13906992082462910.jpg -> /data/data/com.facebook.katana/cache/a8bd53f5-823f-4d1e-bbc2-b36dc77cc919_2.jpg.tmp
01-25 20:21:58.041  4130  4773 D NativeJpegCodec: transcoding: 3264x2448 -> 1224x918 -> 1224x918
01-25 20:21:58.131  3674  4032 W Settings: Setting airplane_mode_on has moved from android.provider.Settings.System to android.provider.Settings.Global, returning read-only value.
01-25 20:21:58.271  1291  1298 E MP-Decision: UP Ld:72 Nw:1.990000 Tw:140 rq:1.000000 seq:147.000000
01-25 20:21:58.411  4088  4088 I TCPDUMP : Packets Captured ID =2716
01-25 20:21:58.411  4088  4088 I TCPDUMP : Packets Captured ID =2717
01-25 20:21:58.421  4088  4088 I TCPDUMP : Packets Captured ID =2718
01-25 20:21:58.421  4088  4088 I TCPDUMP : Packets Captured ID =2719
01-25 20:21:58.431  4088  4088 I TCPDUMP : Packets Captured ID =2720
01-25 20:21:58.431  4088  4088 I TCPDUMP : Packets Captured ID =2721
01-25 20:21:58.431  4088  4088 I TCPDUMP : Packets Captured ID =2722
01-25 20:21:58.431  4088  4088 I TCPDUMP : Packets Captured ID =2723
01-25 20:21:58.431  4088  4088 I TCPDUMP : Packets Captured ID =2724
01-25 20:21:58.431  4088  4088 I TCPDUMP : Packets Captured ID =2725
01-25 20:21:58.431  4088  4088 I TCPDUMP : Packets Captured ID =2726
01-25 20:21:58.431  4088  4088 I TCPDUMP : Packets Captured ID =2727
01-25 20:21:58.431  4088  4088 I TCPDUMP : Packets Captured ID =2728
01-25 20:21:58.441  4088  4088 I TCPDUMP : Packets Captured ID =2729
01-25 20:21:58.441  4088  4088 I TCPDUMP : Packets Captured ID =2730
01-25 20:21:58.441  4088  4088 I TCPDUMP : Packets Captured ID =2731
01-25 20:21:58.441  4088  4088 I TCPDUMP : Packets Captured ID =2732
01-25 20:21:58.441  4088  4088 I TCPDUMP : Packets Captured ID =2733
01-25 20:21:58.441  4088  4088 I TCPDUMP : Packets Captured ID =2734
01-25 20:21:58.441  4088  4088 I TCPDUMP : Packets Captured ID =2735
01-25 20:21:58.441  4088  4088 I TCPDUMP : Packets Captured ID =2736
01-25 20:21:58.441  4088  4088 I TCPDUMP : Packets Captured ID =2737
01-25 20:21:58.441  4088  4088 I TCPDUMP : Packets Captured ID =2738
01-25 20:21:58.441  4088  4088 I TCPDUMP : Packets Captured ID =2739
01-25 20:21:58.441  4088  4088 I TCPDUMP : Packets Captured ID =2740
01-25 20:21:58.441  4088  4088 I TCPDUMP : Packets Captured ID =2741
01-25 20:21:58.441  4088  4088 I TCPDUMP : Packets Captured ID =2742
01-25 20:21:58.441  4088  4088 I TCPDUMP : Packets Captured ID =2743
01-25 20:21:58.441  4088  4088 I TCPDUMP : Packets Captured ID =2744
01-25 20:21:58.441  4088  4088 I TCPDUMP : Packets Captured ID =2745
01-25 20:21:58.441  4088  4088 I TCPDUMP : Packets Captured ID =2746
01-25 20:21:58.441  4088  4088 I TCPDUMP : Packets Captured ID =2747
01-25 20:21:58.441  4088  4088 I TCPDUMP : Packets Captured ID =2748
01-25 20:21:58.441  4088  4088 I TCPDUMP : Packets Captured ID =2749
01-25 20:21:58.441  4088  4088 I TCPDUMP : Packets Captured ID =2750
01-25 20:21:58.441  4088  4088 I TCPDUMP : Packets Captured ID =2751
01-25 20:21:58.441  4088  4088 I TCPDUMP : Packets Captured ID =2752
01-25 20:21:58.441  4088  4088 I TCPDUMP : Packets Captured ID =2753
01-25 20:21:58.441  4088  4088 I TCPDUMP : Packets Captured ID =2754
01-25 20:21:58.441  4088  4088 I TCPDUMP : Packets Captured ID =2755
01-25 20:21:58.441  4088  4088 I TCPDUMP : Packets Captured ID =2756
01-25 20:21:58.441  4088  4088 I TCPDUMP : Packets Captured ID =2757
01-25 20:21:58.451  4088  4088 I TCPDUMP : Packets Captured ID =2758
01-25 20:21:58.451  4088  4088 I TCPDUMP : Packets Captured ID =2759
01-25 20:21:58.451  4088  4088 I TCPDUMP : Packets Captured ID =2760
01-25 20:21:58.451  4088  4088 I TCPDUMP : Packets Captured ID =2761
01-25 20:21:58.451  4088  4088 I TCPDUMP : Packets Captured ID =2762
01-25 20:21:58.451  4088  4088 I TCPDUMP : Packets Captured ID =2763
01-25 20:21:58.451  4088  4088 I TCPDUMP : Packets Captured ID =2764
01-25 20:21:58.451  4088  4088 I TCPDUMP : Packets Captured ID =2765
01-25 20:21:58.451  4088  4088 I TCPDUMP : Packets Captured ID =2766
01-25 20:21:58.451  4088  4088 I TCPDUMP : Packets Captured ID =2767
01-25 20:21:58.451  4088  4088 I TCPDUMP : Packets Captured ID =2768
01-25 20:21:58.451  4088  4088 I TCPDUMP : Packets Captured ID =2769
01-25 20:21:58.451  4088  4088 I TCPDUMP : Packets Captured ID =2770
01-25 20:21:58.451  4088  4088 I TCPDUMP : Packets Captured ID =2771
01-25 20:21:58.451  4088  4088 I TCPDUMP : Packets Captured ID =2772
01-25 20:21:58.451  4088  4088 I TCPDUMP : Packets Captured ID =2773
01-25 20:21:58.451  4088  4088 I TCPDUMP : Packets Captured ID =2774
01-25 20:21:58.451  4088  4088 I TCPDUMP : Packets Captured ID =2775
01-25 20:21:58.511   669   671 D dalvikvm: GC_CONCURRENT freed 2132K, 19% free 11475K/14124K, paused 2ms+6ms, total 103ms
01-25 20:21:58.772  4088  4088 I TCPDUMP : Packets Captured ID =2776
01-25 20:21:58.772  4130  4144 D ROBOT_EVENT_ALF: here18
01-25 20:21:58.772  4130  4144 D ROBOT_EVENT_ALF: here17com.jayway.android.robotium.solo.Sleeper@416b54d8
01-25 20:21:58.842  4088  4088 I TCPDUMP : Packets Captured ID =2777
01-25 20:21:58.842  4088  4088 I TCPDUMP : Packets Captured ID =2778
01-25 20:21:58.912  4088  4088 I TCPDUMP : Packets Captured ID =2779
01-25 20:21:58.912  4088  4088 I TCPDUMP : Packets Captured ID =2780
01-25 20:21:58.912  4088  4088 I TCPDUMP : Packets Captured ID =2781
01-25 20:21:58.912  4088  4088 I TCPDUMP : Packets Captured ID =2782
01-25 20:21:58.912  4088  4088 I TCPDUMP : Packets Captured ID =2783
01-25 20:21:58.922  4088  4088 I TCPDUMP : Packets Captured ID =2784
01-25 20:21:58.922  4088  4088 I TCPDUMP : Packets Captured ID =2785
01-25 20:21:58.922  4088  4088 I TCPDUMP : Packets Captured ID =2786
01-25 20:21:58.922  4088  4088 I TCPDUMP : Packets Captured ID =2787
01-25 20:21:58.922  4088  4088 I TCPDUMP : Packets Captured ID =2788
01-25 20:21:58.922  4088  4088 I TCPDUMP : Packets Captured ID =2789
01-25 20:21:58.922  4088  4088 I TCPDUMP : Packets Captured ID =2790
01-25 20:21:58.922  4088  4088 I TCPDUMP : Packets Captured ID =2791
01-25 20:21:58.922  4088  4088 I TCPDUMP : Packets Captured ID =2792
01-25 20:21:58.922  4088  4088 I TCPDUMP : Packets Captured ID =2793
01-25 20:21:59.042  4088  4088 I TCPDUMP : Packets Captured ID =2794
01-25 20:21:59.042  4088  4088 I TCPDUMP : Packets Captured ID =2795
01-25 20:21:59.052  4088  4088 I TCPDUMP : Packets Captured ID =2796
01-25 20:21:59.062  4088  4088 I TCPDUMP : Packets Captured ID =2797
01-25 20:21:59.062  4088  4088 I TCPDUMP : Packets Captured ID =2798
01-25 20:21:59.132  4088  4088 I TCPDUMP : Packets Captured ID =2799
01-25 20:21:59.132  4088  4088 I TCPDUMP : Packets Captured ID =2800
01-25 20:21:59.132  3674  4032 W Settings: Setting airplane_mode_on has moved from android.provider.Settings.System to android.provider.Settings.Global, returning read-only value.
01-25 20:21:59.232  4088  4088 I TCPDUMP : Packets Captured ID =2801
01-25 20:21:59.242  4088  4088 I TCPDUMP : Packets Captured ID =2802
01-25 20:21:59.242  4088  4088 I TCPDUMP : Packets Captured ID =2803
01-25 20:21:59.242  4088  4088 I TCPDUMP : Packets Captured ID =2804
01-25 20:21:59.342  4088  4088 I TCPDUMP : Packets Captured ID =2805
01-25 20:21:59.342  4088  4088 I TCPDUMP : Packets Captured ID =2806
01-25 20:21:59.422  4088  4088 I TCPDUMP : Packets Captured ID =2807
01-25 20:21:59.422  4088  4088 I TCPDUMP : Packets Captured ID =2808
01-25 20:21:59.422  4088  4088 I TCPDUMP : Packets Captured ID =2809
01-25 20:21:59.492  4088  4088 I TCPDUMP : Packets Captured ID =2810
01-25 20:21:59.492  4088  4088 I TCPDUMP : Packets Captured ID =2811
01-25 20:21:59.622  1291  1298 E MP-Decision: DOWN Ld:10 Ns:1.100000 Ts:190 rq:0.000000 seq:196.000000
01-25 20:21:59.683  4088  4088 I TCPDUMP : Packets Captured ID =2812
01-25 20:21:59.683  4088  4088 I TCPDUMP : Packets Captured ID =2813
01-25 20:21:59.683  4088  4088 I TCPDUMP : Packets Captured ID =2814
01-25 20:21:59.823  4088  4088 I TCPDUMP : Packets Captured ID =2815
01-25 20:21:59.823  4088  4088 I TCPDUMP : Packets Captured ID =2816
01-25 20:22:00.083  4088  4088 I TCPDUMP : Packets Captured ID =2817
01-25 20:22:00.083  4088  4088 I TCPDUMP : Packets Captured ID =2818
01-25 20:22:00.083  4088  4088 I TCPDUMP : Packets Captured ID =2819
01-25 20:22:00.103  3674  3677 D dalvikvm: GC_CONCURRENT freed 448K, 26% free 3157K/4232K, paused 2ms+2ms, total 31ms
01-25 20:22:00.133  4088  4088 I TCPDUMP : Packets Captured ID =2820
01-25 20:22:00.133  3674  4032 W Settings: Setting airplane_mode_on has moved from android.provider.Settings.System to android.provider.Settings.Global, returning read-only value.
01-25 20:22:00.173  4088  4088 I TCPDUMP : Packets Captured ID =2821
01-25 20:22:00.173  4088  4088 I TCPDUMP : Packets Captured ID =2822
01-25 20:22:00.173  4088  4088 I TCPDUMP : Packets Captured ID =2823
01-25 20:22:00.273  4130  4144 D ROBOT_EVENT_ALF: here18
01-25 20:22:00.273  4130  4144 D ROBOT_EVENT_ALF: here17com.jayway.android.robotium.solo.Sleeper@416b54d8
01-25 20:22:00.674  4088  4088 I TCPDUMP : Packets Captured ID =2824
01-25 20:22:00.674  4088  4088 I TCPDUMP : Packets Captured ID =2825
01-25 20:22:00.674  4088  4088 I TCPDUMP : Packets Captured ID =2826
01-25 20:22:00.844  4088  4088 I TCPDUMP : Packets Captured ID =2827
01-25 20:22:00.844  4088  4088 I TCPDUMP : Packets Captured ID =2828
01-25 20:22:01.134  3674  4032 W Settings: Setting airplane_mode_on has moved from android.provider.Settings.System to android.provider.Settings.Global, returning read-only value.
01-25 20:22:01.274  4130  4144 D ROBOT_EVENT_ALF: here18
01-25 20:22:01.304  4130  4144 W ResourceType: No known package when getting name for resource number 0xffffffff
01-25 20:22:01.304  4130  4144 W ResourceType: No known package when getting name for resource number 0xffffffff
01-25 20:22:01.304  4130  4144 W ResourceType: No known package when getting name for resource number 0xffffffff
01-25 20:22:01.304  4130  4144 W ResourceType: No known package when getting name for resource number 0xffffffff
01-25 20:22:01.304  4130  4144 W ResourceType: No known package when getting name for resource number 0xffffffff
01-25 20:22:01.304  4130  4144 W ResourceType: No known package when getting name for resource number 0xffffffff
01-25 20:22:01.314  4130  4144 W ResourceType: No known package when getting name for resource number 0xffffffff
01-25 20:22:01.314  4130  4144 W ResourceType: No known package when getting name for resource number 0xffffffff
01-25 20:22:01.314  4130  4144 W ResourceType: No known package when getting name for resource number 0xffffffff
01-25 20:22:01.314  4130  4144 W ResourceType: No known package when getting name for resource number 0xffffffff
01-25 20:22:01.314  4130  4144 W ResourceType: No known package when getting name for resource number 0xffffffff
01-25 20:22:01.314  4088  4088 I TCPDUMP : Packets Captured ID =2829
01-25 20:22:01.314  4088  4088 I TCPDUMP : Packets Captured ID =2830
01-25 20:22:01.334   244   578 D AudioStreamOutALSA: mHandle->useCase: HiFi
01-25 20:22:01.334   244   578 D ALSAModule: s_route: devices 0x2 in mode 0
01-25 20:22:01.334   244   578 D ALSAModule: switchDevice: device 2 mode:0
01-25 20:22:01.334   244   578 D ALSAModule: No valid input device: 0
01-25 20:22:01.334   244   578 D ALSAModule: switchDevice,rxDev:Speaker, txDev:(null), curRxDev:Speaker, curTxDev:None
01-25 20:22:01.334   244   578 D alsa_ucm: snd_use_case_set(): uc_mgr 0x41a822a0 identifier _enadev value Speaker
01-25 20:22:01.334   244   578 D ALSAModule: switchDevice: curTxUCMDevivce None curRxDevDevice Speaker
01-25 20:22:01.334   244   578 D alsa_ucm: snd_use_case_set(): uc_mgr 0x41a822a0 identifier _verb value HiFi
01-25 20:22:01.334   244   578 D alsa_ucm: Set mixer controls for Speaker enable 1
01-25 20:22:01.334   244   578 D ACDB-LOADER: ACDB -> send_audio_cal, acdb_id = 15, path =  0
01-25 20:22:01.334   244   578 D ACDB-LOADER: ACDB -> send_adm_topology
01-25 20:22:01.334   244   578 D ACDB-LOADER: ACDB -> ACDB_CMD_GET_AUDPROC_COMMON_TOPOLOGY_ID
01-25 20:22:01.334   244   578 D ACDB-LOADER: ACDB -> send_audtable
01-25 20:22:01.334   244   578 D ACDB-LOADER: ACDB -> ACDB_CMD_GET_AUDPROC_COMMON_TABLE
01-25 20:22:01.334   244   578 D ACDB-LOADER: ACDB -> AUDIO_SET_AUDPROC_CAL
01-25 20:22:01.334   244   578 D ACDB-LOADER: ACDB -> send_audvoltable
01-25 20:22:01.334   244   578 D ACDB-LOADER: ACDB -> ACDB_CMD_GET_AUDPROC_GAIN_DEP_VOLTBL_STEP_COPP
01-25 20:22:01.334   244   578 D ACDB-LOADER: ACDB -> AUDIO_SET_AUDPROC_VOL_CAL
01-25 20:22:01.334   244   578 D ACDB-LOADER: ACDB -> send_afe_cal
01-25 20:22:01.334   244   578 D ACDB-LOADER: ACDB -> ACDB_CMD_GET_AFE_COMMON_TABLE
01-25 20:22:01.334   244   578 E ACDB-LOADER: Error: ACDB AFE returned = -8
01-25 20:22:01.334   244   578 D ACDB-LOADER: ACDB -> AUDIO_SET_AFE_CAL
01-25 20:22:01.354   244   578 D alsa_ucm: Set mixer controls for HiFi enable 1
01-25 20:22:01.354   244   578 D ALSAModule: Device value returned is hw:0,0
01-25 20:22:01.354   244   578 D ALSAModule: setHardwareParams: reqBuffSize 2048 channels 2 sampleRate 48000
01-25 20:22:01.364   244   578 D ALSAModule: setHardwareParams: buffer_size 16384, period_size 2048, period_cnt 8
01-25 20:22:01.394  4130  4144 W ResourceType: No known package when getting name for resource number 0xffffffff
01-25 20:22:01.394  4130  4144 W ResourceType: No known package when getting name for resource number 0xffffffff
01-25 20:22:01.394  4130  4144 W ResourceType: No known package when getting name for resource number 0xffffffff
01-25 20:22:01.394  4130  4144 W ResourceType: No known package when getting name for resource number 0xffffffff
01-25 20:22:01.394  4130  4144 W ResourceType: No known package when getting name for resource number 0xffffffff
01-25 20:22:01.394  4130  4144 W ResourceType: No known package when getting name for resource number 0xffffffff
01-25 20:22:01.394  4130  4144 W ResourceType: No known package when getting name for resource number 0xffffffff
01-25 20:22:01.394  4130  4144 W ResourceType: No known package when getting name for resource number 0xffffffff
01-25 20:22:01.394  4130  4144 D ROBOT_EVENT_ALF: EVENT: click on (665.0,104.0)
01-25 20:22:01.915  4130  4144 D ROBOT_ALF: send time:1390699321933
01-25 20:22:02.015  4130  4144 D ROBOT_EVENT_ALF: here2
01-25 20:22:02.125  3674  4032 W Settings: Setting airplane_mode_on has moved from android.provider.Settings.System to android.provider.Settings.Global, returning read-only value.
01-25 20:22:02.155  1291  1298 E MP-Decision: UP Ld:6 Nw:1.990000 Tw:140 rq:2.500000 seq:147.000000
01-25 20:22:02.245  4130  4144 D ROBOT_ALF: time:1390699322261
01-25 20:22:02.245  4130  4144 D ROBOT_ALF: Want to find Status post on Jan 25, 2014 8:22:01 PM at 
01-25 20:22:02.255  4130  4144 W ResourceType: No known package when getting name for resource number 0xffffffff
01-25 20:22:02.255  4130  4144 W ResourceType: No known package when getting name for resource number 0xffffffff
01-25 20:22:02.255  4130  4144 W ResourceType: No known package when getting name for resource number 0xffffffff
01-25 20:22:02.265  4130  4144 W ResourceType: No known package when getting name for resource number 0xffffffff
01-25 20:22:02.265  4130  4144 W ResourceType: No known package when getting name for resource number 0xffffffff
