01-25 20:22:15.349  4130  4144 W ResourceType: No known package when getting name for resource number 0xffffffff
01-25 20:22:15.349  4130  4144 W ResourceType: No known package when getting name for resource number 0xffffffff
01-25 20:22:15.349  4088  4088 I TCPDUMP : Packets Captured ID =2927
01-25 20:22:15.349  4088  4088 I TCPDUMP : Packets Captured ID =2928
01-25 20:22:15.349  4088  4088 I TCPDUMP : Packets Captured ID =2929
01-25 20:22:15.349  4130  4144 W ResourceType: No known package when getting name for resource number 0xffffffff
01-25 20:22:15.359  4130  4144 W ResourceType: No known package when getting name for resource number 0xffffffff
01-25 20:22:15.359  4130  4144 W ResourceType: No known package when getting name for resource number 0xffffffff
01-25 20:22:15.359  4130  4144 W ResourceType: No known package when getting name for resource number 0xffffffff
01-25 20:22:15.369  4130  4144 W ResourceType: No known package when getting name for resource number 0xffffffff
01-25 20:22:15.369  4130  4144 W ResourceType: No known package when getting name for resource number 0xffffffff
01-25 20:22:15.399  4130  4144 W ResourceType: No known package when getting name for resource number 0xffffffff
01-25 20:22:15.399  4130  4144 W ResourceType: No known package when getting name for resource number 0xffffffff
01-25 20:22:15.399  4130  4144 W ResourceType: No known package when getting name for resource number 0xffffffff
01-25 20:22:15.409  4130  4144 W ResourceType: No known package when getting name for resource number 0xffffffff
01-25 20:22:15.409  4130  4144 W ResourceType: No known package when getting name for resource number 0xffffffff
01-25 20:22:15.409  4130  4144 W ResourceType: No known package when getting name for resource number 0xffffffff
01-25 20:22:15.449  4088  4088 I TCPDUMP : Packets Captured ID =2930
01-25 20:22:15.449  4088  4088 I TCPDUMP : Packets Captured ID =2931
01-25 20:22:15.519  4130  4135 D dalvikvm: GC_CONCURRENT freed 5291K, 32% free 18675K/27336K, paused 5ms+10ms, total 135ms
01-25 20:22:15.519  4130  4144 D dalvikvm: WAIT_FOR_CONCURRENT_GC blocked 113ms
01-25 20:22:15.519  4130  4144 W ResourceType: No known package when getting name for resource number 0xffffffff
01-25 20:22:15.519  4130  4232 D dalvikvm: WAIT_FOR_CONCURRENT_GC blocked 100ms
01-25 20:22:15.529  4130  4144 W ResourceType: No known package when getting name for resource number 0xffffffff
01-25 20:22:15.529  4130  4144 W ResourceType: No known package when getting name for resource number 0xffffffff
01-25 20:22:15.559  4130  4144 W ResourceType: No known package when getting name for resource number 0xffffffff
01-25 20:22:15.559  4130  4144 W ResourceType: No known package when getting name for resource number 0xffffffff
01-25 20:22:15.559  4130  4144 W ResourceType: No known package when getting name for resource number 0xffffffff
01-25 20:22:15.559  4130  4144 W ResourceType: No known package when getting name for resource number 0xffffffff
01-25 20:22:15.559  4130  4144 W ResourceType: No known package when getting name for resource number 0xffffffff
01-25 20:22:15.559  4130  4144 W ResourceType: No known package when getting name for resource number 0xffffffff
01-25 20:22:15.559  4130  4144 W ResourceType: No known package when getting name for resource number 0xffffffff
01-25 20:22:15.569  4130  4144 W ResourceType: No known package when getting name for resource number 0xffffffff
01-25 20:22:15.569  4130  4144 W ResourceType: No known package when getting name for resource number 0xffffffff
01-25 20:22:15.599  4130  4144 W ResourceType: No known package when getting name for resource number 0xffffffff
01-25 20:22:15.599  4130  4144 W ResourceType: No known package when getting name for resource number 0xffffffff
01-25 20:22:15.599  4130  4144 W ResourceType: No known package when getting name for resource number 0xffffffff
01-25 20:22:15.599  4130  4144 W ResourceType: No known package when getting name for resource number 0xffffffff
01-25 20:22:15.599  4130  4144 W ResourceType: No known package when getting name for resource number 0xffffffff
01-25 20:22:15.599  4130  4144 W ResourceType: No known package when getting name for resource number 0xffffffff
01-25 20:22:15.599  4088  4088 I TCPDUMP : Packets Captured ID =2932
01-25 20:22:15.599  4088  4088 I TCPDUMP : Packets Captured ID =2933
01-25 20:22:15.599  4088  4088 I TCPDUMP : Packets Captured ID =2934
01-25 20:22:15.599  4130  4144 W ResourceType: No known package when getting name for resource number 0xffffffff
01-25 20:22:15.610  4130  4144 W ResourceType: No known package when getting name for resource number 0xffffffff
01-25 20:22:15.610  4130  4144 W ResourceType: No known package when getting name for resource number 0xffffffff
01-25 20:22:15.630  4130  4144 W ResourceType: No known package when getting name for resource number 0xffffffff
01-25 20:22:15.640  4130  4144 W ResourceType: No known package when getting name for resource number 0xffffffff
01-25 20:22:15.640  4130  4144 W ResourceType: No known package when getting name for resource number 0xffffffff
01-25 20:22:15.640  4130  4144 W ResourceType: No known package when getting name for resource number 0xffffffff
01-25 20:22:15.640  4130  4144 W ResourceType: No known package when getting name for resource number 0xffffffff
01-25 20:22:15.640  4130  4144 W ResourceType: No known package when getting name for resource number 0xffffffff
01-25 20:22:15.640  4130  4144 W ResourceType: No known package when getting name for resource number 0xffffffff
01-25 20:22:15.640  4130  4144 W ResourceType: No known package when getting name for resource number 0xffffffff
01-25 20:22:15.640  4130  4144 W ResourceType: No known package when getting name for resource number 0xffffffff
01-25 20:22:15.660  4088  4088 I TCPDUMP : Packets Captured ID =2935
01-25 20:22:15.660  4088  4088 I TCPDUMP : Packets Captured ID =2936
01-25 20:22:15.670  4130  4144 W ResourceType: No known package when getting name for resource number 0xffffffff
01-25 20:22:15.670  4130  4144 W ResourceType: No known package when getting name for resource number 0xffffffff
01-25 20:22:15.670  4130  4144 W ResourceType: No known package when getting name for resource number 0xffffffff
01-25 20:22:15.670  4130  4144 W ResourceType: No known package when getting name for resource number 0xffffffff
01-25 20:22:15.680  4130  4144 W ResourceType: No known package when getting name for resource number 0xffffffff
01-25 20:22:15.680  4130  4144 W ResourceType: No known package when getting name for resource number 0xffffffff
01-25 20:22:15.680  4130  4144 W ResourceType: No known package when getting name for resource number 0xffffffff
01-25 20:22:15.680  4130  4144 W ResourceType: No known package when getting name for resource number 0xffffffff
01-25 20:22:15.680  4130  4144 W ResourceType: No known package when getting name for resource number 0xffffffff
01-25 20:22:15.710  4130  4144 W ResourceType: No known package when getting name for resource number 0xffffffff
01-25 20:22:15.710  4130  4144 W ResourceType: No known package when getting name for resource number 0xffffffff
01-25 20:22:15.710  4130  4144 W ResourceType: No known package when getting name for resource number 0xffffffff
01-25 20:22:15.710  4130  4144 W ResourceType: No known package when getting name for resource number 0xffffffff
01-25 20:22:15.710  4130  4144 W ResourceType: No known package when getting name for resource number 0xffffffff
01-25 20:22:15.720  4130  4144 W ResourceType: No known package when getting name for resource number 0xffffffff
01-25 20:22:15.720  4130  4144 W ResourceType: No known package when getting name for resource number 0xffffffff
01-25 20:22:15.720  4130  4144 W ResourceType: No known package when getting name for resource number 0xffffffff
01-25 20:22:15.720  4130  4144 W ResourceType: No known package when getting name for resource number 0xffffffff
01-25 20:22:15.750  4130  4144 W ResourceType: No known package when getting name for resource number 0xffffffff
01-25 20:22:15.750  4130  4144 W ResourceType: No known package when getting name for resource number 0xffffffff
01-25 20:22:15.750  4130  4144 W ResourceType: No known package when getting name for resource number 0xffffffff
01-25 20:22:15.750  4130  4144 W ResourceType: No known package when getting name for resource number 0xffffffff
01-25 20:22:15.750  4130  4144 W ResourceType: No known package when getting name for resource number 0xffffffff
01-25 20:22:15.760  4130  4144 W ResourceType: No known package when getting name for resource number 0xffffffff
01-25 20:22:15.760  4130  4144 W ResourceType: No known package when getting name for resource number 0xffffffff
01-25 20:22:15.760  4130  4144 W ResourceType: No known package when getting name for resource number 0xffffffff
01-25 20:22:15.760  4130  4144 W ResourceType: No known package when getting name for resource number 0xffffffff
01-25 20:22:15.790  4088  4088 I TCPDUMP : Packets Captured ID =2937
01-25 20:22:15.790  4088  4088 I TCPDUMP : Packets Captured ID =2938
01-25 20:22:15.790  4088  4088 I TCPDUMP : Packets Captured ID =2939
01-25 20:22:15.790  4130  4144 W ResourceType: No known package when getting name for resource number 0xffffffff
01-25 20:22:15.790  4130  4144 W ResourceType: No known package when getting name for resource number 0xffffffff
01-25 20:22:15.800  4130  4144 W ResourceType: No known package when getting name for resource number 0xffffffff
01-25 20:22:15.800  4130  4144 W ResourceType: No known package when getting name for resource number 0xffffffff
01-25 20:22:15.800  4130  4144 W ResourceType: No known package when getting name for resource number 0xffffffff
01-25 20:22:15.800  4130  4144 W ResourceType: No known package when getting name for resource number 0xffffffff
01-25 20:22:15.800  4130  4144 W ResourceType: No known package when getting name for resource number 0xffffffff
01-25 20:22:15.810  4130  4144 W ResourceType: No known package when getting name for resource number 0xffffffff
01-25 20:22:15.810  4130  4144 W ResourceType: No known package when getting name for resource number 0xffffffff
01-25 20:22:15.840  4130  4144 W ResourceType: No known package when getting name for resource number 0xffffffff
01-25 20:22:15.840  4130  4144 W ResourceType: No known package when getting name for resource number 0xffffffff
01-25 20:22:15.840  4130  4144 W ResourceType: No known package when getting name for resource number 0xffffffff
01-25 20:22:15.840  4088  4088 I TCPDUMP : Packets Captured ID =2940
01-25 20:22:15.840  4088  4088 I TCPDUMP : Packets Captured ID =2941
01-25 20:22:15.840  4130  4144 W ResourceType: No known package when getting name for resource number 0xffffffff
01-25 20:22:15.850  4130  4144 W ResourceType: No known package when getting name for resource number 0xffffffff
01-25 20:22:15.850  4130  4144 W ResourceType: No known package when getting name for resource number 0xffffffff
01-25 20:22:15.850  4130  4144 W ResourceType: No known package when getting name for resource number 0xffffffff
01-25 20:22:15.850  4130  4144 W ResourceType: No known package when getting name for resource number 0xffffffff
01-25 20:22:15.850  4130  4144 W ResourceType: No known package when getting name for resource number 0xffffffff
01-25 20:22:15.880  4130  4144 W ResourceType: No known package when getting name for resource number 0xffffffff
01-25 20:22:15.880  4130  4144 W ResourceType: No known package when getting name for resource number 0xffffffff
01-25 20:22:15.890  4130  4144 W ResourceType: No known package when getting name for resource number 0xffffffff
01-25 20:22:15.890  4130  4144 W ResourceType: No known package when getting name for resource number 0xffffffff
01-25 20:22:15.890  4130  4144 W ResourceType: No known package when getting name for resource number 0xffffffff
01-25 20:22:15.890  4130  4144 W ResourceType: No known package when getting name for resource number 0xffffffff
01-25 20:22:15.890  4130  4144 W ResourceType: No known package when getting name for resource number 0xffffffff
01-25 20:22:15.890  4130  4144 W ResourceType: No known package when getting name for resource number 0xffffffff
01-25 20:22:15.890  4130  4144 W ResourceType: No known package when getting name for resource number 0xffffffff
01-25 20:22:15.920  4130  4144 W ResourceType: No known package when getting name for resource number 0xffffffff
01-25 20:22:15.920  4130  4144 W ResourceType: No known package when getting name for resource number 0xffffffff
01-25 20:22:15.920  4130  4144 W ResourceType: No known package when getting name for resource number 0xffffffff
01-25 20:22:15.920  4130  4144 W ResourceType: No known package when getting name for resource number 0xffffffff
01-25 20:22:15.920  4130  4144 W ResourceType: No known package when getting name for resource number 0xffffffff
01-25 20:22:15.920  4130  4144 W ResourceType: No known package when getting name for resource number 0xffffffff
01-25 20:22:15.930  4130  4144 W ResourceType: No known package when getting name for resource number 0xffffffff
01-25 20:22:15.930  4130  4144 W ResourceType: No known package when getting name for resource number 0xffffffff
01-25 20:22:15.930  4130  4144 W ResourceType: No known package when getting name for resource number 0xffffffff
01-25 20:22:15.930  4088  4088 I TCPDUMP : Packets Captured ID =2942
01-25 20:22:15.930  4088  4088 I TCPDUMP : Packets Captured ID =2943
01-25 20:22:15.930  4088  4088 I TCPDUMP : Packets Captured ID =2944
01-25 20:22:15.960  4130  4144 W ResourceType: No known package when getting name for resource number 0xffffffff
01-25 20:22:15.960  4130  4144 W ResourceType: No known package when getting name for resource number 0xffffffff
01-25 20:22:15.960  4130  4144 W ResourceType: No known package when getting name for resource number 0xffffffff
01-25 20:22:15.960  4130  4144 W ResourceType: No known package when getting name for resource number 0xffffffff
01-25 20:22:15.960  4130  4144 W ResourceType: No known package when getting name for resource number 0xffffffff
01-25 20:22:15.960  4130  4144 W ResourceType: No known package when getting name for resource number 0xffffffff
01-25 20:22:15.960  4130  4144 W ResourceType: No known package when getting name for resource number 0xffffffff
01-25 20:22:15.960  4130  4144 W ResourceType: No known package when getting name for resource number 0xffffffff
01-25 20:22:15.970  4130  4144 W ResourceType: No known package when getting name for resource number 0xffffffff
01-25 20:22:15.990  4088  4088 I TCPDUMP : Packets Captured ID =2945
01-25 20:22:15.990  4088  4088 I TCPDUMP : Packets Captured ID =2946
01-25 20:22:15.990  4130  4144 W ResourceType: No known package when getting name for resource number 0xffffffff
01-25 20:22:15.990  4130  4144 W ResourceType: No known package when getting name for resource number 0xffffffff
01-25 20:22:15.990  4130  4144 W ResourceType: No known package when getting name for resource number 0xffffffff
01-25 20:22:15.990  4130  4144 W ResourceType: No known package when getting name for resource number 0xffffffff
01-25 20:22:15.990  4130  4144 W ResourceType: No known package when getting name for resource number 0xffffffff
01-25 20:22:16.000  4130  4144 W ResourceType: No known package when getting name for resource number 0xffffffff
01-25 20:22:16.000  4130  4144 W ResourceType: No known package when getting name for resource number 0xffffffff
01-25 20:22:16.000  4130  4144 W ResourceType: No known package when getting name for resource number 0xffffffff
01-25 20:22:16.000  4130  4144 W ResourceType: No known package when getting name for resource number 0xffffffff
01-25 20:22:16.030  4130  4144 W ResourceType: No known package when getting name for resource number 0xffffffff
01-25 20:22:16.030  4130  4144 W ResourceType: No known package when getting name for resource number 0xffffffff
01-25 20:22:16.030  4130  4144 W ResourceType: No known package when getting name for resource number 0xffffffff
01-25 20:22:16.030  4130  4144 W ResourceType: No known package when getting name for resource number 0xffffffff
01-25 20:22:16.030  4130  4144 W ResourceType: No known package when getting name for resource number 0xffffffff
01-25 20:22:16.030  4130  4144 W ResourceType: No known package when getting name for resource number 0xffffffff
01-25 20:22:16.030  4130  4144 W ResourceType: No known package when getting name for resource number 0xffffffff
01-25 20:22:16.040  4130  4144 W ResourceType: No known package when getting name for resource number 0xffffffff
01-25 20:22:16.040  4130  4144 W ResourceType: No known package when getting name for resource number 0xffffffff
01-25 20:22:16.060  4130  4144 W ResourceType: No known package when getting name for resource number 0xffffffff
01-25 20:22:16.060  4130  4144 W ResourceType: No known package when getting name for resource number 0xffffffff
01-25 20:22:16.060  4130  4144 W ResourceType: No known package when getting name for resource number 0xffffffff
01-25 20:22:16.060  4130  4144 W ResourceType: No known package when getting name for resource number 0xffffffff
01-25 20:22:16.070  4130  4144 W ResourceType: No known package when getting name for resource number 0xffffffff
01-25 20:22:16.070  4130  4144 W ResourceType: No known package when getting name for resource number 0xffffffff
01-25 20:22:16.070  4130  4144 W ResourceType: No known package when getting name for resource number 0xffffffff
01-25 20:22:16.070  4088  4088 I TCPDUMP : Packets Captured ID =2947
01-25 20:22:16.070  4088  4088 I TCPDUMP : Packets Captured ID =2948
01-25 20:22:16.070  4088  4088 I TCPDUMP : Packets Captured ID =2949
01-25 20:22:16.080  4130  4144 W ResourceType: No known package when getting name for resource number 0xffffffff
01-25 20:22:16.080  4130  4144 W ResourceType: No known package when getting name for resource number 0xffffffff
01-25 20:22:16.110  4130  4144 W ResourceType: No known package when getting name for resource number 0xffffffff
01-25 20:22:16.110  4130  4144 W ResourceType: No known package when getting name for resource number 0xffffffff
01-25 20:22:16.110  4130  4144 W ResourceType: No known package when getting name for resource number 0xffffffff
01-25 20:22:16.110  4130  4144 W ResourceType: No known package when getting name for resource number 0xffffffff
01-25 20:22:16.120  4130  4144 W ResourceType: No known package when getting name for resource number 0xffffffff
01-25 20:22:16.120  4130  4144 W ResourceType: No known package when getting name for resource number 0xffffffff
01-25 20:22:16.120  4130  4144 W ResourceType: No known package when getting name for resource number 0xffffffff
01-25 20:22:16.120  4130  4144 W ResourceType: No known package when getting name for resource number 0xffffffff
01-25 20:22:16.120  4130  4144 W ResourceType: No known package when getting name for resource number 0xffffffff
01-25 20:22:16.130  3674  4032 W Settings: Setting airplane_mode_on has moved from android.provider.Settings.System to android.provider.Settings.Global, returning read-only value.
01-25 20:22:16.150  4088  4088 I TCPDUMP : Packets Captured ID =2950
01-25 20:22:16.150  4088  4088 I TCPDUMP : Packets Captured ID =2951
01-25 20:22:16.150  4130  4144 W ResourceType: No known package when getting name for resource number 0xffffffff
01-25 20:22:16.150  4130  4144 W ResourceType: No known package when getting name for resource number 0xffffffff
01-25 20:22:16.150  4130  4144 W ResourceType: No known package when getting name for resource number 0xffffffff
01-25 20:22:16.160  4130  4144 W ResourceType: No known package when getting name for resource number 0xffffffff
01-25 20:22:16.160  4130  4144 W ResourceType: No known package when getting name for resource number 0xffffffff
01-25 20:22:16.160  4130  4144 W ResourceType: No known package when getting name for resource number 0xffffffff
01-25 20:22:16.160  4130  4144 W ResourceType: No known package when getting name for resource number 0xffffffff
01-25 20:22:16.160  4130  4144 W ResourceType: No known package when getting name for resource number 0xffffffff
01-25 20:22:16.160  4130  4144 W ResourceType: No known package when getting name for resource number 0xffffffff
01-25 20:22:16.190  4130  4144 W ResourceType: No known package when getting name for resource number 0xffffffff
01-25 20:22:16.190  4130  4144 W ResourceType: No known package when getting name for resource number 0xffffffff
01-25 20:22:16.190  4130  4144 W ResourceType: No known package when getting name for resource number 0xffffffff
01-25 20:22:16.190  4130  4144 W ResourceType: No known package when getting name for resource number 0xffffffff
01-25 20:22:16.190  4130  4144 W ResourceType: No known package when getting name for resource number 0xffffffff
01-25 20:22:16.190  4130  4144 W ResourceType: No known package when getting name for resource number 0xffffffff
01-25 20:22:16.190  4130  4144 W ResourceType: No known package when getting name for resource number 0xffffffff
01-25 20:22:16.200  4130  4144 W ResourceType: No known package when getting name for resource number 0xffffffff
01-25 20:22:16.200  4130  4144 W ResourceType: No known package when getting name for resource number 0xffffffff
01-25 20:22:16.230  4130  4144 W ResourceType: No known package when getting name for resource number 0xffffffff
01-25 20:22:16.230  4130  4144 W ResourceType: No known package when getting name for resource number 0xffffffff
01-25 20:22:16.240  4130  4144 W ResourceType: No known package when getting name for resource number 0xffffffff
01-25 20:22:16.240  4130  4144 W ResourceType: No known package when getting name for resource number 0xffffffff
01-25 20:22:16.240  4130  4144 W ResourceType: No known package when getting name for resource number 0xffffffff
01-25 20:22:16.240  4130  4144 W ResourceType: No known package when getting name for resource number 0xffffffff
01-25 20:22:16.300  4088  4088 I TCPDUMP : Packets Captured ID =2952
01-25 20:22:16.300  4088  4088 I TCPDUMP : Packets Captured ID =2953
01-25 20:22:16.300  4088  4088 I TCPDUMP : Packets Captured ID =2954
01-25 20:22:16.360  4130  4135 D dalvikvm: GC_CONCURRENT freed 5468K, 32% free 18671K/27336K, paused 6ms+11ms, total 143ms
01-25 20:22:16.360  4130  4144 D dalvikvm: WAIT_FOR_CONCURRENT_GC blocked 118ms
01-25 20:22:16.360  4130  4144 W ResourceType: No known package when getting name for resource number 0xffffffff
01-25 20:22:16.360  4130  4144 W ResourceType: No known package when getting name for resource number 0xffffffff
01-25 20:22:16.360  4130  4144 W ResourceType: No known package when getting name for resource number 0xffffffff
01-25 20:22:16.360  4130  4232 D dalvikvm: WAIT_FOR_CONCURRENT_GC blocked 88ms
01-25 20:22:16.360  4130  4142 D dalvikvm: WAIT_FOR_CONCURRENT_GC blocked 104ms
01-25 20:22:16.390  4088  4088 I TCPDUMP : Packets Captured ID =2955
01-25 20:22:16.390  4088  4088 I TCPDUMP : Packets Captured ID =2956
01-25 20:22:16.390  4130  4144 W ResourceType: No known package when getting name for resource number 0xffffffff
01-25 20:22:16.390  4130  4144 W ResourceType: No known package when getting name for resource number 0xffffffff
01-25 20:22:16.390  4130  4144 W ResourceType: No known package when getting name for resource number 0xffffffff
01-25 20:22:16.390  4130  4144 W ResourceType: No known package when getting name for resource number 0xffffffff
01-25 20:22:16.390  4130  4144 W ResourceType: No known package when getting name for resource number 0xffffffff
01-25 20:22:16.400  4130  4144 W ResourceType: No known package when getting name for resource number 0xffffffff
01-25 20:22:16.400  4130  4144 W ResourceType: No known package when getting name for resource number 0xffffffff
01-25 20:22:16.400  4130  4144 W ResourceType: No known package when getting name for resource number 0xffffffff
01-25 20:22:16.400  4130  4144 W ResourceType: No known package when getting name for resource number 0xffffffff
01-25 20:22:16.430  4130  4144 W ResourceType: No known package when getting name for resource number 0xffffffff
01-25 20:22:16.430  4130  4144 W ResourceType: No known package when getting name for resource number 0xffffffff
01-25 20:22:16.430  4130  4144 W ResourceType: No known package when getting name for resource number 0xffffffff
01-25 20:22:16.430  4130  4144 W ResourceType: No known package when getting name for resource number 0xffffffff
01-25 20:22:16.430  4130  4144 W ResourceType: No known package when getting name for resource number 0xffffffff
01-25 20:22:16.440  4130  4144 W ResourceType: No known package when getting name for resource number 0xffffffff
01-25 20:22:16.440  4130  4144 W ResourceType: No known package when getting name for resource number 0xffffffff
01-25 20:22:16.440  4130  4144 W ResourceType: No known package when getting name for resource number 0xffffffff
01-25 20:22:16.440  4130  4144 W ResourceType: No known package when getting name for resource number 0xffffffff
01-25 20:22:16.470  4130  4144 W ResourceType: No known package when getting name for resource number 0xffffffff
01-25 20:22:16.470  4130  4144 W ResourceType: No known package when getting name for resource number 0xffffffff
01-25 20:22:16.470  4130  4144 W ResourceType: No known package when getting name for resource number 0xffffffff
01-25 20:22:16.470  4130  4144 W ResourceType: No known package when getting name for resource number 0xffffffff
01-25 20:22:16.470  4130  4144 W ResourceType: No known package when getting name for resource number 0xffffffff
01-25 20:22:16.480  4088  4088 I TCPDUMP : Packets Captured ID =2957
01-25 20:22:16.480  4088  4088 I TCPDUMP : Packets Captured ID =2958
01-25 20:22:16.480  4130  4144 W ResourceType: No known package when getting name for resource number 0xffffffff
01-25 20:22:16.480  4130  4144 W ResourceType: No known package when getting name for resource number 0xffffffff
01-25 20:22:16.480  4130  4144 W ResourceType: No known package when getting name for resource number 0xffffffff
01-25 20:22:16.480  4130  4144 W ResourceType: No known package when getting name for resource number 0xffffffff
01-25 20:22:16.510  4130  4144 W ResourceType: No known package when getting name for resource number 0xffffffff
01-25 20:22:16.510  4130  4144 W ResourceType: No known package when getting name for resource number 0xffffffff
01-25 20:22:16.510  4130  4144 W ResourceType: No known package when getting name for resource number 0xffffffff
01-25 20:22:16.510  4130  4144 W ResourceType: No known package when getting name for resource number 0xffffffff
01-25 20:22:16.510  4130  4144 W ResourceType: No known package when getting name for resource number 0xffffffff
01-25 20:22:16.510  4130  4144 W ResourceType: No known package when getting name for resource number 0xffffffff
01-25 20:22:16.520  4130  4144 W ResourceType: No known package when getting name for resource number 0xffffffff
01-25 20:22:16.520  4130  4144 W ResourceType: No known package when getting name for resource number 0xffffffff
01-25 20:22:16.520  4130  4144 W ResourceType: No known package when getting name for resource number 0xffffffff
01-25 20:22:16.551  4130  4144 W ResourceType: No known package when getting name for resource number 0xffffffff
01-25 20:22:16.551  4130  4144 W ResourceType: No known package when getting name for resource number 0xffffffff
01-25 20:22:16.551  4130  4144 W ResourceType: No known package when getting name for resource number 0xffffffff
01-25 20:22:16.551  4130  4144 W ResourceType: No known package when getting name for resource number 0xffffffff
01-25 20:22:16.551  4130  4144 W ResourceType: No known package when getting name for resource number 0xffffffff
01-25 20:22:16.551  4130  4144 W ResourceType: No known package when getting name for resource number 0xffffffff
01-25 20:22:16.561  4130  4144 W ResourceType: No known package when getting name for resource number 0xffffffff
01-25 20:22:16.561  4130  4144 W ResourceType: No known package when getting name for resource number 0xffffffff
01-25 20:22:16.561  4130  4144 W ResourceType: No known package when getting name for resource number 0xffffffff
01-25 20:22:16.591  4130  4144 W ResourceType: No known package when getting name for resource number 0xffffffff
01-25 20:22:16.591  4130  4144 W ResourceType: No known package when getting name for resource number 0xffffffff
01-25 20:22:16.591  4130  4144 D ROBOT_UTIL_ALF: OMG, cannot find view for class name:com.facebook.feed.ui.StoryContentTextView
01-25 20:22:16.611  4130  4144 W ResourceType: No known package when getting name for resource number 0xffffffff
01-25 20:22:16.611  4130  4144 W ResourceType: No known package when getting name for resource number 0xffffffff
01-25 20:22:16.611  4130  4144 D ROBOT_UTIL_ALF: OMG, cannot find view for class name:android.widget.TextView
01-25 20:22:16.641  4130  4144 W ResourceType: No known package when getting name for resource number 0xffffffff
01-25 20:22:16.641  4130  4144 W ResourceType: No known package when getting name for resource number 0xffffffff
01-25 20:22:16.641  4130  4144 D ROBOT_UTIL_ALF: OMG, cannot find view for class name:com.facebook.feed.ui.StoryContentTextView
01-25 20:22:16.671  4130  4144 W ResourceType: No known package when getting name for resource number 0xffffffff
01-25 20:22:16.671  4130  4144 W ResourceType: No known package when getting name for resource number 0xffffffff
01-25 20:22:16.681  4088  4088 I TCPDUMP : Packets Captured ID =2959
01-25 20:22:16.681  4088  4088 I TCPDUMP : Packets Captured ID =2960
01-25 20:22:16.691  4088  4088 I TCPDUMP : Packets Captured ID =2961
01-25 20:22:16.691  4130  4144 W ResourceType: No known package when getting name for resource number 0xffffffff
01-25 20:22:16.691  4130  4144 W ResourceType: No known package when getting name for resource number 0xffffffff
01-25 20:22:16.721  4130  4144 W ResourceType: No known package when getting name for resource number 0xffffffff
01-25 20:22:16.721  4130  4144 W ResourceType: No known package when getting name for resource number 0xffffffff
01-25 20:22:16.751  4130  4144 W ResourceType: No known package when getting name for resource number 0xffffffff
01-25 20:22:16.751  4130  4144 W ResourceType: No known package when getting name for resource number 0xffffffff
01-25 20:22:16.751  4130  4144 W ResourceType: No package identifier when getting name for resource number 0x00000000
01-25 20:22:16.751  4130  4144 W ResourceType: No known package when getting name for resource number 0xffffffff
01-25 20:22:16.751  4130  4144 W ResourceType: No known package when getting name for resource number 0xffffffff
01-25 20:22:16.751  4130  4144 W ResourceType: No known package when getting name for resource number 0xffffffff
01-25 20:22:16.751  4130  4144 W ResourceType: No known package when getting name for resource number 0xffffffff
01-25 20:22:16.781  4130  4144 W ResourceType: No known package when getting name for resource number 0xffffffff
01-25 20:22:16.781  4130  4144 W ResourceType: No known package when getting name for resource number 0xffffffff
01-25 20:22:16.781  4130  4144 W ResourceType: No package identifier when getting name for resource number 0x00000000
01-25 20:22:16.781  4130  4144 W ResourceType: No known package when getting name for resource number 0xffffffff
01-25 20:22:16.781  4130  4144 W ResourceType: No known package when getting name for resource number 0xffffffff
01-25 20:22:16.781  4130  4144 W ResourceType: No known package when getting name for resource number 0xffffffff
01-25 20:22:16.781  4130  4144 W ResourceType: No known package when getting name for resource number 0xffffffff
01-25 20:22:16.811  4130  4144 W ResourceType: No known package when getting name for resource number 0xffffffff
01-25 20:22:16.811  4130  4144 W ResourceType: No known package when getting name for resource number 0xffffffff
01-25 20:22:16.811  4130  4144 W ResourceType: No package identifier when getting name for resource number 0x00000000
01-25 20:22:16.811  4130  4144 W ResourceType: No known package when getting name for resource number 0xffffffff
01-25 20:22:16.811  4130  4144 W ResourceType: No known package when getting name for resource number 0xffffffff
01-25 20:22:16.811  4130  4144 W ResourceType: No known package when getting name for resource number 0xffffffff
01-25 20:22:16.811  4130  4144 W ResourceType: No known package when getting name for resource number 0xffffffff
01-25 20:22:16.811  4130  4144 D ROBOT_ALF: new feeds! new: 1
01-25 20:22:16.841  4130  4144 W ResourceType: No known package when getting name for resource number 0xffffffff
01-25 20:22:16.841  4130  4144 W ResourceType: No known package when getting name for resource number 0xffffffff
01-25 20:22:16.841  4130  4144 W ResourceType: No known package when getting name for resource number 0xffffffff
01-25 20:22:16.841  4130  4144 W ResourceType: No known package when getting name for resource number 0xffffffff
01-25 20:22:16.841  4130  4144 W ResourceType: No known package when getting name for resource number 0xffffffff
01-25 20:22:16.841  4130  4144 W ResourceType: No known package when getting name for resource number 0xffffffff
01-25 20:22:16.851  4130  4144 W ResourceType: No known package when getting name for resource number 0xffffffff
01-25 20:22:16.851  4130  4144 W ResourceType: No known package when getting name for resource number 0xffffffff
01-25 20:22:16.851  4130  4144 W ResourceType: No known package when getting name for resource number 0xffffffff
01-25 20:22:16.851  4130  4144 W ResourceType: No known package when getting name for resource number 0xffffffff
01-25 20:22:16.851  4130  4144 W ResourceType: No known package when getting name for resource number 0xffffffff
01-25 20:22:16.851  4130  4144 W ResourceType: No known package when getting name for resource number 0xffffffff
01-25 20:22:16.851  4130  4144 W ResourceType: No known package when getting name for resource number 0xffffffff
01-25 20:22:16.851  4130  4144 W ResourceType: No known package when getting name for resource number 0xffffffff
01-25 20:22:16.851  4130  4144 W ResourceType: No known package when getting name for resource number 0xffffffff
01-25 20:22:16.851  4130  4144 W ResourceType: No known package when getting name for resource number 0xffffffff
01-25 20:22:16.851  4130  4144 W ResourceType: No known package when getting name for resource number 0xffffffff
01-25 20:22:16.861  4130  4144 W ResourceType: No package identifier when getting name for resource number 0x00000000
01-25 20:22:16.861  4130  4144 D ROBOT_EVENT_ALF: EVENT: click on (619.5,206.0)
01-25 20:22:16.871  4088  4088 I TCPDUMP : Packets Captured ID =2962
01-25 20:22:16.871  4088  4088 I TCPDUMP : Packets Captured ID =2963
01-25 20:22:17.011  3674  3677 D dalvikvm: GC_CONCURRENT freed 421K, 25% free 3182K/4232K, paused 3ms+3ms, total 19ms
01-25 20:22:17.061  4088  4088 I TCPDUMP : Packets Captured ID =2964
01-25 20:22:17.061  4088  4088 I TCPDUMP : Packets Captured ID =2965
01-25 20:22:17.061  4088  4088 I TCPDUMP : Packets Captured ID =2966
01-25 20:22:17.131  3674  4032 W Settings: Setting airplane_mode_on has moved from android.provider.Settings.System to android.provider.Settings.Global, returning read-only value.
01-25 20:22:17.161   669   923 E LocSvc_eng: I/===> int loc_eng_inject_location(loc_eng_data_s_type&, double, double, float) line 818 
01-25 20:22:17.161   669   923 E LocSvc_eng: E/int loc_eng_inject_location(loc_eng_data_s_type&, double, double, float): log_eng state error: instance not initialized
01-25 20:22:17.161   669   923 E LocSvc_eng: I/Exiting int loc_eng_inject_location(loc_eng_data_s_type&, double, double, float) line 819 instance not initialized
01-25 20:22:17.211  4088  4088 I TCPDUMP : Packets Captured ID =2967
01-25 20:22:17.211  4088  4088 I TCPDUMP : Packets Captured ID =2968
01-25 20:22:17.361  4088  4088 I TCPDUMP : Packets Captured ID =2969
01-25 20:22:17.361  4088  4088 I TCPDUMP : Packets Captured ID =2970
01-25 20:22:17.361  4088  4088 I TCPDUMP : Packets Captured ID =2971
01-25 20:22:17.371  4130  4144 D ROBOT_ALF: send time:1390699337377
01-25 20:22:17.381  4088  4088 I TCPDUMP : Packets Captured ID =2972
01-25 20:22:17.381   244   578 D AudioStreamOutALSA: mHandle->useCase: HiFi
01-25 20:22:17.381   244   578 D ALSAModule: s_route: devices 0x2 in mode 0
01-25 20:22:17.381   244   578 D ALSAModule: switchDevice: device 2 mode:0
01-25 20:22:17.381   244   578 D ALSAModule: No valid input device: 0
01-25 20:22:17.381   244   578 D ALSAModule: switchDevice,rxDev:Speaker, txDev:(null), curRxDev:Speaker, curTxDev:None
01-25 20:22:17.381   244   578 D alsa_ucm: snd_use_case_set(): uc_mgr 0x41a822a0 identifier _enadev value Speaker
01-25 20:22:17.381   244   578 D ALSAModule: switchDevice: curTxUCMDevivce None curRxDevDevice Speaker
01-25 20:22:17.381   244   578 D alsa_ucm: snd_use_case_set(): uc_mgr 0x41a822a0 identifier _verb value HiFi
01-25 20:22:17.381   244   578 D alsa_ucm: Set mixer controls for Speaker enable 1
01-25 20:22:17.381   244   578 D ACDB-LOADER: ACDB -> send_audio_cal, acdb_id = 15, path =  0
01-25 20:22:17.381   244   578 D ACDB-LOADER: ACDB -> send_adm_topology
01-25 20:22:17.381   244   578 D ACDB-LOADER: ACDB -> ACDB_CMD_GET_AUDPROC_COMMON_TOPOLOGY_ID
01-25 20:22:17.381   244   578 D ACDB-LOADER: ACDB -> send_audtable
01-25 20:22:17.381   244   578 D ACDB-LOADER: ACDB -> ACDB_CMD_GET_AUDPROC_COMMON_TABLE
01-25 20:22:17.381   244   578 D ACDB-LOADER: ACDB -> AUDIO_SET_AUDPROC_CAL
01-25 20:22:17.381   244   578 D ACDB-LOADER: ACDB -> send_audvoltable
01-25 20:22:17.381   244   578 D ACDB-LOADER: ACDB -> ACDB_CMD_GET_AUDPROC_GAIN_DEP_VOLTBL_STEP_COPP
01-25 20:22:17.381   244   578 D ACDB-LOADER: ACDB -> AUDIO_SET_AUDPROC_VOL_CAL
01-25 20:22:17.381   244   578 D ACDB-LOADER: ACDB -> send_afe_cal
01-25 20:22:17.381   244   578 D ACDB-LOADER: ACDB -> ACDB_CMD_GET_AFE_COMMON_TABLE
01-25 20:22:17.381   244   578 E ACDB-LOADER: Error: ACDB AFE returned = -8
01-25 20:22:17.381   244   578 D ACDB-LOADER: ACDB -> AUDIO_SET_AFE_CAL
01-25 20:22:17.401   244   578 D alsa_ucm: Set mixer controls for HiFi enable 1
01-25 20:22:17.401   244   578 D ALSAModule: Device value returned is hw:0,0
01-25 20:22:17.411   244   578 D ALSAModule: setHardwareParams: reqBuffSize 2048 channels 2 sampleRate 48000
01-25 20:22:17.411   244   578 D ALSAModule: setHardwareParams: buffer_size 16384, period_size 2048, period_cnt 8
01-25 20:22:17.471  4130  4144 D ROBOT_EVENT_ALF: here17com.jayway.android.robotium.solo.Sleeper@416b54d8
01-25 20:22:17.492  4088  4088 I TCPDUMP : Packets Captured ID =2973
01-25 20:22:17.492  4088  4088 I TCPDUMP : Packets Captured ID =2974
01-25 20:22:17.532  4130  4130 E SpannableStringBuilder: SPAN_EXCLUSIVE_EXCLUSIVE spans cannot have a zero length
01-25 20:22:17.592   669   923 E LocSvc_eng: I/===> int loc_eng_inject_location(loc_eng_data_s_type&, double, double, float) line 818 
01-25 20:22:17.592   669   923 E LocSvc_eng: E/int loc_eng_inject_location(loc_eng_data_s_type&, double, double, float): log_eng state error: instance not initialized
01-25 20:22:17.592   669   923 E LocSvc_eng: I/Exiting int loc_eng_inject_location(loc_eng_data_s_type&, double, double, float) line 819 instance not initialized
01-25 20:22:17.602  4088  4088 I TCPDUMP : Packets Captured ID =2975
01-25 20:22:17.672  4130  4130 W MapActivity: Recycling dispatcher android_maps_conflict_avoidance.com.google.googlenav.datarequest.DataRequestDispatcher@416bbf38
01-25 20:22:17.682  4130  4130 V MapActivity: Recycling map object.
01-25 20:22:17.692  4130  4130 I Maps.MyLocationOverlay: Request updates from network
01-25 20:22:17.722   669   923 E LocSvc_eng: I/===> int loc_eng_inject_location(loc_eng_data_s_type&, double, double, float) line 818 
01-25 20:22:17.722   669   923 E LocSvc_eng: E/int loc_eng_inject_location(loc_eng_data_s_type&, double, double, float): log_eng state error: instance not initialized
01-25 20:22:17.722   669   923 E LocSvc_eng: I/Exiting int loc_eng_inject_location(loc_eng_data_s_type&, double, double, float) line 819 instance not initialized
01-25 20:22:17.832   241   355 D overlay : FROM_STATE = OV_BYPASS_2_LAYER TO_STATE = OV_CLOSED
01-25 20:22:17.832   669   685 I ActivityManager: Displayed com.facebook.katana/.activity.places.SelectAtTagActivity: +234ms (total +415ms)
01-25 20:22:17.832  4130  4130 I MapActivity: Handling network change notification:CONNECTED
01-25 20:22:17.832  4130  4130 E MapActivity: Couldn't get connection factory client
01-25 20:22:18.132  3674  4032 W Settings: Setting airplane_mode_on has moved from android.provider.Settings.System to android.provider.Settings.Global, returning read-only value.
01-25 20:22:18.162   241   355 D overlay : FROM_STATE = OV_CLOSED TO_STATE = OV_BYPASS_2_LAYER
01-25 20:22:18.332  4130  4135 D dalvikvm: GC_CONCURRENT freed 4940K, 31% free 19083K/27336K, paused 15ms+18ms, total 159ms
01-25 20:22:18.352  4130  4140 W CursorWrapperInner: Cursor finalized without prior close()
01-25 20:22:18.362  4130  4140 W CursorWrapperInner: Cursor finalized without prior close()
01-25 20:22:18.362  4130  4140 W CursorWrapperInner: Cursor finalized without prior close()
01-25 20:22:18.833  1291  1298 E MP-Decision: DOWN Ld:30 Ns:1.100000 Ts:190 rq:0.500000 seq:196.000000
01-25 20:22:18.973  4130  4144 D ROBOT_EVENT_ALF: here18
01-25 20:22:18.973  4130  4144 D ROBOT_EVENT_ALF: here2
01-25 20:22:18.983  4130  4144 D ROBOT_UTIL_ALF: prograss bar on!android.widget.ProgressBar,[54.0,104.0],2131364681,title_progress,
01-25 20:22:18.983  4130  4144 D ROBOT_EVENT_ALF: here17com.jayway.android.robotium.solo.Sleeper@416b54d8
01-25 20:22:19.133  3674  4032 W Settings: Setting airplane_mode_on has moved from android.provider.Settings.System to android.provider.Settings.Global, returning read-only value.
01-25 20:22:19.474  4088  4088 I TCPDUMP : Packets Captured ID =2976
01-25 20:22:19.474  4088  4088 I TCPDUMP : Packets Captured ID =2977
01-25 20:22:19.484  4088  4088 I TCPDUMP : Packets Captured ID =2978
01-25 20:22:20.124  3674  4032 W Settings: Setting airplane_mode_on has moved from android.provider.Settings.System to android.provider.Settings.Global, returning read-only value.
01-25 20:22:20.775   244   690 D alsa_ucm: snd_use_case_set(): uc_mgr 0x41a822a0 identifier _verb value Inactive
01-25 20:22:20.775   244   690 D alsa_ucm: Set mixer controls for HiFi enable 0
01-25 20:22:20.775   244   690 D alsa_ucm: snd_use_case_set(): uc_mgr 0x41a822a0 identifier _disdev value Speaker
01-25 20:22:20.775   244   690 D alsa_ucm: Set mixer controls for Speaker enable 0
01-25 20:22:21.035  4088  4088 I TCPDUMP : Packets Captured ID =2979
01-25 20:22:21.035  4088  4088 I TCPDUMP : Packets Captured ID =2980
01-25 20:22:21.125  3674  4032 W Settings: Setting airplane_mode_on has moved from android.provider.Settings.System to android.provider.Settings.Global, returning read-only value.
01-25 20:22:21.175  4088  4088 I TCPDUMP : Packets Captured ID =2981
01-25 20:22:21.175  4088  4088 I TCPDUMP : Packets Captured ID =2982
01-25 20:22:21.175  4088  4088 I TCPDUMP : Packets Captured ID =2983
01-25 20:22:21.406  4088  4088 I TCPDUMP : Packets Captured ID =2984
01-25 20:22:21.406  4088  4088 I TCPDUMP : Packets Captured ID =2985
01-25 20:22:21.606  4088  4088 I TCPDUMP : Packets Captured ID =2986
01-25 20:22:21.676  4088  4088 I TCPDUMP : Packets Captured ID =2987
01-25 20:22:21.676  4088  4088 I TCPDUMP : Packets Captured ID =2988
01-25 20:22:21.696  4088  4088 I TCPDUMP : Packets Captured ID =2989
01-25 20:22:21.826  4088  4088 I TCPDUMP : Packets Captured ID =2990
01-25 20:22:21.826  4088  4088 I TCPDUMP : Packets Captured ID =2991
01-25 20:22:21.826  4088  4088 I TCPDUMP : Packets Captured ID =2992
01-25 20:22:21.976  4088  4088 I TCPDUMP : Packets Captured ID =2993
01-25 20:22:21.976  4088  4088 I TCPDUMP : Packets Captured ID =2994
01-25 20:22:21.976  4130  4144 D ROBOT_EVENT_ALF: here18
01-25 20:22:21.976  4130  4144 D ROBOT_EVENT_ALF: here17com.jayway.android.robotium.solo.Sleeper@416b54d8
01-25 20:22:22.116  4088  4088 I TCPDUMP : Packets Captured ID =2995
01-25 20:22:22.116  4088  4088 I TCPDUMP : Packets Captured ID =2996
01-25 20:22:22.116  4088  4088 I TCPDUMP : Packets Captured ID =2997
01-25 20:22:22.136  3674  4032 W Settings: Setting airplane_mode_on has moved from android.provider.Settings.System to android.provider.Settings.Global, returning read-only value.
01-25 20:22:22.287  4088  4088 I TCPDUMP : Packets Captured ID =2998
01-25 20:22:22.287  4088  4088 I TCPDUMP : Packets Captured ID =2999
01-25 20:22:22.417  4088  4088 I TCPDUMP : Packets Captured ID =3000
01-25 20:22:22.417  4088  4088 I TCPDUMP : Packets Captured ID =3001
01-25 20:22:22.417  4088  4088 I TCPDUMP : Packets Captured ID =3002
01-25 20:22:22.647  4088  4088 I TCPDUMP : Packets Captured ID =3003
01-25 20:22:22.647  4088  4088 I TCPDUMP : Packets Captured ID =3004
01-25 20:22:22.827  4088  4088 I TCPDUMP : Packets Captured ID =3005
01-25 20:22:22.827  4088  4088 I TCPDUMP : Packets Captured ID =3006
01-25 20:22:22.827  4088  4088 I TCPDUMP : Packets Captured ID =3007
01-25 20:22:22.967  4088  4088 I TCPDUMP : Packets Captured ID =3008
01-25 20:22:22.977  4088  4088 I TCPDUMP : Packets Captured ID =3009
01-25 20:22:23.118  4088  4088 I TCPDUMP : Packets Captured ID =3010
01-25 20:22:23.118  4088  4088 I TCPDUMP : Packets Captured ID =3011
01-25 20:22:23.118  4088  4088 I TCPDUMP : Packets Captured ID =3012
01-25 20:22:23.128  3674  4032 W Settings: Setting airplane_mode_on has moved from android.provider.Settings.System to android.provider.Settings.Global, returning read-only value.
01-25 20:22:23.678  4088  4088 I TCPDUMP : Packets Captured ID =3013
01-25 20:22:23.678  4088  4088 I TCPDUMP : Packets Captured ID =3014
01-25 20:22:23.778  4088  4088 I TCPDUMP : Packets Captured ID =3015
01-25 20:22:23.908  4088  4088 I TCPDUMP : Packets Captured ID =3016
01-25 20:22:23.908  4088  4088 I TCPDUMP : Packets Captured ID =3017
01-25 20:22:23.908  4088  4088 I TCPDUMP : Packets Captured ID =3018
01-25 20:22:24.038  4088  4088 I TCPDUMP : Packets Captured ID =3019
01-25 20:22:24.038  4088  4088 I TCPDUMP : Packets Captured ID =3020
01-25 20:22:24.129  3674  4032 W Settings: Setting airplane_mode_on has moved from android.provider.Settings.System to android.provider.Settings.Global, returning read-only value.
01-25 20:22:24.269  4088  4088 I TCPDUMP : Packets Captured ID =3021
01-25 20:22:24.269  4088  4088 I TCPDUMP : Packets Captured ID =3022
01-25 20:22:24.269  4088  4088 I TCPDUMP : Packets Captured ID =3023
01-25 20:22:24.479  4088  4088 I TCPDUMP : Packets Captured ID =3024
01-25 20:22:24.479  4088  4088 I TCPDUMP : Packets Captured ID =3025
01-25 20:22:24.639  4088  4088 I TCPDUMP : Packets Captured ID =3026
01-25 20:22:24.639  4088  4088 I TCPDUMP : Packets Captured ID =3027
01-25 20:22:24.639  4088  4088 I TCPDUMP : Packets Captured ID =3028
01-25 20:22:24.699  4088  4088 I TCPDUMP : Packets Captured ID =3029
01-25 20:22:24.779  4088  4088 I TCPDUMP : Packets Captured ID =3030
01-25 20:22:24.799  4088  4088 I TCPDUMP : Packets Captured ID =3031
01-25 20:22:24.980  4130  4144 D ROBOT_EVENT_ALF: here18
01-25 20:22:25.000  4088  4088 I TCPDUMP : Packets Captured ID =3032
01-25 20:22:25.000  4088  4088 I TCPDUMP : Packets Captured ID =3033
01-25 20:22:25.100  4130  4144 D ROBOT_UTIL_ALF: prograss bar on!android.widget.ProgressBar,[54.0,104.0],2131364681,title_progress,
01-25 20:22:25.100  4130  4144 D ROBOT_EVENT_ALF: here17com.jayway.android.robotium.solo.Sleeper@416b54d8
01-25 20:22:25.110  3674  3677 D dalvikvm: GC_CONCURRENT freed 425K, 26% free 3158K/4232K, paused 6ms+1ms, total 43ms
01-25 20:22:25.130  3674  4032 W Settings: Setting airplane_mode_on has moved from android.provider.Settings.System to android.provider.Settings.Global, returning read-only value.
01-25 20:22:25.200  4088  4088 I TCPDUMP : Packets Captured ID =3034
01-25 20:22:25.200  4088  4088 I TCPDUMP : Packets Captured ID =3035
01-25 20:22:25.210  4088  4088 I TCPDUMP : Packets Captured ID =3036
01-25 20:22:25.680  4088  4088 I TCPDUMP : Packets Captured ID =3037
01-25 20:22:25.680  4088  4088 I TCPDUMP : Packets Captured ID =3038
01-25 20:22:25.680  4088  4088 I TCPDUMP : Packets Captured ID =3039
01-25 20:22:25.680  4088  4088 I TCPDUMP : Packets Captured ID =3040
01-25 20:22:25.700  4088  4088 I TCPDUMP : Packets Captured ID =3041
01-25 20:22:26.011  4088  4088 I TCPDUMP : Packets Captured ID =3042
01-25 20:22:26.011  4088  4088 I TCPDUMP : Packets Captured ID =3043
01-25 20:22:26.021  4088  4088 I TCPDUMP : Packets Captured ID =3044
01-25 20:22:26.131  3674  4032 W Settings: Setting airplane_mode_on has moved from android.provider.Settings.System to android.provider.Settings.Global, returning read-only value.
01-25 20:22:26.291  4088  4088 I TCPDUMP : Packets Captured ID =3045
01-25 20:22:26.291  4088  4088 I TCPDUMP : Packets Captured ID =3046
01-25 20:22:26.771  4088  4088 I TCPDUMP : Packets Captured ID =3047
01-25 20:22:26.771  4088  4088 I TCPDUMP : Packets Captured ID =3048
01-25 20:22:26.771  4088  4088 I TCPDUMP : Packets Captured ID =3049
01-25 20:22:27.132  3674  4032 W Settings: Setting airplane_mode_on has moved from android.provider.Settings.System to android.provider.Settings.Global, returning read-only value.
01-25 20:22:27.172  4088  4088 I TCPDUMP : Packets Captured ID =3050
01-25 20:22:27.172  4088  4088 I TCPDUMP : Packets Captured ID =3051
01-25 20:22:27.452  4088  4088 I TCPDUMP : Packets Captured ID =3052
01-25 20:22:27.452  4088  4088 I TCPDUMP : Packets Captured ID =3053
01-25 20:22:27.452  4088  4088 I TCPDUMP : Packets Captured ID =3054
01-25 20:22:27.873  4088  4088 I TCPDUMP : Packets Captured ID =3055
