01-25 20:17:58.091  1355  1397 I RILC    : qmi_ril(0/1355): [qmi_cb] qcril_qmi_nas_persist_entry_update: op_name_to_save: AT&T
01-25 20:17:58.091   583   731 E RIL-RAWDATA: service_ID = 3, message_ID = 4c 
01-25 20:17:58.091   583   731 E RIL-RAWDATA: 01 30 00 80 03 03 04 00 00 4C 00 ..
01-25 20:17:58.091   583   731 D RIL-QMI : qmuxd: TX message on fd=21, to clientID = 3, len=83
01-25 20:17:58.091  1355  1397 I RILC    : qmi_ril(0/1355): [qmi_cb] qcril_qmi_nas_persist_entry_update: .. iter - # 0, name persist.radio.nitz_lons_0_3, val AT&T, res 0
01-25 20:17:58.091  1355  1397 I RILC    : qmi_ril(0/1355): [qmi_cb] qcril_qmi_nas_persist_entry_update: .. iter - # 1, name persist.radio.nitz_lons_1_3, val , res 0
01-25 20:17:58.091  1355  1397 I RILC    : qmi_ril(0/1355): [qmi_cb] qcril_qmi_nas_persist_entry_update: op_name_to_save: AT&T
01-25 20:17:58.091  1355  1397 I RILC    : qmi_ril(0/1355): [qmi_cb] qcril_qmi_nas_persist_entry_update: .. iter - # 0, name persist.radio.nitz_sons_0_3, val AT&T, res 0
01-25 20:17:58.091  1355  1397 I RILC    : qmi_ril(0/1355): [qmi_cb] qcril_qmi_nas_persist_entry_update: .. iter - # 1, name persist.radio.nitz_sons_1_3, val , res 0
01-25 20:17:58.091  1355  1397 I RILC    : qmi_ril(0/1355): [qmi_cb] qcril_qmi_nas_nitz_persistent_cache_update: .. plmn inf persist.radio.nitz_plmn_3 - 310 410, 0
01-25 20:17:58.091  1355  1397 I RILC    : qmi_ril(0/1355): [qmi_cb] qcril_qmi_nas_nitz_persistent_cache_update: ..overall push through status 0
01-25 20:17:58.091  1355  1397 I RILC    : qmi_ril(0/1355): [qmi_cb] qcril_qmi_nas_update_presist_nitz_cache_shadow: .. long AT&T, short AT&T, mcc 310, mnc 410
01-25 20:17:58.091  1355  1397 I RILC    : qmi_ril(0/1355): [qmi_cb] qcril_qmi_nas_unsolicited_indication_cb: .. operational state 3
01-25 20:17:58.091  1355  1397 I RILC    : qmi_ril(0/1355): [qmi_cb] qcril_qmi_nas_unsolicited_indication_cb: invoked msg 0x4c
01-25 20:17:58.091  1355  1397 I RILC    : qmi_ril(0/1355): [qmi_cb] qcril_qmi_nas_is_considered_registered: .. cache valid 1
01-25 20:17:58.091  1355  1397 I RILC    : qmi_ril(0/1355): [qmi_cb] qcril_qmi_nas_network_time_ind_conv_qmi2ril: g_daylight : 0
01-25 20:17:58.091  1355  1397 I RILC    : qmi_ril(0/1355): [qmi_cb] qcril_qmi_nas_network_time_ind_conv_qmi2ril: mcc_len : 7
01-25 20:17:58.091  1355  1397 I RILC    : qmi_ril(0/1355): [qmi_cb] qcril_qmi_nas_network_time_ind_conv_qmi2ril: not 001011
01-25 20:17:58.091  1355  1397 I RILC    : qmi_ril(0/1355): [qmi_cb] qcril_qmi_nas_network_time_ind_conv_qmi2ril: [NAM] TempMcc : 310
01-25 20:17:58.091  1355  1397 I RILC    : qmi_ril(0/1355): [qmi_cb] qcril_qmi_nas_get_zoneID: qcril_qmi_nas_get_zoneID :  310
01-25 20:17:58.091  1355  1397 I RILC    : qmi_ril(0/1355): [qmi_cb] qcril_qmi_nas_get_zoneID: find :  
01-25 20:17:58.091  1355  1397 I RILC    : qmi_ril(0/1355): [qmi_cb] qcril_qmi_nas_network_time_ind_conv_qmi2ril: [NAM] Target ZoneID : 
01-25 20:17:58.091  1355  1397 I RILC    : qmi_ril(0/1355): [qmi_cb] qcril_qmi_nas_network_time_ind_conv_qmi2ril: [NITZ] Replace from ZoneID to MCC. [310]
01-25 20:17:58.091  1355  1397 I RILC    : qmi_ril(0/1355): [qmi_cb] qcril_qmi_nas_network_time_ind_conv_qmi2ril: ril_nitz_time_msg is: 14/01/26,01:17:58-20,00,310
01-25 20:17:58.091  1355  1397 I RILC    : qmi_ril(0/1355): [qmi_cb] qcril_qmi_nas_unsolicited_indication_cb: .. operational state 3
01-25 20:17:58.091  1355  1397 D RILC    : qmi_ril(0/1355): [qmi_cb] qcril_send_unsol_response: [DEADLOCK-DEBUG] >> get the peding LOCK - qcril_send_unsol_response 
01-25 20:17:58.091  1355  1397 D RILC    : qmi_ril(0/1355): [qmi_cb] qmi_ril_android_pending_unsol_resp_lock: [DEADLOCK-DEBUG] qmi_ril_android_pending_unsol_resp_lock - Before Count  : 0
01-25 20:17:58.091  1355  1397 D RILC    : qmi_ril(0/1355): [qmi_cb] qcril_send_unsol_response_epilog: UI <--- RIL_UNSOL_NITZ_TIME_RECEIVED (1008) --- RIL [RID 0, Len 28, (null)]
01-25 20:17:58.091  1355  1397 D RILC    : qmi_ril(0/1355): [qmi_cb] qcril_send_unsol_response: [DEADLOCK-DEBUG] << get the peding UNLOCK - qcril_send_unsol_response 
01-25 20:17:58.091  1355  1397 D RILC    : qmi_ril(0/1355): [qmi_cb] qmi_ril_android_pending_unsol_resp_unlock: [DEADLOCK-DEBUG] qmi_ril_android_pending_unsol_resp_unlock - Before Count  : 1
01-25 20:17:58.091  1355  1397 I RILC    : qmi_ril(0/1355): [qmi_cb] qcril_qmi_nas_unsolicited_indication_cb: posted RIL indication 1008
01-25 20:17:58.091  1355  1356 V RILC    : processWakeupCallback
01-25 20:17:58.091   933  1007 D RILJ    : [UNSL]< UNSOL_NITZ_TIME_RECEIVED 14/01/26,01:17:58-20,00,310
01-25 20:17:58.101   933   933 D GSM     : [GsmSST] NITZ: 14/01/26,01:17:58-20,00,,814452 start=814453 delay=1
01-25 20:17:58.101   933   933 D GSM     : [GsmSST] setAndBroadcastNetworkSetTimeZone: setTimeZone=America/New_York
01-25 20:17:58.101   933   933 D GSM     : [GsmSST] setAndBroadcastNetworkSetTimeZone: call alarm.setTimeZone and broadcast zoneId=America/New_York
01-25 20:17:58.101   933   933 D GSM     : [GsmSST] NITZ: Setting time of day to Sat Jan 25 20:17:58 EST 2014 NITZ receive delay(ms): 8 gained(ms): -104 from 14/01/26,01:17:58-20,00,
01-25 20:17:58.018   933   933 I GSM     : NITZ: after Setting time of day
01-25 20:17:58.028   583   731 E RIL-RAWDATA: service_ID = 3, message_ID = 4e 
01-25 20:17:58.028   583   731 E RIL-RAWDATA: 01 61 00 80 03 03 04 00 00 4E 00 ..
01-25 20:17:58.028   583   731 D RIL-QMI : qmuxd: TX message on fd=21, to clientID = 3, len=132
01-25 20:17:58.028  1355  1397 I RILC    : qmi_ril(0/1355): [qmi_cb] qcril_qmi_nas_unsolicited_indication_cb: invoked msg 0x4e
01-25 20:17:58.028  1355  1397 I RILC    : qmi_ril(0/1355): [qmi_cb] qcril_qmi_nas_is_considered_registered: .. cache valid 1
01-25 20:17:58.028  1355  1397 I RILC    : qmi_ril(0/1355): [qmi_cb] qcril_qmi_nas_update_voice_rte: [CS] 1x reg [0], gsm reg [2], wcdma reg [1], lte reg [2], hdr reg [0]
01-25 20:17:58.028  1355  1397 I RILC    : qmi_ril(0/1355): [qmi_cb] qcril_qmi_nas_update_voice_rte: completed, new vrte 3 with confidence 1
01-25 20:17:58.028  1355  1397 I RILC    : qmi_ril(0/1355): [qmi_cb] qcril_qmi_get_pref_data_tech: before translation : is_current 1 network_type 0 rat_mask 1 db_so_mask 0 pref_data_tech UNKNOWN
01-25 20:17:58.028  1355  1397 I RILC    : qmi_ril(0/1355): [qmi_cb] qcril_qmi_convert_rat_mask_to_technology: technology UMTS
01-25 20:17:58.028  1355  1397 I RILC    : qmi_ril(0/1355): [qmi_cb] qcril_qmi_get_pref_data_tech: after translation : is_current 1 network_type 0 rat_mask 1 db_so_mask 0 pref_data_tech UMTS technology 3
01-25 20:17:58.028  1355  1397 I RILC    : qmi_ril(0/1355): [qmi_cb] qmi_ril_nw_reg_extend_pref_data_tech_cl: is extrapolation 0, cache is valid 0, cache rat 0, oprt valid 1, oprt 0, card status 3, card ever present 1, ban 0, mpv 1, mp 28
01-25 20:17:58.028  1355  1397 I RILC    : qmi_ril(0/1355): [qmi_cb] qmi_ril_nw_reg_extend_pref_data_tech_cl: need reset 0
01-25 20:17:58.028  1355  1397 I RILC    : qmi_ril(0/1355): [qmi_cb] qmi_ril_nw_reg_extend_pref_data_tech_cl: RAT 3, is current 1, is_extrapolation 0, is_extrap_roaming 0
01-25 20:17:58.028  1355  1397 I RILC    : qmi_ril(0/1355): [qmi_cb] qcril_qmi_nas_update_data_rte: [PS] 1x reg [0], gsm reg [2], wcdma reg [1], lte reg [2], hdr reg [0]
01-25 20:17:58.028  1355  1397 I RILC    : qmi_ril(0/1355): [qmi_cb] qcril_qmi_nas_update_data_rte: CnE module available
01-25 20:17:58.028  1355  1397 I RILC    : qmi_ril(0/1355): [qmi_cb] qcril_qmi_nas_update_data_rte: with current status
01-25 20:17:58.028  1355  1397 I RILC    : qmi_ril(0/1355): [qmi_cb] qcril_qmi_nas_util_map_pref_data_tech_to_data_rte: entered, pref data tech is UMTS
01-25 20:17:58.028  1355  1397 I RILC    : qmi_ril(0/1355): [qmi_cb] qcril_qmi_nas_util_map_pref_data_tech_to_data_rte: completed, data rte is 3
01-25 20:17:58.028  1355  1397 I RILC    : qmi_ril(0/1355): [qmi_cb] qcril_qmi_nas_update_data_rte: data rte calculated
01-25 20:17:58.028  1355  1397 I RILC    : qmi_ril(0/1355): [qmi_cb] qcril_qmi_nas_update_data_rte: preferred data tech available UMTS
01-25 20:17:58.028  1355  1397 I RILC    : qmi_ril(0/1355): [qmi_cb] qcril_qmi_nas_update_data_rte: [FINAL-PS] 1x reg [0], gsm reg [0], wcdma reg [1], lte reg [0], hdr reg [0]
01-25 20:17:58.028  1355  1397 I RILC    : qmi_ril(0/1355): [qmi_cb] qcril_qmi_nas_update_data_rte: completed, new drte 3 with confidence 1
01-25 20:17:58.028  1355  1397 I RILC    : qmi_ril(0/1355): [qmi_cb] qcril_qmi_nas_update_data_rte: completed, new drte 3
01-25 20:17:58.028  1355  1397 I RILC    : qmi_ril(0/1355): [qmi_cb] qcril_qmi_nas_update_ims_rte: completed, new irte 0 with confidence 4
01-25 20:17:58.028  1355  1397 I RILC    : qmi_ril(0/1355): [qmi_cb] qcril_qmi_voice_technology_updated: ..nas_cached_info.voice_rte 3, nas_cached_info.data_rte 3, nas_cached_info.ims_rte 0, will be considered 3
01-25 20:17:58.028  1355  1397 I RILC    : qmi_ril(0/1355): [qmi_cb] qmi_ril_nwr_update_reg_rej_from_sys_info: [CS] 1x reg [0], gsm reg [2], wcdma reg [1], lte reg [2], hdr reg [0]
01-25 20:17:58.028  1355  1397 I RILC    : qmi_ril(0/1355): [qmi_cb] qmi_ril_nwr_update_reg_rej_from_sys_info: .. nof cs reg reject 0, cs reg reject for direct inj 0
01-25 20:17:58.028  1355  1397 I RILC    : qmi_ril(0/1355): [qmi_cb] qmi_ril_nwr_update_reg_rej_from_sys_info: .. abandoning cs_rejected as full service
01-25 20:17:58.028  1355  1397 I RILC    : qmi_ril(0/1355): [qmi_cb] qmi_ril_nwr_reg_reject_handle_event_cl: .. rte_kind 1, rte 3, evt 3
01-25 20:17:58.028  1355  1397 I RILC    : qmi_ril(0/1355): [qmi_cb] qmi_ril_nwr_update_reg_rej_from_sys_info: [PS] 1x reg [0], gsm reg [2], wcdma reg [1], lte reg [2], hdr reg [0]
01-25 20:17:58.028  1355  1397 I RILC    : qmi_ril(0/1355): [qmi_cb] qmi_ril_nwr_update_reg_rej_from_sys_info: .. drop as full svc
01-25 20:17:58.028  1355  1397 I RILC    : qmi_ril(0/1355): [qmi_cb] qmi_ril_nwr_reg_reject_handle_event_cl: .. rte_kind 2, rte 3, evt 3
01-25 20:17:58.028  1355  1397 I RILC    : qmi_ril(0/1355): [qmi_cb] qcril_qmi_get_pref_data_tech: before translation : is_current 1 network_type 0 rat_mask 1 db_so_mask 0 pref_data_tech UNKNOWN
01-25 20:17:58.028  1355  1397 I RILC    : qmi_ril(0/1355): [qmi_cb] qcril_qmi_convert_rat_mask_to_technology: technology UMTS
01-25 20:17:58.028  1355  1397 I RILC    : qmi_ril(0/1355): [qmi_cb] qcril_qmi_get_pref_data_tech: after translation : is_current 1 network_type 0 rat_mask 1 db_so_mask 0 pref_data_tech UMTS technology 3
01-25 20:17:58.028  1355  1397 I RILC    : qmi_ril(0/1355): [qmi_cb] qcril_qmi_nas_is_data_nw_state_updated: CnE module available with current status - Valid pref data tech 4
01-25 20:17:58.028  1355  1397 I RILC    : qmi_ril(0/1355): [qmi_cb] qcril_qmi_nas_update_voice_rte: [CS] 1x reg [0], gsm reg [2], wcdma reg [1], lte reg [2], hdr reg [0]
01-25 20:17:58.028  1355  1397 I RILC    : qmi_ril(0/1355): [qmi_cb] qcril_qmi_nas_update_voice_rte: completed, new vrte 3 with confidence 1
01-25 20:17:58.028  1355  1397 I RILC    : qmi_ril(0/1355): [qmi_cb] qcril_qmi_get_pref_data_tech: before translation : is_current 1 network_type 0 rat_mask 1 db_so_mask 0 pref_data_tech UNKNOWN
01-25 20:17:58.028  1355  1397 I RILC    : qmi_ril(0/1355): [qmi_cb] qcril_qmi_convert_rat_mask_to_technology: technology UMTS
01-25 20:17:58.028  1355  1397 I RILC    : qmi_ril(0/1355): [qmi_cb] qcril_qmi_get_pref_data_tech: after translation : is_current 1 network_type 0 rat_mask 1 db_so_mask 0 pref_data_tech UMTS technology 3
01-25 20:17:58.028  1355  1397 I RILC    : qmi_ril(0/1355): [qmi_cb] qmi_ril_nw_reg_extend_pref_data_tech_cl: is extrapolation 0, cache is valid 0, cache rat 0, oprt valid 1, oprt 0, card status 3, card ever present 1, ban 0, mpv 1, mp 28
01-25 20:17:58.028  1355  1397 I RILC    : qmi_ril(0/1355): [qmi_cb] qmi_ril_nw_reg_extend_pref_data_tech_cl: need reset 0
01-25 20:17:58.028  1355  1397 I RILC    : qmi_ril(0/1355): [qmi_cb] qmi_ril_nw_reg_extend_pref_data_tech_cl: RAT 3, is current 1, is_extrapolation 0, is_extrap_roaming 0
01-25 20:17:58.028  1355  1397 I RILC    : qmi_ril(0/1355): [qmi_cb] qcril_qmi_nas_update_data_rte: [PS] 1x reg [0], gsm reg [2], wcdma reg [1], lte reg [2], hdr reg [0]
01-25 20:17:58.028  1355  1397 I RILC    : qmi_ril(0/1355): [qmi_cb] qcril_qmi_nas_update_data_rte: CnE module available
01-25 20:17:58.028  1355  1397 I RILC    : qmi_ril(0/1355): [qmi_cb] qcril_qmi_nas_update_data_rte: with current status
01-25 20:17:58.028  1355  1397 I RILC    : qmi_ril(0/1355): [qmi_cb] qcril_qmi_nas_util_map_pref_data_tech_to_data_rte: entered, pref data tech is UMTS
01-25 20:17:58.028  1355  1397 I RILC    : qmi_ril(0/1355): [qmi_cb] qcril_qmi_nas_util_map_pref_data_tech_to_data_rte: completed, data rte is 3
01-25 20:17:58.028  1355  1397 I RILC    : qmi_ril(0/1355): [qmi_cb] qcril_qmi_nas_update_data_rte: data rte calculated
01-25 20:17:58.028  1355  1397 I RILC    : qmi_ril(0/1355): [qmi_cb] qcril_qmi_nas_update_data_rte: preferred data tech available UMTS
01-25 20:17:58.028  1355  1397 I RILC    : qmi_ril(0/1355): [qmi_cb] qcril_qmi_nas_update_data_rte: [FINAL-PS] 1x reg [0], gsm reg [0], wcdma reg [1], lte reg [0], hdr reg [0]
01-25 20:17:58.028  1355  1397 I RILC    : qmi_ril(0/1355): [qmi_cb] qcril_qmi_nas_update_data_rte: completed, new drte 3 with confidence 1
01-25 20:17:58.028  1355  1397 I RILC    : qmi_ril(0/1355): [qmi_cb] qcril_qmi_nas_update_data_rte: completed, new drte 3
01-25 20:17:58.028  1355  1397 I RILC    : qmi_ril(0/1355): [qmi_cb] qcril_qmi_nas_update_ims_rte: completed, new irte 0 with confidence 4
01-25 20:17:58.028  1355  1397 I RILC    : qmi_ril(0/1355): [qmi_cb] qcril_qmi_voice_technology_updated: ..nas_cached_info.voice_rte 3, nas_cached_info.data_rte 3, nas_cached_info.ims_rte 0, will be considered 3
01-25 20:17:58.028  1355  1397 I RILC    : qmi_ril(0/1355): [qmi_cb] qmi_ril_nwr_update_reg_rej_from_sys_info: [CS] 1x reg [0], gsm reg [2], wcdma reg [1], lte reg [2], hdr reg [0]
01-25 20:17:58.028  1355  1397 I RILC    : qmi_ril(0/1355): [qmi_cb] qmi_ril_nwr_update_reg_rej_from_sys_info: .. nof cs reg reject 0, cs reg reject for direct inj 0
01-25 20:17:58.028  1355  1397 I RILC    : qmi_ril(0/1355): [qmi_cb] qmi_ril_nwr_update_reg_rej_from_sys_info: .. abandoning cs_rejected as full service
01-25 20:17:58.028  1355  1397 I RILC    : qmi_ril(0/1355): [qmi_cb] qmi_ril_nwr_reg_reject_handle_event_cl: .. rte_kind 1, rte 3, evt 3
01-25 20:17:58.028  1355  1397 I RILC    : qmi_ril(0/1355): [qmi_cb] qmi_ril_nwr_update_reg_rej_from_sys_info: [PS] 1x reg [0], gsm reg [2], wcdma reg [1], lte reg [2], hdr reg [0]
01-25 20:17:58.028  1355  1397 I RILC    : qmi_ril(0/1355): [qmi_cb] qmi_ril_nwr_update_reg_rej_from_sys_info: .. drop as full svc
01-25 20:17:58.028  1355  1397 I RILC    : qmi_ril(0/1355): [qmi_cb] qmi_ril_nwr_reg_reject_handle_event_cl: .. rte_kind 2, rte 3, evt 3
01-25 20:17:58.028  1355  1397 I RILC    : qmi_ril(0/1355): [qmi_cb] qcril_qmi_nas_restricted_state_handle_event: event 2 under state 0, cached details 0
01-25 20:17:58.028  1355  1397 I RILC    : qmi_ril(0/1355): [qmi_cb] qcril_qmi_nas_calculate_restricted_details: voice_rte 3, data_rte 3
01-25 20:17:58.028  1355  1397 I RILC    : qmi_ril(0/1355): [qmi_cb] qcril_qmi_nas_fill_up_restricted_state_details: cs_bar_status 3
01-25 20:17:58.028  1355  1397 I RILC    : qmi_ril(0/1355): [qmi_cb] qcril_qmi_nas_fill_up_restricted_state_details: ps_bar_status 3
01-25 20:17:58.028  1355  1397 I RILC    : qmi_ril(0/1355): [qmi_cb] qcril_qmi_nas_fill_up_restricted_state_details:  .. restricted_state_details_local 0
01-25 20:17:58.028  1355  1397 I RILC    : qmi_ril(0/1355): [qmi_cb] qmi_ril_nw_reg_snapshot_dump_log: in snapshot voice_rte 3, data_rte 3, ims_rte 0
01-25 20:17:58.028  1355  1397 I RILC    : qmi_ril(0/1355): [qmi_cb] qmi_ril_nw_reg_snapshot_dump_log: in snapshot voice_rte 3, data_rte 3, ims_rte 0
01-25 20:17:58.028  1355  1397 I RILC    : qmi_ril(0/1355): [qmi_cb] qcril_qmi_nas_sys_info_ind_conv_qmi2ril: any rte change 0
01-25 20:17:58.028  1355  1397 I RILC    : qmi_ril(0/1355): [qmi_cb] qcril_qmi_nas_sys_info_ind_conv_qmi2ril: .. rte changed 0
01-25 20:17:58.028  1355  1397 I RILC    : qmi_ril(0/1355): [qmi_cb] qcril_qmi_nas_is_considered_registered: .. cache valid 0
01-25 20:17:58.028  1355  1397 I RILC    : qmi_ril(0/1355): [qmi_cb] qcril_qmi_nas_is_considered_registered: [CS] 1x reg [0], gsm reg [2], wcdma reg [1], lte reg [2], hdr reg [0]
01-25 20:17:58.028  1355  1397 I RILC    : qmi_ril(0/1355): [qmi_cb] qcril_qmi_nas_unsolicited_indication_cb: .. operational state 3
01-25 20:17:58.028  1355  1397 D RILC    : qmi_ril(0/1355): [qmi_cb] qcril_send_unsol_response: [DEADLOCK-DEBUG] >> get the peding LOCK - qcril_send_unsol_response 
01-25 20:17:58.028  1355  1397 D RILC    : qmi_ril(0/1355): [qmi_cb] qmi_ril_android_pending_unsol_resp_lock: [DEADLOCK-DEBUG] qmi_ril_android_pending_unsol_resp_lock - Before Count  : 0
01-25 20:17:58.028  1355  1397 D RILC    : qmi_ril(0/1355): [qmi_cb] qcril_send_unsol_response_epilog: UI <--- RIL_UNSOL_RESPONSE_NETWORK_STATE_CHANGED (1002) --- RIL [RID 0, Len 0, (null)]
01-25 20:17:58.028  1355  1397 D RILC    : qmi_ril(0/1355): [qmi_cb] qcril_send_unsol_response: [DEADLOCK-DEBUG] << get the peding UNLOCK - qcril_send_unsol_response 
01-25 20:17:58.028  1355  1397 D RILC    : qmi_ril(0/1355): [qmi_cb] qmi_ril_android_pending_unsol_resp_unlock: [DEADLOCK-DEBUG] qmi_ril_android_pending_unsol_resp_unlock - Before Count  : 1
01-25 20:17:58.028  1355  1397 I RILC    : qmi_ril(0/1355): [qmi_cb] qcril_qmi_nas_unsolicited_indication_cb: posted RIL indication 1002
01-25 20:17:58.028  1355  1356 V RILC    : processWakeupCallback
01-25 20:17:58.028   933  1007 D RILJ    : [UNSL]< UNSOL_RESPONSE_VOICE_NETWORK_STATE_CHANGED
01-25 20:17:58.028   933   933 D RILJ    : [0089]> OPERATOR
01-25 20:17:58.028   933   933 D RILJ    : [0090]> DATA_REGISTRATION_STATE
01-25 20:17:58.038  1355  1356 D RILC    : qmi_ril(0/1355): [main] onRequest: UI --- RIL_REQUEST_OPERATOR (22) ---> RIL [RID 0, token id 89, data len 0]
01-25 20:17:58.038  1355  1356 D RILC    : qmi_ril(0/1355): [main] qmi_ril_fw_create_android_live_params_copy: a-r-id 22, a-data 0, a-data-len 0
01-25 20:17:58.038  1355  1356 D RILC    : qmi_ril(0/1355): [main] onRequest: method 3, datalen 0
01-25 20:17:58.038  1355  1356 D RILC    : qmi_ril(0/1355): [main] onRequest: already waiting for exec 0
01-25 20:17:58.038  1355  1356 D RILC    : qmi_ril(0/1355): [main] onRequest: android_request_param_holder 4115c008 hex
01-25 20:17:58.038  1355  1356 D RILC    : qmi_ril(0/1355): [main] onRequest: pending req kind 0 hex, awaitingexec req kind 0 hex
01-25 20:17:58.038  1355  1356 D RILC    : qmi_ril(0/1355): [main] onRequest: token under exec 89
01-25 20:17:58.038  1355  1356 D RILC    : qmi_ril(0/1355): [main] onRequest: pre-exec token id 89, a-r-id 22, audit 0, nrender 0
01-25 20:17:58.038  1355  1356 D RILC    : qmi_ril(0/1355): [main] qmi_ril_fw_android_request_render_execution: rendering exec for token id 89
01-25 20:17:58.038  1355  1356 D RILC    : qmi_ril(0/1355): [main] qmi_ril_fw_create_android_live_params_copy: a-r-id 22, a-data 0, a-data-len 0
01-25 20:17:58.038  1355  1356 D RILC    : qmi_ril(0/1355): [main] qmi_ril_fw_android_request_render_execution: routed to dedicated thrd status 0
01-25 20:17:58.038  1355  1356 D RILC    : qmi_ril(0/1355): [main] onRequest: dispatch outcome = 0
01-25 20:17:58.038   933   933 D RILJ    : [0091]> VOICE_REGISTRATION_STATE
01-25 20:17:58.038   933   933 D RILJ    : [0092]> QUERY_NETWORK_SELECTION_MODE
01-25 20:17:58.038  1355  1356 D RILC    : qmi_ril(0/1355): [main] onRequest: UI --- RIL_REQUEST_DATA_REGISTRATION_STATE (21) ---> RIL [RID 0, token id 90, data len 0]
01-25 20:17:58.038  1355  1356 D RILC    : qmi_ril(0/1355): [main] qmi_ril_fw_create_android_live_params_copy: a-r-id 21, a-data 0, a-data-len 0
01-25 20:17:58.038  1355  1356 D RILC    : qmi_ril(0/1355): [main] onRequest: method 3, datalen 0
01-25 20:17:58.038  1355  1356 D RILC    : qmi_ril(0/1355): [main] onRequest: already waiting for exec 0
01-25 20:17:58.038  1355  1356 D RILC    : qmi_ril(0/1355): [main] onRequest: android_request_param_holder 4115bf00 hex
01-25 20:17:58.038  1355  1356 D RILC    : qmi_ril(0/1355): [main] onRequest: pending req kind 0 hex, awaitingexec req kind 0 hex
01-25 20:17:58.038  1355  4249 I RILC    : qmi_ril(0/1355): [cmd-22(456)] qmi_ril_fw_dedicated_request_exec_thread:  ..operational state 3
01-25 20:17:58.038  1355  4249 I RILC    : qmi_ril(0/1355): [cmd-22(456)] qcril_qmi_nas_request_operator: NAS_CACHE_LOCKED
01-25 20:17:58.038  1355  4249 I RILC    : qmi_ril(0/1355): [cmd-22(456)] qcril_qmi_nas_is_considered_registered: .. cache valid 1
01-25 20:17:58.038  1355  1356 D RILC    : qmi_ril(0/1355): [main] onRequest: token under exec 90
01-25 20:17:58.038  1355  1356 D RILC    : qmi_ril(0/1355): [main] onRequest: pre-exec token id 90, a-r-id 21, audit 0, nrender 0
01-25 20:17:58.038  1355  1356 D RILC    : qmi_ril(0/1355): [main] qmi_ril_fw_android_request_render_execution: rendering exec for token id 90
01-25 20:17:58.038  1355  1356 D RILC    : qmi_ril(0/1355): [main] qmi_ril_fw_create_android_live_params_copy: a-r-id 21, a-data 0, a-data-len 0
01-25 20:17:58.038  1355  4249 I RILC    : qmi_ril(0/1355): [cmd-22(456)] qcril_qmi_nas_request_operator: NAS_CACHE_UNLOCKED
01-25 20:17:58.038  1355  4249 I RILC    : qmi_ril(0/1355): [cmd-22(456)] qcril_qmi_nas_request_operator: now registered 1
01-25 20:17:58.038  1355  4249 I RILC    : qmi_ril(0/1355): [cmd-22(456)] qcril_qmi_nas_is_in_service_of_technology: .. param 2
01-25 20:17:58.038  1355  4249 I RILC    : qmi_ril(0/1355): [cmd-22(456)] qcril_qmi_nas_is_in_service_of_technology: .. cache valid 0
01-25 20:17:58.038  1355  4249 I RILC    : qmi_ril(0/1355): [cmd-22(456)] qcril_qmi_nas_is_in_service_of_technology: .. param 1
01-25 20:17:58.038  1355  4249 I RILC    : qmi_ril(0/1355): [cmd-22(456)] qcril_qmi_nas_is_in_service_of_technology: .. cache valid 1
01-25 20:17:58.038  1355  4249 I RILC    : qmi_ril(0/1355): [cmd-22(456)] qcril_qmi_nas_request_operator: plmn_id cached 0
01-25 20:17:58.038  1355  4249 I RILC    : qmi_ril(0/1355): [cmd-22(456)] qcril_qmi_nas_request_operator: spn cached 0
01-25 20:17:58.038  1355  4249 I RILC    : qmi_ril(0/1355): [cmd-22(456)] qcril_qmi_nas_request_operator: short_name cached 0
01-25 20:17:58.038  1355  4249 I RILC    : qmi_ril(0/1355): [cmd-22(456)] qcril_qmi_nas_request_operator: long_name cached 0
01-25 20:17:58.038  1355  4249 I RILC    : qmi_ril(0/1355): [cmd-22(456)] qcril_qmi_nas_is_considered_registered: .. cache valid 1
01-25 20:17:58.038  1355  4249 I RILC    : qmi_ril(0/1355): [cmd-22(456)] qcril_qmi_nas_is_mcc_mnc_info_available: .. is registered 1
01-25 20:17:58.038  1355  4249 I RILC    : qmi_ril(0/1355): [cmd-22(456)] qcril_qmi_nas_is_mcc_mnc_info_available: completed with 1
01-25 20:17:58.038  1355  4249 I RILC    : qmi_ril(0/1355): [cmd-22(456)] qcril_qmi_nas_request_operator: ..wcdma network id valid 1
01-25 20:17:58.038  1355  4249 I RILC    : qmi_ril(0/1355): [cmd-22(456)] qcril_qmi_nas_is_considered_registered: .. cache valid 1
01-25 20:17:58.038  1355  4249 I RILC    : qmi_ril(0/1355): [cmd-22(456)] qcril_qmi_nas_find_current_mcc_mnc: using sys_info_ind - WCDMA
01-25 20:17:58.038  1355  4249 I RILC    : qmi_ril(0/1355): [cmd-22(456)] qcril_qmi_nas_find_current_mcc_mnc: mcc 310 mnc 410
01-25 20:17:58.038  1355  4249 I RILC    : qmi_ril(0/1355): [cmd-22(456)] qcril_qmi_nas_find_current_mcc_mnc: completed with 1
01-25 20:17:58.038  1355  1356 D RILC    : qmi_ril(0/1355): [main] qmi_ril_fw_android_request_render_execution: routed to dedicated thrd status 0
01-25 20:17:58.038  1355  1356 D RILC    : qmi_ril(0/1355): [main] onRequest: dispatch outcome = 0
01-25 20:17:58.038   583   583 D RIL-QMI : qmuxd: RX 58 bytes on fd=21 from qmux_client_id=3
01-25 20:17:58.038   583   583 E RIL-RAWDATA: service_ID = 3, message_ID = 44 
01-25 20:17:58.038   583   583 E RIL-RAWDATA: 01 17 00 00 03 03 00 C5 00 44 00 ..
01-25 20:17:58.038   583   583 E RIL-QMI : [SMDPORT] >> BEFORE, Write SMD Port [fd = 10] [msg_len = 24]
01-25 20:17:58.038   583   583 E RIL-QMI : [SMDPORT] << AFTER, Write SMD Port [rc = 0]
01-25 20:17:58.038  1355  1356 D RILC    : qmi_ril(0/1355): [main] onRequest: UI --- RIL_REQUEST_REGISTRATION_STATE (20) ---> RIL [RID 0, token id 91, data len 0]
01-25 20:17:58.038  1355  1356 D RILC    : qmi_ril(0/1355): [main] qmi_ril_fw_create_android_live_params_copy: a-r-id 20, a-data 0, a-data-len 0
01-25 20:17:58.038  1355  1356 D RILC    : qmi_ril(0/1355): [main] onRequest: method 3, datalen 0
01-25 20:17:58.038  1355  1356 D RILC    : qmi_ril(0/1355): [main] onRequest: already waiting for exec 0
01-25 20:17:58.038  1355  1356 D RILC    : qmi_ril(0/1355): [main] onRequest: android_request_param_holder 4115bdf8 hex
01-25 20:17:58.038  1355  1356 D RILC    : qmi_ril(0/1355): [main] onRequest: pending req kind 0 hex, awaitingexec req kind 0 hex
01-25 20:17:58.038  1355  1356 D RILC    : qmi_ril(0/1355): [main] onRequest: token under exec 91
01-25 20:17:58.038  1355  1356 D RILC    : qmi_ril(0/1355): [main] onRequest: pre-exec token id 91, a-r-id 20, audit 0, nrender 0
01-25 20:17:58.038  1355  1356 D RILC    : qmi_ril(0/1355): [main] qmi_ril_fw_android_request_render_execution: rendering exec for token id 91
01-25 20:17:58.038  1355  1356 D RILC    : qmi_ril(0/1355): [main] qmi_ril_fw_create_android_live_params_copy: a-r-id 20, a-data 0, a-data-len 0
01-25 20:17:58.038  1355  1356 D RILC    : qmi_ril(0/1355): [main] qmi_ril_fw_android_request_render_execution: routed to dedicated thrd status 0
01-25 20:17:58.038  1355  1356 D RILC    : qmi_ril(0/1355): [main] onRequest: dispatch outcome = 0
01-25 20:17:58.038  1355  1356 D RILC    : qmi_ril(0/1355): [main] onRequest: UI --- RIL_REQUEST_QUERY_NETWORK_SELECTION_MODE (45) ---> RIL [RID 0, token id 92, data len 0]
01-25 20:17:58.038  1355  1356 D RILC    : qmi_ril(0/1355): [main] qmi_ril_fw_create_android_live_params_copy: a-r-id 45, a-data 0, a-data-len 0
01-25 20:17:58.038  1355  1356 D RILC    : qmi_ril(0/1355): [main] onRequest: method 3, datalen 0
01-25 20:17:58.038  1355  1356 D RILC    : qmi_ril(0/1355): [main] onRequest: already waiting for exec 0
01-25 20:17:58.038  1355  1356 D RILC    : qmi_ril(0/1355): [main] onRequest: android_request_param_holder 4115d640 hex
01-25 20:17:58.038  1355  1356 D RILC    : qmi_ril(0/1355): [main] onRequest: pending req kind 0 hex, awaitingexec req kind 0 hex
01-25 20:17:58.038  1355  1356 D RILC    : qmi_ril(0/1355): [main] onRequest: token under exec 92
01-25 20:17:58.038  1355  1356 D RILC    : qmi_ril(0/1355): [main] onRequest: pre-exec token id 92, a-r-id 45, audit 0, nrender 0
01-25 20:17:58.038  1355  1356 D RILC    : qmi_ril(0/1355): [main] qmi_ril_fw_android_request_render_execution: rendering exec for token id 92
01-25 20:17:58.038  1355  1356 D RILC    : qmi_ril(0/1355): [main] qmi_ril_fw_create_android_live_params_copy: a-r-id 45, a-data 0, a-data-len 0
01-25 20:17:58.038  1355  1356 D RILC    : qmi_ril(0/1355): [main] qmi_ril_fw_android_request_render_execution: routed to dedicated thrd status 0
01-25 20:17:58.038  1355  1356 D RILC    : qmi_ril(0/1355): [main] onRequest: dispatch outcome = 0
01-25 20:17:58.038   583   731 E RIL-RAWDATA: service_ID = 3, message_ID = 44 
01-25 20:17:58.038   583   731 E RIL-RAWDATA: 01 28 00 80 03 03 02 C5 00 44 00 ..
01-25 20:17:58.038   583   731 D RIL-QMI : qmuxd: TX message on fd=21, to clientID = 3, len=75
01-25 20:17:58.038  1355  4249 I RILC    : qmi_ril(0/1355): [cmd-22(456)] qcril_qmi_util_convert_qmi_response_codes_to_ril_result_ex: ctx check 4
01-25 20:17:58.038  1355  4249 I RILC    : qmi_ril(0/1355): [cmd-22(456)] qcril_qmi_util_handle_centralized_short_long_eons: qmi_client_error: 0, ril_req_res: 0, get_plmn_resp.resp.error: 0
01-25 20:17:58.038  1355  4249 I RILC    : qmi_ril(0/1355): [cmd-22(456)] qcril_qmi_util_prefer_spn_over_plmn_name: is_nw_scan 0
01-25 20:17:58.038  1355  4249 I RILC    : qmi_ril(0/1355): [cmd-22(456)] qcril_qmi_util_prefer_spn_over_plmn_name: spn_plmn_name_preference 0
01-25 20:17:58.038  1355  4249 I RILC    : qmi_ril(0/1355): [cmd-22(456)] qcril_qmi_util_prefer_spn_over_plmn_name: plmn_name is present
01-25 20:17:58.038  1355  4249 I RILC    : qmi_ril(0/1355): [cmd-22(456)] qcril_qmi_util_handle_centralized_short_long_eons: plmn short name is 7-bit Unpacked data
01-25 20:17:58.038  1355  4249 I RILC    : qmi_ril(0/1355): [cmd-22(456)] qcril_qmi_util_handle_centralized_short_long_eons: short eons derived from plmn AT&T
01-25 20:17:58.038  1355  4249 I RILC    : qmi_ril(0/1355): [cmd-22(456)] qcril_qmi_util_handle_centralized_short_long_eons: plmn long name is 7-bit Unpacked data
01-25 20:17:58.038  1355  4249 I RILC    : qmi_ril(0/1355): [cmd-22(456)] qcril_qmi_util_handle_centralized_short_long_eons: long eons derived from plmn AT&T
01-25 20:17:58.038  1355  4249 I RILC    : qmi_ril(0/1355): [cmd-22(456)] qcril_qmi_nas_request_operator: .. res long AT&T
01-25 20:17:58.038  1355  4249 I RILC    : qmi_ril(0/1355): [cmd-22(456)] qcril_qmi_nas_request_operator: .. res short AT&T
01-25 20:17:58.038  1355  4249 I RILC    : qmi_ril(0/1355): [cmd-22(456)] qcril_qmi_nas_request_operator: .. res mcc_mnc 310410
01-25 20:17:58.038  1355  4249 D RILC    : qmi_ril(0/1355): [cmd-22(456)] qcril_send_request_response: UI <--- RIL_REQUEST_OPERATOR (22) Complete --- RIL [RID 0, Token id 89, Success, Len 12 ]
01-25 20:17:58.038  1355  4249 D RILC    : qmi_ril(0/1355): [cmd-22(456)] qmi_ril_fw_send_request_response_epilog: token under exec 89, completion token id 89
01-25 20:17:58.038  1355  4249 D RILC    : qmi_ril(0/1355): [cmd-22(456)] qmi_ril_fw_send_request_response_epilog: postage resp to token id 89, a-r-id 22 (intermed. 22)
01-25 20:17:58.038  1355  4249 D RILC    : RIL onRequestComplete: Command channel closed
01-25 20:17:58.038  1355  4249 I RILC    : qmi_ril(0/1355): [cmd-22(456)] qcril_qmi_nas_request_operator: complete with 0
01-25 20:17:58.038  1355  4249 D RILC    : qmi_ril(0/1355): [cmd-22(456)] qmi_ril_fw_destroy_android_live_params_copy: a-r-id 22, appron 3
01-25 20:17:58.038  1355  4249 I RILC    : qmi_ril(0/1355): [cmd-22(456)] qmi_ril_fw_dedicated_request_exec_thread:  ..exec res 0
01-25 20:17:58.038  1355  4251 I RILC    : qmi_ril(0/1355): [cmd-21(584)] qmi_ril_fw_dedicated_request_exec_thread:  ..operational state 3
01-25 20:17:58.038  1355  4251 D RILC    : qmi_ril(0/1355): [cmd-21(584)] qmi_ril_android_pending_unsol_resp_lock: [DEADLOCK-DEBUG] qmi_ril_android_pending_unsol_resp_lock - Before Count  : 0
01-25 20:17:58.038  1355  4251 I RILC    : qmi_ril(0/1355): [cmd-21(584)] qmi_ril_suppress_android_unsol_resp: suppressing android_unsol_resp 1002
01-25 20:17:58.038  1355  4251 D RILC    : qmi_ril(0/1355): [cmd-21(584)] qmi_ril_android_pending_unsol_resp_unlock: [DEADLOCK-DEBUG] qmi_ril_android_pending_unsol_resp_unlock - Before Count  : 1
01-25 20:17:58.038  1355  4251 D RILC    : qmi_ril(0/1355): [cmd-21(584)] qmi_ril_android_pending_unsol_resp_lock: [DEADLOCK-DEBUG] qmi_ril_android_pending_unsol_resp_lock - Before Count  : 0
01-25 20:17:58.038  1355  4251 I RILC    : qmi_ril(0/1355): [cmd-21(584)] qmi_ril_suppress_android_unsol_resp: suppressing android_unsol_resp 1035
01-25 20:17:58.038  1355  4251 D RILC    : qmi_ril(0/1355): [cmd-21(584)] qmi_ril_android_pending_unsol_resp_unlock: [DEADLOCK-DEBUG] qmi_ril_android_pending_unsol_resp_unlock - Before Count  : 1
01-25 20:17:58.038  1355  4251 I RILC    : qmi_ril(0/1355): [cmd-21(584)] qcril_qmi_get_pref_data_tech: before translation : is_current 1 network_type 0 rat_mask 1 db_so_mask 0 pref_data_tech UNKNOWN
01-25 20:17:58.038  1355  4251 I RILC    : qmi_ril(0/1355): [cmd-21(584)] qcril_qmi_convert_rat_mask_to_technology: technology UMTS
01-25 20:17:58.038  1355  4251 I RILC    : qmi_ril(0/1355): [cmd-21(584)] qcril_qmi_get_pref_data_tech: after translation : is_current 1 network_type 0 rat_mask 1 db_so_mask 0 pref_data_tech UMTS technology 3
01-25 20:17:58.038  1355  4251 I RILC    : qmi_ril(0/1355): [cmd-21(584)] qmi_ril_nw_reg_extend_pref_data_tech_cl: is extrapolation 0, cache is valid 0, cache rat 0, oprt valid 1, oprt 0, card status 3, card ever present 1, ban 0, mpv 1, mp 28
01-25 20:17:58.038  1355  4251 I RILC    : qmi_ril(0/1355): [cmd-21(584)] qmi_ril_nw_reg_extend_pref_data_tech_cl: need reset 0
01-25 20:17:58.038  1355  4251 I RILC    : qmi_ril(0/1355): [cmd-21(584)] qmi_ril_nw_reg_extend_pref_data_tech_cl: RAT 3, is current 1, is_extrapolation 0, is_extrap_roaming 0
01-25 20:17:58.038  1355  4251 I RILC    : qmi_ril(0/1355): [cmd-21(584)] qcril_qmi_nas_request_data_registration_state: .. request need 0, drte 3, pref data tech UMTS
01-25 20:17:58.038  1355  4251 I RILC    : qmi_ril(0/1355): [cmd-21(584)] qcril_qmi_nas_request_data_registration_state:  ... status info: cdma 0 hdr 0 gsm 1 wcdma 1 tdscdma 0 lte 1 cdma 0 hdr 0 gsm 0 wcdma 1 tdscdma 0 lte 0
01-25 20:17:58.038  1355  4251 I RILC    : qmi_ril(0/1355): [cmd-21(584)] qcril_qmi_nas_request_data_registration_state: CnE module available, is current 1, pref data tech UMTS
01-25 20:17:58.038  1355  4251 I RILC    : qmi_ril(0/1355): [cmd-21(584)] qcril_qmi_nas_request_data_registration_state: with current status
01-25 20:17:58.038  1355  4251 I RILC    : qmi_ril(0/1355): [cmd-21(584)] qcril_qmi_nas_request_data_registration_state: data in service on UMTS
01-25 20:17:58.038  1355  4251 I RILC    : qmi_ril(0/1355): [cmd-21(584)] qcril_qmi_nas_request_data_registration_state: data roam status latest 1 / 1 under tmr 0xb9, is extrap 0, extrap_roaming 0, a/m nw sel 0
01-25 20:17:58.038  1355  4251 I RILC    : qmi_ril(0/1355): [cmd-21(584)] qcril_qmi_nas_request_data_registration_state: need reset roaming tmr 1, need spawn roaming tmr 1
01-25 20:17:58.038  1355  4251 D RILC    : qmi_ril(0/1355): [cmd-21(584)] qcril_cancel_timed_callback: Cancel timer with ID 185
01-25 20:17:58.038  1355  4251 D RILC    : qmi_ril(0/1355): [cmd-21(584)] qcril_setup_timed_callback: Set timer with ID 186
01-25 20:17:58.038  1355  4251 I RILC    : qmi_ril(0/1355): [cmd-21(584)] qcril_qmi_nas_request_data_registration_state: ... cur reg state 1(1)
01-25 20:17:58.038  1355  4251 D RILC    : qmi_ril(0/1355): [cmd-21(584)] qcril_qmi_nas_request_data_registration_state: pref_data.is_current = 1
01-25 20:17:58.038  1355  4251 I RILC    : qmi_ril(0/1355): [cmd-21(584)] qcril_qmi_nas_request_data_registration_state: ... cur tech 3
01-25 20:17:58.038  1355  4251 I RILC    : qmi_ril(0/1355): [cmd-21(584)] qcril_qmi_nas_request_data_registration_state: .. prestored reg snapshot valid 0 while cur reg 1
01-25 20:17:58.038  1355  4251 I RILC    : qmi_ril(0/1355): [cmd-21(584)] qcril_qmi_nas_request_data_registration_state: considered data technology valid 1, value 3
01-25 20:17:58.038  1355  1356 V RILC    : processWakeupCallback
01-25 20:17:58.038  1355  4251 I RILC    : qmi_ril(0/1355): [cmd-21(584)] qcril_qmi_nas_request_data_registration_state: reported data technology 3
01-25 20:17:58.038  1355  4251 D RILC    : qmi_ril(0/1355): [cmd-21(584)] qcril_send_request_response: UI <--- RIL_REQUEST_DATA_REGISTRATION_STATE (21) Complete --- RIL [RID 0, Token id 90, Success, Len 24 ]
01-25 20:17:58.038  1355  4251 D RILC    : qmi_ril(0/1355): [cmd-21(584)] qmi_ril_fw_send_request_response_epilog: token under exec 90, completion token id 90
01-25 20:17:58.038  1355  4251 D RILC    : qmi_ril(0/1355): [cmd-21(584)] qmi_ril_fw_send_request_response_epilog: postage resp to token id 90, a-r-id 21 (intermed. 21)
01-25 20:17:58.038  1355  4251 D RILC    : RIL onRequestComplete: Command channel closed
01-25 20:17:58.038  1355  4251 D RILC    : qmi_ril(0/1355): [cmd-21(584)] qmi_ril_android_pending_unsol_resp_lock: [DEADLOCK-DEBUG] qmi_ril_android_pending_unsol_resp_lock - Before Count  : 0
01-25 20:17:58.038  1355  4251 I RILC    : qmi_ril(0/1355): [cmd-21(584)] qmi_ril_unsuppress_android_unsol_resp: unsuppressing android_unsol_resp 1002
01-25 20:17:58.038  1355  4251 I RILC    : qmi_ril(0/1355): [cmd-21(584)] qmi_ril_unsuppress_android_unsol_resp: unsol_resp 1002 previous locker number 1
01-25 20:17:58.038   933  1007 D RILJ    : [0089]< OPERATOR {AT&T, AT&T, 310410}
01-25 20:17:58.038  1355  4251 D RILC    : qmi_ril(0/1355): [cmd-21(584)] qmi_ril_android_pending_unsol_resp_unlock: [DEADLOCK-DEBUG] qmi_ril_android_pending_unsol_resp_unlock - Before Count  : 1
01-25 20:17:58.038  1355  4251 D RILC    : qmi_ril(0/1355): [cmd-21(584)] qmi_ril_android_pending_unsol_resp_lock: [DEADLOCK-DEBUG] qmi_ril_android_pending_unsol_resp_lock - Before Count  : 0
01-25 20:17:58.038  1355  4251 I RILC    : qmi_ril(0/1355): [cmd-21(584)] qmi_ril_unsuppress_android_unsol_resp: unsuppressing android_unsol_resp 1035
01-25 20:17:58.038  1355  4251 I RILC    : qmi_ril(0/1355): [cmd-21(584)] qmi_ril_unsuppress_android_unsol_resp: unsol_resp 1035 previous locker number 1
01-25 20:17:58.038  1355  4251 D RILC    : qmi_ril(0/1355): [cmd-21(584)] qmi_ril_android_pending_unsol_resp_unlock: [DEADLOCK-DEBUG] qmi_ril_android_pending_unsol_resp_unlock - Before Count  : 1
01-25 20:17:58.038  1355  4251 D RILC    : qmi_ril(0/1355): [cmd-21(584)] qmi_ril_fw_destroy_android_live_params_copy: a-r-id 21, appron 3
01-25 20:17:58.038  1355  4251 I RILC    : qmi_ril(0/1355): [cmd-21(584)] qmi_ril_fw_dedicated_request_exec_thread:  ..exec res 0
01-25 20:17:58.038  1355  4253 I RILC    : qmi_ril(0/1355): [cmd-20(144)] qmi_ril_fw_dedicated_request_exec_thread:  ..operational state 3
01-25 20:17:58.038   933  1007 D RILJ    : [0090]< DATA_REGISTRATION_STATE {1, 6796, 0497880b, 3, null, 20}
01-25 20:17:58.038  1355  4253 I RILC    : qmi_ril(0/1355): [cmd-20(144)] qcril_qmi_nas_request_registration_state: .. is ICS 1
01-25 20:17:58.038  1355  4253 D RILC    : qmi_ril(0/1355): [cmd-20(144)] qmi_ril_android_pending_unsol_resp_lock: [DEADLOCK-DEBUG] qmi_ril_android_pending_unsol_resp_lock - Before Count  : 0
01-25 20:17:58.038  1355  4253 I RILC    : qmi_ril(0/1355): [cmd-20(144)] qmi_ril_suppress_android_unsol_resp: suppressing android_unsol_resp 1002
01-25 20:17:58.038  1355  4253 D RILC    : qmi_ril(0/1355): [cmd-20(144)] qmi_ril_android_pending_unsol_resp_unlock: [DEADLOCK-DEBUG] qmi_ril_android_pending_unsol_resp_unlock - Before Count  : 1
01-25 20:17:58.038  1355  4253 D RILC    : qmi_ril(0/1355): [cmd-20(144)] qmi_ril_android_pending_unsol_resp_lock: [DEADLOCK-DEBUG] qmi_ril_android_pending_unsol_resp_lock - Before Count  : 0
01-25 20:17:58.038  1355  4253 I RILC    : qmi_ril(0/1355): [cmd-20(144)] qmi_ril_suppress_android_unsol_resp: suppressing android_unsol_resp 1035
01-25 20:17:58.038  1355  4253 D RILC    : qmi_ril(0/1355): [cmd-20(144)] qmi_ril_android_pending_unsol_resp_unlock: [DEADLOCK-DEBUG] qmi_ril_android_pending_unsol_resp_unlock - Before Count  : 1
01-25 20:17:58.038  1355  4253 I RILC    : qmi_ril(0/1355): [cmd-20(144)] qcril_qmi_nas_request_registration_state: .. request need 0, vrte 3, irte 0
01-25 20:17:58.038  1355  4253 I RILC    : qmi_ril(0/1355): [cmd-20(144)] qcril_qmi_nas_request_registration_state:  ... so far ss, vrte 3, 3
01-25 20:17:58.038  1355  4253 I RILC    : qmi_ril(0/1355): [cmd-20(144)] qcril_qmi_nas_request_registration_state:  ... so far in_service 1
01-25 20:17:58.038  1355  4253 I RILC    : qmi_ril(0/1355): [cmd-20(144)] qcril_qmi_nas_request_registration_state: ccs_supported 0
01-25 20:17:58.038  1355  4253 I RILC    : qmi_ril(0/1355): [cmd-20(144)] qcril_qmi_nas_request_registration_state: simul_voice_and_data_capability valid 0, value 0
01-25 20:17:58.038  1355  4253 I RILC    : qmi_ril(0/1355): [cmd-20(144)] qcril_qmi_nas_request_registration_state: reported data technology 3
01-25 20:17:58.038  1355  4253 I RILC    : qmi_ril(0/1355): [cmd-20(144)] qcril_qmi_nas_request_registration_state: .. in transfer reg reject 0
01-25 20:17:58.038  1355  4253 D RILC    : qmi_ril(0/1355): [cmd-20(144)] qcril_send_request_response: UI <--- RIL_REQUEST_REGISTRATION_STATE (20) Complete --- RIL [RID 0, Token id 91, Success, Len 60 ]
01-25 20:17:58.038  1355  4253 D RILC    : qmi_ril(0/1355): [cmd-20(144)] qmi_ril_fw_send_request_response_epilog: token under exec 91, completion token id 91
01-25 20:17:58.038  1355  4253 D RILC    : qmi_ril(0/1355): [cmd-20(144)] qmi_ril_fw_send_request_response_epilog: postage resp to token id 91, a-r-id 20 (intermed. 20)
01-25 20:17:58.038  1355  4253 D RILC    : RIL onRequestComplete: Command channel closed
01-25 20:17:58.038  1355  4253 D RILC    : qmi_ril(0/1355): [cmd-20(144)] qmi_ril_android_pending_unsol_resp_lock: [DEADLOCK-DEBUG] qmi_ril_android_pending_unsol_resp_lock - Before Count  : 0
01-25 20:17:58.038  1355  4253 I RILC    : qmi_ril(0/1355): [cmd-20(144)] qmi_ril_unsuppress_android_unsol_resp: unsuppressing android_unsol_resp 1002
01-25 20:17:58.038  1355  4253 I RILC    : qmi_ril(0/1355): [cmd-20(144)] qmi_ril_unsuppress_android_unsol_resp: unsol_resp 1002 previous locker number 1
01-25 20:17:58.038  1355  4253 D RILC    : qmi_ril(0/1355): [cmd-20(144)] qmi_ril_android_pending_unsol_resp_unlock: [DEADLOCK-DEBUG] qmi_ril_android_pending_unsol_resp_unlock - Before Count  : 1
01-25 20:17:58.038  1355  4253 D RILC    : qmi_ril(0/1355): [cmd-20(144)] qmi_ril_android_pending_unsol_resp_lock: [DEADLOCK-DEBUG] qmi_ril_android_pending_unsol_resp_lock - Before Count  : 0
01-25 20:17:58.038  1355  4253 I RILC    : qmi_ril(0/1355): [cmd-20(144)] qmi_ril_unsuppress_android_unsol_resp: unsuppressing android_unsol_resp 1035
01-25 20:17:58.038  1355  4253 I RILC    : qmi_ril(0/1355): [cmd-20(144)] qmi_ril_unsuppress_android_unsol_resp: unsol_resp 1035 previous locker number 1
01-25 20:17:58.038  1355  4253 D RILC    : qmi_ril(0/1355): [cmd-20(144)] qmi_ril_android_pending_unsol_resp_unlock: [DEADLOCK-DEBUG] qmi_ril_android_pending_unsol_resp_unlock - Before Count  : 1
01-25 20:17:58.038  1355  4253 I RILC    : qmi_ril(0/1355): [cmd-20(144)] qcril_qmi_nas_restricted_state_handle_event: event 3 under state 0, cached details 0
01-25 20:17:58.038  1355  4253 D RILC    : qmi_ril(0/1355): [cmd-20(144)] qmi_ril_fw_destroy_android_live_params_copy: a-r-id 20, appron 3
01-25 20:17:58.038  1355  4253 I RILC    : qmi_ril(0/1355): [cmd-20(144)] qmi_ril_fw_dedicated_request_exec_thread:  ..exec res 0
01-25 20:17:58.038   933  1007 D RILJ    : [0091]< VOICE_REGISTRATION_STATE {1, 6796, 0497880b, 3, null, null, null, 0, null, null, 1, null, null, 0, 0}
01-25 20:17:58.038  1355  4254 I RILC    : qmi_ril(0/1355): [cmd-45(232)] qmi_ril_fw_dedicated_request_exec_thread:  ..operational state 3
01-25 20:17:58.038  1355  4254 I RILC    : qmi_ril(0/1355): [cmd-45(232)] qcril_qmi_nas_query_network_selection_mode: NAS_CACHE_LOCKED
01-25 20:17:58.038  1355  4254 I RILC    : qmi_ril(0/1355): [cmd-45(232)] qcril_qmi_nas_query_network_selection_mode: NAS_CACHE_UNLOCKED
01-25 20:17:58.038  1355  4254 I RILC    : qmi_ril(0/1355): [cmd-45(232)] qcril_qmi_nas_query_network_selection_mode: is_cached=1
01-25 20:17:58.038  1355  4254 I RILC    : qmi_ril(0/1355): [cmd-45(232)] qcril_qmi_nas_query_network_selection_mode: network_selection_mode: 0, ril_req_res: 0
01-25 20:17:58.038  1355  4254 D RILC    : qmi_ril(0/1355): [cmd-45(232)] qcril_send_request_response: UI <--- RIL_REQUEST_QUERY_NETWORK_SELECTION_MODE (45) Complete --- RIL [RID 0, Token id 92, Success, Len 4 ]
01-25 20:17:58.038  1355  4254 D RILC    : qmi_ril(0/1355): [cmd-45(232)] qmi_ril_fw_send_request_response_epilog: token under exec 92, completion token id 92
01-25 20:17:58.038  1355  4254 D RILC    : qmi_ril(0/1355): [cmd-45(232)] qmi_ril_fw_send_request_response_epilog: postage resp to token id 92, a-r-id 45 (intermed. 45)
01-25 20:17:58.038  1355  4254 D RILC    : RIL onRequestComplete: Command channel closed
01-25 20:17:58.038  1355  4254 D RILC    : qmi_ril(0/1355): [cmd-45(232)] qmi_ril_fw_destroy_android_live_params_copy: a-r-id 45, appron 3
01-25 20:17:58.038  1355  4254 I RILC    : qmi_ril(0/1355): [cmd-45(232)] qmi_ril_fw_dedicated_request_exec_thread:  ..exec res 0
01-25 20:17:58.038   933  1007 D RILJ    : [0092]< QUERY_NETWORK_SELECTION_MODE {0}
01-25 20:17:58.038   933   933 D GSM     : [GsmSST] Poll ServiceState done:  oldSS=[0 home AT&T AT&T 310410  UMTS CSS not supported -1 -1 RoamInd=-1 DefRoamInd=-1 EmergOnly=false] newSS=[0 home AT&T AT&T 310410  UMTS CSS not supported -1 -1 RoamInd=-1 DefRoamInd=-1 EmergOnly=false] oldGprs=0 newData=0 oldMaxDataCalls=20 mNewMaxDataCalls=20 oldReasonDataDenied=-1 mNewReasonDataDenied=-1 oldType=UMTS newType=UMTS
01-25 20:17:58.101   933   933 D GSM     : [GsmSST] setAndBroadcastNetworkSetTime: time=1390699078008ms
01-25 20:17:58.308   583   731 E RIL-RAWDATA: service_ID = 3, message_ID = 4e 
01-25 20:17:58.308   583   731 E RIL-RAWDATA: 01 61 00 80 03 03 04 00 00 4E 00 ..
01-25 20:17:58.308   583   731 D RIL-QMI : qmuxd: TX message on fd=21, to clientID = 3, len=132
01-25 20:17:58.308  1355  1397 I RILC    : qmi_ril(0/1355): [qmi_cb] qcril_qmi_nas_unsolicited_indication_cb: invoked msg 0x4e
01-25 20:17:58.308  1355  1397 I RILC    : qmi_ril(0/1355): [qmi_cb] qcril_qmi_nas_is_considered_registered: .. cache valid 1
01-25 20:17:58.308  1355  1397 I RILC    : qmi_ril(0/1355): [qmi_cb] qcril_qmi_nas_update_voice_rte: [CS] 1x reg [0], gsm reg [2], wcdma reg [1], lte reg [2], hdr reg [0]
01-25 20:17:58.308  1355  1397 I RILC    : qmi_ril(0/1355): [qmi_cb] qcril_qmi_nas_update_voice_rte: completed, new vrte 3 with confidence 1
01-25 20:17:58.308  1355  1397 I RILC    : qmi_ril(0/1355): [qmi_cb] qcril_qmi_get_pref_data_tech: before translation : is_current 1 network_type 0 rat_mask 1 db_so_mask 0 pref_data_tech UNKNOWN
01-25 20:17:58.308  1355  1397 I RILC    : qmi_ril(0/1355): [qmi_cb] qcril_qmi_convert_rat_mask_to_technology: technology UMTS
01-25 20:17:58.308  1355  1397 I RILC    : qmi_ril(0/1355): [qmi_cb] qcril_qmi_get_pref_data_tech: after translation : is_current 1 network_type 0 rat_mask 1 db_so_mask 0 pref_data_tech UMTS technology 3
01-25 20:17:58.308  1355  1397 I RILC    : qmi_ril(0/1355): [qmi_cb] qmi_ril_nw_reg_extend_pref_data_tech_cl: is extrapolation 0, cache is valid 0, cache rat 0, oprt valid 1, oprt 0, card status 3, card ever present 1, ban 0, mpv 1, mp 28
01-25 20:17:58.308  1355  1397 I RILC    : qmi_ril(0/1355): [qmi_cb] qmi_ril_nw_reg_extend_pref_data_tech_cl: need reset 0
01-25 20:17:58.308  1355  1397 I RILC    : qmi_ril(0/1355): [qmi_cb] qmi_ril_nw_reg_extend_pref_data_tech_cl: RAT 3, is current 1, is_extrapolation 0, is_extrap_roaming 0
01-25 20:17:58.308  1355  1397 I RILC    : qmi_ril(0/1355): [qmi_cb] qcril_qmi_nas_update_data_rte: [PS] 1x reg [0], gsm reg [2], wcdma reg [1], lte reg [2], hdr reg [0]
01-25 20:17:58.308  1355  1397 I RILC    : qmi_ril(0/1355): [qmi_cb] qcril_qmi_nas_update_data_rte: CnE module available
01-25 20:17:58.308  1355  1397 I RILC    : qmi_ril(0/1355): [qmi_cb] qcril_qmi_nas_update_data_rte: with current status
01-25 20:17:58.308  1355  1397 I RILC    : qmi_ril(0/1355): [qmi_cb] qcril_qmi_nas_util_map_pref_data_tech_to_data_rte: entered, pref data tech is UMTS
01-25 20:17:58.308  1355  1397 I RILC    : qmi_ril(0/1355): [qmi_cb] qcril_qmi_nas_util_map_pref_data_tech_to_data_rte: completed, data rte is 3
01-25 20:17:58.308  1355  1397 I RILC    : qmi_ril(0/1355): [qmi_cb] qcril_qmi_nas_update_data_rte: data rte calculated
01-25 20:17:58.308  1355  1397 I RILC    : qmi_ril(0/1355): [qmi_cb] qcril_qmi_nas_update_data_rte: preferred data tech available UMTS
01-25 20:17:58.308  1355  1397 I RILC    : qmi_ril(0/1355): [qmi_cb] qcril_qmi_nas_update_data_rte: [FINAL-PS] 1x reg [0], gsm reg [0], wcdma reg [1], lte reg [0], hdr reg [0]
01-25 20:17:58.308  1355  1397 I RILC    : qmi_ril(0/1355): [qmi_cb] qcril_qmi_nas_update_data_rte: completed, new drte 3 with confidence 1
01-25 20:17:58.308  1355  1397 I RILC    : qmi_ril(0/1355): [qmi_cb] qcril_qmi_nas_update_data_rte: completed, new drte 3
01-25 20:17:58.308  1355  1397 I RILC    : qmi_ril(0/1355): [qmi_cb] qcril_qmi_nas_update_ims_rte: completed, new irte 0 with confidence 4
01-25 20:17:58.308  1355  1397 I RILC    : qmi_ril(0/1355): [qmi_cb] qcril_qmi_voice_technology_updated: ..nas_cached_info.voice_rte 3, nas_cached_info.data_rte 3, nas_cached_info.ims_rte 0, will be considered 3
01-25 20:17:58.308  1355  1397 I RILC    : qmi_ril(0/1355): [qmi_cb] qmi_ril_nwr_update_reg_rej_from_sys_info: [CS] 1x reg [0], gsm reg [2], wcdma reg [1], lte reg [2], hdr reg [0]
01-25 20:17:58.308  1355  1397 I RILC    : qmi_ril(0/1355): [qmi_cb] qmi_ril_nwr_update_reg_rej_from_sys_info: .. nof cs reg reject 0, cs reg reject for direct inj 0
01-25 20:17:58.308  1355  1397 I RILC    : qmi_ril(0/1355): [qmi_cb] qmi_ril_nwr_update_reg_rej_from_sys_info: .. abandoning cs_rejected as full service
01-25 20:17:58.308  1355  1397 I RILC    : qmi_ril(0/1355): [qmi_cb] qmi_ril_nwr_reg_reject_handle_event_cl: .. rte_kind 1, rte 3, evt 3
01-25 20:17:58.308  1355  1397 I RILC    : qmi_ril(0/1355): [qmi_cb] qmi_ril_nwr_update_reg_rej_from_sys_info: [PS] 1x reg [0], gsm reg [2], wcdma reg [1], lte reg [2], hdr reg [0]
01-25 20:17:58.308  1355  1397 I RILC    : qmi_ril(0/1355): [qmi_cb] qmi_ril_nwr_update_reg_rej_from_sys_info: .. drop as full svc
01-25 20:17:58.308  1355  1397 I RILC    : qmi_ril(0/1355): [qmi_cb] qmi_ril_nwr_reg_reject_handle_event_cl: .. rte_kind 2, rte 3, evt 3
01-25 20:17:58.308  1355  1397 I RILC    : qmi_ril(0/1355): [qmi_cb] qcril_qmi_get_pref_data_tech: before translation : is_current 1 network_type 0 rat_mask 1 db_so_mask 0 pref_data_tech UNKNOWN
01-25 20:17:58.308  1355  1397 I RILC    : qmi_ril(0/1355): [qmi_cb] qcril_qmi_convert_rat_mask_to_technology: technology UMTS
01-25 20:17:58.308  1355  1397 I RILC    : qmi_ril(0/1355): [qmi_cb] qcril_qmi_get_pref_data_tech: after translation : is_current 1 network_type 0 rat_mask 1 db_so_mask 0 pref_data_tech UMTS technology 3
