01-25 20:17:58.308  1355  1397 I RILC    : qmi_ril(0/1355): [qmi_cb] qcril_qmi_nas_is_data_nw_state_updated: CnE module available with current status - Valid pref data tech 4
01-25 20:17:58.308  1355  1397 I RILC    : qmi_ril(0/1355): [qmi_cb] qcril_qmi_nas_update_voice_rte: [CS] 1x reg [0], gsm reg [2], wcdma reg [1], lte reg [2], hdr reg [0]
01-25 20:17:58.308  1355  1397 I RILC    : qmi_ril(0/1355): [qmi_cb] qcril_qmi_nas_update_voice_rte: completed, new vrte 3 with confidence 1
01-25 20:17:58.308  1355  1397 I RILC    : qmi_ril(0/1355): [qmi_cb] qcril_qmi_get_pref_data_tech: before translation : is_current 1 network_type 0 rat_mask 1 db_so_mask 0 pref_data_tech UNKNOWN
01-25 20:17:58.308  1355  1397 I RILC    : qmi_ril(0/1355): [qmi_cb] qcril_qmi_convert_rat_mask_to_technology: technology UMTS
01-25 20:17:58.308  1355  1397 I RILC    : qmi_ril(0/1355): [qmi_cb] qcril_qmi_get_pref_data_tech: after translation : is_current 1 network_type 0 rat_mask 1 db_so_mask 0 pref_data_tech UMTS technology 3
01-25 20:17:58.308  1355  1397 I RILC    : qmi_ril(0/1355): [qmi_cb] qmi_ril_nw_reg_extend_pref_data_tech_cl: is extrapolation 0, cache is valid 0, cache rat 0, oprt valid 1, oprt 0, card status 3, card ever present 1, ban 0, mpv 1, mp 28
01-25 20:17:58.308  1355  1397 I RILC    : qmi_ril(0/1355): [qmi_cb] qmi_ril_nw_reg_extend_pref_data_tech_cl: need reset 0
01-25 20:17:58.308  1355  1397 I RILC    : qmi_ril(0/1355): [qmi_cb] qmi_ril_nw_reg_extend_pref_data_tech_cl: RAT 3, is current 1, is_extrapolation 0, is_extrap_roaming 0
01-25 20:17:58.308  1355  1397 I RILC    : qmi_ril(0/1355): [qmi_cb] qcril_qmi_nas_update_data_rte: [PS] 1x reg [0], gsm reg [2], wcdma reg [1], lte reg [2], hdr reg [0]
01-25 20:17:58.308  1355  1397 I RILC    : qmi_ril(0/1355): [qmi_cb] qcril_qmi_nas_update_data_rte: CnE module available
01-25 20:17:58.308  1355  1397 I RILC    : qmi_ril(0/1355): [qmi_cb] qcril_qmi_nas_update_data_rte: with current status
01-25 20:17:58.308  1355  1397 I RILC    : qmi_ril(0/1355): [qmi_cb] qcril_qmi_nas_util_map_pref_data_tech_to_data_rte: entered, pref data tech is UMTS
01-25 20:17:58.308  1355  1397 I RILC    : qmi_ril(0/1355): [qmi_cb] qcril_qmi_nas_util_map_pref_data_tech_to_data_rte: completed, data rte is 3
01-25 20:17:58.308  1355  1397 I RILC    : qmi_ril(0/1355): [qmi_cb] qcril_qmi_nas_update_data_rte: data rte calculated
01-25 20:17:58.308  1355  1397 I RILC    : qmi_ril(0/1355): [qmi_cb] qcril_qmi_nas_update_data_rte: preferred data tech available UMTS
01-25 20:17:58.308  1355  1397 I RILC    : qmi_ril(0/1355): [qmi_cb] qcril_qmi_nas_update_data_rte: [FINAL-PS] 1x reg [0], gsm reg [0], wcdma reg [1], lte reg [0], hdr reg [0]
01-25 20:17:58.308  1355  1397 I RILC    : qmi_ril(0/1355): [qmi_cb] qcril_qmi_nas_update_data_rte: completed, new drte 3 with confidence 1
01-25 20:17:58.308  1355  1397 I RILC    : qmi_ril(0/1355): [qmi_cb] qcril_qmi_nas_update_data_rte: completed, new drte 3
01-25 20:17:58.308  1355  1397 I RILC    : qmi_ril(0/1355): [qmi_cb] qcril_qmi_nas_update_ims_rte: completed, new irte 0 with confidence 4
01-25 20:17:58.308  1355  1397 I RILC    : qmi_ril(0/1355): [qmi_cb] qcril_qmi_voice_technology_updated: ..nas_cached_info.voice_rte 3, nas_cached_info.data_rte 3, nas_cached_info.ims_rte 0, will be considered 3
01-25 20:17:58.308  1355  1397 I RILC    : qmi_ril(0/1355): [qmi_cb] qmi_ril_nwr_update_reg_rej_from_sys_info: [CS] 1x reg [0], gsm reg [2], wcdma reg [1], lte reg [2], hdr reg [0]
01-25 20:17:58.308  1355  1397 I RILC    : qmi_ril(0/1355): [qmi_cb] qmi_ril_nwr_update_reg_rej_from_sys_info: .. nof cs reg reject 0, cs reg reject for direct inj 0
01-25 20:17:58.308  1355  1397 I RILC    : qmi_ril(0/1355): [qmi_cb] qmi_ril_nwr_update_reg_rej_from_sys_info: .. abandoning cs_rejected as full service
01-25 20:17:58.308  1355  1397 I RILC    : qmi_ril(0/1355): [qmi_cb] qmi_ril_nwr_reg_reject_handle_event_cl: .. rte_kind 1, rte 3, evt 3
01-25 20:17:58.308  1355  1397 I RILC    : qmi_ril(0/1355): [qmi_cb] qmi_ril_nwr_update_reg_rej_from_sys_info: [PS] 1x reg [0], gsm reg [2], wcdma reg [1], lte reg [2], hdr reg [0]
01-25 20:17:58.308  1355  1397 I RILC    : qmi_ril(0/1355): [qmi_cb] qmi_ril_nwr_update_reg_rej_from_sys_info: .. drop as full svc
01-25 20:17:58.308  1355  1397 I RILC    : qmi_ril(0/1355): [qmi_cb] qmi_ril_nwr_reg_reject_handle_event_cl: .. rte_kind 2, rte 3, evt 3
01-25 20:17:58.308  1355  1397 I RILC    : qmi_ril(0/1355): [qmi_cb] qcril_qmi_nas_restricted_state_handle_event: event 2 under state 0, cached details 0
01-25 20:17:58.308  1355  1397 I RILC    : qmi_ril(0/1355): [qmi_cb] qcril_qmi_nas_calculate_restricted_details: voice_rte 3, data_rte 3
01-25 20:17:58.308  1355  1397 I RILC    : qmi_ril(0/1355): [qmi_cb] qcril_qmi_nas_fill_up_restricted_state_details: cs_bar_status 3
01-25 20:17:58.308  1355  1397 I RILC    : qmi_ril(0/1355): [qmi_cb] qcril_qmi_nas_fill_up_restricted_state_details: ps_bar_status 3
01-25 20:17:58.308  1355  1397 I RILC    : qmi_ril(0/1355): [qmi_cb] qcril_qmi_nas_fill_up_restricted_state_details:  .. restricted_state_details_local 0
01-25 20:17:58.308  1355  1397 I RILC    : qmi_ril(0/1355): [qmi_cb] qmi_ril_nw_reg_snapshot_dump_log: in snapshot voice_rte 3, data_rte 3, ims_rte 0
01-25 20:17:58.308  1355  1397 I RILC    : qmi_ril(0/1355): [qmi_cb] qmi_ril_nw_reg_snapshot_dump_log: in snapshot voice_rte 3, data_rte 3, ims_rte 0
01-25 20:17:58.308  1355  1397 I RILC    : qmi_ril(0/1355): [qmi_cb] qcril_qmi_nas_sys_info_ind_conv_qmi2ril: any rte change 0
01-25 20:17:58.308  1355  1397 I RILC    : qmi_ril(0/1355): [qmi_cb] qcril_qmi_nas_sys_info_ind_conv_qmi2ril: .. rte changed 0
01-25 20:17:58.308  1355  1397 I RILC    : qmi_ril(0/1355): [qmi_cb] qcril_qmi_nas_is_considered_registered: .. cache valid 0
01-25 20:17:58.308  1355  1397 I RILC    : qmi_ril(0/1355): [qmi_cb] qcril_qmi_nas_is_considered_registered: [CS] 1x reg [0], gsm reg [2], wcdma reg [1], lte reg [2], hdr reg [0]
01-25 20:17:58.308  1355  1397 I RILC    : qmi_ril(0/1355): [qmi_cb] qcril_qmi_nas_unsolicited_indication_cb: .. operational state 3
01-25 20:17:58.308  1355  1397 D RILC    : qmi_ril(0/1355): [qmi_cb] qcril_send_unsol_response: [DEADLOCK-DEBUG] >> get the peding LOCK - qcril_send_unsol_response 
01-25 20:17:58.308  1355  1397 D RILC    : qmi_ril(0/1355): [qmi_cb] qmi_ril_android_pending_unsol_resp_lock: [DEADLOCK-DEBUG] qmi_ril_android_pending_unsol_resp_lock - Before Count  : 0
01-25 20:17:58.308  1355  1397 D RILC    : qmi_ril(0/1355): [qmi_cb] qcril_send_unsol_response_epilog: UI <--- RIL_UNSOL_RESPONSE_NETWORK_STATE_CHANGED (1002) --- RIL [RID 0, Len 0, (null)]
01-25 20:17:58.308  1355  1397 D RILC    : qmi_ril(0/1355): [qmi_cb] qcril_send_unsol_response: [DEADLOCK-DEBUG] << get the peding UNLOCK - qcril_send_unsol_response 
01-25 20:17:58.308  1355  1397 D RILC    : qmi_ril(0/1355): [qmi_cb] qmi_ril_android_pending_unsol_resp_unlock: [DEADLOCK-DEBUG] qmi_ril_android_pending_unsol_resp_unlock - Before Count  : 1
01-25 20:17:58.308  1355  1397 I RILC    : qmi_ril(0/1355): [qmi_cb] qcril_qmi_nas_unsolicited_indication_cb: posted RIL indication 1002
01-25 20:17:58.308  1355  1356 V RILC    : processWakeupCallback
01-25 20:17:58.308   933  1007 D RILJ    : [UNSL]< UNSOL_RESPONSE_VOICE_NETWORK_STATE_CHANGED
01-25 20:17:58.308   933   933 D RILJ    : [0093]> OPERATOR
01-25 20:17:58.308   933   933 D RILJ    : [0094]> DATA_REGISTRATION_STATE
01-25 20:17:58.308  1355  1356 D RILC    : qmi_ril(0/1355): [main] onRequest: UI --- RIL_REQUEST_OPERATOR (22) ---> RIL [RID 0, token id 93, data len 0]
01-25 20:17:58.308  1355  1356 D RILC    : qmi_ril(0/1355): [main] qmi_ril_fw_create_android_live_params_copy: a-r-id 22, a-data 0, a-data-len 0
01-25 20:17:58.308  1355  1356 D RILC    : qmi_ril(0/1355): [main] onRequest: method 3, datalen 0
01-25 20:17:58.308  1355  1356 D RILC    : qmi_ril(0/1355): [main] onRequest: already waiting for exec 0
01-25 20:17:58.308  1355  1356 D RILC    : qmi_ril(0/1355): [main] onRequest: android_request_param_holder 4115c008 hex
01-25 20:17:58.308  1355  1356 D RILC    : qmi_ril(0/1355): [main] onRequest: pending req kind 0 hex, awaitingexec req kind 0 hex
01-25 20:17:58.308  1355  1356 D RILC    : qmi_ril(0/1355): [main] onRequest: token under exec 93
01-25 20:17:58.308  1355  1356 D RILC    : qmi_ril(0/1355): [main] onRequest: pre-exec token id 93, a-r-id 22, audit 0, nrender 0
01-25 20:17:58.308  1355  1356 D RILC    : qmi_ril(0/1355): [main] qmi_ril_fw_android_request_render_execution: rendering exec for token id 93
01-25 20:17:58.308  1355  1356 D RILC    : qmi_ril(0/1355): [main] qmi_ril_fw_create_android_live_params_copy: a-r-id 22, a-data 0, a-data-len 0
01-25 20:17:58.308  1355  1356 D RILC    : qmi_ril(0/1355): [main] qmi_ril_fw_android_request_render_execution: routed to dedicated thrd status 0
01-25 20:17:58.308  1355  1356 D RILC    : qmi_ril(0/1355): [main] onRequest: dispatch outcome = 0
01-25 20:17:58.308   933   933 D RILJ    : [0095]> VOICE_REGISTRATION_STATE
01-25 20:17:58.308  1355  1356 D RILC    : qmi_ril(0/1355): [main] onRequest: UI --- RIL_REQUEST_DATA_REGISTRATION_STATE (21) ---> RIL [RID 0, token id 94, data len 0]
01-25 20:17:58.308  1355  1356 D RILC    : qmi_ril(0/1355): [main] qmi_ril_fw_create_android_live_params_copy: a-r-id 21, a-data 0, a-data-len 0
01-25 20:17:58.308  1355  1356 D RILC    : qmi_ril(0/1355): [main] onRequest: method 3, datalen 0
01-25 20:17:58.308  1355  1356 D RILC    : qmi_ril(0/1355): [main] onRequest: already waiting for exec 0
01-25 20:17:58.308  1355  1356 D RILC    : qmi_ril(0/1355): [main] onRequest: android_request_param_holder 4115bf00 hex
01-25 20:17:58.308  1355  1356 D RILC    : qmi_ril(0/1355): [main] onRequest: pending req kind 0 hex, awaitingexec req kind 0 hex
01-25 20:17:58.308  1355  1356 D RILC    : qmi_ril(0/1355): [main] onRequest: token under exec 94
01-25 20:17:58.308  1355  1356 D RILC    : qmi_ril(0/1355): [main] onRequest: pre-exec token id 94, a-r-id 21, audit 0, nrender 0
01-25 20:17:58.308  1355  1356 D RILC    : qmi_ril(0/1355): [main] qmi_ril_fw_android_request_render_execution: rendering exec for token id 94
01-25 20:17:58.308  1355  1356 D RILC    : qmi_ril(0/1355): [main] qmi_ril_fw_create_android_live_params_copy: a-r-id 21, a-data 0, a-data-len 0
01-25 20:17:58.308  1355  1356 D RILC    : qmi_ril(0/1355): [main] qmi_ril_fw_android_request_render_execution: routed to dedicated thrd status 0
01-25 20:17:58.308  1355  1356 D RILC    : qmi_ril(0/1355): [main] onRequest: dispatch outcome = 0
01-25 20:17:58.308   933   933 D RILJ    : [0096]> QUERY_NETWORK_SELECTION_MODE
01-25 20:17:58.308  1355  1356 D RILC    : qmi_ril(0/1355): [main] onRequest: UI --- RIL_REQUEST_REGISTRATION_STATE (20) ---> RIL [RID 0, token id 95, data len 0]
01-25 20:17:58.308  1355  1356 D RILC    : qmi_ril(0/1355): [main] qmi_ril_fw_create_android_live_params_copy: a-r-id 20, a-data 0, a-data-len 0
01-25 20:17:58.308  1355  1356 D RILC    : qmi_ril(0/1355): [main] onRequest: method 3, datalen 0
01-25 20:17:58.308  1355  1356 D RILC    : qmi_ril(0/1355): [main] onRequest: already waiting for exec 0
01-25 20:17:58.308  1355  1356 D RILC    : qmi_ril(0/1355): [main] onRequest: android_request_param_holder 4115bdf8 hex
01-25 20:17:58.308  1355  1356 D RILC    : qmi_ril(0/1355): [main] onRequest: pending req kind 0 hex, awaitingexec req kind 0 hex
01-25 20:17:58.308  1355  1356 D RILC    : qmi_ril(0/1355): [main] onRequest: token under exec 95
01-25 20:17:58.308  1355  1356 D RILC    : qmi_ril(0/1355): [main] onRequest: pre-exec token id 95, a-r-id 20, audit 0, nrender 0
01-25 20:17:58.308  1355  1356 D RILC    : qmi_ril(0/1355): [main] qmi_ril_fw_android_request_render_execution: rendering exec for token id 95
01-25 20:17:58.308  1355  1356 D RILC    : qmi_ril(0/1355): [main] qmi_ril_fw_create_android_live_params_copy: a-r-id 20, a-data 0, a-data-len 0
01-25 20:17:58.308  1355  1356 D RILC    : qmi_ril(0/1355): [main] qmi_ril_fw_android_request_render_execution: routed to dedicated thrd status 0
01-25 20:17:58.308  1355  1356 D RILC    : qmi_ril(0/1355): [main] onRequest: dispatch outcome = 0
01-25 20:17:58.308  1355  1356 D RILC    : qmi_ril(0/1355): [main] onRequest: UI --- RIL_REQUEST_QUERY_NETWORK_SELECTION_MODE (45) ---> RIL [RID 0, token id 96, data len 0]
01-25 20:17:58.308  1355  1356 D RILC    : qmi_ril(0/1355): [main] qmi_ril_fw_create_android_live_params_copy: a-r-id 45, a-data 0, a-data-len 0
01-25 20:17:58.308  1355  1356 D RILC    : qmi_ril(0/1355): [main] onRequest: method 3, datalen 0
01-25 20:17:58.308  1355  1356 D RILC    : qmi_ril(0/1355): [main] onRequest: already waiting for exec 0
01-25 20:17:58.308  1355  1356 D RILC    : qmi_ril(0/1355): [main] onRequest: android_request_param_holder 4115d640 hex
01-25 20:17:58.308  1355  1356 D RILC    : qmi_ril(0/1355): [main] onRequest: pending req kind 0 hex, awaitingexec req kind 0 hex
01-25 20:17:58.308  1355  1356 D RILC    : qmi_ril(0/1355): [main] onRequest: token under exec 96
01-25 20:17:58.308  1355  1356 D RILC    : qmi_ril(0/1355): [main] onRequest: pre-exec token id 96, a-r-id 45, audit 0, nrender 0
01-25 20:17:58.308  1355  1356 D RILC    : qmi_ril(0/1355): [main] qmi_ril_fw_android_request_render_execution: rendering exec for token id 96
01-25 20:17:58.308  1355  1356 D RILC    : qmi_ril(0/1355): [main] qmi_ril_fw_create_android_live_params_copy: a-r-id 45, a-data 0, a-data-len 0
01-25 20:17:58.308  1355  1356 D RILC    : qmi_ril(0/1355): [main] qmi_ril_fw_android_request_render_execution: routed to dedicated thrd status 0
01-25 20:17:58.308  1355  1356 D RILC    : qmi_ril(0/1355): [main] onRequest: dispatch outcome = 0
01-25 20:17:58.318  1355  4278 I RILC    : qmi_ril(0/1355): [cmd-22(528)] qmi_ril_fw_dedicated_request_exec_thread:  ..operational state 3
01-25 20:17:58.318  1355  4278 I RILC    : qmi_ril(0/1355): [cmd-22(528)] qcril_qmi_nas_request_operator: NAS_CACHE_LOCKED
01-25 20:17:58.318  1355  4278 I RILC    : qmi_ril(0/1355): [cmd-22(528)] qcril_qmi_nas_is_considered_registered: .. cache valid 1
01-25 20:17:58.318  1355  4278 I RILC    : qmi_ril(0/1355): [cmd-22(528)] qcril_qmi_nas_request_operator: NAS_CACHE_UNLOCKED
01-25 20:17:58.318  1355  4278 I RILC    : qmi_ril(0/1355): [cmd-22(528)] qcril_qmi_nas_request_operator: now registered 1
01-25 20:17:58.318  1355  4278 I RILC    : qmi_ril(0/1355): [cmd-22(528)] qcril_qmi_nas_is_in_service_of_technology: .. param 2
01-25 20:17:58.318  1355  4278 I RILC    : qmi_ril(0/1355): [cmd-22(528)] qcril_qmi_nas_is_in_service_of_technology: .. cache valid 0
01-25 20:17:58.318  1355  4278 I RILC    : qmi_ril(0/1355): [cmd-22(528)] qcril_qmi_nas_is_in_service_of_technology: .. param 1
01-25 20:17:58.318  1355  4278 I RILC    : qmi_ril(0/1355): [cmd-22(528)] qcril_qmi_nas_is_in_service_of_technology: .. cache valid 1
01-25 20:17:58.318  1355  4278 I RILC    : qmi_ril(0/1355): [cmd-22(528)] qcril_qmi_nas_request_operator: plmn_id cached 0
01-25 20:17:58.318  1355  4278 I RILC    : qmi_ril(0/1355): [cmd-22(528)] qcril_qmi_nas_request_operator: spn cached 0
01-25 20:17:58.318  1355  4278 I RILC    : qmi_ril(0/1355): [cmd-22(528)] qcril_qmi_nas_request_operator: short_name cached 0
01-25 20:17:58.318  1355  4278 I RILC    : qmi_ril(0/1355): [cmd-22(528)] qcril_qmi_nas_request_operator: long_name cached 0
01-25 20:17:58.318  1355  4278 I RILC    : qmi_ril(0/1355): [cmd-22(528)] qcril_qmi_nas_is_considered_registered: .. cache valid 1
01-25 20:17:58.318  1355  4278 I RILC    : qmi_ril(0/1355): [cmd-22(528)] qcril_qmi_nas_is_mcc_mnc_info_available: .. is registered 1
01-25 20:17:58.318  1355  4278 I RILC    : qmi_ril(0/1355): [cmd-22(528)] qcril_qmi_nas_is_mcc_mnc_info_available: completed with 1
01-25 20:17:58.318  1355  4278 I RILC    : qmi_ril(0/1355): [cmd-22(528)] qcril_qmi_nas_request_operator: ..wcdma network id valid 1
01-25 20:17:58.318  1355  4278 I RILC    : qmi_ril(0/1355): [cmd-22(528)] qcril_qmi_nas_is_considered_registered: .. cache valid 1
01-25 20:17:58.318  1355  4278 I RILC    : qmi_ril(0/1355): [cmd-22(528)] qcril_qmi_nas_find_current_mcc_mnc: using sys_info_ind - WCDMA
01-25 20:17:58.318  1355  4278 I RILC    : qmi_ril(0/1355): [cmd-22(528)] qcril_qmi_nas_find_current_mcc_mnc: mcc 310 mnc 410
01-25 20:17:58.318  1355  4278 I RILC    : qmi_ril(0/1355): [cmd-22(528)] qcril_qmi_nas_find_current_mcc_mnc: completed with 1
01-25 20:17:58.318  1355  4280 I RILC    : qmi_ril(0/1355): [cmd-20(96)] qmi_ril_fw_dedicated_request_exec_thread:  ..operational state 3
01-25 20:17:58.318   583   583 D RIL-QMI : qmuxd: RX 58 bytes on fd=21 from qmux_client_id=3
01-25 20:17:58.318  1355  4280 I RILC    : qmi_ril(0/1355): [cmd-20(96)] qcril_qmi_nas_request_registration_state: .. is ICS 1
01-25 20:17:58.318   583   583 E RIL-RAWDATA: service_ID = 3, message_ID = 44 
01-25 20:17:58.318   583   583 E RIL-RAWDATA: 01 17 00 00 03 03 00 C6 00 44 00 ..
01-25 20:17:58.318  1355  4280 D RILC    : qmi_ril(0/1355): [cmd-20(96)] qmi_ril_android_pending_unsol_resp_lock: [DEADLOCK-DEBUG] qmi_ril_android_pending_unsol_resp_lock - Before Count  : 0
01-25 20:17:58.318  1355  4280 I RILC    : qmi_ril(0/1355): [cmd-20(96)] qmi_ril_suppress_android_unsol_resp: suppressing android_unsol_resp 1002
01-25 20:17:58.318   583   583 E RIL-QMI : [SMDPORT] >> BEFORE, Write SMD Port [fd = 10] [msg_len = 24]
01-25 20:17:58.318  1355  4280 D RILC    : qmi_ril(0/1355): [cmd-20(96)] qmi_ril_android_pending_unsol_resp_unlock: [DEADLOCK-DEBUG] qmi_ril_android_pending_unsol_resp_unlock - Before Count  : 1
01-25 20:17:58.318  1355  4280 D RILC    : qmi_ril(0/1355): [cmd-20(96)] qmi_ril_android_pending_unsol_resp_lock: [DEADLOCK-DEBUG] qmi_ril_android_pending_unsol_resp_lock - Before Count  : 0
01-25 20:17:58.318   583   583 E RIL-QMI : [SMDPORT] << AFTER, Write SMD Port [rc = 0]
01-25 20:17:58.318  1355  4280 I RILC    : qmi_ril(0/1355): [cmd-20(96)] qmi_ril_suppress_android_unsol_resp: suppressing android_unsol_resp 1035
01-25 20:17:58.318  1355  4280 D RILC    : qmi_ril(0/1355): [cmd-20(96)] qmi_ril_android_pending_unsol_resp_unlock: [DEADLOCK-DEBUG] qmi_ril_android_pending_unsol_resp_unlock - Before Count  : 1
01-25 20:17:58.318  1355  4280 I RILC    : qmi_ril(0/1355): [cmd-20(96)] qcril_qmi_nas_request_registration_state: .. request need 0, vrte 3, irte 0
01-25 20:17:58.318  1355  4280 I RILC    : qmi_ril(0/1355): [cmd-20(96)] qcril_qmi_nas_request_registration_state:  ... so far ss, vrte 3, 3
01-25 20:17:58.318  1355  4280 I RILC    : qmi_ril(0/1355): [cmd-20(96)] qcril_qmi_nas_request_registration_state:  ... so far in_service 1
01-25 20:17:58.318  1355  4280 I RILC    : qmi_ril(0/1355): [cmd-20(96)] qcril_qmi_nas_request_registration_state: ccs_supported 0
01-25 20:17:58.318  1355  4280 I RILC    : qmi_ril(0/1355): [cmd-20(96)] qcril_qmi_nas_request_registration_state: simul_voice_and_data_capability valid 0, value 0
01-25 20:17:58.318  1355  4280 I RILC    : qmi_ril(0/1355): [cmd-20(96)] qcril_qmi_nas_request_registration_state: reported data technology 3
01-25 20:17:58.318  1355  4280 I RILC    : qmi_ril(0/1355): [cmd-20(96)] qcril_qmi_nas_request_registration_state: .. in transfer reg reject 0
01-25 20:17:58.318  1355  4280 D RILC    : qmi_ril(0/1355): [cmd-20(96)] qcril_send_request_response: UI <--- RIL_REQUEST_REGISTRATION_STATE (20) Complete --- RIL [RID 0, Token id 95, Success, Len 60 ]
01-25 20:17:58.318  1355  4280 D RILC    : qmi_ril(0/1355): [cmd-20(96)] qmi_ril_fw_send_request_response_epilog: token under exec 95, completion token id 95
01-25 20:17:58.318  1355  4280 D RILC    : qmi_ril(0/1355): [cmd-20(96)] qmi_ril_fw_send_request_response_epilog: postage resp to token id 95, a-r-id 20 (intermed. 20)
01-25 20:17:58.318  1355  4280 D RILC    : RIL onRequestComplete: Command channel closed
01-25 20:17:58.318  1355  4280 D RILC    : qmi_ril(0/1355): [cmd-20(96)] qmi_ril_android_pending_unsol_resp_lock: [DEADLOCK-DEBUG] qmi_ril_android_pending_unsol_resp_lock - Before Count  : 0
01-25 20:17:58.318  1355  4280 I RILC    : qmi_ril(0/1355): [cmd-20(96)] qmi_ril_unsuppress_android_unsol_resp: unsuppressing android_unsol_resp 1002
01-25 20:17:58.318  1355  4280 I RILC    : qmi_ril(0/1355): [cmd-20(96)] qmi_ril_unsuppress_android_unsol_resp: unsol_resp 1002 previous locker number 1
01-25 20:17:58.318  1355  4280 D RILC    : qmi_ril(0/1355): [cmd-20(96)] qmi_ril_android_pending_unsol_resp_unlock: [DEADLOCK-DEBUG] qmi_ril_android_pending_unsol_resp_unlock - Before Count  : 1
01-25 20:17:58.318  1355  4280 D RILC    : qmi_ril(0/1355): [cmd-20(96)] qmi_ril_android_pending_unsol_resp_lock: [DEADLOCK-DEBUG] qmi_ril_android_pending_unsol_resp_lock - Before Count  : 0
01-25 20:17:58.318  1355  4280 I RILC    : qmi_ril(0/1355): [cmd-20(96)] qmi_ril_unsuppress_android_unsol_resp: unsuppressing android_unsol_resp 1035
01-25 20:17:58.318  1355  4280 I RILC    : qmi_ril(0/1355): [cmd-20(96)] qmi_ril_unsuppress_android_unsol_resp: unsol_resp 1035 previous locker number 1
01-25 20:17:58.318  1355  4280 D RILC    : qmi_ril(0/1355): [cmd-20(96)] qmi_ril_android_pending_unsol_resp_unlock: [DEADLOCK-DEBUG] qmi_ril_android_pending_unsol_resp_unlock - Before Count  : 1
01-25 20:17:58.318  1355  4280 I RILC    : qmi_ril(0/1355): [cmd-20(96)] qcril_qmi_nas_restricted_state_handle_event: event 3 under state 0, cached details 0
01-25 20:17:58.318  1355  4280 D RILC    : qmi_ril(0/1355): [cmd-20(96)] qmi_ril_fw_destroy_android_live_params_copy: a-r-id 20, appron 3
01-25 20:17:58.318  1355  4280 I RILC    : qmi_ril(0/1355): [cmd-20(96)] qmi_ril_fw_dedicated_request_exec_thread:  ..exec res 0
01-25 20:17:58.318   583   731 E RIL-RAWDATA: service_ID = 3, message_ID = 44 
01-25 20:17:58.318   583   731 E RIL-RAWDATA: 01 28 00 80 03 03 02 C6 00 44 00 ..
01-25 20:17:58.318   583   731 D RIL-QMI : qmuxd: TX message on fd=21, to clientID = 3, len=75
01-25 20:17:58.318   933  1007 D RILJ    : [0095]< VOICE_REGISTRATION_STATE {1, 6796, 0497880b, 3, null, null, null, 0, null, null, 1, null, null, 0, 0}
01-25 20:17:58.318  1355  4278 I RILC    : qmi_ril(0/1355): [cmd-22(528)] qcril_qmi_util_convert_qmi_response_codes_to_ril_result_ex: ctx check 4
01-25 20:17:58.318  1355  4278 I RILC    : qmi_ril(0/1355): [cmd-22(528)] qcril_qmi_util_handle_centralized_short_long_eons: qmi_client_error: 0, ril_req_res: 0, get_plmn_resp.resp.error: 0
01-25 20:17:58.318  1355  4278 I RILC    : qmi_ril(0/1355): [cmd-22(528)] qcril_qmi_util_prefer_spn_over_plmn_name: is_nw_scan 0
01-25 20:17:58.318  1355  4278 I RILC    : qmi_ril(0/1355): [cmd-22(528)] qcril_qmi_util_prefer_spn_over_plmn_name: spn_plmn_name_preference 0
01-25 20:17:58.318  1355  4278 I RILC    : qmi_ril(0/1355): [cmd-22(528)] qcril_qmi_util_prefer_spn_over_plmn_name: plmn_name is present
01-25 20:17:58.318  1355  4278 I RILC    : qmi_ril(0/1355): [cmd-22(528)] qcril_qmi_util_handle_centralized_short_long_eons: plmn short name is 7-bit Unpacked data
01-25 20:17:58.318  1355  4278 I RILC    : qmi_ril(0/1355): [cmd-22(528)] qcril_qmi_util_handle_centralized_short_long_eons: short eons derived from plmn AT&T
01-25 20:17:58.318  1355  4278 I RILC    : qmi_ril(0/1355): [cmd-22(528)] qcril_qmi_util_handle_centralized_short_long_eons: plmn long name is 7-bit Unpacked data
01-25 20:17:58.318  1355  4278 I RILC    : qmi_ril(0/1355): [cmd-22(528)] qcril_qmi_util_handle_centralized_short_long_eons: long eons derived from plmn AT&T
01-25 20:17:58.318  1355  4278 I RILC    : qmi_ril(0/1355): [cmd-22(528)] qcril_qmi_nas_request_operator: .. res long AT&T
01-25 20:17:58.318  1355  4278 I RILC    : qmi_ril(0/1355): [cmd-22(528)] qcril_qmi_nas_request_operator: .. res short AT&T
01-25 20:17:58.318  1355  4278 I RILC    : qmi_ril(0/1355): [cmd-22(528)] qcril_qmi_nas_request_operator: .. res mcc_mnc 310410
01-25 20:17:58.318  1355  4278 D RILC    : qmi_ril(0/1355): [cmd-22(528)] qcril_send_request_response: UI <--- RIL_REQUEST_OPERATOR (22) Complete --- RIL [RID 0, Token id 93, Success, Len 12 ]
01-25 20:17:58.318  1355  4278 D RILC    : qmi_ril(0/1355): [cmd-22(528)] qmi_ril_fw_send_request_response_epilog: token under exec 93, completion token id 93
01-25 20:17:58.318  1355  4278 D RILC    : qmi_ril(0/1355): [cmd-22(528)] qmi_ril_fw_send_request_response_epilog: postage resp to token id 93, a-r-id 22 (intermed. 22)
01-25 20:17:58.318  1355  4278 D RILC    : RIL onRequestComplete: Command channel closed
01-25 20:17:58.318  1355  4278 I RILC    : qmi_ril(0/1355): [cmd-22(528)] qcril_qmi_nas_request_operator: complete with 0
01-25 20:17:58.318  1355  4278 D RILC    : qmi_ril(0/1355): [cmd-22(528)] qmi_ril_fw_destroy_android_live_params_copy: a-r-id 22, appron 3
01-25 20:17:58.318  1355  4278 I RILC    : qmi_ril(0/1355): [cmd-22(528)] qmi_ril_fw_dedicated_request_exec_thread:  ..exec res 0
01-25 20:17:58.318  1355  4281 I RILC    : qmi_ril(0/1355): [cmd-45(376)] qmi_ril_fw_dedicated_request_exec_thread:  ..operational state 3
01-25 20:17:58.318  1355  4281 I RILC    : qmi_ril(0/1355): [cmd-45(376)] qcril_qmi_nas_query_network_selection_mode: NAS_CACHE_LOCKED
01-25 20:17:58.318  1355  4281 I RILC    : qmi_ril(0/1355): [cmd-45(376)] qcril_qmi_nas_query_network_selection_mode: NAS_CACHE_UNLOCKED
01-25 20:17:58.318  1355  4281 I RILC    : qmi_ril(0/1355): [cmd-45(376)] qcril_qmi_nas_query_network_selection_mode: is_cached=1
01-25 20:17:58.318  1355  4281 I RILC    : qmi_ril(0/1355): [cmd-45(376)] qcril_qmi_nas_query_network_selection_mode: network_selection_mode: 0, ril_req_res: 0
01-25 20:17:58.318  1355  4281 D RILC    : qmi_ril(0/1355): [cmd-45(376)] qcril_send_request_response: UI <--- RIL_REQUEST_QUERY_NETWORK_SELECTION_MODE (45) Complete --- RIL [RID 0, Token id 96, Success, Len 4 ]
01-25 20:17:58.318  1355  4281 D RILC    : qmi_ril(0/1355): [cmd-45(376)] qmi_ril_fw_send_request_response_epilog: token under exec 96, completion token id 96
01-25 20:17:58.318  1355  4281 D RILC    : qmi_ril(0/1355): [cmd-45(376)] qmi_ril_fw_send_request_response_epilog: postage resp to token id 96, a-r-id 45 (intermed. 45)
01-25 20:17:58.318  1355  4281 D RILC    : RIL onRequestComplete: Command channel closed
01-25 20:17:58.318  1355  4281 D RILC    : qmi_ril(0/1355): [cmd-45(376)] qmi_ril_fw_destroy_android_live_params_copy: a-r-id 45, appron 3
01-25 20:17:58.318  1355  4281 I RILC    : qmi_ril(0/1355): [cmd-45(376)] qmi_ril_fw_dedicated_request_exec_thread:  ..exec res 0
01-25 20:17:58.318   933  1007 D RILJ    : [0093]< OPERATOR {AT&T, AT&T, 310410}
01-25 20:17:58.318   933  1007 D RILJ    : [0096]< QUERY_NETWORK_SELECTION_MODE {0}
01-25 20:17:58.318  1355  4279 I RILC    : qmi_ril(0/1355): [cmd-21(640)] qmi_ril_fw_dedicated_request_exec_thread:  ..operational state 3
01-25 20:17:58.318  1355  4279 D RILC    : qmi_ril(0/1355): [cmd-21(640)] qmi_ril_android_pending_unsol_resp_lock: [DEADLOCK-DEBUG] qmi_ril_android_pending_unsol_resp_lock - Before Count  : 0
01-25 20:17:58.318  1355  4279 I RILC    : qmi_ril(0/1355): [cmd-21(640)] qmi_ril_suppress_android_unsol_resp: suppressing android_unsol_resp 1002
01-25 20:17:58.318  1355  4279 D RILC    : qmi_ril(0/1355): [cmd-21(640)] qmi_ril_android_pending_unsol_resp_unlock: [DEADLOCK-DEBUG] qmi_ril_android_pending_unsol_resp_unlock - Before Count  : 1
01-25 20:17:58.318  1355  4279 D RILC    : qmi_ril(0/1355): [cmd-21(640)] qmi_ril_android_pending_unsol_resp_lock: [DEADLOCK-DEBUG] qmi_ril_android_pending_unsol_resp_lock - Before Count  : 0
01-25 20:17:58.318  1355  4279 I RILC    : qmi_ril(0/1355): [cmd-21(640)] qmi_ril_suppress_android_unsol_resp: suppressing android_unsol_resp 1035
01-25 20:17:58.318  1355  4279 D RILC    : qmi_ril(0/1355): [cmd-21(640)] qmi_ril_android_pending_unsol_resp_unlock: [DEADLOCK-DEBUG] qmi_ril_android_pending_unsol_resp_unlock - Before Count  : 1
01-25 20:17:58.318  1355  4279 I RILC    : qmi_ril(0/1355): [cmd-21(640)] qcril_qmi_get_pref_data_tech: before translation : is_current 1 network_type 0 rat_mask 1 db_so_mask 0 pref_data_tech UNKNOWN
01-25 20:17:58.318  1355  4279 I RILC    : qmi_ril(0/1355): [cmd-21(640)] qcril_qmi_convert_rat_mask_to_technology: technology UMTS
01-25 20:17:58.318  1355  4279 I RILC    : qmi_ril(0/1355): [cmd-21(640)] qcril_qmi_get_pref_data_tech: after translation : is_current 1 network_type 0 rat_mask 1 db_so_mask 0 pref_data_tech UMTS technology 3
01-25 20:17:58.318  1355  4279 I RILC    : qmi_ril(0/1355): [cmd-21(640)] qmi_ril_nw_reg_extend_pref_data_tech_cl: is extrapolation 0, cache is valid 0, cache rat 0, oprt valid 1, oprt 0, card status 3, card ever present 1, ban 0, mpv 1, mp 28
01-25 20:17:58.318  1355  4279 I RILC    : qmi_ril(0/1355): [cmd-21(640)] qmi_ril_nw_reg_extend_pref_data_tech_cl: need reset 0
01-25 20:17:58.318  1355  4279 I RILC    : qmi_ril(0/1355): [cmd-21(640)] qmi_ril_nw_reg_extend_pref_data_tech_cl: RAT 3, is current 1, is_extrapolation 0, is_extrap_roaming 0
01-25 20:17:58.318  1355  4279 I RILC    : qmi_ril(0/1355): [cmd-21(640)] qcril_qmi_nas_request_data_registration_state: .. request need 0, drte 3, pref data tech UMTS
01-25 20:17:58.318  1355  4279 I RILC    : qmi_ril(0/1355): [cmd-21(640)] qcril_qmi_nas_request_data_registration_state:  ... status info: cdma 0 hdr 0 gsm 1 wcdma 1 tdscdma 0 lte 1 cdma 0 hdr 0 gsm 0 wcdma 1 tdscdma 0 lte 0
01-25 20:17:58.318  1355  4279 I RILC    : qmi_ril(0/1355): [cmd-21(640)] qcril_qmi_nas_request_data_registration_state: CnE module available, is current 1, pref data tech UMTS
01-25 20:17:58.318  1355  4279 I RILC    : qmi_ril(0/1355): [cmd-21(640)] qcril_qmi_nas_request_data_registration_state: with current status
01-25 20:17:58.318  1355  4279 I RILC    : qmi_ril(0/1355): [cmd-21(640)] qcril_qmi_nas_request_data_registration_state: data in service on UMTS
01-25 20:17:58.318  1355  4279 I RILC    : qmi_ril(0/1355): [cmd-21(640)] qcril_qmi_nas_request_data_registration_state: data roam status latest 1 / 1 under tmr 0xba, is extrap 0, extrap_roaming 0, a/m nw sel 0
01-25 20:17:58.318  1355  4279 I RILC    : qmi_ril(0/1355): [cmd-21(640)] qcril_qmi_nas_request_data_registration_state: need reset roaming tmr 1, need spawn roaming tmr 1
01-25 20:17:58.318  1355  4279 D RILC    : qmi_ril(0/1355): [cmd-21(640)] qcril_cancel_timed_callback: Cancel timer with ID 186
01-25 20:17:58.318  1355  1356 V RILC    : processWakeupCallback
01-25 20:17:58.318  1355  4279 D RILC    : qmi_ril(0/1355): [cmd-21(640)] qcril_setup_timed_callback: Set timer with ID 187
01-25 20:17:58.318  1355  4279 I RILC    : qmi_ril(0/1355): [cmd-21(640)] qcril_qmi_nas_request_data_registration_state: ... cur reg state 1(1)
01-25 20:17:58.318  1355  4279 D RILC    : qmi_ril(0/1355): [cmd-21(640)] qcril_qmi_nas_request_data_registration_state: pref_data.is_current = 1
01-25 20:17:58.318  1355  4279 I RILC    : qmi_ril(0/1355): [cmd-21(640)] qcril_qmi_nas_request_data_registration_state: ... cur tech 3
01-25 20:17:58.318  1355  4279 I RILC    : qmi_ril(0/1355): [cmd-21(640)] qcril_qmi_nas_request_data_registration_state: .. prestored reg snapshot valid 0 while cur reg 1
01-25 20:17:58.318  1355  4279 I RILC    : qmi_ril(0/1355): [cmd-21(640)] qcril_qmi_nas_request_data_registration_state: considered data technology valid 1, value 3
01-25 20:17:58.318  1355  4279 I RILC    : qmi_ril(0/1355): [cmd-21(640)] qcril_qmi_nas_request_data_registration_state: reported data technology 3
01-25 20:17:58.318  1355  4279 D RILC    : qmi_ril(0/1355): [cmd-21(640)] qcril_send_request_response: UI <--- RIL_REQUEST_DATA_REGISTRATION_STATE (21) Complete --- RIL [RID 0, Token id 94, Success, Len 24 ]
01-25 20:17:58.318  1355  4279 D RILC    : qmi_ril(0/1355): [cmd-21(640)] qmi_ril_fw_send_request_response_epilog: token under exec 94, completion token id 94
01-25 20:17:58.318  1355  4279 D RILC    : qmi_ril(0/1355): [cmd-21(640)] qmi_ril_fw_send_request_response_epilog: postage resp to token id 94, a-r-id 21 (intermed. 21)
01-25 20:17:58.318  1355  4279 D RILC    : RIL onRequestComplete: Command channel closed
01-25 20:17:58.318  1355  4279 D RILC    : qmi_ril(0/1355): [cmd-21(640)] qmi_ril_android_pending_unsol_resp_lock: [DEADLOCK-DEBUG] qmi_ril_android_pending_unsol_resp_lock - Before Count  : 0
01-25 20:17:58.318  1355  4279 I RILC    : qmi_ril(0/1355): [cmd-21(640)] qmi_ril_unsuppress_android_unsol_resp: unsuppressing android_unsol_resp 1002
01-25 20:17:58.318  1355  4279 I RILC    : qmi_ril(0/1355): [cmd-21(640)] qmi_ril_unsuppress_android_unsol_resp: unsol_resp 1002 previous locker number 1
01-25 20:17:58.318  1355  4279 D RILC    : qmi_ril(0/1355): [cmd-21(640)] qmi_ril_android_pending_unsol_resp_unlock: [DEADLOCK-DEBUG] qmi_ril_android_pending_unsol_resp_unlock - Before Count  : 1
01-25 20:17:58.318  1355  4279 D RILC    : qmi_ril(0/1355): [cmd-21(640)] qmi_ril_android_pending_unsol_resp_lock: [DEADLOCK-DEBUG] qmi_ril_android_pending_unsol_resp_lock - Before Count  : 0
01-25 20:17:58.318  1355  4279 I RILC    : qmi_ril(0/1355): [cmd-21(640)] qmi_ril_unsuppress_android_unsol_resp: unsuppressing android_unsol_resp 1035
01-25 20:17:58.318  1355  4279 I RILC    : qmi_ril(0/1355): [cmd-21(640)] qmi_ril_unsuppress_android_unsol_resp: unsol_resp 1035 previous locker number 1
01-25 20:17:58.318  1355  4279 D RILC    : qmi_ril(0/1355): [cmd-21(640)] qmi_ril_android_pending_unsol_resp_unlock: [DEADLOCK-DEBUG] qmi_ril_android_pending_unsol_resp_unlock - Before Count  : 1
01-25 20:17:58.318  1355  4279 D RILC    : qmi_ril(0/1355): [cmd-21(640)] qmi_ril_fw_destroy_android_live_params_copy: a-r-id 21, appron 3
01-25 20:17:58.318  1355  4279 I RILC    : qmi_ril(0/1355): [cmd-21(640)] qmi_ril_fw_dedicated_request_exec_thread:  ..exec res 0
01-25 20:17:58.318   933  1007 D RILJ    : [0094]< DATA_REGISTRATION_STATE {1, 6796, 0497880b, 3, null, 20}
01-25 20:17:58.318   933   933 D GSM     : [GsmSST] Poll ServiceState done:  oldSS=[0 home AT&T AT&T 310410  UMTS CSS not supported -1 -1 RoamInd=-1 DefRoamInd=-1 EmergOnly=false] newSS=[0 home AT&T AT&T 310410  UMTS CSS not supported -1 -1 RoamInd=-1 DefRoamInd=-1 EmergOnly=false] oldGprs=0 newData=0 oldMaxDataCalls=20 mNewMaxDataCalls=20 oldReasonDataDenied=-1 mNewReasonDataDenied=-1 oldType=UMTS newType=UMTS
01-25 20:17:58.448   583   731 E RIL-RAWDATA: service_ID = 3, message_ID = 51 
01-25 20:17:58.448   583   731 E RIL-RAWDATA: 01 12 00 80 03 03 04 00 00 51 00 ..
01-25 20:17:58.448   583   731 D RIL-QMI : qmuxd: TX message on fd=21, to clientID = 3, len=53
01-25 20:17:58.448  1355  1397 I RILC    : qmi_ril(0/1355): [qmi_cb] qcril_qmi_nas_unsolicited_indication_cb: invoked msg 0x51
01-25 20:17:58.448  1355  1397 I RILC    : qmi_ril(0/1355): [qmi_cb] qcril_qmi_nas_is_considered_registered: .. cache valid 1
01-25 20:17:58.448  1355  1397 I RILC    : qmi_ril(0/1355): [qmi_cb] qcril_qmi_nas_is_considered_registered: .. cache valid 1
01-25 20:17:58.448  1355  1397 D RILC    : qmi_ril(0/1355): [qmi_cb] qcril_event_queue: Event [QCRIL_EVT_QMI_NAS_SIG_STRENGTH_UPDATE, a000a] data was NULL
01-25 20:17:58.448  1355  1397 D RILC    : qmi_ril(0/1355): [qmi_cb] qcril_event_queue: RID 0 MID 0 Queued event QCRIL_EVT_QMI_NAS_SIG_STRENGTH_UPDATE (0 bytes)(obj 0x4116a268)
01-25 20:17:58.448  1355  1397 I RILC    : qmi_ril(0/1355): [qmi_cb] qcril_qmi_nas_unsolicited_indication_cb: .. operational state 3
01-25 20:17:58.448  1355  1359 D RILC    : qmi_ril(0/1355): [event] qcril_event_main: 1 items on queue
01-25 20:17:58.448  1355  1359 D RILC    : qmi_ril(0/1355): [event] qcril_event_main: RID 0 MID 0 De-queued event QCRIL_EVT_QMI_NAS_SIG_STRENGTH_UPDATE (655370)(obj 0x4116a268)
01-25 20:17:58.448  1355  1359 D RILC    : qmi_ril(0/1355): [event] qcril_process_event: RIL <--- QCRIL_EVT_QMI_NAS_SIG_STRENGTH_UPDATE(655370), RID 0, MID 0 --- AMSS
01-25 20:17:58.448  1355  1359 I RILC    : qmi_ril(0/1355): [event] qcril_qmi_nas_fetch_signal_strength_observations: validity sign info GSM 0, WCDMA 0, TDSCDMA 0, 1x 0, HRPD 0, LTE 0
01-25 20:17:58.448  1355  1359 I RILC    : qmi_ril(0/1355): [event] qcril_qmi_nas_fetch_signal_strength_observations: validity err rate GSM 0, WCDMA 1, TDSCDMA 0
01-25 20:17:58.448  1355  1359 I RILC    : qmi_ril(0/1355): [event] qcril_qmi_nas_fetch_signal_strength_observations: ..qmi_request_need_sig_info-1, qmi_request_need_err_rate-0
01-25 20:17:58.448   583   583 D RIL-QMI : qmuxd: RX 47 bytes on fd=21 from qmux_client_id=3
01-25 20:17:58.448   583   583 E RIL-RAWDATA: service_ID = 3, message_ID = 4f 
01-25 20:17:58.448   583   583 E RIL-RAWDATA: 01 0C 00 00 03 03 00 C7 00 4F 00 ..
01-25 20:17:58.448   583   583 E RIL-QMI : [SMDPORT] >> BEFORE, Write SMD Port [fd = 10] [msg_len = 13]
01-25 20:17:58.448   583   583 E RIL-QMI : [SMDPORT] << AFTER, Write SMD Port [rc = 0]
01-25 20:17:58.448   583   731 E RIL-RAWDATA: service_ID = 3, message_ID = 4f 
01-25 20:17:58.448   583   731 E RIL-RAWDATA: 01 1E 00 80 03 03 02 C7 00 4F 00 ..
01-25 20:17:58.448   583   731 D RIL-QMI : qmuxd: TX message on fd=21, to clientID = 3, len=65
01-25 20:17:58.448  1355  1359 I RILC    : qmi_ril(0/1355): [event] qcril_qmi_util_convert_qmi_response_codes_to_ril_result_ex: ctx check 0
01-25 20:17:58.448  1355  1359 I RILC    : qmi_ril(0/1355): [event] qcril_qmi_nas_fetch_signal_strength_observations: ..sign info fetch res 0, 0, 0
01-25 20:17:58.448  1355  1359 I RILC    : qmi_ril(0/1355): [event] qcril_qmi_nas_propagate_known_signal_strength_ind: .. subfetch sig strength info 0
01-25 20:17:58.448  1355  1359 I RILC    : qmi_ril(0/1355): [event] qcril_qmi_nas_propagate_known_signal_strength_ind: .. conf res 0
01-25 20:17:58.448  1355  1359 D RILC    : qmi_ril(0/1355): [event] qcril_send_unsol_response: [DEADLOCK-DEBUG] >> get the peding LOCK - qcril_send_unsol_response 
01-25 20:17:58.448  1355  1359 D RILC    : qmi_ril(0/1355): [event] qmi_ril_android_pending_unsol_resp_lock: [DEADLOCK-DEBUG] qmi_ril_android_pending_unsol_resp_lock - Before Count  : 0
01-25 20:17:58.448  1355  1359 D RILC    : qmi_ril(0/1355): [event] qcril_send_unsol_response_epilog: UI <--- RIL_UNSOL_SIGNAL_STRENGTH (1009) --- RIL [RID 0, Len 52, (null)]
01-25 20:17:58.448  1355  1359 D RILC    : qmi_ril(0/1355): [event] qcril_send_unsol_response: [DEADLOCK-DEBUG] << get the peding UNLOCK - qcril_send_unsol_response 
01-25 20:17:58.448  1355  1359 D RILC    : qmi_ril(0/1355): [event] qmi_ril_android_pending_unsol_resp_unlock: [DEADLOCK-DEBUG] qmi_ril_android_pending_unsol_resp_unlock - Before Count  : 1
01-25 20:17:58.448  1355  1359 I RILC    : qmi_ril(0/1355): [event] qcril_process_event: Exit QCRIL_EVT_QMI_NAS_SIG_STRENGTH_UPDATE, err_no 0
01-25 20:17:58.448  1355  1359 D RILC    : qmi_ril(0/1355): [event] qcril_event_main: Waiting...
01-25 20:17:58.448   933  1007 D RILJ    : responseSignalStength BEFORE: mode=raw gsmDbm=259 gsmEcio=0 lteSignalStrength=99 lteRsrp=2147483647 lteRsrq=2147483647 lteRssnr=2147483647 lteCqi=2147483647
01-25 20:17:58.448   933  1007 D RILJ    : responseSignalStength AFTER: mode=raw gsmDbm=3 gsmEcio=-1 lteSignalStrength=-1 lteRsrp=-1 lteRsrq=-1 lteRssnr=-1 lteCqi=-1
01-25 20:17:58.788  1355  1355 D RILC    : qmi_ril(0/1355): [rild] qcril_data_fd_updateDataPackets: ret(0)
01-25 20:17:59.048   583   731 E RIL-RAWDATA: service_ID = 3, message_ID = 4e 
01-25 20:17:59.048   583   731 E RIL-RAWDATA: 01 61 00 80 03 03 04 00 00 4E 00 ..
01-25 20:17:59.048   583   731 D RIL-QMI : qmuxd: TX message on fd=21, to clientID = 3, len=132
01-25 20:17:59.048  1355  1397 I RILC    : qmi_ril(0/1355): [qmi_cb] qcril_qmi_nas_unsolicited_indication_cb: invoked msg 0x4e
01-25 20:17:59.048  1355  1397 I RILC    : qmi_ril(0/1355): [qmi_cb] qcril_qmi_nas_is_considered_registered: .. cache valid 1
01-25 20:17:59.048  1355  1397 I RILC    : qmi_ril(0/1355): [qmi_cb] qcril_qmi_nas_update_voice_rte: [CS] 1x reg [0], gsm reg [2], wcdma reg [1], lte reg [2], hdr reg [0]
01-25 20:17:59.048  1355  1397 I RILC    : qmi_ril(0/1355): [qmi_cb] qcril_qmi_nas_update_voice_rte: completed, new vrte 3 with confidence 1
01-25 20:17:59.048  1355  1397 I RILC    : qmi_ril(0/1355): [qmi_cb] qcril_qmi_get_pref_data_tech: before translation : is_current 1 network_type 0 rat_mask 1 db_so_mask 0 pref_data_tech UNKNOWN
01-25 20:17:59.048  1355  1397 I RILC    : qmi_ril(0/1355): [qmi_cb] qcril_qmi_convert_rat_mask_to_technology: technology UMTS
01-25 20:17:59.048  1355  1397 I RILC    : qmi_ril(0/1355): [qmi_cb] qcril_qmi_get_pref_data_tech: after translation : is_current 1 network_type 0 rat_mask 1 db_so_mask 0 pref_data_tech UMTS technology 3
01-25 20:17:59.048  1355  1397 I RILC    : qmi_ril(0/1355): [qmi_cb] qmi_ril_nw_reg_extend_pref_data_tech_cl: is extrapolation 0, cache is valid 0, cache rat 0, oprt valid 1, oprt 0, card status 3, card ever present 1, ban 0, mpv 1, mp 28
01-25 20:17:59.048  1355  1397 I RILC    : qmi_ril(0/1355): [qmi_cb] qmi_ril_nw_reg_extend_pref_data_tech_cl: need reset 0
01-25 20:17:59.048  1355  1397 I RILC    : qmi_ril(0/1355): [qmi_cb] qmi_ril_nw_reg_extend_pref_data_tech_cl: RAT 3, is current 1, is_extrapolation 0, is_extrap_roaming 0
01-25 20:17:59.048  1355  1397 I RILC    : qmi_ril(0/1355): [qmi_cb] qcril_qmi_nas_update_data_rte: [PS] 1x reg [0], gsm reg [2], wcdma reg [1], lte reg [2], hdr reg [0]
01-25 20:17:59.048  1355  1397 I RILC    : qmi_ril(0/1355): [qmi_cb] qcril_qmi_nas_update_data_rte: CnE module available
01-25 20:17:59.048  1355  1397 I RILC    : qmi_ril(0/1355): [qmi_cb] qcril_qmi_nas_update_data_rte: with current status
01-25 20:17:59.048  1355  1397 I RILC    : qmi_ril(0/1355): [qmi_cb] qcril_qmi_nas_util_map_pref_data_tech_to_data_rte: entered, pref data tech is UMTS
01-25 20:17:59.048  1355  1397 I RILC    : qmi_ril(0/1355): [qmi_cb] qcril_qmi_nas_util_map_pref_data_tech_to_data_rte: completed, data rte is 3
01-25 20:17:59.048  1355  1397 I RILC    : qmi_ril(0/1355): [qmi_cb] qcril_qmi_nas_update_data_rte: data rte calculated
01-25 20:17:59.048  1355  1397 I RILC    : qmi_ril(0/1355): [qmi_cb] qcril_qmi_nas_update_data_rte: preferred data tech available UMTS
01-25 20:17:59.048  1355  1397 I RILC    : qmi_ril(0/1355): [qmi_cb] qcril_qmi_nas_update_data_rte: [FINAL-PS] 1x reg [0], gsm reg [0], wcdma reg [1], lte reg [0], hdr reg [0]
01-25 20:17:59.048  1355  1397 I RILC    : qmi_ril(0/1355): [qmi_cb] qcril_qmi_nas_update_data_rte: completed, new drte 3 with confidence 1
01-25 20:17:59.048  1355  1397 I RILC    : qmi_ril(0/1355): [qmi_cb] qcril_qmi_nas_update_data_rte: completed, new drte 3
01-25 20:17:59.048  1355  1397 I RILC    : qmi_ril(0/1355): [qmi_cb] qcril_qmi_nas_update_ims_rte: completed, new irte 0 with confidence 4
01-25 20:17:59.048  1355  1397 I RILC    : qmi_ril(0/1355): [qmi_cb] qcril_qmi_voice_technology_updated: ..nas_cached_info.voice_rte 3, nas_cached_info.data_rte 3, nas_cached_info.ims_rte 0, will be considered 3
01-25 20:17:59.048  1355  1397 I RILC    : qmi_ril(0/1355): [qmi_cb] qmi_ril_nwr_update_reg_rej_from_sys_info: [CS] 1x reg [0], gsm reg [2], wcdma reg [1], lte reg [2], hdr reg [0]
01-25 20:17:59.048  1355  1397 I RILC    : qmi_ril(0/1355): [qmi_cb] qmi_ril_nwr_update_reg_rej_from_sys_info: .. nof cs reg reject 0, cs reg reject for direct inj 0
01-25 20:17:59.048  1355  1397 I RILC    : qmi_ril(0/1355): [qmi_cb] qmi_ril_nwr_update_reg_rej_from_sys_info: .. abandoning cs_rejected as full service
01-25 20:17:59.048  1355  1397 I RILC    : qmi_ril(0/1355): [qmi_cb] qmi_ril_nwr_reg_reject_handle_event_cl: .. rte_kind 1, rte 3, evt 3
01-25 20:17:59.048  1355  1397 I RILC    : qmi_ril(0/1355): [qmi_cb] qmi_ril_nwr_update_reg_rej_from_sys_info: [PS] 1x reg [0], gsm reg [2], wcdma reg [1], lte reg [2], hdr reg [0]
01-25 20:17:59.048  1355  1397 I RILC    : qmi_ril(0/1355): [qmi_cb] qmi_ril_nwr_update_reg_rej_from_sys_info: .. drop as full svc
01-25 20:17:59.048  1355  1397 I RILC    : qmi_ril(0/1355): [qmi_cb] qmi_ril_nwr_reg_reject_handle_event_cl: .. rte_kind 2, rte 3, evt 3
01-25 20:17:59.048  1355  1397 I RILC    : qmi_ril(0/1355): [qmi_cb] qcril_qmi_get_pref_data_tech: before translation : is_current 1 network_type 0 rat_mask 1 db_so_mask 0 pref_data_tech UNKNOWN
01-25 20:17:59.048  1355  1397 I RILC    : qmi_ril(0/1355): [qmi_cb] qcril_qmi_convert_rat_mask_to_technology: technology UMTS
01-25 20:17:59.048  1355  1397 I RILC    : qmi_ril(0/1355): [qmi_cb] qcril_qmi_get_pref_data_tech: after translation : is_current 1 network_type 0 rat_mask 1 db_so_mask 0 pref_data_tech UMTS technology 3
01-25 20:17:59.048  1355  1397 I RILC    : qmi_ril(0/1355): [qmi_cb] qcril_qmi_nas_is_data_nw_state_updated: CnE module available with current status - Valid pref data tech 4
01-25 20:17:59.048  1355  1397 I RILC    : qmi_ril(0/1355): [qmi_cb] qcril_qmi_nas_update_voice_rte: [CS] 1x reg [0], gsm reg [2], wcdma reg [1], lte reg [2], hdr reg [0]
01-25 20:17:59.048  1355  1397 I RILC    : qmi_ril(0/1355): [qmi_cb] qcril_qmi_nas_update_voice_rte: completed, new vrte 3 with confidence 1
01-25 20:17:59.048  1355  1397 I RILC    : qmi_ril(0/1355): [qmi_cb] qcril_qmi_get_pref_data_tech: before translation : is_current 1 network_type 0 rat_mask 1 db_so_mask 0 pref_data_tech UNKNOWN
01-25 20:17:59.048  1355  1397 I RILC    : qmi_ril(0/1355): [qmi_cb] qcril_qmi_convert_rat_mask_to_technology: technology UMTS
01-25 20:17:59.048  1355  1397 I RILC    : qmi_ril(0/1355): [qmi_cb] qcril_qmi_get_pref_data_tech: after translation : is_current 1 network_type 0 rat_mask 1 db_so_mask 0 pref_data_tech UMTS technology 3
01-25 20:17:59.048  1355  1397 I RILC    : qmi_ril(0/1355): [qmi_cb] qmi_ril_nw_reg_extend_pref_data_tech_cl: is extrapolation 0, cache is valid 0, cache rat 0, oprt valid 1, oprt 0, card status 3, card ever present 1, ban 0, mpv 1, mp 28
01-25 20:17:59.048  1355  1397 I RILC    : qmi_ril(0/1355): [qmi_cb] qmi_ril_nw_reg_extend_pref_data_tech_cl: need reset 0
01-25 20:17:59.048  1355  1397 I RILC    : qmi_ril(0/1355): [qmi_cb] qmi_ril_nw_reg_extend_pref_data_tech_cl: RAT 3, is current 1, is_extrapolation 0, is_extrap_roaming 0
01-25 20:17:59.048  1355  1397 I RILC    : qmi_ril(0/1355): [qmi_cb] qcril_qmi_nas_update_data_rte: [PS] 1x reg [0], gsm reg [2], wcdma reg [1], lte reg [2], hdr reg [0]
01-25 20:17:59.048  1355  1397 I RILC    : qmi_ril(0/1355): [qmi_cb] qcril_qmi_nas_update_data_rte: CnE module available
01-25 20:17:59.048  1355  1397 I RILC    : qmi_ril(0/1355): [qmi_cb] qcril_qmi_nas_update_data_rte: with current status
01-25 20:17:59.048  1355  1397 I RILC    : qmi_ril(0/1355): [qmi_cb] qcril_qmi_nas_util_map_pref_data_tech_to_data_rte: entered, pref data tech is UMTS
01-25 20:17:59.048  1355  1397 I RILC    : qmi_ril(0/1355): [qmi_cb] qcril_qmi_nas_util_map_pref_data_tech_to_data_rte: completed, data rte is 3
01-25 20:17:59.048  1355  1397 I RILC    : qmi_ril(0/1355): [qmi_cb] qcril_qmi_nas_update_data_rte: data rte calculated
01-25 20:17:59.048  1355  1397 I RILC    : qmi_ril(0/1355): [qmi_cb] qcril_qmi_nas_update_data_rte: preferred data tech available UMTS
01-25 20:17:59.048  1355  1397 I RILC    : qmi_ril(0/1355): [qmi_cb] qcril_qmi_nas_update_data_rte: [FINAL-PS] 1x reg [0], gsm reg [0], wcdma reg [1], lte reg [0], hdr reg [0]
01-25 20:17:59.048  1355  1397 I RILC    : qmi_ril(0/1355): [qmi_cb] qcril_qmi_nas_update_data_rte: completed, new drte 3 with confidence 1
01-25 20:17:59.048  1355  1397 I RILC    : qmi_ril(0/1355): [qmi_cb] qcril_qmi_nas_update_data_rte: completed, new drte 3
01-25 20:17:59.048  1355  1397 I RILC    : qmi_ril(0/1355): [qmi_cb] qcril_qmi_nas_update_ims_rte: completed, new irte 0 with confidence 4
01-25 20:17:59.048  1355  1397 I RILC    : qmi_ril(0/1355): [qmi_cb] qcril_qmi_voice_technology_updated: ..nas_cached_info.voice_rte 3, nas_cached_info.data_rte 3, nas_cached_info.ims_rte 0, will be considered 3
01-25 20:17:59.048  1355  1397 I RILC    : qmi_ril(0/1355): [qmi_cb] qmi_ril_nwr_update_reg_rej_from_sys_info: [CS] 1x reg [0], gsm reg [2], wcdma reg [1], lte reg [2], hdr reg [0]
01-25 20:17:59.048  1355  1397 I RILC    : qmi_ril(0/1355): [qmi_cb] qmi_ril_nwr_update_reg_rej_from_sys_info: .. nof cs reg reject 0, cs reg reject for direct inj 0
01-25 20:17:59.048  1355  1397 I RILC    : qmi_ril(0/1355): [qmi_cb] qmi_ril_nwr_update_reg_rej_from_sys_info: .. abandoning cs_rejected as full service
01-25 20:17:59.048  1355  1397 I RILC    : qmi_ril(0/1355): [qmi_cb] qmi_ril_nwr_reg_reject_handle_event_cl: .. rte_kind 1, rte 3, evt 3
01-25 20:17:59.048  1355  1397 I RILC    : qmi_ril(0/1355): [qmi_cb] qmi_ril_nwr_update_reg_rej_from_sys_info: [PS] 1x reg [0], gsm reg [2], wcdma reg [1], lte reg [2], hdr reg [0]
01-25 20:17:59.048  1355  1397 I RILC    : qmi_ril(0/1355): [qmi_cb] qmi_ril_nwr_update_reg_rej_from_sys_info: .. drop as full svc
01-25 20:17:59.048  1355  1397 I RILC    : qmi_ril(0/1355): [qmi_cb] qmi_ril_nwr_reg_reject_handle_event_cl: .. rte_kind 2, rte 3, evt 3
01-25 20:17:59.048  1355  1397 I RILC    : qmi_ril(0/1355): [qmi_cb] qcril_qmi_nas_restricted_state_handle_event: event 2 under state 0, cached details 0
01-25 20:17:59.048  1355  1397 I RILC    : qmi_ril(0/1355): [qmi_cb] qcril_qmi_nas_calculate_restricted_details: voice_rte 3, data_rte 3
01-25 20:17:59.048  1355  1397 I RILC    : qmi_ril(0/1355): [qmi_cb] qcril_qmi_nas_fill_up_restricted_state_details: cs_bar_status 3
01-25 20:17:59.048  1355  1397 I RILC    : qmi_ril(0/1355): [qmi_cb] qcril_qmi_nas_fill_up_restricted_state_details: ps_bar_status 3
01-25 20:17:59.048  1355  1397 I RILC    : qmi_ril(0/1355): [qmi_cb] qcril_qmi_nas_fill_up_restricted_state_details:  .. restricted_state_details_local 0
01-25 20:17:59.048  1355  1397 I RILC    : qmi_ril(0/1355): [qmi_cb] qmi_ril_nw_reg_snapshot_dump_log: in snapshot voice_rte 3, data_rte 3, ims_rte 0
01-25 20:17:59.048  1355  1397 I RILC    : qmi_ril(0/1355): [qmi_cb] qmi_ril_nw_reg_snapshot_dump_log: in snapshot voice_rte 3, data_rte 3, ims_rte 0
01-25 20:17:59.048  1355  1397 I RILC    : qmi_ril(0/1355): [qmi_cb] qcril_qmi_nas_sys_info_ind_conv_qmi2ril: any rte change 0
01-25 20:17:59.048  1355  1397 I RILC    : qmi_ril(0/1355): [qmi_cb] qcril_qmi_nas_sys_info_ind_conv_qmi2ril: .. rte changed 0
