01-25 20:21:08.428   669   681 I am_destroy_activity: [0,1097577008,7,com.facebook.katana/.activity.places.SelectAtTagActivity,finish-imm]
01-25 20:21:15.215   669  1781 I notification_enqueue: [com.facebook.katana,-1828295157,UploadNotificationManager,0,Notification(pri=0 contentView=com.facebook.katana/0x109008e vibrate=null sound=null defaults=0x0 flags=0x0 kind=[null])]
01-25 20:21:15.245   669  1003 I am_finish_activity: [0,1097710952,7,com.facebook.katana/.activity.composer.ComposerActivity,app-request]
01-25 20:21:15.375   669  1003 I am_pause_activity: [0,1097710952,com.facebook.katana/.activity.composer.ComposerActivity]
01-25 20:21:15.385  4130  4130 I binder_sample: [android.app.IActivityManager,11,136,com.facebook.katana,27]
01-25 20:21:15.415   669  1003 I notification_enqueue: [com.facebook.katana,-1828295157,UploadNotificationManager,0,Notification(pri=0 contentView=com.facebook.katana/0x109008e vibrate=null sound=null defaults=0x0 flags=0x0 kind=[null])]
01-25 20:21:15.445  4130  4130 I am_on_paused_called: [0,com.facebook.katana.activity.composer.ComposerActivity]
01-25 20:21:15.445   669   873 I am_resume_activity: [0,1101849736,7,com.facebook.katana/com.facebook.photos.mediapicker.MediaPickerActivity]
01-25 20:21:15.485   669  3672 I am_finish_activity: [0,1101849736,7,com.facebook.katana/com.facebook.photos.mediapicker.MediaPickerActivity,app-request]
01-25 20:21:15.485   669  3672 I am_pause_activity: [0,1101849736,com.facebook.katana/com.facebook.photos.mediapicker.MediaPickerActivity]
01-25 20:21:15.545   669   873 I am_resume_activity: [0,1097833776,7,com.facebook.katana/.activity.FbFragmentChromeActivity]
01-25 20:21:15.555   669   874 I am_create_service: [0,1101835088,com.facebook.katana/com.facebook.videoads.scheduler.VideoAdsFetchService,,4130]
01-25 20:21:15.605  4130  4130 I am_on_resume_called: [0,com.facebook.katana.activity.FbFragmentChromeActivity]
01-25 20:21:15.836   669  1781 I am_destroy_service: [0,1101835088,com.facebook.katana/com.facebook.videoads.scheduler.VideoAdsFetchService,4130]
01-25 20:21:16.326   669  1050 I am_destroy_activity: [0,1097710952,7,com.facebook.katana/.activity.composer.ComposerActivity,finish-imm]
01-25 20:21:16.326   669  1050 I am_destroy_activity: [0,1101849736,7,com.facebook.katana/com.facebook.photos.mediapicker.MediaPickerActivity,finish-idle]
01-25 20:21:16.687   669  3672 I notification_enqueue: [com.facebook.katana,-1828295157,UploadNotificationManager,0,Notification(pri=0 contentView=com.facebook.katana/0x109008e vibrate=null sound=null defaults=0x0 flags=0x0 kind=[null])]
01-25 20:21:16.747   669  1781 I notification_enqueue: [com.facebook.katana,-1828295157,UploadNotificationManager,0,Notification(pri=0 contentView=com.facebook.katana/0x109008e vibrate=null sound=null defaults=0x0 flags=0x0 kind=[null])]
01-25 20:21:16.767   669   680 I notification_enqueue: [com.facebook.katana,-1828295157,UploadNotificationManager,0,Notification(pri=0 contentView=com.facebook.katana/0x109008e vibrate=null sound=null defaults=0x0 flags=0x0 kind=[null])]
01-25 20:21:24.335   669   756 I battery_level: [100,4201,332]
01-25 20:21:50.222   669   874 I am_destroy_service: [0,1099837656,com.facebook.katana/com.facebook.analytics.service.AnalyticsService,4130]
01-25 20:21:53.676   669   873 I am_create_activity: [0,1101821376,7,com.facebook.katana/.activity.composer.ComposerActivity,NULL,NULL,NULL,0]
01-25 20:21:53.716   669   873 I am_pause_activity: [0,1097833776,com.facebook.katana/.activity.FbFragmentChromeActivity]
01-25 20:21:53.726  4130  4130 I am_on_paused_called: [0,com.facebook.katana.activity.FbFragmentChromeActivity]
01-25 20:21:53.726   669  1781 I am_restart_activity: [0,1101821376,7,com.facebook.katana/.activity.composer.ComposerActivity]
01-25 20:21:53.796   669   873 I am_create_service: [0,1100636200,com.facebook.katana/com.facebook.analytics.service.AnalyticsService,,4130]
01-25 20:21:53.936   669  3672 I am_create_service: [0,1099571640,com.facebook.katana/.service.FacebookService,,4130]
01-25 20:21:53.956   669  1003 I am_create_service: [0,1100187056,com.facebook.katana/com.facebook.privacy.service.PrivacyService,,4130]
01-25 20:21:53.976  4130  4130 I am_on_resume_called: [0,com.facebook.katana.activity.composer.ComposerActivity]
01-25 20:21:54.157   669   685 I am_activity_launch_time: [0,1101821376,com.facebook.katana/.activity.composer.ComposerActivity,422,422]
01-25 20:21:56.709   669   756 I battery_level: [100,4300,332]
01-25 20:21:58.011   669   669 I notification_enqueue: [com.facebook.katana,-1828295157,UploadNotificationManager,0,Notification(pri=0 contentView=com.facebook.katana/0x109008e vibrate=null sound=null defaults=0x0 flags=0x0 kind=[null])]
01-25 20:21:58.031   669  1074 I notification_enqueue: [com.facebook.katana,-1828295157,UploadNotificationManager,0,Notification(pri=0 contentView=com.facebook.katana/0x109008e vibrate=null sound=null defaults=0x0 flags=0x0 kind=[null])]
01-25 20:21:58.401   669  1050 I notification_enqueue: [com.facebook.katana,-1828295157,UploadNotificationManager,0,Notification(pri=0 contentView=com.facebook.katana/0x109008e vibrate=null sound=null defaults=0x0 flags=0x0 kind=[null])]
01-25 20:21:58.461   669   873 I notification_enqueue: [com.facebook.katana,-1828295157,UploadNotificationManager,0,Notification(pri=0 contentView=com.facebook.katana/0x109008e vibrate=null sound=null defaults=0x0 flags=0x0 kind=[null])]
01-25 20:22:00.153   669   874 I am_destroy_service: [0,1100187056,com.facebook.katana/com.facebook.privacy.service.PrivacyService,4130]
01-25 20:22:02.005   669  1074 I am_finish_activity: [0,1101821376,7,com.facebook.katana/.activity.composer.ComposerActivity,app-request]
01-25 20:22:02.045   669  1074 I am_pause_activity: [0,1101821376,com.facebook.katana/.activity.composer.ComposerActivity]
01-25 20:22:02.145  4130  4130 I am_on_paused_called: [0,com.facebook.katana.activity.composer.ComposerActivity]
01-25 20:22:02.145   669  1781 I am_resume_activity: [0,1097833776,7,com.facebook.katana/.activity.FbFragmentChromeActivity]
01-25 20:22:02.195   669  1003 I am_create_service: [0,1100738160,com.facebook.katana/com.facebook.videoads.scheduler.VideoAdsFetchService,,4130]
01-25 20:22:02.225  4130  4130 I am_on_resume_called: [0,com.facebook.katana.activity.FbFragmentChromeActivity]
01-25 20:22:02.355   669   873 I am_destroy_service: [0,1100738160,com.facebook.katana/com.facebook.videoads.scheduler.VideoAdsFetchService,4130]
01-25 20:22:03.246   669  1074 I am_destroy_activity: [0,1101821376,7,com.facebook.katana/.activity.composer.ComposerActivity,finish-imm]
01-25 20:22:13.788   669  1074 I notification_enqueue: [com.facebook.katana,-1828295157,UploadNotificationManager,0,Notification(pri=0 contentView=com.facebook.katana/0x109008e vibrate=null sound=null defaults=0x0 flags=0x0 kind=[null])]
01-25 20:22:17.381   669   681 I am_create_activity: [0,1100545432,7,com.facebook.katana/.activity.composer.ComposerActivity,NULL,NULL,NULL,0]
01-25 20:22:17.401   669   681 I am_pause_activity: [0,1097833776,com.facebook.katana/.activity.FbFragmentChromeActivity]
01-25 20:22:17.411  4130  4130 I am_on_paused_called: [0,com.facebook.katana.activity.FbFragmentChromeActivity]
01-25 20:22:17.411   669  1781 I am_restart_activity: [0,1100545432,7,com.facebook.katana/.activity.composer.ComposerActivity]
01-25 20:22:17.542   669  1050 I am_create_activity: [0,1100767800,7,com.facebook.katana/.activity.places.SelectAtTagActivity,NULL,NULL,NULL,0]
01-25 20:22:17.542   669  1050 I am_pause_activity: [0,1100545432,com.facebook.katana/.activity.composer.ComposerActivity]
01-25 20:22:17.552   669  1003 I am_create_service: [0,1100224368,com.facebook.katana/com.facebook.privacy.service.PrivacyService,,4130]
01-25 20:22:17.572  4130  4130 I am_on_resume_called: [0,com.facebook.katana.activity.composer.ComposerActivity]
01-25 20:22:17.592  4130  4130 I am_on_paused_called: [0,com.facebook.katana.activity.composer.ComposerActivity]
01-25 20:22:17.592   669  1050 I am_restart_activity: [0,1100767800,7,com.facebook.katana/.activity.places.SelectAtTagActivity]
01-25 20:22:17.692  4130  4130 I am_on_resume_called: [0,com.facebook.maps.GoogleEmbeddableMapActivity]
01-25 20:22:17.732  4130  4130 I am_on_resume_called: [0,com.facebook.katana.activity.places.SelectAtTagActivity]
01-25 20:22:17.832   669   685 I am_activity_launch_time: [0,1100767800,com.facebook.katana/.activity.places.SelectAtTagActivity,234,415]
01-25 20:22:17.832   669  1074 I dvm_lock_sample: [system_server,1,Binder_7,12,WindowManagerService.java,7851,WindowAnimator.java,134,2]
01-25 20:22:21.416   669  1050 I notification_enqueue: [com.facebook.katana,-1828295157,UploadNotificationManager,0,Notification(pri=0 contentView=com.facebook.katana/0x109008e vibrate=null sound=null defaults=0x0 flags=0x0 kind=[null])]
01-25 20:22:21.446   669   874 I notification_enqueue: [com.facebook.katana,-1828295157,UploadNotificationManager,0,Notification(pri=0 contentView=com.facebook.katana/0x109008e vibrate=null sound=null defaults=0x0 flags=0x0 kind=[null])]
01-25 20:22:33.979   669   681 I am_destroy_service: [0,1100636200,com.facebook.katana/com.facebook.analytics.service.AnalyticsService,4130]
01-25 20:22:38.214   669   756 I battery_level: [100,4181,334]
01-25 20:22:45.962   669  1003 I am_finish_activity: [0,1100767800,7,com.facebook.katana/.activity.places.SelectAtTagActivity,app-request]
01-25 20:22:46.062   669  1003 I am_pause_activity: [0,1100767800,com.facebook.katana/.activity.places.SelectAtTagActivity]
01-25 20:22:46.082  4130  4130 I am_on_paused_called: [0,com.facebook.maps.GoogleEmbeddableMapActivity]
01-25 20:22:46.092  4130  4130 I am_on_paused_called: [0,com.facebook.katana.activity.places.SelectAtTagActivity]
01-25 20:22:46.092   669   681 I am_resume_activity: [0,1100545432,7,com.facebook.katana/.activity.composer.ComposerActivity]
01-25 20:22:46.102   669  1781 I am_finish_activity: [0,1100545432,7,com.facebook.katana/.activity.composer.ComposerActivity,app-request]
01-25 20:22:46.102   669  1781 I am_pause_activity: [0,1100545432,com.facebook.katana/.activity.composer.ComposerActivity]
01-25 20:22:46.122   669  3672 I am_resume_activity: [0,1097833776,7,com.facebook.katana/.activity.FbFragmentChromeActivity]
01-25 20:22:46.142   669  1074 I am_create_service: [0,1101886336,com.facebook.katana/com.facebook.videoads.scheduler.VideoAdsFetchService,,4130]
01-25 20:22:46.182  4130  4130 I am_on_resume_called: [0,com.facebook.katana.activity.FbFragmentChromeActivity]
01-25 20:22:46.292   669  1003 I am_destroy_service: [0,1101886336,com.facebook.katana/com.facebook.videoads.scheduler.VideoAdsFetchService,4130]
01-25 20:22:48.134   669  3672 I am_destroy_activity: [0,1100767800,7,com.facebook.katana/.activity.places.SelectAtTagActivity,finish-imm]
01-25 20:22:48.134   669  3672 I am_destroy_activity: [0,1100545432,7,com.facebook.katana/.activity.composer.ComposerActivity,finish-idle]
01-25 20:22:51.548   933   933 I binder_sample: [com.android.internal.telephony.ITelephonyRegistry,7,5,com.android.phone,1]
01-25 20:23:08.716   669   756 I battery_level: [100,4238,335]
01-25 20:23:14.232   669   874 I am_create_service: [0,1099905952,com.facebook.katana/com.facebook.analytics.service.AnalyticsService,,4130]
01-25 20:23:44.614   669  1781 I am_destroy_service: [0,1099905952,com.facebook.katana/com.facebook.analytics.service.AnalyticsService,4130]
01-25 20:23:48.238   669  1050 I am_create_service: [0,1101871464,com.facebook.katana/com.facebook.analytics.service.AnalyticsService,,4130]
01-25 20:23:56.797   669   756 I battery_level: [100,4250,336]
01-25 20:24:05.136   669   874 I am_finish_activity: [0,1097833776,7,com.facebook.katana/.activity.FbFragmentChromeActivity,app-request]
01-25 20:24:05.156   669   874 I am_pause_activity: [0,1097833776,com.facebook.katana/.activity.FbFragmentChromeActivity]
01-25 20:24:05.166  4130  4130 I am_on_paused_called: [0,com.facebook.katana.activity.FbFragmentChromeActivity]
01-25 20:24:05.166   669  1074 I am_resume_activity: [0,1097692456,5,edu.umich.robustnet.aroandappcontroller/.activities.MainActivity]
01-25 20:24:05.166   669   669 I am_create_activity: [0,1100437672,5,edu.umich.robustnet.aroandappcontroller/.activities.AROCollectorHomeActivity,NULL,NULL,NULL,0]
01-25 20:24:05.176   669   669 I am_pause_activity: [0,1097692456,edu.umich.robustnet.aroandappcontroller/.activities.MainActivity]
01-25 20:24:05.176  3674  3674 I am_on_resume_called: [0,edu.umich.robustnet.aroandappcontroller.activities.MainActivity]
01-25 20:24:05.176  3674  3674 I am_on_paused_called: [0,edu.umich.robustnet.aroandappcontroller.activities.MainActivity]
01-25 20:24:05.186   669  1781 I am_restart_activity: [0,1100437672,5,edu.umich.robustnet.aroandappcontroller/.activities.AROCollectorHomeActivity]
01-25 20:24:05.367  3674  3674 I am_on_resume_called: [0,edu.umich.robustnet.aroandappcontroller.activities.AROCollectorHomeActivity]
01-25 20:24:05.487   669   685 I am_activity_launch_time: [0,1100437672,edu.umich.robustnet.aroandappcontroller/.activities.AROCollectorHomeActivity,304,304]
01-25 20:24:06.248   669   683 I am_destroy_activity: [0,1097833776,7,com.facebook.katana/.activity.FbFragmentChromeActivity,finish-imm]
01-25 20:24:09.831   669   874 I notification_cancel: [edu.umich.robustnet.aroandappcontroller,1,NULL,0,0,64]
01-25 20:24:09.831   669  1781 I am_create_activity: [0,1097436496,5,edu.umich.robustnet.aroandappcontroller/.activities.AROCollectorCompletedActivity,NULL,NULL,NULL,268435456]
01-25 20:24:09.851   669  1781 I am_pause_activity: [0,1100437672,edu.umich.robustnet.aroandappcontroller/.activities.AROCollectorHomeActivity]
01-25 20:24:09.861   669  1050 I am_finish_activity: [0,1100437672,5,edu.umich.robustnet.aroandappcontroller/.activities.AROCollectorHomeActivity,app-request]
01-25 20:24:09.861   669   669 I am_destroy_service: [0,1100598712,edu.umich.robustnet.aroandappcontroller/.main.AROCollectorTraceService,3674]
01-25 20:24:09.861  3674  3674 I am_on_paused_called: [0,edu.umich.robustnet.aroandappcontroller.activities.AROCollectorHomeActivity]
01-25 20:24:09.861   669   669 I am_restart_activity: [0,1097436496,5,edu.umich.robustnet.aroandappcontroller/.activities.AROCollectorCompletedActivity]
01-25 20:24:09.861   669   686 I notification_cancel: [edu.umich.robustnet.aroandappcontroller,1,NULL,0,0,0]
01-25 20:24:09.871   669  1003 I am_destroy_service: [0,1099822984,edu.umich.robustnet.aroandappcontroller/.main.AROCollectorService,3674]
01-25 20:24:09.871   669   686 I notification_cancel: [edu.umich.robustnet.aroandappcontroller,1,NULL,0,0,0]
01-25 20:24:09.962   669   874 I notification_cancel: [edu.umich.robustnet.aroandappcontroller,1,NULL,0,0,64]
01-25 20:24:10.152  3674  3674 I am_on_resume_called: [0,edu.umich.robustnet.aroandappcontroller.activities.AROCollectorCompletedActivity]
01-25 20:24:10.172   669   759 I am_create_service: [0,1100027288,com.facebook.katana/.service.BackgroundDetectionService,dat=fbservice:/fgbg/pause,4130]
01-25 20:24:10.172   669  1074 I notification_cancel: [edu.umich.robustnet.aroandappcontroller,1,NULL,0,0,64]
01-25 20:24:10.292   669   685 I am_activity_launch_time: [0,1097436496,edu.umich.robustnet.aroandappcontroller/.activities.AROCollectorCompletedActivity,427,427]
01-25 20:24:10.622   669   683 I am_destroy_activity: [0,1100437672,5,edu.umich.robustnet.aroandappcontroller/.activities.AROCollectorHomeActivity,finish-imm]
01-25 20:24:15.157   669   669 I am_finish_activity: [0,1097436496,5,edu.umich.robustnet.aroandappcontroller/.activities.AROCollectorCompletedActivity,app-request]
01-25 20:24:15.187   669   669 I am_pause_activity: [0,1097436496,edu.umich.robustnet.aroandappcontroller/.activities.AROCollectorCompletedActivity]
01-25 20:24:15.187  3674  3674 I am_on_paused_called: [0,edu.umich.robustnet.aroandappcontroller.activities.AROCollectorCompletedActivity]
01-25 20:24:15.187   669  1003 I am_resume_activity: [0,1097692456,5,edu.umich.robustnet.aroandappcontroller/.activities.MainActivity]
01-25 20:24:15.297  3674  3674 I am_on_resume_called: [0,edu.umich.robustnet.aroandappcontroller.activities.MainActivity]
01-25 20:24:15.487  3674  3863 I dvm_lock_sample: [edu.umich.robustnet.aroandappcon,0,java.lang.ProcessManager,125,ProcessManager.java,122,-,206,25]
01-25 20:24:15.698   669   683 I am_destroy_activity: [0,1097436496,5,edu.umich.robustnet.aroandappcontroller/.activities.AROCollectorCompletedActivity,finish-imm]
