01-25 20:18:02.141   933  1007 D RILJ    : [UNSL]< UNSOL_DATA_CALL_LIST_CHANGED [DataCallState: {version=7 status=0 retry=-1 cid=0 active=2 type=IP' ifname='rmnet0' addresses=[10.234.62.226/30] dnses=[172.26.38.1,172.26.38.2] gateways=[10.234.62.225]}]
01-25 20:18:02.141   933   933 D GSM     : [GsmDCT] handleMessage msg={ what=270340 when=0 obj=android.os.AsyncResult@414a4798 }
01-25 20:18:02.141   933   933 D GSM     : [GsmDCT] onDataStateChanged(ar): E
01-25 20:18:02.141   933   933 D GSM     : [GsmDCT] onDataStateChanged(ar): DataCallState size=1
01-25 20:18:02.141   933   933 D GSM     : [GsmDCT] findApnContextToClean(ar): E dcacs=[GsmDC-1]
01-25 20:18:02.141   933   933 D GSM     : [GsmDCT] findApnContextToClean(ar): X list=[]
01-25 20:18:02.141   933   933 D GSM     : [GsmDCT] onDataStateChanged(ar): Found ConnId=0 newState=DataCallState: {version=7 status=0 retry=-1 cid=0 active=2 type=IP' ifname='rmnet0' addresses=[10.234.62.226/30] dnses=[172.26.38.1,172.26.38.2] gateways=[10.234.62.225]}
01-25 20:18:02.141   933  1350 D GSM     : addr/pl=10.234.62.226/30
01-25 20:18:02.141   933   933 D GSM     : [GsmDCT] onDataStateChanged(ar): no change
01-25 20:18:02.141   933   933 D GSM     : [GsmDCT] onDataStateChanged: Data Activity updated to NONE. isAnyDataCallActive = true isAnyDataCallDormant = false
01-25 20:18:02.141   933   933 D GSM     : [GsmDCT] overall state is CONNECTED
01-25 20:18:02.141   933   933 D GSM     : [GsmDCT] onDataStateChange(ar): apnsToCleanup=[]
01-25 20:18:02.141   933   933 D GSM     : [GsmDCT] onDataStateChanged(ar): X
01-25 20:18:03.052  1355  1355 D RILC    : qmi_ril(0/1355): [rild] qcril_data_fd_updateDataPackets: ret(1)
01-25 20:18:03.443   583   731 E RIL-RAWDATA: service_ID = 3, message_ID = 51 
01-25 20:18:03.443   583   731 E RIL-RAWDATA: 01 12 00 80 03 03 04 00 00 51 00 ..
01-25 20:18:03.443   583   731 D RIL-QMI : qmuxd: TX message on fd=21, to clientID = 3, len=53
01-25 20:18:03.443  1355  1397 I RILC    : qmi_ril(0/1355): [qmi_cb] qcril_qmi_nas_unsolicited_indication_cb: invoked msg 0x51
01-25 20:18:03.443  1355  1397 I RILC    : qmi_ril(0/1355): [qmi_cb] qcril_qmi_nas_is_considered_registered: .. cache valid 1
01-25 20:18:03.443  1355  1397 I RILC    : qmi_ril(0/1355): [qmi_cb] qcril_qmi_nas_is_considered_registered: .. cache valid 1
01-25 20:18:03.443  1355  1397 D RILC    : qmi_ril(0/1355): [qmi_cb] qcril_event_queue: Event [QCRIL_EVT_QMI_NAS_SIG_STRENGTH_UPDATE, a000a] data was NULL
01-25 20:18:03.443  1355  1397 D RILC    : qmi_ril(0/1355): [qmi_cb] qcril_event_queue: RID 0 MID 0 Queued event QCRIL_EVT_QMI_NAS_SIG_STRENGTH_UPDATE (0 bytes)(obj 0x41169930)
01-25 20:18:03.443  1355  1397 I RILC    : qmi_ril(0/1355): [qmi_cb] qcril_qmi_nas_unsolicited_indication_cb: .. operational state 3
01-25 20:18:03.443  1355  1359 D RILC    : qmi_ril(0/1355): [event] qcril_event_main: 1 items on queue
01-25 20:18:03.443  1355  1359 D RILC    : qmi_ril(0/1355): [event] qcril_event_main: RID 0 MID 0 De-queued event QCRIL_EVT_QMI_NAS_SIG_STRENGTH_UPDATE (655370)(obj 0x41169930)
01-25 20:18:03.443  1355  1359 D RILC    : qmi_ril(0/1355): [event] qcril_process_event: RIL <--- QCRIL_EVT_QMI_NAS_SIG_STRENGTH_UPDATE(655370), RID 0, MID 0 --- AMSS
01-25 20:18:03.443  1355  1359 I RILC    : qmi_ril(0/1355): [event] qcril_qmi_nas_fetch_signal_strength_observations: validity sign info GSM 0, WCDMA 0, TDSCDMA 0, 1x 0, HRPD 0, LTE 0
01-25 20:18:03.443  1355  1359 I RILC    : qmi_ril(0/1355): [event] qcril_qmi_nas_fetch_signal_strength_observations: validity err rate GSM 0, WCDMA 1, TDSCDMA 0
01-25 20:18:03.443  1355  1359 I RILC    : qmi_ril(0/1355): [event] qcril_qmi_nas_fetch_signal_strength_observations: ..qmi_request_need_sig_info-1, qmi_request_need_err_rate-0
01-25 20:18:03.443   583   583 D RIL-QMI : qmuxd: RX 47 bytes on fd=21 from qmux_client_id=3
01-25 20:18:03.443   583   583 E RIL-RAWDATA: service_ID = 3, message_ID = 4f 
01-25 20:18:03.443   583   583 E RIL-RAWDATA: 01 0C 00 00 03 03 00 CA 00 4F 00 ..
01-25 20:18:03.443   583   583 E RIL-QMI : [SMDPORT] >> BEFORE, Write SMD Port [fd = 10] [msg_len = 13]
01-25 20:18:03.453   583   583 E RIL-QMI : [SMDPORT] << AFTER, Write SMD Port [rc = 0]
01-25 20:18:03.453   583   731 E RIL-RAWDATA: service_ID = 3, message_ID = 4f 
01-25 20:18:03.453   583   731 E RIL-RAWDATA: 01 1E 00 80 03 03 02 CA 00 4F 00 ..
01-25 20:18:03.453   583   731 D RIL-QMI : qmuxd: TX message on fd=21, to clientID = 3, len=65
01-25 20:18:03.453  1355  1359 I RILC    : qmi_ril(0/1355): [event] qcril_qmi_util_convert_qmi_response_codes_to_ril_result_ex: ctx check 0
01-25 20:18:03.453  1355  1359 I RILC    : qmi_ril(0/1355): [event] qcril_qmi_nas_fetch_signal_strength_observations: ..sign info fetch res 0, 0, 0
01-25 20:18:03.453  1355  1359 I RILC    : qmi_ril(0/1355): [event] qcril_qmi_nas_propagate_known_signal_strength_ind: .. subfetch sig strength info 0
01-25 20:18:03.453  1355  1359 I RILC    : qmi_ril(0/1355): [event] qcril_qmi_nas_propagate_known_signal_strength_ind: .. conf res 0
01-25 20:18:03.453  1355  1359 D RILC    : qmi_ril(0/1355): [event] qcril_send_unsol_response: [DEADLOCK-DEBUG] >> get the peding LOCK - qcril_send_unsol_response 
01-25 20:18:03.453  1355  1359 D RILC    : qmi_ril(0/1355): [event] qmi_ril_android_pending_unsol_resp_lock: [DEADLOCK-DEBUG] qmi_ril_android_pending_unsol_resp_lock - Before Count  : 0
01-25 20:18:03.453  1355  1359 D RILC    : qmi_ril(0/1355): [event] qcril_send_unsol_response_epilog: UI <--- RIL_UNSOL_SIGNAL_STRENGTH (1009) --- RIL [RID 0, Len 52, (null)]
01-25 20:18:03.453  1355  1359 D RILC    : qmi_ril(0/1355): [event] qcril_send_unsol_response: [DEADLOCK-DEBUG] << get the peding UNLOCK - qcril_send_unsol_response 
01-25 20:18:03.453  1355  1359 D RILC    : qmi_ril(0/1355): [event] qmi_ril_android_pending_unsol_resp_unlock: [DEADLOCK-DEBUG] qmi_ril_android_pending_unsol_resp_unlock - Before Count  : 1
01-25 20:18:03.453  1355  1359 I RILC    : qmi_ril(0/1355): [event] qcril_process_event: Exit QCRIL_EVT_QMI_NAS_SIG_STRENGTH_UPDATE, err_no 0
01-25 20:18:03.453  1355  1359 D RILC    : qmi_ril(0/1355): [event] qcril_event_main: Waiting...
01-25 20:18:03.453   933  1007 D RILJ    : responseSignalStength BEFORE: mode=raw gsmDbm=519 gsmEcio=0 lteSignalStrength=99 lteRsrp=2147483647 lteRsrq=2147483647 lteRssnr=2147483647 lteCqi=2147483647
01-25 20:18:03.453   933  1007 D RILJ    : responseSignalStength AFTER: mode=raw gsmDbm=7 gsmEcio=-1 lteSignalStrength=-1 lteRsrp=-1 lteRsrq=-1 lteRssnr=-1 lteCqi=-1
01-25 20:18:04.053  1355  1355 D RILC    : qmi_ril(0/1355): [rild] qcril_data_fd_updateDataPackets: ret(1)
01-25 20:18:05.054  1355  1355 D RILC    : qmi_ril(0/1355): [rild] qcril_data_fd_updateDataPackets: ret(1)
01-25 20:18:05.255  1355  1356 I RILC    : qmi_ril(0/1355): [main] qcril_delay_timed_cb: STK service still not ready!
01-25 20:18:05.255  1355  1356 D RILC    : qmi_ril(0/1355): [main] qcril_setup_timed_callback: Set timer with ID 190
01-25 20:18:06.055  1355  1355 D RILC    : qmi_ril(0/1355): [rild] qcril_data_fd_updateDataPackets: ret(1)
01-25 20:18:07.056  1355  1355 D RILC    : qmi_ril(0/1355): [rild] qcril_data_fd_updateDataPackets: ret(1)
01-25 20:18:07.457   583   731 E RIL-RAWDATA: service_ID = 3, message_ID = 51 
01-25 20:18:07.457   583   731 E RIL-RAWDATA: 01 12 00 80 03 03 04 00 00 51 00 ..
01-25 20:18:07.457   583   731 D RIL-QMI : qmuxd: TX message on fd=21, to clientID = 3, len=53
01-25 20:18:07.457  1355  1397 I RILC    : qmi_ril(0/1355): [qmi_cb] qcril_qmi_nas_unsolicited_indication_cb: invoked msg 0x51
01-25 20:18:07.457  1355  1397 I RILC    : qmi_ril(0/1355): [qmi_cb] qcril_qmi_nas_is_considered_registered: .. cache valid 1
01-25 20:18:07.457  1355  1397 I RILC    : qmi_ril(0/1355): [qmi_cb] qcril_qmi_nas_is_considered_registered: .. cache valid 1
01-25 20:18:07.457  1355  1397 D RILC    : qmi_ril(0/1355): [qmi_cb] qcril_event_queue: Event [QCRIL_EVT_QMI_NAS_SIG_STRENGTH_UPDATE, a000a] data was NULL
01-25 20:18:07.457  1355  1397 D RILC    : qmi_ril(0/1355): [qmi_cb] qcril_event_queue: RID 0 MID 0 Queued event QCRIL_EVT_QMI_NAS_SIG_STRENGTH_UPDATE (0 bytes)(obj 0x4116e9c8)
01-25 20:18:07.457  1355  1397 I RILC    : qmi_ril(0/1355): [qmi_cb] qcril_qmi_nas_unsolicited_indication_cb: .. operational state 3
01-25 20:18:07.457  1355  1359 D RILC    : qmi_ril(0/1355): [event] qcril_event_main: 1 items on queue
01-25 20:18:07.457  1355  1359 D RILC    : qmi_ril(0/1355): [event] qcril_event_main: RID 0 MID 0 De-queued event QCRIL_EVT_QMI_NAS_SIG_STRENGTH_UPDATE (655370)(obj 0x4116e9c8)
01-25 20:18:07.457  1355  1359 D RILC    : qmi_ril(0/1355): [event] qcril_process_event: RIL <--- QCRIL_EVT_QMI_NAS_SIG_STRENGTH_UPDATE(655370), RID 0, MID 0 --- AMSS
01-25 20:18:07.457  1355  1359 I RILC    : qmi_ril(0/1355): [event] qcril_qmi_nas_fetch_signal_strength_observations: validity sign info GSM 0, WCDMA 0, TDSCDMA 0, 1x 0, HRPD 0, LTE 0
01-25 20:18:07.457  1355  1359 I RILC    : qmi_ril(0/1355): [event] qcril_qmi_nas_fetch_signal_strength_observations: validity err rate GSM 0, WCDMA 1, TDSCDMA 0
01-25 20:18:07.457  1355  1359 I RILC    : qmi_ril(0/1355): [event] qcril_qmi_nas_fetch_signal_strength_observations: ..qmi_request_need_sig_info-1, qmi_request_need_err_rate-0
01-25 20:18:07.457   583   583 D RIL-QMI : qmuxd: RX 47 bytes on fd=21 from qmux_client_id=3
01-25 20:18:07.457   583   583 E RIL-RAWDATA: service_ID = 3, message_ID = 4f 
01-25 20:18:07.457   583   583 E RIL-RAWDATA: 01 0C 00 00 03 03 00 CB 00 4F 00 ..
01-25 20:18:07.457   583   583 E RIL-QMI : [SMDPORT] >> BEFORE, Write SMD Port [fd = 10] [msg_len = 13]
01-25 20:18:07.457   583   583 E RIL-QMI : [SMDPORT] << AFTER, Write SMD Port [rc = 0]
01-25 20:18:07.457   583   731 E RIL-RAWDATA: service_ID = 3, message_ID = 4f 
01-25 20:18:07.457   583   731 E RIL-RAWDATA: 01 1E 00 80 03 03 02 CB 00 4F 00 ..
01-25 20:18:07.457   583   731 D RIL-QMI : qmuxd: TX message on fd=21, to clientID = 3, len=65
01-25 20:18:07.457  1355  1359 I RILC    : qmi_ril(0/1355): [event] qcril_qmi_util_convert_qmi_response_codes_to_ril_result_ex: ctx check 0
01-25 20:18:07.457  1355  1359 I RILC    : qmi_ril(0/1355): [event] qcril_qmi_nas_fetch_signal_strength_observations: ..sign info fetch res 0, 0, 0
01-25 20:18:07.457  1355  1359 I RILC    : qmi_ril(0/1355): [event] qcril_qmi_nas_propagate_known_signal_strength_ind: .. subfetch sig strength info 0
01-25 20:18:07.457  1355  1359 I RILC    : qmi_ril(0/1355): [event] qcril_qmi_nas_propagate_known_signal_strength_ind: .. conf res 0
01-25 20:18:07.457  1355  1359 D RILC    : qmi_ril(0/1355): [event] qcril_send_unsol_response: [DEADLOCK-DEBUG] >> get the peding LOCK - qcril_send_unsol_response 
01-25 20:18:07.457  1355  1359 D RILC    : qmi_ril(0/1355): [event] qmi_ril_android_pending_unsol_resp_lock: [DEADLOCK-DEBUG] qmi_ril_android_pending_unsol_resp_lock - Before Count  : 0
01-25 20:18:07.457  1355  1359 D RILC    : qmi_ril(0/1355): [event] qcril_send_unsol_response_epilog: UI <--- RIL_UNSOL_SIGNAL_STRENGTH (1009) --- RIL [RID 0, Len 52, (null)]
01-25 20:18:07.457  1355  1359 D RILC    : qmi_ril(0/1355): [event] qcril_send_unsol_response: [DEADLOCK-DEBUG] << get the peding UNLOCK - qcril_send_unsol_response 
01-25 20:18:07.457  1355  1359 D RILC    : qmi_ril(0/1355): [event] qmi_ril_android_pending_unsol_resp_unlock: [DEADLOCK-DEBUG] qmi_ril_android_pending_unsol_resp_unlock - Before Count  : 1
01-25 20:18:07.457  1355  1359 I RILC    : qmi_ril(0/1355): [event] qcril_process_event: Exit QCRIL_EVT_QMI_NAS_SIG_STRENGTH_UPDATE, err_no 0
01-25 20:18:07.457  1355  1359 D RILC    : qmi_ril(0/1355): [event] qcril_event_main: Waiting...
01-25 20:18:07.457   933  1007 D RILJ    : responseSignalStength BEFORE: mode=raw gsmDbm=776 gsmEcio=0 lteSignalStrength=99 lteRsrp=2147483647 lteRsrq=2147483647 lteRssnr=2147483647 lteCqi=2147483647
01-25 20:18:07.457   933  1007 D RILJ    : responseSignalStength AFTER: mode=raw gsmDbm=8 gsmEcio=-1 lteSignalStrength=-1 lteRsrp=-1 lteRsrq=-1 lteRssnr=-1 lteCqi=-1
01-25 20:18:08.058  1355  1355 D RILC    : qmi_ril(0/1355): [rild] qcril_data_fd_updateDataPackets: ret(1)
01-25 20:18:09.059  1355  1355 D RILC    : qmi_ril(0/1355): [rild] qcril_data_fd_updateDataPackets: ret(1)
01-25 20:18:10.060  1355  1355 D RILC    : qmi_ril(0/1355): [rild] qcril_data_fd_updateDataPackets: ret(1)
01-25 20:18:10.260  1355  1356 I RILC    : qmi_ril(0/1355): [main] qcril_delay_timed_cb: STK service still not ready!
01-25 20:18:10.260  1355  1356 D RILC    : qmi_ril(0/1355): [main] qcril_setup_timed_callback: Set timer with ID 191
01-25 20:18:11.051  1355  1355 D RILC    : qmi_ril(0/1355): [rild] qcril_data_fd_updateDataPackets: ret(1)
01-25 20:18:12.052  1355  1355 D RILC    : qmi_ril(0/1355): [rild] qcril_data_fd_updateDataPackets: ret(1)
01-25 20:18:12.382   583   731 E RIL-RAWDATA: service_ID = 3, message_ID = 51 
01-25 20:18:12.382   583   731 E RIL-RAWDATA: 01 12 00 80 03 03 04 00 00 51 00 ..
01-25 20:18:12.382   583   731 D RIL-QMI : qmuxd: TX message on fd=21, to clientID = 3, len=53
01-25 20:18:12.382  1355  1397 I RILC    : qmi_ril(0/1355): [qmi_cb] qcril_qmi_nas_unsolicited_indication_cb: invoked msg 0x51
01-25 20:18:12.382  1355  1397 I RILC    : qmi_ril(0/1355): [qmi_cb] qcril_qmi_nas_is_considered_registered: .. cache valid 1
01-25 20:18:12.382  1355  1397 I RILC    : qmi_ril(0/1355): [qmi_cb] qcril_qmi_nas_is_considered_registered: .. cache valid 1
01-25 20:18:12.382  1355  1397 D RILC    : qmi_ril(0/1355): [qmi_cb] qcril_event_queue: Event [QCRIL_EVT_QMI_NAS_SIG_STRENGTH_UPDATE, a000a] data was NULL
01-25 20:18:12.382  1355  1397 D RILC    : qmi_ril(0/1355): [qmi_cb] qcril_event_queue: RID 0 MID 0 Queued event QCRIL_EVT_QMI_NAS_SIG_STRENGTH_UPDATE (0 bytes)(obj 0x4116a268)
01-25 20:18:12.382  1355  1397 I RILC    : qmi_ril(0/1355): [qmi_cb] qcril_qmi_nas_unsolicited_indication_cb: .. operational state 3
01-25 20:18:12.382  1355  1359 D RILC    : qmi_ril(0/1355): [event] qcril_event_main: 1 items on queue
01-25 20:18:12.382  1355  1359 D RILC    : qmi_ril(0/1355): [event] qcril_event_main: RID 0 MID 0 De-queued event QCRIL_EVT_QMI_NAS_SIG_STRENGTH_UPDATE (655370)(obj 0x4116a268)
01-25 20:18:12.382  1355  1359 D RILC    : qmi_ril(0/1355): [event] qcril_process_event: RIL <--- QCRIL_EVT_QMI_NAS_SIG_STRENGTH_UPDATE(655370), RID 0, MID 0 --- AMSS
01-25 20:18:12.382  1355  1359 I RILC    : qmi_ril(0/1355): [event] qcril_qmi_nas_fetch_signal_strength_observations: validity sign info GSM 0, WCDMA 0, TDSCDMA 0, 1x 0, HRPD 0, LTE 0
01-25 20:18:12.382  1355  1359 I RILC    : qmi_ril(0/1355): [event] qcril_qmi_nas_fetch_signal_strength_observations: validity err rate GSM 0, WCDMA 1, TDSCDMA 0
01-25 20:18:12.382  1355  1359 I RILC    : qmi_ril(0/1355): [event] qcril_qmi_nas_fetch_signal_strength_observations: ..qmi_request_need_sig_info-1, qmi_request_need_err_rate-0
01-25 20:18:12.382   583   583 D RIL-QMI : qmuxd: RX 47 bytes on fd=21 from qmux_client_id=3
01-25 20:18:12.382   583   583 E RIL-RAWDATA: service_ID = 3, message_ID = 4f 
01-25 20:18:12.382   583   583 E RIL-RAWDATA: 01 0C 00 00 03 03 00 CC 00 4F 00 ..
01-25 20:18:12.382   583   583 E RIL-QMI : [SMDPORT] >> BEFORE, Write SMD Port [fd = 10] [msg_len = 13]
01-25 20:18:12.382   583   583 E RIL-QMI : [SMDPORT] << AFTER, Write SMD Port [rc = 0]
01-25 20:18:12.382   583   731 E RIL-RAWDATA: service_ID = 3, message_ID = 4f 
01-25 20:18:12.382   583   731 E RIL-RAWDATA: 01 1E 00 80 03 03 02 CC 00 4F 00 ..
01-25 20:18:12.382   583   731 D RIL-QMI : qmuxd: TX message on fd=21, to clientID = 3, len=65
01-25 20:18:12.382  1355  1359 I RILC    : qmi_ril(0/1355): [event] qcril_qmi_util_convert_qmi_response_codes_to_ril_result_ex: ctx check 0
01-25 20:18:12.382  1355  1359 I RILC    : qmi_ril(0/1355): [event] qcril_qmi_nas_fetch_signal_strength_observations: ..sign info fetch res 0, 0, 0
01-25 20:18:12.382  1355  1359 I RILC    : qmi_ril(0/1355): [event] qcril_qmi_nas_propagate_known_signal_strength_ind: .. subfetch sig strength info 0
01-25 20:18:12.382  1355  1359 I RILC    : qmi_ril(0/1355): [event] qcril_qmi_nas_propagate_known_signal_strength_ind: .. conf res 0
01-25 20:18:12.382  1355  1359 D RILC    : qmi_ril(0/1355): [event] qcril_send_unsol_response: [DEADLOCK-DEBUG] >> get the peding LOCK - qcril_send_unsol_response 
01-25 20:18:12.382  1355  1359 D RILC    : qmi_ril(0/1355): [event] qmi_ril_android_pending_unsol_resp_lock: [DEADLOCK-DEBUG] qmi_ril_android_pending_unsol_resp_lock - Before Count  : 0
01-25 20:18:12.382  1355  1359 D RILC    : qmi_ril(0/1355): [event] qcril_send_unsol_response_epilog: UI <--- RIL_UNSOL_SIGNAL_STRENGTH (1009) --- RIL [RID 0, Len 52, (null)]
01-25 20:18:12.382  1355  1359 D RILC    : qmi_ril(0/1355): [event] qcril_send_unsol_response: [DEADLOCK-DEBUG] << get the peding UNLOCK - qcril_send_unsol_response 
01-25 20:18:12.382  1355  1359 D RILC    : qmi_ril(0/1355): [event] qmi_ril_android_pending_unsol_resp_unlock: [DEADLOCK-DEBUG] qmi_ril_android_pending_unsol_resp_unlock - Before Count  : 1
01-25 20:18:12.382  1355  1359 I RILC    : qmi_ril(0/1355): [event] qcril_process_event: Exit QCRIL_EVT_QMI_NAS_SIG_STRENGTH_UPDATE, err_no 0
01-25 20:18:12.382  1355  1359 D RILC    : qmi_ril(0/1355): [event] qcril_event_main: Waiting...
01-25 20:18:12.382   933  1007 D RILJ    : responseSignalStength BEFORE: mode=raw gsmDbm=778 gsmEcio=0 lteSignalStrength=99 lteRsrp=2147483647 lteRsrq=2147483647 lteRssnr=2147483647 lteCqi=2147483647
01-25 20:18:12.382   933  1007 D RILJ    : responseSignalStength AFTER: mode=raw gsmDbm=10 gsmEcio=-1 lteSignalStrength=-1 lteRsrp=-1 lteRsrq=-1 lteRssnr=-1 lteCqi=-1
01-25 20:18:13.053  1355  1355 D RILC    : qmi_ril(0/1355): [rild] qcril_data_fd_updateDataPackets: ret(1)
01-25 20:18:14.054  1355  1355 D RILC    : qmi_ril(0/1355): [rild] qcril_data_fd_updateDataPackets: ret(0)
01-25 20:18:14.054  1355  1355 D RILC    : qmi_ril(0/1355): [rild] qcril_data_fd_getDormTime: dormTime(5000) kernelWakeLockTime(6000)
01-25 20:18:15.055  1355  1355 D RILC    : qmi_ril(0/1355): [rild] qcril_data_fd_updateDataPackets: ret(1)
01-25 20:18:15.255  1355  1356 I RILC    : qmi_ril(0/1355): [main] qcril_delay_timed_cb: STK service still not ready!
01-25 20:18:15.255  1355  1356 D RILC    : qmi_ril(0/1355): [main] qcril_setup_timed_callback: Set timer with ID 192
01-25 20:18:16.056  1355  1355 D RILC    : qmi_ril(0/1355): [rild] qcril_data_fd_updateDataPackets: ret(1)
01-25 20:18:17.057  1355  1355 D RILC    : qmi_ril(0/1355): [rild] qcril_data_fd_updateDataPackets: ret(0)
01-25 20:18:17.057  1355  1355 D RILC    : qmi_ril(0/1355): [rild] qcril_data_fd_getDormTime: dormTime(5000) kernelWakeLockTime(6000)
01-25 20:18:18.058  1355  1355 D RILC    : qmi_ril(0/1355): [rild] qcril_data_fd_updateDataPackets: ret(0)
01-25 20:18:18.058  1355  1355 D RILC    : qmi_ril(0/1355): [rild] qcril_data_fd_getDormTime: dormTime(5000) kernelWakeLockTime(6000)
01-25 20:18:18.469   583   731 E RIL-RAWDATA: service_ID = 3, message_ID = 51 
01-25 20:18:18.469   583   731 E RIL-RAWDATA: 01 12 00 80 03 03 04 00 00 51 00 ..
01-25 20:18:18.469   583   731 D RIL-QMI : qmuxd: TX message on fd=21, to clientID = 3, len=53
01-25 20:18:18.469  1355  1397 I RILC    : qmi_ril(0/1355): [qmi_cb] qcril_qmi_nas_unsolicited_indication_cb: invoked msg 0x51
01-25 20:18:18.469  1355  1397 I RILC    : qmi_ril(0/1355): [qmi_cb] qcril_qmi_nas_is_considered_registered: .. cache valid 1
01-25 20:18:18.469  1355  1397 I RILC    : qmi_ril(0/1355): [qmi_cb] qcril_qmi_nas_is_considered_registered: .. cache valid 1
01-25 20:18:18.469  1355  1397 D RILC    : qmi_ril(0/1355): [qmi_cb] qcril_event_queue: Event [QCRIL_EVT_QMI_NAS_SIG_STRENGTH_UPDATE, a000a] data was NULL
01-25 20:18:18.469  1355  1397 D RILC    : qmi_ril(0/1355): [qmi_cb] qcril_event_queue: RID 0 MID 0 Queued event QCRIL_EVT_QMI_NAS_SIG_STRENGTH_UPDATE (0 bytes)(obj 0x4116a268)
01-25 20:18:18.469  1355  1397 I RILC    : qmi_ril(0/1355): [qmi_cb] qcril_qmi_nas_unsolicited_indication_cb: .. operational state 3
01-25 20:18:18.469  1355  1359 D RILC    : qmi_ril(0/1355): [event] qcril_event_main: 1 items on queue
01-25 20:18:18.469  1355  1359 D RILC    : qmi_ril(0/1355): [event] qcril_event_main: RID 0 MID 0 De-queued event QCRIL_EVT_QMI_NAS_SIG_STRENGTH_UPDATE (655370)(obj 0x4116a268)
01-25 20:18:18.469  1355  1359 D RILC    : qmi_ril(0/1355): [event] qcril_process_event: RIL <--- QCRIL_EVT_QMI_NAS_SIG_STRENGTH_UPDATE(655370), RID 0, MID 0 --- AMSS
01-25 20:18:18.469  1355  1359 I RILC    : qmi_ril(0/1355): [event] qcril_qmi_nas_fetch_signal_strength_observations: validity sign info GSM 0, WCDMA 0, TDSCDMA 0, 1x 0, HRPD 0, LTE 0
01-25 20:18:18.469  1355  1359 I RILC    : qmi_ril(0/1355): [event] qcril_qmi_nas_fetch_signal_strength_observations: validity err rate GSM 0, WCDMA 1, TDSCDMA 0
01-25 20:18:18.469  1355  1359 I RILC    : qmi_ril(0/1355): [event] qcril_qmi_nas_fetch_signal_strength_observations: ..qmi_request_need_sig_info-1, qmi_request_need_err_rate-0
01-25 20:18:18.469   583   583 D RIL-QMI : qmuxd: RX 47 bytes on fd=21 from qmux_client_id=3
01-25 20:18:18.469   583   583 E RIL-RAWDATA: service_ID = 3, message_ID = 4f 
01-25 20:18:18.469   583   583 E RIL-RAWDATA: 01 0C 00 00 03 03 00 CD 00 4F 00 ..
01-25 20:18:18.469   583   583 E RIL-QMI : [SMDPORT] >> BEFORE, Write SMD Port [fd = 10] [msg_len = 13]
01-25 20:18:18.469   583   583 E RIL-QMI : [SMDPORT] << AFTER, Write SMD Port [rc = 0]
01-25 20:18:18.469   583   731 E RIL-RAWDATA: service_ID = 3, message_ID = 4f 
01-25 20:18:18.469   583   731 E RIL-RAWDATA: 01 1E 00 80 03 03 02 CD 00 4F 00 ..
01-25 20:18:18.469   583   731 D RIL-QMI : qmuxd: TX message on fd=21, to clientID = 3, len=65
01-25 20:18:18.469  1355  1359 I RILC    : qmi_ril(0/1355): [event] qcril_qmi_util_convert_qmi_response_codes_to_ril_result_ex: ctx check 0
01-25 20:18:18.469  1355  1359 I RILC    : qmi_ril(0/1355): [event] qcril_qmi_nas_fetch_signal_strength_observations: ..sign info fetch res 0, 0, 0
01-25 20:18:18.469  1355  1359 I RILC    : qmi_ril(0/1355): [event] qcril_qmi_nas_propagate_known_signal_strength_ind: .. subfetch sig strength info 0
01-25 20:18:18.469  1355  1359 I RILC    : qmi_ril(0/1355): [event] qcril_qmi_nas_propagate_known_signal_strength_ind: .. conf res 0
01-25 20:18:18.469  1355  1359 D RILC    : qmi_ril(0/1355): [event] qcril_send_unsol_response: [DEADLOCK-DEBUG] >> get the peding LOCK - qcril_send_unsol_response 
01-25 20:18:18.469  1355  1359 D RILC    : qmi_ril(0/1355): [event] qmi_ril_android_pending_unsol_resp_lock: [DEADLOCK-DEBUG] qmi_ril_android_pending_unsol_resp_lock - Before Count  : 0
01-25 20:18:18.469  1355  1359 D RILC    : qmi_ril(0/1355): [event] qcril_send_unsol_response_epilog: UI <--- RIL_UNSOL_SIGNAL_STRENGTH (1009) --- RIL [RID 0, Len 52, (null)]
01-25 20:18:18.469  1355  1359 D RILC    : qmi_ril(0/1355): [event] qcril_send_unsol_response: [DEADLOCK-DEBUG] << get the peding UNLOCK - qcril_send_unsol_response 
01-25 20:18:18.469  1355  1359 D RILC    : qmi_ril(0/1355): [event] qmi_ril_android_pending_unsol_resp_unlock: [DEADLOCK-DEBUG] qmi_ril_android_pending_unsol_resp_unlock - Before Count  : 1
01-25 20:18:18.469  1355  1359 I RILC    : qmi_ril(0/1355): [event] qcril_process_event: Exit QCRIL_EVT_QMI_NAS_SIG_STRENGTH_UPDATE, err_no 0
01-25 20:18:18.469  1355  1359 D RILC    : qmi_ril(0/1355): [event] qcril_event_main: Waiting...
01-25 20:18:18.469   933  1007 D RILJ    : responseSignalStength BEFORE: mode=raw gsmDbm=777 gsmEcio=0 lteSignalStrength=99 lteRsrp=2147483647 lteRsrq=2147483647 lteRssnr=2147483647 lteCqi=2147483647
01-25 20:18:18.469   933  1007 D RILJ    : responseSignalStength AFTER: mode=raw gsmDbm=9 gsmEcio=-1 lteSignalStrength=-1 lteRsrp=-1 lteRsrq=-1 lteRssnr=-1 lteCqi=-1
01-25 20:18:19.059  1355  1355 D RILC    : qmi_ril(0/1355): [rild] qcril_data_fd_updateDataPackets: ret(0)
01-25 20:18:19.059  1355  1355 D RILC    : qmi_ril(0/1355): [rild] qcril_data_fd_getDormTime: dormTime(5000) kernelWakeLockTime(6000)
01-25 20:18:20.050  1355  1355 D RILC    : qmi_ril(0/1355): [rild] qcril_data_fd_updateDataPackets: ret(0)
01-25 20:18:20.050  1355  1355 D RILC    : qmi_ril(0/1355): [rild] qcril_data_fd_getDormTime: dormTime(5000) kernelWakeLockTime(6000)
01-25 20:18:20.050  1355  1355 D RILC    : qmi_ril(0/1355): [rild] qcril_event_queue: Event [QCRIL_EVT_HOOK_DATA_GO_DORMANT, 80003] data was NULL
01-25 20:18:20.050  1355  1355 D RILC    : qmi_ril(0/1355): [rild] qcril_event_queue: RID 0 MID 0 Queued event QCRIL_EVT_HOOK_DATA_GO_DORMANT (0 bytes)(obj 0x4116a268)
01-25 20:18:20.050  1355  1355 D RILC    : qmi_ril(0/1355): [rild] qcril_data_fd_setFdWakeLock: ret(1) wakeLockState(0)
01-25 20:18:20.050  1355  1359 D RILC    : qmi_ril(0/1355): [event] qcril_event_main: 1 items on queue
01-25 20:18:20.050  1355  1359 D RILC    : qmi_ril(0/1355): [event] qcril_event_main: RID 0 MID 0 De-queued event QCRIL_EVT_HOOK_DATA_GO_DORMANT (524291)(obj 0x4116a268)
01-25 20:18:20.050  1355  1359 D RILC    : qmi_ril(0/1355): [event] qcril_process_event: RIL <--- QCRIL_EVT_HOOK_DATA_GO_DORMANT(524291), RID 0, MID 0 --- AMSS
01-25 20:18:20.050  1355  1359 D RILC    : qmi_ril(0/1355): [event] qcril_data_process_qcrilhook_go_dormant: Entered: qcril_data_process_qcrilhook_go_dormant
01-25 20:18:20.050  1355  1359 D RILC    : qmi_ril(0/1355): [event] qcril_data_process_qcrilhook_go_dormant:  request = 524291
01-25 20:18:20.050  1355  1359 D RILC    : qmi_ril(0/1355): [event] qcril_data_process_qcrilhook_go_dormant:  Data Length = 0
01-25 20:18:20.050  1355  1359 D RILC    : qmi_ril(0/1355): [event] qcril_data_process_qcrilhook_go_dormant:  token = 65535
01-25 20:18:20.050  1355  1359 D RILC    : qmi_ril(0/1355): [event] qcril_data_process_qcrilhook_go_dormant: RIL provided NULL dev name will issue Dormancy on all active interfaces
01-25 20:18:20.050  1355  1359 D RILC    : qmi_ril(0/1355): [event] qcril_data_process_qcrilhook_go_dormant: selected index = 0
01-25 20:18:20.050   583   583 D RIL-QMI : qmuxd: RX 47 bytes on fd=21 from qmux_client_id=3
01-25 20:18:20.050   583   583 E RIL-RAWDATA: service_ID = 1, message_ID = 25 
01-25 20:18:20.050   583   583 E RIL-RAWDATA: 01 0C 00 00 01 07 00 04 00 25 00 ..
01-25 20:18:20.050   583   583 E RIL-QMI : [SMDPORT] >> BEFORE, Write SMD Port [fd = 10] [msg_len = 13]
01-25 20:18:20.050   583   583 E RIL-QMI : [SMDPORT] << AFTER, Write SMD Port [rc = 0]
01-25 20:18:20.050   583   731 E RIL-RAWDATA: service_ID = 1, message_ID = 25 
01-25 20:18:20.050   583   731 E RIL-RAWDATA: 01 13 00 80 01 07 02 04 00 25 00 ..
01-25 20:18:20.050   583   731 D RIL-QMI : qmuxd: TX message on fd=21, to clientID = 3, len=54
01-25 20:18:20.050  1355  1359 E RILC    : qmi_ril(0/1355): [event] qcril_data_process_qcrilhook_go_dormant: invalid dev_instance [-1] derived for index [1]
01-25 20:18:20.050  1355  1359 E RILC    : qmi_ril(0/1355): [event] qcril_data_process_qcrilhook_go_dormant: invalid dev_instance [-1] derived for index [2]
01-25 20:18:20.050  1355  1359 E RILC    : qmi_ril(0/1355): [event] qcril_data_process_qcrilhook_go_dormant: invalid dev_instance [-1] derived for index [3]
01-25 20:18:20.050  1355  1359 E RILC    : qmi_ril(0/1355): [event] qcril_data_process_qcrilhook_go_dormant: invalid dev_instance [-1] derived for index [4]
01-25 20:18:20.050  1355  1359 E RILC    : qmi_ril(0/1355): [event] qcril_data_process_qcrilhook_go_dormant: invalid dev_instance [-1] derived for index [5]
01-25 20:18:20.050  1355  1359 E RILC    : qmi_ril(0/1355): [event] qcril_data_process_qcrilhook_go_dormant: invalid dev_instance [-1] derived for index [6]
01-25 20:18:20.050  1355  1359 E RILC    : qmi_ril(0/1355): [event] qcril_data_process_qcrilhook_go_dormant: invalid dev_instance [-1] derived for index [7]
01-25 20:18:20.050  1355  1359 E RILC    : qmi_ril(0/1355): [event] qcril_data_process_qcrilhook_go_dormant: invalid dev_instance [-1] derived for index [8]
01-25 20:18:20.050  1355  1359 E RILC    : qmi_ril(0/1355): [event] qcril_data_process_qcrilhook_go_dormant: invalid dev_instance [-1] derived for index [9]
01-25 20:18:20.050  1355  1359 E RILC    : qmi_ril(0/1355): [event] qcril_data_process_qcrilhook_go_dormant: invalid dev_instance [-1] derived for index [10]
01-25 20:18:20.050  1355  1359 E RILC    : qmi_ril(0/1355): [event] qcril_data_process_qcrilhook_go_dormant: invalid dev_instance [-1] derived for index [11]
01-25 20:18:20.050  1355  1359 E RILC    : qmi_ril(0/1355): [event] qcril_data_process_qcrilhook_go_dormant: invalid dev_instance [-1] derived for index [12]
01-25 20:18:20.050  1355  1359 E RILC    : qmi_ril(0/1355): [event] qcril_data_process_qcrilhook_go_dormant: invalid dev_instance [-1] derived for index [13]
01-25 20:18:20.050  1355  1359 E RILC    : qmi_ril(0/1355): [event] qcril_data_process_qcrilhook_go_dormant: invalid dev_instance [-1] derived for index [14]
01-25 20:18:20.050  1355  1359 E RILC    : qmi_ril(0/1355): [event] qcril_data_process_qcrilhook_go_dormant: invalid dev_instance [-1] derived for index [15]
01-25 20:18:20.050  1355  1359 E RILC    : qmi_ril(0/1355): [event] qcril_data_process_qcrilhook_go_dormant: invalid dev_instance [-1] derived for index [16]
01-25 20:18:20.050  1355  1359 E RILC    : qmi_ril(0/1355): [event] qcril_data_process_qcrilhook_go_dormant: invalid dev_instance [-1] derived for index [17]
01-25 20:18:20.050  1355  1359 E RILC    : qmi_ril(0/1355): [event] qcril_data_process_qcrilhook_go_dormant: invalid dev_instance [-1] derived for index [18]
01-25 20:18:20.050  1355  1359 E RILC    : qmi_ril(0/1355): [event] qcril_data_process_qcrilhook_go_dormant: invalid dev_instance [-1] derived for index [19]
01-25 20:18:20.050  1355  1359 I RILC    : qmi_ril(0/1355): [event] qcril_data_process_qcrilhook_go_dormant: qcril_data_process_qcrilhook_go_dormant: EXIT with SUCCESS
01-25 20:18:20.050  1355  1359 D RILC    : qmi_ril(0/1355): [event] qcril_data_response_success: qcril_data_response_success: ENTRY
01-25 20:18:20.050  1355  1359 D RILC    : qmi_ril(0/1355): [event] qcril_send_request_response: UI <--- QCRIL_EVT_HOOK_DATA_GO_DORMANT (524291) Complete --- RIL [RID 0, Token id 65535, Success, Len 0 ]
01-25 20:18:20.050  1355  1359 D RILC    : qmi_ril(0/1355): [event] qmi_ril_fw_send_request_response_epilog: postage resp to token id 65535, a-r-id 59 (intermed. 59)
01-25 20:18:20.050  1355  1359 E RILC    : RIL_onRequestComplete: invalid RIL_Token
01-25 20:18:20.050  1355  1359 D RILC    : qmi_ril(0/1355): [event] qcril_data_response_success: qcril_data_response_success: EXIT
01-25 20:18:20.050  1355  1359 I RILC    : qmi_ril(0/1355): [event] qcril_process_event: Exit QCRIL_EVT_HOOK_DATA_GO_DORMANT, err_no 0
01-25 20:18:20.050  1355  1359 D RILC    : qmi_ril(0/1355): [event] qcril_event_main: Waiting...
01-25 20:18:20.271  1355  1356 I RILC    : qmi_ril(0/1355): [main] qcril_delay_timed_cb: STK service still not ready!
01-25 20:18:20.271  1355  1356 D RILC    : qmi_ril(0/1355): [main] qcril_setup_timed_callback: Set timer with ID 193
01-25 20:18:20.271   583   731 E RIL-RAWDATA: service_ID = 3, message_ID = 4e 
01-25 20:18:20.271   583   731 E RIL-RAWDATA: 01 61 00 80 03 03 04 00 00 4E 00 ..
01-25 20:18:20.271   583   731 D RIL-QMI : qmuxd: TX message on fd=21, to clientID = 3, len=132
01-25 20:18:20.271  1355  1397 I RILC    : qmi_ril(0/1355): [qmi_cb] qcril_qmi_nas_unsolicited_indication_cb: invoked msg 0x4e
01-25 20:18:20.271  1355  1397 I RILC    : qmi_ril(0/1355): [qmi_cb] qcril_qmi_nas_is_considered_registered: .. cache valid 1
01-25 20:18:20.271  1355  1397 I RILC    : qmi_ril(0/1355): [qmi_cb] qcril_qmi_nas_update_voice_rte: [CS] 1x reg [0], gsm reg [2], wcdma reg [1], lte reg [2], hdr reg [0]
01-25 20:18:20.271  1355  1397 I RILC    : qmi_ril(0/1355): [qmi_cb] qcril_qmi_nas_update_voice_rte: completed, new vrte 3 with confidence 1
01-25 20:18:20.271  1355  1397 I RILC    : qmi_ril(0/1355): [qmi_cb] qcril_qmi_get_pref_data_tech: before translation : is_current 1 network_type 0 rat_mask 1 db_so_mask 0 pref_data_tech UNKNOWN
01-25 20:18:20.271  1355  1397 I RILC    : qmi_ril(0/1355): [qmi_cb] qcril_qmi_convert_rat_mask_to_technology: technology UMTS
01-25 20:18:20.271  1355  1397 I RILC    : qmi_ril(0/1355): [qmi_cb] qcril_qmi_get_pref_data_tech: after translation : is_current 1 network_type 0 rat_mask 1 db_so_mask 0 pref_data_tech UMTS technology 3
01-25 20:18:20.271  1355  1397 I RILC    : qmi_ril(0/1355): [qmi_cb] qmi_ril_nw_reg_extend_pref_data_tech_cl: is extrapolation 0, cache is valid 0, cache rat 0, oprt valid 1, oprt 0, card status 3, card ever present 1, ban 0, mpv 1, mp 28
01-25 20:18:20.271  1355  1397 I RILC    : qmi_ril(0/1355): [qmi_cb] qmi_ril_nw_reg_extend_pref_data_tech_cl: need reset 0
01-25 20:18:20.271  1355  1397 I RILC    : qmi_ril(0/1355): [qmi_cb] qmi_ril_nw_reg_extend_pref_data_tech_cl: RAT 3, is current 1, is_extrapolation 0, is_extrap_roaming 0
01-25 20:18:20.271  1355  1397 I RILC    : qmi_ril(0/1355): [qmi_cb] qcril_qmi_nas_update_data_rte: [PS] 1x reg [0], gsm reg [2], wcdma reg [1], lte reg [2], hdr reg [0]
01-25 20:18:20.271  1355  1397 I RILC    : qmi_ril(0/1355): [qmi_cb] qcril_qmi_nas_update_data_rte: CnE module available
01-25 20:18:20.271  1355  1397 I RILC    : qmi_ril(0/1355): [qmi_cb] qcril_qmi_nas_update_data_rte: with current status
01-25 20:18:20.271  1355  1397 I RILC    : qmi_ril(0/1355): [qmi_cb] qcril_qmi_nas_util_map_pref_data_tech_to_data_rte: entered, pref data tech is UMTS
01-25 20:18:20.271  1355  1397 I RILC    : qmi_ril(0/1355): [qmi_cb] qcril_qmi_nas_util_map_pref_data_tech_to_data_rte: completed, data rte is 3
01-25 20:18:20.271  1355  1397 I RILC    : qmi_ril(0/1355): [qmi_cb] qcril_qmi_nas_update_data_rte: data rte calculated
01-25 20:18:20.271  1355  1397 I RILC    : qmi_ril(0/1355): [qmi_cb] qcril_qmi_nas_update_data_rte: preferred data tech available UMTS
01-25 20:18:20.271  1355  1397 I RILC    : qmi_ril(0/1355): [qmi_cb] qcril_qmi_nas_update_data_rte: [FINAL-PS] 1x reg [0], gsm reg [0], wcdma reg [1], lte reg [0], hdr reg [0]
01-25 20:18:20.271  1355  1397 I RILC    : qmi_ril(0/1355): [qmi_cb] qcril_qmi_nas_update_data_rte: completed, new drte 3 with confidence 1
01-25 20:18:20.271  1355  1397 I RILC    : qmi_ril(0/1355): [qmi_cb] qcril_qmi_nas_update_data_rte: completed, new drte 3
01-25 20:18:20.271  1355  1397 I RILC    : qmi_ril(0/1355): [qmi_cb] qcril_qmi_nas_update_ims_rte: completed, new irte 0 with confidence 4
01-25 20:18:20.271  1355  1397 I RILC    : qmi_ril(0/1355): [qmi_cb] qcril_qmi_voice_technology_updated: ..nas_cached_info.voice_rte 3, nas_cached_info.data_rte 3, nas_cached_info.ims_rte 0, will be considered 3
01-25 20:18:20.271  1355  1397 I RILC    : qmi_ril(0/1355): [qmi_cb] qmi_ril_nwr_update_reg_rej_from_sys_info: [CS] 1x reg [0], gsm reg [2], wcdma reg [1], lte reg [2], hdr reg [0]
01-25 20:18:20.271  1355  1397 I RILC    : qmi_ril(0/1355): [qmi_cb] qmi_ril_nwr_update_reg_rej_from_sys_info: .. nof cs reg reject 0, cs reg reject for direct inj 0
01-25 20:18:20.271  1355  1397 I RILC    : qmi_ril(0/1355): [qmi_cb] qmi_ril_nwr_update_reg_rej_from_sys_info: .. abandoning cs_rejected as full service
01-25 20:18:20.271  1355  1397 I RILC    : qmi_ril(0/1355): [qmi_cb] qmi_ril_nwr_reg_reject_handle_event_cl: .. rte_kind 1, rte 3, evt 3
01-25 20:18:20.271  1355  1397 I RILC    : qmi_ril(0/1355): [qmi_cb] qmi_ril_nwr_update_reg_rej_from_sys_info: [PS] 1x reg [0], gsm reg [2], wcdma reg [1], lte reg [2], hdr reg [0]
01-25 20:18:20.271  1355  1397 I RILC    : qmi_ril(0/1355): [qmi_cb] qmi_ril_nwr_update_reg_rej_from_sys_info: .. drop as full svc
01-25 20:18:20.271  1355  1397 I RILC    : qmi_ril(0/1355): [qmi_cb] qmi_ril_nwr_reg_reject_handle_event_cl: .. rte_kind 2, rte 3, evt 3
01-25 20:18:20.271  1355  1397 I RILC    : qmi_ril(0/1355): [qmi_cb] qcril_qmi_get_pref_data_tech: before translation : is_current 1 network_type 0 rat_mask 1 db_so_mask 0 pref_data_tech UNKNOWN
01-25 20:18:20.271  1355  1397 I RILC    : qmi_ril(0/1355): [qmi_cb] qcril_qmi_convert_rat_mask_to_technology: technology UMTS
01-25 20:18:20.271  1355  1397 I RILC    : qmi_ril(0/1355): [qmi_cb] qcril_qmi_get_pref_data_tech: after translation : is_current 1 network_type 0 rat_mask 1 db_so_mask 0 pref_data_tech UMTS technology 3
01-25 20:18:20.271  1355  1397 I RILC    : qmi_ril(0/1355): [qmi_cb] qcril_qmi_nas_is_data_nw_state_updated: CnE module available with current status - Valid pref data tech 4
01-25 20:18:20.271  1355  1397 I RILC    : qmi_ril(0/1355): [qmi_cb] qcril_qmi_nas_update_voice_rte: [CS] 1x reg [0], gsm reg [2], wcdma reg [1], lte reg [2], hdr reg [0]
01-25 20:18:20.271  1355  1397 I RILC    : qmi_ril(0/1355): [qmi_cb] qcril_qmi_nas_update_voice_rte: completed, new vrte 3 with confidence 1
01-25 20:18:20.271  1355  1397 I RILC    : qmi_ril(0/1355): [qmi_cb] qcril_qmi_get_pref_data_tech: before translation : is_current 1 network_type 0 rat_mask 1 db_so_mask 0 pref_data_tech UNKNOWN
01-25 20:18:20.271  1355  1397 I RILC    : qmi_ril(0/1355): [qmi_cb] qcril_qmi_convert_rat_mask_to_technology: technology UMTS
01-25 20:18:20.271  1355  1397 I RILC    : qmi_ril(0/1355): [qmi_cb] qcril_qmi_get_pref_data_tech: after translation : is_current 1 network_type 0 rat_mask 1 db_so_mask 0 pref_data_tech UMTS technology 3
01-25 20:18:20.271  1355  1397 I RILC    : qmi_ril(0/1355): [qmi_cb] qmi_ril_nw_reg_extend_pref_data_tech_cl: is extrapolation 0, cache is valid 0, cache rat 0, oprt valid 1, oprt 0, card status 3, card ever present 1, ban 0, mpv 1, mp 28
01-25 20:18:20.271  1355  1397 I RILC    : qmi_ril(0/1355): [qmi_cb] qmi_ril_nw_reg_extend_pref_data_tech_cl: need reset 0
01-25 20:18:20.271  1355  1397 I RILC    : qmi_ril(0/1355): [qmi_cb] qmi_ril_nw_reg_extend_pref_data_tech_cl: RAT 3, is current 1, is_extrapolation 0, is_extrap_roaming 0
01-25 20:18:20.271  1355  1397 I RILC    : qmi_ril(0/1355): [qmi_cb] qcril_qmi_nas_update_data_rte: [PS] 1x reg [0], gsm reg [2], wcdma reg [1], lte reg [2], hdr reg [0]
01-25 20:18:20.271  1355  1397 I RILC    : qmi_ril(0/1355): [qmi_cb] qcril_qmi_nas_update_data_rte: CnE module available
01-25 20:18:20.271  1355  1397 I RILC    : qmi_ril(0/1355): [qmi_cb] qcril_qmi_nas_update_data_rte: with current status
01-25 20:18:20.271  1355  1397 I RILC    : qmi_ril(0/1355): [qmi_cb] qcril_qmi_nas_util_map_pref_data_tech_to_data_rte: entered, pref data tech is UMTS
01-25 20:18:20.271  1355  1397 I RILC    : qmi_ril(0/1355): [qmi_cb] qcril_qmi_nas_util_map_pref_data_tech_to_data_rte: completed, data rte is 3
01-25 20:18:20.271  1355  1397 I RILC    : qmi_ril(0/1355): [qmi_cb] qcril_qmi_nas_update_data_rte: data rte calculated
01-25 20:18:20.271  1355  1397 I RILC    : qmi_ril(0/1355): [qmi_cb] qcril_qmi_nas_update_data_rte: preferred data tech available UMTS
01-25 20:18:20.271  1355  1397 I RILC    : qmi_ril(0/1355): [qmi_cb] qcril_qmi_nas_update_data_rte: [FINAL-PS] 1x reg [0], gsm reg [0], wcdma reg [1], lte reg [0], hdr reg [0]
01-25 20:18:20.271  1355  1397 I RILC    : qmi_ril(0/1355): [qmi_cb] qcril_qmi_nas_update_data_rte: completed, new drte 3 with confidence 1
01-25 20:18:20.271  1355  1397 I RILC    : qmi_ril(0/1355): [qmi_cb] qcril_qmi_nas_update_data_rte: completed, new drte 3
01-25 20:18:20.271  1355  1397 I RILC    : qmi_ril(0/1355): [qmi_cb] qcril_qmi_nas_update_ims_rte: completed, new irte 0 with confidence 4
01-25 20:18:20.271  1355  1397 I RILC    : qmi_ril(0/1355): [qmi_cb] qcril_qmi_voice_technology_updated: ..nas_cached_info.voice_rte 3, nas_cached_info.data_rte 3, nas_cached_info.ims_rte 0, will be considered 3
01-25 20:18:20.271  1355  1397 I RILC    : qmi_ril(0/1355): [qmi_cb] qmi_ril_nwr_update_reg_rej_from_sys_info: [CS] 1x reg [0], gsm reg [2], wcdma reg [1], lte reg [2], hdr reg [0]
01-25 20:18:20.271  1355  1397 I RILC    : qmi_ril(0/1355): [qmi_cb] qmi_ril_nwr_update_reg_rej_from_sys_info: .. nof cs reg reject 0, cs reg reject for direct inj 0
01-25 20:18:20.271  1355  1397 I RILC    : qmi_ril(0/1355): [qmi_cb] qmi_ril_nwr_update_reg_rej_from_sys_info: .. abandoning cs_rejected as full service
01-25 20:18:20.271  1355  1397 I RILC    : qmi_ril(0/1355): [qmi_cb] qmi_ril_nwr_reg_reject_handle_event_cl: .. rte_kind 1, rte 3, evt 3
01-25 20:18:20.271  1355  1397 I RILC    : qmi_ril(0/1355): [qmi_cb] qmi_ril_nwr_update_reg_rej_from_sys_info: [PS] 1x reg [0], gsm reg [2], wcdma reg [1], lte reg [2], hdr reg [0]
01-25 20:18:20.271  1355  1397 I RILC    : qmi_ril(0/1355): [qmi_cb] qmi_ril_nwr_update_reg_rej_from_sys_info: .. drop as full svc
01-25 20:18:20.271  1355  1397 I RILC    : qmi_ril(0/1355): [qmi_cb] qmi_ril_nwr_reg_reject_handle_event_cl: .. rte_kind 2, rte 3, evt 3
01-25 20:18:20.271  1355  1397 I RILC    : qmi_ril(0/1355): [qmi_cb] qcril_qmi_nas_restricted_state_handle_event: event 2 under state 0, cached details 0
01-25 20:18:20.271  1355  1397 I RILC    : qmi_ril(0/1355): [qmi_cb] qcril_qmi_nas_calculate_restricted_details: voice_rte 3, data_rte 3
01-25 20:18:20.271  1355  1397 I RILC    : qmi_ril(0/1355): [qmi_cb] qcril_qmi_nas_fill_up_restricted_state_details: cs_bar_status 3
01-25 20:18:20.271  1355  1397 I RILC    : qmi_ril(0/1355): [qmi_cb] qcril_qmi_nas_fill_up_restricted_state_details: ps_bar_status 3
01-25 20:18:20.271  1355  1397 I RILC    : qmi_ril(0/1355): [qmi_cb] qcril_qmi_nas_fill_up_restricted_state_details:  .. restricted_state_details_local 0
01-25 20:18:20.271  1355  1397 I RILC    : qmi_ril(0/1355): [qmi_cb] qmi_ril_nw_reg_snapshot_dump_log: in snapshot voice_rte 3, data_rte 3, ims_rte 0
01-25 20:18:20.271  1355  1397 I RILC    : qmi_ril(0/1355): [qmi_cb] qmi_ril_nw_reg_snapshot_dump_log: in snapshot voice_rte 3, data_rte 3, ims_rte 0
01-25 20:18:20.271  1355  1397 I RILC    : qmi_ril(0/1355): [qmi_cb] qcril_qmi_nas_sys_info_ind_conv_qmi2ril: any rte change 0
01-25 20:18:20.271  1355  1397 I RILC    : qmi_ril(0/1355): [qmi_cb] qcril_qmi_nas_sys_info_ind_conv_qmi2ril: .. rte changed 0
01-25 20:18:20.271  1355  1397 I RILC    : qmi_ril(0/1355): [qmi_cb] qcril_qmi_nas_is_considered_registered: .. cache valid 0
01-25 20:18:20.271  1355  1397 I RILC    : qmi_ril(0/1355): [qmi_cb] qcril_qmi_nas_is_considered_registered: [CS] 1x reg [0], gsm reg [2], wcdma reg [1], lte reg [2], hdr reg [0]
01-25 20:18:20.271  1355  1397 I RILC    : qmi_ril(0/1355): [qmi_cb] qcril_qmi_nas_unsolicited_indication_cb: .. operational state 3
01-25 20:18:20.271  1355  1397 D RILC    : qmi_ril(0/1355): [qmi_cb] qcril_send_unsol_response: [DEADLOCK-DEBUG] >> get the peding LOCK - qcril_send_unsol_response 
01-25 20:18:20.271  1355  1397 D RILC    : qmi_ril(0/1355): [qmi_cb] qmi_ril_android_pending_unsol_resp_lock: [DEADLOCK-DEBUG] qmi_ril_android_pending_unsol_resp_lock - Before Count  : 0
01-25 20:18:20.271  1355  1397 D RILC    : qmi_ril(0/1355): [qmi_cb] qcril_send_unsol_response_epilog: UI <--- RIL_UNSOL_RESPONSE_NETWORK_STATE_CHANGED (1002) --- RIL [RID 0, Len 0, (null)]
01-25 20:18:20.271  1355  1356 V RILC    : processWakeupCallback
01-25 20:18:20.271   583   731 E RIL-RAWDATA: service_ID = 1, message_ID = 1 
01-25 20:18:20.271   583   731 E RIL-RAWDATA: 01 10 00 80 01 07 04 00 00 01 00 ..
01-25 20:18:20.271   583   731 D RIL-QMI : qmuxd: TX message on fd=21, to clientID = 3, len=51
01-25 20:18:20.271  1355  1397 D RILC    : qmi_ril(0/1355): [qmi_cb] qcril_send_unsol_response: [DEADLOCK-DEBUG] << get the peding UNLOCK - qcril_send_unsol_response 
01-25 20:18:20.271  1355  1397 D RILC    : qmi_ril(0/1355): [qmi_cb] qmi_ril_android_pending_unsol_resp_unlock: [DEADLOCK-DEBUG] qmi_ril_android_pending_unsol_resp_unlock - Before Count  : 1
01-25 20:18:20.271  1355  1397 I RILC    : qmi_ril(0/1355): [qmi_cb] qcril_qmi_nas_unsolicited_indication_cb: posted RIL indication 1002
01-25 20:18:20.271  1355  1397 D RILC    : qmi_ril(0/1355): [qmi_cb] qcril_data_qmi_wds_ind_cb: qcril_data_qmi_wds_ind_cb: ENTRY
01-25 20:18:20.271  1355  1359 D RILC    : qmi_ril(0/1355): [event] qcril_event_main: 1 items on queue
01-25 20:18:20.271  1355  1359 D RILC    : qmi_ril(0/1355): [event] qcril_event_main: RID 0 MID 0 De-queued event QCRIL_EVT_DATA_WDS_EVENT_CALLBACK (327683)(obj 0x4116a268)
01-25 20:18:20.271  1355  1359 D RILC    : qmi_ril(0/1355): [event] qcril_process_event: RIL <--- QCRIL_EVT_DATA_WDS_EVENT_CALLBACK(327683), RID 0, MID 0 --- AMSS
01-25 20:18:20.271  1355  1359 D RILC    : qmi_ril(0/1355): [event] qcril_data_wds_event_hdlr: qcril_data_wds_event_hdlr: ENTRY
01-25 20:18:20.271  1355  1359 D RILC    : qmi_ril(0/1355): [event] qcril_data_process_wds_ind: qcril_data_process_wds_ind: entry
01-25 20:18:20.271  1355  1359 D RILC    : qmi_ril(0/1355): [event] qcril_data_process_wds_ind: PHYSLINK went dormant
01-25 20:18:20.271  1355  1359 D RILC    : qmi_ril(0/1355): [event] qcril_data_post_qmi_events: qcril_data_post_qmi_events: entry
01-25 20:18:20.271  1355  1359 D RILC    : qmi_ril(0/1355): [event] qcril_data_post_qmi_events: >>>Mem debug>>> event obj alloc [0x4116ee88]
01-25 20:18:20.271  1355  1359 I RILC    : qmi_ril(0/1355): [event] qcril_data_post_qmi_events: queue QCRIL DATA event for RIL Token [0] instance_id [0], and modem_id [0]
01-25 20:18:20.271  1355  1359 D RILC    : qmi_ril(0/1355): [event] qcril_event_queue: RID 0 MID 0 Queued event DATA_EVENT_CALLBACK (64 bytes)(obj 0x4116eed0)
01-25 20:18:20.271  1355  1359 D RILC    : qmi_ril(0/1355): [event] qcril_data_post_qmi_events: qcril_data_post_qmi_events: exit with success
01-25 20:18:20.271  1355  1359 D RILC    : qmi_ril(0/1355): [event] qcril_data_process_wds_ind: qcril_data_process_wds_ind: exit with success
01-25 20:18:20.271  1355  1359 D RILC    : qmi_ril(0/1355): [event] qcril_data_wds_event_hdlr: qcril_data_wds_event_hdlr: EXIT
01-25 20:18:20.271  1355  1359 I RILC    : qmi_ril(0/1355): [event] qcril_process_event: Exit QCRIL_EVT_DATA_WDS_EVENT_CALLBACK, err_no 0
01-25 20:18:20.271  1355  1359 D RILC    : qmi_ril(0/1355): [event] qcril_event_main: RID 0 MID 0 De-queued event DATA_EVENT_CALLBACK (327682)(obj 0x4116eed0)
01-25 20:18:20.271  1355  1359 D RILC    : qmi_ril(0/1355): [event] qcril_process_event: RIL <--- DATA_EVENT_CALLBACK(327682), RID 0, MID 0 --- AMSS
01-25 20:18:20.271  1355  1359 D RILC    : qmi_ril(0/1355): [event] qcril_data_event_hdlr: qcril_data_event_hdlr: ENTRY
01-25 20:18:20.271  1355  1359 D RILC    : qmi_ril(0/1355): [event] qcril_data_event_hdlr: >>>Mem debug>>> event obj [0x4116ee88]
01-25 20:18:20.271  1355  1359 D RILC    : qmi_ril(0/1355): [event] qcril_data_event_hdlr: >>>Mem debug>>> info_tbl [0x40678644]
01-25 20:18:20.271  1355  1359 I RILC    : qmi_ril(0/1355): [event] qcril_data_event_hdlr: RIL REQ NOT pend
01-25 20:18:20.271  1355  1359 I RILC    : qmi_ril(0/1355): [event] qcril_data_event_hdlr: <<<DSI_EVT_PHYSLINK_DOWN_STATE: processing Started<<<
01-25 20:18:20.271  1355  1359 I RILC    : qmi_ril(0/1355): [event] qcril_data_client_notify: qcril_data_client_notify : ENTRY
01-25 20:18:20.271  1355  1359 I RILC    : qmi_ril(0/1355): [event] qcril_qmi_nas_data_control_cb: .. 2
01-25 20:18:20.271  1355  1359 I RILC    : qmi_ril(0/1355): [event] qcril_data_client_notify: Posting event[2] payload[0x0] to client[ffff0000]
01-25 20:18:20.271  1355  1359 I RILC    : qmi_ril(0/1355): [event] qcril_data_client_notify: qcril_data_client_notify : EXIT
01-25 20:18:20.271  1355  1359 D RILC    : qmi_ril(0/1355): [event] qcril_data_unsol_call_list_changed: qcril_data_unsol_call_list_changed: ENTRY
01-25 20:18:20.271  1355  1359 D RILC    : qmi_ril(0/1355): [event] qcril_data_unsol_call_list_changed: sending RIL_UNSOL_DATA_CALL_LIST_CHANGED
01-25 20:18:20.271  1355  1359 D RILC    : qmi_ril(0/1355): [event] qcril_data_get_active_call_list: active call table size:[1] start from: [0x4116a268]
01-25 20:18:20.271  1355  1359 D RILC    : qmi_ril(0/1355): [event] qcril_data_get_active_call_list: EXIT with succ
01-25 20:18:20.271  1355  1359 D RILC    : qmi_ril(0/1355): [event] qcril_send_unsol_response: [DEADLOCK-DEBUG] >> get the peding LOCK - qcril_send_unsol_response 
01-25 20:18:20.271  1355  1359 D RILC    : qmi_ril(0/1355): [event] qmi_ril_android_pending_unsol_resp_lock: [DEADLOCK-DEBUG] qmi_ril_android_pending_unsol_resp_lock - Before Count  : 0
01-25 20:18:20.271  1355  1359 D RILC    : qmi_ril(0/1355): [event] qcril_send_unsol_response_epilog: UI <--- RIL_UNSOL_DATA_CALL_LIST_CHANGED (1010) --- RIL [RID 0, Len 36, (null)]
01-25 20:18:20.271  1355  1359 D RILC    : qmi_ril(0/1355): [event] qcril_send_unsol_response: [DEADLOCK-DEBUG] << get the peding UNLOCK - qcril_send_unsol_response 
01-25 20:18:20.271  1355  1359 D RILC    : qmi_ril(0/1355): [event] qmi_ril_android_pending_unsol_resp_unlock: [DEADLOCK-DEBUG] qmi_ril_android_pending_unsol_resp_unlock - Before Count  : 1
01-25 20:18:20.271  1355  1359 D RILC    : qmi_ril(0/1355): [event] qcril_data_unsol_call_list_changed: qcril_data_unsol_call_list_changed: free memory
01-25 20:18:20.271  1355  1359 D RILC    : qmi_ril(0/1355): [event] qcril_data_unsol_call_list_changed: qcril_data_unsol_call_list_changed: EXIT with succ
01-25 20:18:20.271  1355  1359 I RILC    : qmi_ril(0/1355): [event] qcril_data_event_hdlr: try event obj dealloc
01-25 20:18:20.271  1355  1359 D RILC    : qmi_ril(0/1355): [event] qcril_data_event_hdlr: qcril_data_event_hdlr: EXIT with suc
01-25 20:18:20.271  1355  1359 I RILC    : qmi_ril(0/1355): [event] qcril_process_event: Exit DATA_EVENT_CALLBACK, err_no 0
01-25 20:18:20.271  1355  1359 D RILC    : qmi_ril(0/1355): [event] qcril_event_main: Waiting...
01-25 20:18:20.271  1355  1356 V RILC    : processWakeupCallback
01-25 20:18:20.271  1355  1397 D RILC    : qmi_ril(0/1355): [qmi_cb] qcril_event_queue: RID 0 MID 0 Queued event QCRIL_EVT_DATA_WDS_EVENT_CALLBACK (152 bytes)(obj 0x4116a268)
01-25 20:18:20.271  1355  1397 D RILC    : qmi_ril(0/1355): [qmi_cb] qcril_data_qmi_wds_ind_cb: qcril_data_qmi_wds_ind_cb: EXIT
01-25 20:18:20.271   933  1007 D RILJ    : [UNSL]< UNSOL_RESPONSE_VOICE_NETWORK_STATE_CHANGED
01-25 20:18:20.271   933  1007 D RILJ    : responseDataCallList ver=7 num=1
