01-25 20:17:56.289  1355  4222 I RILC    : qmi_ril(0/1355): [cmd-22(864)] qmi_ril_fw_dedicated_request_exec_thread:  ..exec res 0
01-25 20:17:56.289  1355  4223 I RILC    : qmi_ril(0/1355): [cmd-21(664)] qcril_qmi_convert_rat_mask_to_technology: technology UMTS
01-25 20:17:56.289  1355  4223 I RILC    : qmi_ril(0/1355): [cmd-21(664)] qcril_qmi_get_pref_data_tech: after translation : is_current 1 network_type 0 rat_mask 1 db_so_mask 0 pref_data_tech UMTS technology 3
01-25 20:17:56.289  1355  4225 I RILC    : qmi_ril(0/1355): [cmd-45(88)] qcril_qmi_nas_query_network_selection_mode: NAS_CACHE_UNLOCKED
01-25 20:17:56.289  1355  4225 I RILC    : qmi_ril(0/1355): [cmd-45(88)] qcril_qmi_nas_query_network_selection_mode: is_cached=1
01-25 20:17:56.289  1355  4223 I RILC    : qmi_ril(0/1355): [cmd-21(664)] qmi_ril_nw_reg_extend_pref_data_tech_cl: is extrapolation 0, cache is valid 0, cache rat 0, oprt valid 1, oprt 0, card status 3, card ever present 1, ban 0, mpv 1, mp 28
01-25 20:17:56.289  1355  4223 I RILC    : qmi_ril(0/1355): [cmd-21(664)] qmi_ril_nw_reg_extend_pref_data_tech_cl: need reset 0
01-25 20:17:56.289  1355  4223 I RILC    : qmi_ril(0/1355): [cmd-21(664)] qmi_ril_nw_reg_extend_pref_data_tech_cl: RAT 3, is current 1, is_extrapolation 0, is_extrap_roaming 0
01-25 20:17:56.289  1355  4223 I RILC    : qmi_ril(0/1355): [cmd-21(664)] qcril_qmi_nas_request_data_registration_state: .. request need 0, drte 3, pref data tech UMTS
01-25 20:17:56.289  1355  4223 I RILC    : qmi_ril(0/1355): [cmd-21(664)] qcril_qmi_nas_request_data_registration_state:  ... status info: cdma 0 hdr 0 gsm 1 wcdma 1 tdscdma 0 lte 1 cdma 0 hdr 0 gsm 0 wcdma 1 tdscdma 0 lte 0
01-25 20:17:56.289  1355  4223 I RILC    : qmi_ril(0/1355): [cmd-21(664)] qcril_qmi_nas_request_data_registration_state: CnE module available, is current 1, pref data tech UMTS
01-25 20:17:56.289  1355  4223 I RILC    : qmi_ril(0/1355): [cmd-21(664)] qcril_qmi_nas_request_data_registration_state: with current status
01-25 20:17:56.289  1355  4223 I RILC    : qmi_ril(0/1355): [cmd-21(664)] qcril_qmi_nas_request_data_registration_state: data in service on UMTS
01-25 20:17:56.289  1355  4223 I RILC    : qmi_ril(0/1355): [cmd-21(664)] qcril_qmi_nas_request_data_registration_state: data roam status latest 1 / 1 under tmr 0xb4, is extrap 0, extrap_roaming 0, a/m nw sel 0
01-25 20:17:56.289  1355  4223 I RILC    : qmi_ril(0/1355): [cmd-21(664)] qcril_qmi_nas_request_data_registration_state: need reset roaming tmr 1, need spawn roaming tmr 1
01-25 20:17:56.289  1355  4223 D RILC    : qmi_ril(0/1355): [cmd-21(664)] qcril_cancel_timed_callback: Cancel timer with ID 180
01-25 20:17:56.289  1355  4223 D RILC    : qmi_ril(0/1355): [cmd-21(664)] qcril_setup_timed_callback: Set timer with ID 182
01-25 20:17:56.289  1355  4223 I RILC    : qmi_ril(0/1355): [cmd-21(664)] qcril_qmi_nas_request_data_registration_state: ... cur reg state 1(1)
01-25 20:17:56.289  1355  1356 V RILC    : processWakeupCallback
01-25 20:17:56.289  1355  4223 D RILC    : qmi_ril(0/1355): [cmd-21(664)] qcril_qmi_nas_request_data_registration_state: pref_data.is_current = 1
01-25 20:17:56.289  1355  4223 I RILC    : qmi_ril(0/1355): [cmd-21(664)] qcril_qmi_nas_request_data_registration_state: ... cur tech 3
01-25 20:17:56.289  1355  4223 I RILC    : qmi_ril(0/1355): [cmd-21(664)] qcril_qmi_nas_request_data_registration_state: .. prestored reg snapshot valid 0 while cur reg 1
01-25 20:17:56.289  1355  4223 I RILC    : qmi_ril(0/1355): [cmd-21(664)] qcril_qmi_nas_request_data_registration_state: considered data technology valid 1, value 3
01-25 20:17:56.289  1355  4223 I RILC    : qmi_ril(0/1355): [cmd-21(664)] qcril_qmi_nas_request_data_registration_state: reported data technology 3
01-25 20:17:56.289  1355  4223 D RILC    : qmi_ril(0/1355): [cmd-21(664)] qcril_send_request_response: UI <--- RIL_REQUEST_DATA_REGISTRATION_STATE (21) Complete --- RIL [RID 0, Token id 70, Success, Len 24 ]
01-25 20:17:56.289  1355  4223 D RILC    : qmi_ril(0/1355): [cmd-21(664)] qmi_ril_fw_send_request_response_epilog: token under exec 70, completion token id 70
01-25 20:17:56.289  1355  4223 D RILC    : qmi_ril(0/1355): [cmd-21(664)] qmi_ril_fw_send_request_response_epilog: postage resp to token id 70, a-r-id 21 (intermed. 21)
01-25 20:17:56.289  1355  4223 D RILC    : RIL onRequestComplete: Command channel closed
01-25 20:17:56.289  1355  4223 D RILC    : qmi_ril(0/1355): [cmd-21(664)] qmi_ril_android_pending_unsol_resp_lock: [DEADLOCK-DEBUG] qmi_ril_android_pending_unsol_resp_lock - Before Count  : 0
01-25 20:17:56.289  1355  4223 I RILC    : qmi_ril(0/1355): [cmd-21(664)] qmi_ril_unsuppress_android_unsol_resp: unsuppressing android_unsol_resp 1002
01-25 20:17:56.289  1355  4223 I RILC    : qmi_ril(0/1355): [cmd-21(664)] qmi_ril_unsuppress_android_unsol_resp: unsol_resp 1002 previous locker number 1
01-25 20:17:56.289  1355  4223 D RILC    : qmi_ril(0/1355): [cmd-21(664)] qmi_ril_android_pending_unsol_resp_unlock: [DEADLOCK-DEBUG] qmi_ril_android_pending_unsol_resp_unlock - Before Count  : 1
01-25 20:17:56.289  1355  4223 D RILC    : qmi_ril(0/1355): [cmd-21(664)] qmi_ril_android_pending_unsol_resp_lock: [DEADLOCK-DEBUG] qmi_ril_android_pending_unsol_resp_lock - Before Count  : 0
01-25 20:17:56.289  1355  4223 I RILC    : qmi_ril(0/1355): [cmd-21(664)] qmi_ril_unsuppress_android_unsol_resp: unsuppressing android_unsol_resp 1035
01-25 20:17:56.289  1355  4223 I RILC    : qmi_ril(0/1355): [cmd-21(664)] qmi_ril_unsuppress_android_unsol_resp: unsol_resp 1035 previous locker number 1
01-25 20:17:56.289  1355  4223 D RILC    : qmi_ril(0/1355): [cmd-21(664)] qmi_ril_android_pending_unsol_resp_unlock: [DEADLOCK-DEBUG] qmi_ril_android_pending_unsol_resp_unlock - Before Count  : 1
01-25 20:17:56.289  1355  4223 D RILC    : qmi_ril(0/1355): [cmd-21(664)] qmi_ril_fw_destroy_android_live_params_copy: a-r-id 21, appron 3
01-25 20:17:56.289  1355  4223 I RILC    : qmi_ril(0/1355): [cmd-21(664)] qmi_ril_fw_dedicated_request_exec_thread:  ..exec res 0
01-25 20:17:56.289  1355  4225 I RILC    : qmi_ril(0/1355): [cmd-45(88)] qcril_qmi_nas_query_network_selection_mode: network_selection_mode: 0, ril_req_res: 0
01-25 20:17:56.289  1355  4225 D RILC    : qmi_ril(0/1355): [cmd-45(88)] qcril_send_request_response: UI <--- RIL_REQUEST_QUERY_NETWORK_SELECTION_MODE (45) Complete --- RIL [RID 0, Token id 72, Success, Len 4 ]
01-25 20:17:56.289  1355  4225 D RILC    : qmi_ril(0/1355): [cmd-45(88)] qmi_ril_fw_send_request_response_epilog: token under exec 72, completion token id 72
01-25 20:17:56.289  1355  4225 D RILC    : qmi_ril(0/1355): [cmd-45(88)] qmi_ril_fw_send_request_response_epilog: postage resp to token id 72, a-r-id 45 (intermed. 45)
01-25 20:17:56.289  1355  4225 D RILC    : RIL onRequestComplete: Command channel closed
01-25 20:17:56.289  1355  4225 D RILC    : qmi_ril(0/1355): [cmd-45(88)] qmi_ril_fw_destroy_android_live_params_copy: a-r-id 45, appron 3
01-25 20:17:56.289  1355  4225 I RILC    : qmi_ril(0/1355): [cmd-45(88)] qmi_ril_fw_dedicated_request_exec_thread:  ..exec res 0
01-25 20:17:56.289   933  1007 D RILJ    : [0071]< VOICE_REGISTRATION_STATE {1, 6796, 0497880b, 3, null, null, null, 0, null, null, 1, null, null, 0, 0}
01-25 20:17:56.289   933  1007 D RILJ    : [0069]< OPERATOR {AT&T, AT&T, 310410}
01-25 20:17:56.289   933  1007 D RILJ    : [0070]< DATA_REGISTRATION_STATE {1, 6796, 0497880b, 3, null, 20}
01-25 20:17:56.289   933  1007 D RILJ    : [0072]< QUERY_NETWORK_SELECTION_MODE {0}
01-25 20:17:56.289   933   933 D GSM     : [GsmSST] Poll ServiceState done:  oldSS=[0 home AT&T AT&T 310410  UMTS CSS not supported -1 -1 RoamInd=-1 DefRoamInd=-1 EmergOnly=false] newSS=[0 home AT&T AT&T 310410  UMTS CSS not supported -1 -1 RoamInd=-1 DefRoamInd=-1 EmergOnly=false] oldGprs=0 newData=0 oldMaxDataCalls=20 mNewMaxDataCalls=20 oldReasonDataDenied=-1 mNewReasonDataDenied=-1 oldType=UMTS newType=UMTS
01-25 20:17:56.359   933   933 D RILJ    : [0073]> REQUEST_GET_NEIGHBORING_CELL_IDS
01-25 20:17:56.359  1355  1356 D RILC    : qmi_ril(0/1355): [main] onRequest: UI --- RIL_REQUEST_GET_NEIGHBORING_CELL_IDS (75) ---> RIL [RID 0, token id 73, data len 0]
01-25 20:17:56.359  1355  1356 D RILC    : qmi_ril(0/1355): [main] qmi_ril_fw_create_android_live_params_copy: a-r-id 75, a-data 0, a-data-len 0
01-25 20:17:56.359  1355  1356 D RILC    : qmi_ril(0/1355): [main] onRequest: method 3, datalen 0
01-25 20:17:56.359  1355  1356 D RILC    : qmi_ril(0/1355): [main] onRequest: already waiting for exec 0
01-25 20:17:56.359  1355  1356 D RILC    : qmi_ril(0/1355): [main] onRequest: android_request_param_holder 4115f1a0 hex
01-25 20:17:56.359  1355  1356 D RILC    : qmi_ril(0/1355): [main] onRequest: pending req kind 0 hex, awaitingexec req kind 0 hex
01-25 20:17:56.359  1355  1356 D RILC    : qmi_ril(0/1355): [main] onRequest: token under exec 73
01-25 20:17:56.359  1355  1356 D RILC    : qmi_ril(0/1355): [main] onRequest: pre-exec token id 73, a-r-id 75, audit 0, nrender 0
01-25 20:17:56.359  1355  1356 D RILC    : qmi_ril(0/1355): [main] qmi_ril_fw_android_request_render_execution: rendering exec for token id 73
01-25 20:17:56.359  1355  1356 I RILC    : qmi_ril(0/1355): [main] qcril_reqlist_new_all: [RID 0] Event RIL_REQUEST_GET_NEIGHBORING_CELL_IDS(75), token id 73 [ 0x4116e2a8], req id 15 : 
01-25 20:17:56.359  1355  1356 I RILC    : qmi_ril(0/1355): [main] qcril_reqlist_new_all:                        MID 0, pending receipt of QCRIL_EVT_QMI_REQUEST_NEIGHBOR_CELL_INFO, state QCRIL_REQ_AWAITING_MORE_AMSS_EVENTS(4)
01-25 20:17:56.359  1355  1356 D RILC    : qmi_ril(0/1355): [main] qcril_reqlist_print_all: [RID 0] ReqList entries :
01-25 20:17:56.359  1355  1356 D RILC    : qmi_ril(0/1355): [main] qcril_reqlist_print_all:     RIL_REQUEST_GET_NEIGHBORING_CELL_IDS (75), token id 73 followed 0x0 following 0x0
01-25 20:17:56.359  1355  1356 I RILC    : qmi_ril(0/1355): [main] qcril_qmi_nas_get_neighboring_cell_ids: completed with 0
01-25 20:17:56.359  1355  1356 D RILC    : qmi_ril(0/1355): [main] onRequest: dispatch outcome = 0
01-25 20:17:56.359   583   583 D RIL-QMI : qmuxd: RX 47 bytes on fd=21 from qmux_client_id=3
01-25 20:17:56.359   583   583 E RIL-RAWDATA: service_ID = 3, message_ID = 43 
01-25 20:17:56.359   583   583 E RIL-RAWDATA: 01 0C 00 00 03 03 00 BE 00 43 00 ..
01-25 20:17:56.359   583   583 E RIL-QMI : [SMDPORT] >> BEFORE, Write SMD Port [fd = 10] [msg_len = 13]
01-25 20:17:56.359   583   583 E RIL-QMI : [SMDPORT] << AFTER, Write SMD Port [rc = 0]
01-25 20:17:56.369   583   731 E RIL-RAWDATA: service_ID = 3, message_ID = 43 
01-25 20:17:56.369   583   731 E RIL-RAWDATA: 01 2E 00 80 03 03 02 BE 00 43 00 ..
01-25 20:17:56.369   583   731 D RIL-QMI : qmuxd: TX message on fd=21, to clientID = 3, len=81
01-25 20:17:56.369  1355  1397 I RILC    : qmi_ril(0/1355): [qmi_cb] qcril_reqlist_find_by_event: [RID 0] Found ReqList entry : RIL_REQUEST_GET_NEIGHBORING_CELL_IDS(75), token id 73, pending QCRIL_EVT_QMI_REQUEST_NEIGHBOR_CELL_INFO (786436)
01-25 20:17:56.369  1355  1397 I RILC    : qmi_ril(0/1355): [qmi_cb] qcril_qmi_util_convert_qmi_response_codes_to_ril_result_ex: ctx check 0
01-25 20:17:56.369  1355  1397 I RILC    : qmi_ril(0/1355): [qmi_cb] qcril_qmi_nas_get_neighboring_cells_cb: .. qmi error 0, resultqmi  0, qmi transp_err 0, ril res 0
01-25 20:17:56.369  1355  1397 I RILC    : qmi_ril(0/1355): [qmi_cb] qcril_qmi_nas_get_neighboring_cells_cb: gsm resp 0/0, wcdma resp 1/0, lte intra resp 0/0, lte inter resp 0/0
01-25 20:17:56.369  1355  1397 I RILC    : qmi_ril(0/1355): [qmi_cb] qcril_qmi_nas_get_neighboring_cells_cb: .. in UMTS
01-25 20:17:56.369  1355  1397 D RILC    : qmi_ril(0/1355): [qmi_cb] qcril_send_request_response: UI <--- RIL_REQUEST_GET_NEIGHBORING_CELL_IDS (75) Complete --- RIL [RID 0, Token id 73, Success, Len 0 ]
01-25 20:17:56.369  1355  1397 I RILC    : qmi_ril(0/1355): [qmi_cb] qcril_reqlist_remove_request_pub_from_reqlist: [RID 0] Deleted ReqList entry : token id 73 [0x4116e2a8]
01-25 20:17:56.369  1355  1397 I RILC    : qmi_ril(0/1355): [qmi_cb] qcril_reqlist_free_req_in_reserved_buffer: clear pointers
01-25 20:17:56.369  1355  1397 D RILC    : qmi_ril(0/1355): [qmi_cb] qcril_reqlist_print_all: [RID 0] ReqList entries : Empty
01-25 20:17:56.369  1355  1397 D RILC    : qmi_ril(0/1355): [qmi_cb] qmi_ril_fw_send_request_response_epilog: token under exec 73, completion token id 73
01-25 20:17:56.369  1355  1397 D RILC    : qmi_ril(0/1355): [qmi_cb] qmi_ril_fw_send_request_response_epilog: postage resp to token id 73, a-r-id 75 (intermed. 75)
01-25 20:17:56.369  1355  1397 D RILC    : RIL onRequestComplete: Command channel closed
01-25 20:17:56.369  1355  1397 I RILC    : qmi_ril(0/1355): [qmi_cb] qcril_qmi_nas_get_neighboring_cells_cb: completed with 0 with 0 entries
01-25 20:17:56.369   933  1007 D RILJ    : [0073]< REQUEST_GET_NEIGHBORING_CELL_IDS  
01-25 20:17:56.399   583   731 E RIL-RAWDATA: service_ID = 3, message_ID = 4e 
01-25 20:17:56.399   583   731 E RIL-RAWDATA: 01 61 00 80 03 03 04 00 00 4E 00 ..
01-25 20:17:56.399   583   731 D RIL-QMI : qmuxd: TX message on fd=21, to clientID = 3, len=132
01-25 20:17:56.399  1355  1397 I RILC    : qmi_ril(0/1355): [qmi_cb] qcril_qmi_nas_unsolicited_indication_cb: invoked msg 0x4e
01-25 20:17:56.399  1355  1397 I RILC    : qmi_ril(0/1355): [qmi_cb] qcril_qmi_nas_is_considered_registered: .. cache valid 1
01-25 20:17:56.399  1355  1397 I RILC    : qmi_ril(0/1355): [qmi_cb] qcril_qmi_nas_update_voice_rte: [CS] 1x reg [0], gsm reg [2], wcdma reg [1], lte reg [2], hdr reg [0]
01-25 20:17:56.399  1355  1397 I RILC    : qmi_ril(0/1355): [qmi_cb] qcril_qmi_nas_update_voice_rte: completed, new vrte 3 with confidence 1
01-25 20:17:56.399  1355  1397 I RILC    : qmi_ril(0/1355): [qmi_cb] qcril_qmi_get_pref_data_tech: before translation : is_current 1 network_type 0 rat_mask 1 db_so_mask 0 pref_data_tech UNKNOWN
01-25 20:17:56.399  1355  1397 I RILC    : qmi_ril(0/1355): [qmi_cb] qcril_qmi_convert_rat_mask_to_technology: technology UMTS
01-25 20:17:56.399  1355  1397 I RILC    : qmi_ril(0/1355): [qmi_cb] qcril_qmi_get_pref_data_tech: after translation : is_current 1 network_type 0 rat_mask 1 db_so_mask 0 pref_data_tech UMTS technology 3
01-25 20:17:56.399  1355  1397 I RILC    : qmi_ril(0/1355): [qmi_cb] qmi_ril_nw_reg_extend_pref_data_tech_cl: is extrapolation 0, cache is valid 0, cache rat 0, oprt valid 1, oprt 0, card status 3, card ever present 1, ban 0, mpv 1, mp 28
01-25 20:17:56.399  1355  1397 I RILC    : qmi_ril(0/1355): [qmi_cb] qmi_ril_nw_reg_extend_pref_data_tech_cl: need reset 0
01-25 20:17:56.399  1355  1397 I RILC    : qmi_ril(0/1355): [qmi_cb] qmi_ril_nw_reg_extend_pref_data_tech_cl: RAT 3, is current 1, is_extrapolation 0, is_extrap_roaming 0
01-25 20:17:56.399  1355  1397 I RILC    : qmi_ril(0/1355): [qmi_cb] qcril_qmi_nas_update_data_rte: [PS] 1x reg [0], gsm reg [2], wcdma reg [1], lte reg [2], hdr reg [0]
01-25 20:17:56.399  1355  1397 I RILC    : qmi_ril(0/1355): [qmi_cb] qcril_qmi_nas_update_data_rte: CnE module available
01-25 20:17:56.399  1355  1397 I RILC    : qmi_ril(0/1355): [qmi_cb] qcril_qmi_nas_update_data_rte: with current status
01-25 20:17:56.399  1355  1397 I RILC    : qmi_ril(0/1355): [qmi_cb] qcril_qmi_nas_util_map_pref_data_tech_to_data_rte: entered, pref data tech is UMTS
01-25 20:17:56.399  1355  1397 I RILC    : qmi_ril(0/1355): [qmi_cb] qcril_qmi_nas_util_map_pref_data_tech_to_data_rte: completed, data rte is 3
01-25 20:17:56.399  1355  1397 I RILC    : qmi_ril(0/1355): [qmi_cb] qcril_qmi_nas_update_data_rte: data rte calculated
01-25 20:17:56.399  1355  1397 I RILC    : qmi_ril(0/1355): [qmi_cb] qcril_qmi_nas_update_data_rte: preferred data tech available UMTS
01-25 20:17:56.399  1355  1397 I RILC    : qmi_ril(0/1355): [qmi_cb] qcril_qmi_nas_update_data_rte: [FINAL-PS] 1x reg [0], gsm reg [0], wcdma reg [1], lte reg [0], hdr reg [0]
01-25 20:17:56.399  1355  1397 I RILC    : qmi_ril(0/1355): [qmi_cb] qcril_qmi_nas_update_data_rte: completed, new drte 3 with confidence 1
01-25 20:17:56.399  1355  1397 I RILC    : qmi_ril(0/1355): [qmi_cb] qcril_qmi_nas_update_data_rte: completed, new drte 3
01-25 20:17:56.399  1355  1397 I RILC    : qmi_ril(0/1355): [qmi_cb] qcril_qmi_nas_update_ims_rte: completed, new irte 0 with confidence 4
01-25 20:17:56.399  1355  1397 I RILC    : qmi_ril(0/1355): [qmi_cb] qcril_qmi_voice_technology_updated: ..nas_cached_info.voice_rte 3, nas_cached_info.data_rte 3, nas_cached_info.ims_rte 0, will be considered 3
01-25 20:17:56.399  1355  1397 I RILC    : qmi_ril(0/1355): [qmi_cb] qmi_ril_nwr_update_reg_rej_from_sys_info: [CS] 1x reg [0], gsm reg [2], wcdma reg [1], lte reg [2], hdr reg [0]
01-25 20:17:56.399  1355  1397 I RILC    : qmi_ril(0/1355): [qmi_cb] qmi_ril_nwr_update_reg_rej_from_sys_info: .. nof cs reg reject 0, cs reg reject for direct inj 0
01-25 20:17:56.399  1355  1397 I RILC    : qmi_ril(0/1355): [qmi_cb] qmi_ril_nwr_update_reg_rej_from_sys_info: .. abandoning cs_rejected as full service
01-25 20:17:56.399  1355  1397 I RILC    : qmi_ril(0/1355): [qmi_cb] qmi_ril_nwr_reg_reject_handle_event_cl: .. rte_kind 1, rte 3, evt 3
01-25 20:17:56.399  1355  1397 I RILC    : qmi_ril(0/1355): [qmi_cb] qmi_ril_nwr_update_reg_rej_from_sys_info: [PS] 1x reg [0], gsm reg [2], wcdma reg [1], lte reg [2], hdr reg [0]
01-25 20:17:56.399  1355  1397 I RILC    : qmi_ril(0/1355): [qmi_cb] qmi_ril_nwr_update_reg_rej_from_sys_info: .. drop as full svc
01-25 20:17:56.399  1355  1397 I RILC    : qmi_ril(0/1355): [qmi_cb] qmi_ril_nwr_reg_reject_handle_event_cl: .. rte_kind 2, rte 3, evt 3
01-25 20:17:56.399  1355  1397 I RILC    : qmi_ril(0/1355): [qmi_cb] qcril_qmi_get_pref_data_tech: before translation : is_current 1 network_type 0 rat_mask 1 db_so_mask 0 pref_data_tech UNKNOWN
01-25 20:17:56.399  1355  1397 I RILC    : qmi_ril(0/1355): [qmi_cb] qcril_qmi_convert_rat_mask_to_technology: technology UMTS
01-25 20:17:56.399  1355  1397 I RILC    : qmi_ril(0/1355): [qmi_cb] qcril_qmi_get_pref_data_tech: after translation : is_current 1 network_type 0 rat_mask 1 db_so_mask 0 pref_data_tech UMTS technology 3
01-25 20:17:56.399  1355  1397 I RILC    : qmi_ril(0/1355): [qmi_cb] qcril_qmi_nas_is_data_nw_state_updated: CnE module available with current status - Valid pref data tech 4
01-25 20:17:56.399  1355  1397 I RILC    : qmi_ril(0/1355): [qmi_cb] qcril_qmi_nas_update_voice_rte: [CS] 1x reg [0], gsm reg [2], wcdma reg [1], lte reg [2], hdr reg [0]
01-25 20:17:56.399  1355  1397 I RILC    : qmi_ril(0/1355): [qmi_cb] qcril_qmi_nas_update_voice_rte: completed, new vrte 3 with confidence 1
01-25 20:17:56.399  1355  1397 I RILC    : qmi_ril(0/1355): [qmi_cb] qcril_qmi_get_pref_data_tech: before translation : is_current 1 network_type 0 rat_mask 1 db_so_mask 0 pref_data_tech UNKNOWN
01-25 20:17:56.399  1355  1397 I RILC    : qmi_ril(0/1355): [qmi_cb] qcril_qmi_convert_rat_mask_to_technology: technology UMTS
01-25 20:17:56.399  1355  1397 I RILC    : qmi_ril(0/1355): [qmi_cb] qcril_qmi_get_pref_data_tech: after translation : is_current 1 network_type 0 rat_mask 1 db_so_mask 0 pref_data_tech UMTS technology 3
01-25 20:17:56.399  1355  1397 I RILC    : qmi_ril(0/1355): [qmi_cb] qmi_ril_nw_reg_extend_pref_data_tech_cl: is extrapolation 0, cache is valid 0, cache rat 0, oprt valid 1, oprt 0, card status 3, card ever present 1, ban 0, mpv 1, mp 28
01-25 20:17:56.399  1355  1397 I RILC    : qmi_ril(0/1355): [qmi_cb] qmi_ril_nw_reg_extend_pref_data_tech_cl: need reset 0
01-25 20:17:56.399  1355  1397 I RILC    : qmi_ril(0/1355): [qmi_cb] qmi_ril_nw_reg_extend_pref_data_tech_cl: RAT 3, is current 1, is_extrapolation 0, is_extrap_roaming 0
01-25 20:17:56.399  1355  1397 I RILC    : qmi_ril(0/1355): [qmi_cb] qcril_qmi_nas_update_data_rte: [PS] 1x reg [0], gsm reg [2], wcdma reg [1], lte reg [2], hdr reg [0]
01-25 20:17:56.399  1355  1397 I RILC    : qmi_ril(0/1355): [qmi_cb] qcril_qmi_nas_update_data_rte: CnE module available
01-25 20:17:56.399  1355  1397 I RILC    : qmi_ril(0/1355): [qmi_cb] qcril_qmi_nas_update_data_rte: with current status
01-25 20:17:56.399  1355  1397 I RILC    : qmi_ril(0/1355): [qmi_cb] qcril_qmi_nas_util_map_pref_data_tech_to_data_rte: entered, pref data tech is UMTS
01-25 20:17:56.399  1355  1397 I RILC    : qmi_ril(0/1355): [qmi_cb] qcril_qmi_nas_util_map_pref_data_tech_to_data_rte: completed, data rte is 3
01-25 20:17:56.399  1355  1397 I RILC    : qmi_ril(0/1355): [qmi_cb] qcril_qmi_nas_update_data_rte: data rte calculated
01-25 20:17:56.399  1355  1397 I RILC    : qmi_ril(0/1355): [qmi_cb] qcril_qmi_nas_update_data_rte: preferred data tech available UMTS
01-25 20:17:56.399  1355  1397 I RILC    : qmi_ril(0/1355): [qmi_cb] qcril_qmi_nas_update_data_rte: [FINAL-PS] 1x reg [0], gsm reg [0], wcdma reg [1], lte reg [0], hdr reg [0]
01-25 20:17:56.399  1355  1397 I RILC    : qmi_ril(0/1355): [qmi_cb] qcril_qmi_nas_update_data_rte: completed, new drte 3 with confidence 1
01-25 20:17:56.399  1355  1397 I RILC    : qmi_ril(0/1355): [qmi_cb] qcril_qmi_nas_update_data_rte: completed, new drte 3
01-25 20:17:56.399  1355  1397 I RILC    : qmi_ril(0/1355): [qmi_cb] qcril_qmi_nas_update_ims_rte: completed, new irte 0 with confidence 4
01-25 20:17:56.399  1355  1397 I RILC    : qmi_ril(0/1355): [qmi_cb] qcril_qmi_voice_technology_updated: ..nas_cached_info.voice_rte 3, nas_cached_info.data_rte 3, nas_cached_info.ims_rte 0, will be considered 3
01-25 20:17:56.399  1355  1397 I RILC    : qmi_ril(0/1355): [qmi_cb] qmi_ril_nwr_update_reg_rej_from_sys_info: [CS] 1x reg [0], gsm reg [2], wcdma reg [1], lte reg [2], hdr reg [0]
01-25 20:17:56.399  1355  1397 I RILC    : qmi_ril(0/1355): [qmi_cb] qmi_ril_nwr_update_reg_rej_from_sys_info: .. nof cs reg reject 0, cs reg reject for direct inj 0
01-25 20:17:56.399  1355  1397 I RILC    : qmi_ril(0/1355): [qmi_cb] qmi_ril_nwr_update_reg_rej_from_sys_info: .. abandoning cs_rejected as full service
01-25 20:17:56.399  1355  1397 I RILC    : qmi_ril(0/1355): [qmi_cb] qmi_ril_nwr_reg_reject_handle_event_cl: .. rte_kind 1, rte 3, evt 3
01-25 20:17:56.399  1355  1397 I RILC    : qmi_ril(0/1355): [qmi_cb] qmi_ril_nwr_update_reg_rej_from_sys_info: [PS] 1x reg [0], gsm reg [2], wcdma reg [1], lte reg [2], hdr reg [0]
01-25 20:17:56.399  1355  1397 I RILC    : qmi_ril(0/1355): [qmi_cb] qmi_ril_nwr_update_reg_rej_from_sys_info: .. drop as full svc
01-25 20:17:56.399  1355  1397 I RILC    : qmi_ril(0/1355): [qmi_cb] qmi_ril_nwr_reg_reject_handle_event_cl: .. rte_kind 2, rte 3, evt 3
01-25 20:17:56.399  1355  1397 I RILC    : qmi_ril(0/1355): [qmi_cb] qcril_qmi_nas_restricted_state_handle_event: event 2 under state 0, cached details 0
01-25 20:17:56.399  1355  1397 I RILC    : qmi_ril(0/1355): [qmi_cb] qcril_qmi_nas_calculate_restricted_details: voice_rte 3, data_rte 3
01-25 20:17:56.399  1355  1397 I RILC    : qmi_ril(0/1355): [qmi_cb] qcril_qmi_nas_fill_up_restricted_state_details: cs_bar_status 3
01-25 20:17:56.399  1355  1397 I RILC    : qmi_ril(0/1355): [qmi_cb] qcril_qmi_nas_fill_up_restricted_state_details: ps_bar_status 3
01-25 20:17:56.399  1355  1397 I RILC    : qmi_ril(0/1355): [qmi_cb] qcril_qmi_nas_fill_up_restricted_state_details:  .. restricted_state_details_local 0
01-25 20:17:56.399  1355  1397 I RILC    : qmi_ril(0/1355): [qmi_cb] qmi_ril_nw_reg_snapshot_dump_log: in snapshot voice_rte 3, data_rte 3, ims_rte 0
01-25 20:17:56.399  1355  1397 I RILC    : qmi_ril(0/1355): [qmi_cb] qmi_ril_nw_reg_snapshot_dump_log: in snapshot voice_rte 3, data_rte 3, ims_rte 0
01-25 20:17:56.399  1355  1397 I RILC    : qmi_ril(0/1355): [qmi_cb] qcril_qmi_nas_sys_info_ind_conv_qmi2ril: any rte change 0
01-25 20:17:56.399  1355  1397 I RILC    : qmi_ril(0/1355): [qmi_cb] qcril_qmi_nas_sys_info_ind_conv_qmi2ril: .. rte changed 0
01-25 20:17:56.399  1355  1397 I RILC    : qmi_ril(0/1355): [qmi_cb] qcril_qmi_nas_is_considered_registered: .. cache valid 0
01-25 20:17:56.399  1355  1397 I RILC    : qmi_ril(0/1355): [qmi_cb] qcril_qmi_nas_is_considered_registered: [CS] 1x reg [0], gsm reg [2], wcdma reg [1], lte reg [2], hdr reg [0]
01-25 20:17:56.399  1355  1397 I RILC    : qmi_ril(0/1355): [qmi_cb] qcril_qmi_nas_unsolicited_indication_cb: .. operational state 3
01-25 20:17:56.399  1355  1397 D RILC    : qmi_ril(0/1355): [qmi_cb] qcril_send_unsol_response: [DEADLOCK-DEBUG] >> get the peding LOCK - qcril_send_unsol_response 
01-25 20:17:56.399  1355  1397 D RILC    : qmi_ril(0/1355): [qmi_cb] qmi_ril_android_pending_unsol_resp_lock: [DEADLOCK-DEBUG] qmi_ril_android_pending_unsol_resp_lock - Before Count  : 0
01-25 20:17:56.399  1355  1397 D RILC    : qmi_ril(0/1355): [qmi_cb] qcril_send_unsol_response_epilog: UI <--- RIL_UNSOL_RESPONSE_NETWORK_STATE_CHANGED (1002) --- RIL [RID 0, Len 0, (null)]
01-25 20:17:56.399  1355  1397 D RILC    : qmi_ril(0/1355): [qmi_cb] qcril_send_unsol_response: [DEADLOCK-DEBUG] << get the peding UNLOCK - qcril_send_unsol_response 
01-25 20:17:56.399  1355  1397 D RILC    : qmi_ril(0/1355): [qmi_cb] qmi_ril_android_pending_unsol_resp_unlock: [DEADLOCK-DEBUG] qmi_ril_android_pending_unsol_resp_unlock - Before Count  : 1
01-25 20:17:56.399  1355  1397 I RILC    : qmi_ril(0/1355): [qmi_cb] qcril_qmi_nas_unsolicited_indication_cb: posted RIL indication 1002
01-25 20:17:56.399  1355  1356 V RILC    : processWakeupCallback
01-25 20:17:56.399   933  1007 D RILJ    : [UNSL]< UNSOL_RESPONSE_VOICE_NETWORK_STATE_CHANGED
01-25 20:17:56.399   933   933 D RILJ    : [0074]> OPERATOR
01-25 20:17:56.439   933   933 D RILJ    : [0075]> DATA_REGISTRATION_STATE
01-25 20:17:56.439  1355  1356 D RILC    : qmi_ril(0/1355): [main] onRequest: UI --- RIL_REQUEST_OPERATOR (22) ---> RIL [RID 0, token id 74, data len 0]
01-25 20:17:56.439  1355  1356 D RILC    : qmi_ril(0/1355): [main] qmi_ril_fw_create_android_live_params_copy: a-r-id 22, a-data 0, a-data-len 0
01-25 20:17:56.439  1355  1356 D RILC    : qmi_ril(0/1355): [main] onRequest: method 3, datalen 0
01-25 20:17:56.439  1355  1356 D RILC    : qmi_ril(0/1355): [main] onRequest: already waiting for exec 0
01-25 20:17:56.439  1355  1356 D RILC    : qmi_ril(0/1355): [main] onRequest: android_request_param_holder 4115c008 hex
01-25 20:17:56.439  1355  1356 D RILC    : qmi_ril(0/1355): [main] onRequest: pending req kind 0 hex, awaitingexec req kind 0 hex
01-25 20:17:56.439  1355  1356 D RILC    : qmi_ril(0/1355): [main] onRequest: token under exec 74
01-25 20:17:56.439  1355  1356 D RILC    : qmi_ril(0/1355): [main] onRequest: pre-exec token id 74, a-r-id 22, audit 0, nrender 0
01-25 20:17:56.439  1355  1356 D RILC    : qmi_ril(0/1355): [main] qmi_ril_fw_android_request_render_execution: rendering exec for token id 74
01-25 20:17:56.439  1355  1356 D RILC    : qmi_ril(0/1355): [main] qmi_ril_fw_create_android_live_params_copy: a-r-id 22, a-data 0, a-data-len 0
01-25 20:17:56.439  1355  1356 D RILC    : qmi_ril(0/1355): [main] qmi_ril_fw_android_request_render_execution: routed to dedicated thrd status 0
01-25 20:17:56.439  1355  1356 D RILC    : qmi_ril(0/1355): [main] onRequest: dispatch outcome = 0
01-25 20:17:56.439  1355  4227 I RILC    : qmi_ril(0/1355): [cmd-22(664)] qmi_ril_fw_dedicated_request_exec_thread:  ..operational state 3
01-25 20:17:56.439  1355  4227 I RILC    : qmi_ril(0/1355): [cmd-22(664)] qcril_qmi_nas_request_operator: NAS_CACHE_LOCKED
01-25 20:17:56.439  1355  4227 I RILC    : qmi_ril(0/1355): [cmd-22(664)] qcril_qmi_nas_is_considered_registered: .. cache valid 1
01-25 20:17:56.439  1355  4227 I RILC    : qmi_ril(0/1355): [cmd-22(664)] qcril_qmi_nas_request_operator: NAS_CACHE_UNLOCKED
01-25 20:17:56.439  1355  4227 I RILC    : qmi_ril(0/1355): [cmd-22(664)] qcril_qmi_nas_request_operator: now registered 1
01-25 20:17:56.439  1355  4227 I RILC    : qmi_ril(0/1355): [cmd-22(664)] qcril_qmi_nas_is_in_service_of_technology: .. param 2
01-25 20:17:56.439  1355  4227 I RILC    : qmi_ril(0/1355): [cmd-22(664)] qcril_qmi_nas_is_in_service_of_technology: .. cache valid 0
01-25 20:17:56.439  1355  4227 I RILC    : qmi_ril(0/1355): [cmd-22(664)] qcril_qmi_nas_is_in_service_of_technology: .. param 1
01-25 20:17:56.439  1355  4227 I RILC    : qmi_ril(0/1355): [cmd-22(664)] qcril_qmi_nas_is_in_service_of_technology: .. cache valid 1
01-25 20:17:56.439  1355  4227 I RILC    : qmi_ril(0/1355): [cmd-22(664)] qcril_qmi_nas_request_operator: plmn_id cached 0
01-25 20:17:56.439  1355  4227 I RILC    : qmi_ril(0/1355): [cmd-22(664)] qcril_qmi_nas_request_operator: spn cached 0
01-25 20:17:56.439  1355  4227 I RILC    : qmi_ril(0/1355): [cmd-22(664)] qcril_qmi_nas_request_operator: short_name cached 0
01-25 20:17:56.439  1355  4227 I RILC    : qmi_ril(0/1355): [cmd-22(664)] qcril_qmi_nas_request_operator: long_name cached 0
01-25 20:17:56.439  1355  4227 I RILC    : qmi_ril(0/1355): [cmd-22(664)] qcril_qmi_nas_is_considered_registered: .. cache valid 1
01-25 20:17:56.439  1355  4227 I RILC    : qmi_ril(0/1355): [cmd-22(664)] qcril_qmi_nas_is_mcc_mnc_info_available: .. is registered 1
01-25 20:17:56.439  1355  4227 I RILC    : qmi_ril(0/1355): [cmd-22(664)] qcril_qmi_nas_is_mcc_mnc_info_available: completed with 1
01-25 20:17:56.439  1355  4227 I RILC    : qmi_ril(0/1355): [cmd-22(664)] qcril_qmi_nas_request_operator: ..wcdma network id valid 1
01-25 20:17:56.439  1355  4227 I RILC    : qmi_ril(0/1355): [cmd-22(664)] qcril_qmi_nas_is_considered_registered: .. cache valid 1
01-25 20:17:56.439  1355  4227 I RILC    : qmi_ril(0/1355): [cmd-22(664)] qcril_qmi_nas_find_current_mcc_mnc: using sys_info_ind - WCDMA
01-25 20:17:56.439  1355  4227 I RILC    : qmi_ril(0/1355): [cmd-22(664)] qcril_qmi_nas_find_current_mcc_mnc: mcc 310 mnc 410
01-25 20:17:56.439  1355  4227 I RILC    : qmi_ril(0/1355): [cmd-22(664)] qcril_qmi_nas_find_current_mcc_mnc: completed with 1
01-25 20:17:56.439   583   583 D RIL-QMI : qmuxd: RX 58 bytes on fd=21 from qmux_client_id=3
01-25 20:17:56.439   583   583 E RIL-RAWDATA: service_ID = 3, message_ID = 44 
01-25 20:17:56.439   583   583 E RIL-RAWDATA: 01 17 00 00 03 03 00 BF 00 44 00 ..
01-25 20:17:56.439   583   583 E RIL-QMI : [SMDPORT] >> BEFORE, Write SMD Port [fd = 10] [msg_len = 24]
01-25 20:17:56.439   583   583 E RIL-QMI : [SMDPORT] << AFTER, Write SMD Port [rc = 0]
01-25 20:17:56.439   583   731 E RIL-RAWDATA: service_ID = 3, message_ID = 44 
01-25 20:17:56.439   583   731 E RIL-RAWDATA: 01 28 00 80 03 03 02 BF 00 44 00 ..
01-25 20:17:56.439   583   731 D RIL-QMI : qmuxd: TX message on fd=21, to clientID = 3, len=75
01-25 20:17:56.439   933   933 D RILJ    : [0076]> VOICE_REGISTRATION_STATE
01-25 20:17:56.439  1355  4227 I RILC    : qmi_ril(0/1355): [cmd-22(664)] qcril_qmi_util_convert_qmi_response_codes_to_ril_result_ex: ctx check 4
01-25 20:17:56.439  1355  4227 I RILC    : qmi_ril(0/1355): [cmd-22(664)] qcril_qmi_util_handle_centralized_short_long_eons: qmi_client_error: 0, ril_req_res: 0, get_plmn_resp.resp.error: 0
01-25 20:17:56.439  1355  4227 I RILC    : qmi_ril(0/1355): [cmd-22(664)] qcril_qmi_util_prefer_spn_over_plmn_name: is_nw_scan 0
01-25 20:17:56.439  1355  4227 I RILC    : qmi_ril(0/1355): [cmd-22(664)] qcril_qmi_util_prefer_spn_over_plmn_name: spn_plmn_name_preference 0
01-25 20:17:56.439  1355  4227 I RILC    : qmi_ril(0/1355): [cmd-22(664)] qcril_qmi_util_prefer_spn_over_plmn_name: plmn_name is present
01-25 20:17:56.439  1355  4227 I RILC    : qmi_ril(0/1355): [cmd-22(664)] qcril_qmi_util_handle_centralized_short_long_eons: plmn short name is 7-bit Unpacked data
01-25 20:17:56.439  1355  4227 I RILC    : qmi_ril(0/1355): [cmd-22(664)] qcril_qmi_util_handle_centralized_short_long_eons: short eons derived from plmn AT&T
01-25 20:17:56.439  1355  4227 I RILC    : qmi_ril(0/1355): [cmd-22(664)] qcril_qmi_util_handle_centralized_short_long_eons: plmn long name is 7-bit Unpacked data
01-25 20:17:56.439  1355  4227 I RILC    : qmi_ril(0/1355): [cmd-22(664)] qcril_qmi_util_handle_centralized_short_long_eons: long eons derived from plmn AT&T
01-25 20:17:56.439  1355  4227 I RILC    : qmi_ril(0/1355): [cmd-22(664)] qcril_qmi_nas_request_operator: .. res long AT&T
01-25 20:17:56.439  1355  4227 I RILC    : qmi_ril(0/1355): [cmd-22(664)] qcril_qmi_nas_request_operator: .. res short AT&T
01-25 20:17:56.439  1355  4227 I RILC    : qmi_ril(0/1355): [cmd-22(664)] qcril_qmi_nas_request_operator: .. res mcc_mnc 310410
01-25 20:17:56.439  1355  4227 D RILC    : qmi_ril(0/1355): [cmd-22(664)] qcril_send_request_response: UI <--- RIL_REQUEST_OPERATOR (22) Complete --- RIL [RID 0, Token id 74, Success, Len 12 ]
01-25 20:17:56.439  1355  4227 D RILC    : qmi_ril(0/1355): [cmd-22(664)] qmi_ril_fw_send_request_response_epilog: token under exec 74, completion token id 74
01-25 20:17:56.439  1355  4227 D RILC    : qmi_ril(0/1355): [cmd-22(664)] qmi_ril_fw_send_request_response_epilog: postage resp to token id 74, a-r-id 22 (intermed. 22)
01-25 20:17:56.439  1355  4227 D RILC    : RIL onRequestComplete: Command channel closed
01-25 20:17:56.439  1355  4227 I RILC    : qmi_ril(0/1355): [cmd-22(664)] qcril_qmi_nas_request_operator: complete with 0
01-25 20:17:56.439  1355  4227 D RILC    : qmi_ril(0/1355): [cmd-22(664)] qmi_ril_fw_destroy_android_live_params_copy: a-r-id 22, appron 3
01-25 20:17:56.439   933   933 D RILJ    : [0077]> QUERY_NETWORK_SELECTION_MODE
01-25 20:17:56.439  1355  4227 I RILC    : qmi_ril(0/1355): [cmd-22(664)] qmi_ril_fw_dedicated_request_exec_thread:  ..exec res 0
01-25 20:17:56.439   933  1007 D RILJ    : [0074]< OPERATOR {AT&T, AT&T, 310410}
01-25 20:17:56.449  1355  1356 D RILC    : qmi_ril(0/1355): [main] onRequest: UI --- RIL_REQUEST_DATA_REGISTRATION_STATE (21) ---> RIL [RID 0, token id 75, data len 0]
01-25 20:17:56.449  1355  1356 D RILC    : qmi_ril(0/1355): [main] qmi_ril_fw_create_android_live_params_copy: a-r-id 21, a-data 0, a-data-len 0
01-25 20:17:56.449  1355  1356 D RILC    : qmi_ril(0/1355): [main] onRequest: method 3, datalen 0
01-25 20:17:56.449  1355  1356 D RILC    : qmi_ril(0/1355): [main] onRequest: already waiting for exec 0
01-25 20:17:56.449  1355  1356 D RILC    : qmi_ril(0/1355): [main] onRequest: android_request_param_holder 4115bf00 hex
01-25 20:17:56.449  1355  1356 D RILC    : qmi_ril(0/1355): [main] onRequest: pending req kind 0 hex, awaitingexec req kind 0 hex
01-25 20:17:56.449  1355  1356 D RILC    : qmi_ril(0/1355): [main] onRequest: token under exec 75
01-25 20:17:56.449  1355  1356 D RILC    : qmi_ril(0/1355): [main] onRequest: pre-exec token id 75, a-r-id 21, audit 0, nrender 0
01-25 20:17:56.449  1355  1356 D RILC    : qmi_ril(0/1355): [main] qmi_ril_fw_android_request_render_execution: rendering exec for token id 75
01-25 20:17:56.449  1355  1356 D RILC    : qmi_ril(0/1355): [main] qmi_ril_fw_create_android_live_params_copy: a-r-id 21, a-data 0, a-data-len 0
01-25 20:17:56.449  1355  1356 D RILC    : qmi_ril(0/1355): [main] qmi_ril_fw_android_request_render_execution: routed to dedicated thrd status 0
01-25 20:17:56.449  1355  1356 D RILC    : qmi_ril(0/1355): [main] onRequest: dispatch outcome = 0
01-25 20:17:56.449  1355  1356 D RILC    : qmi_ril(0/1355): [main] onRequest: UI --- RIL_REQUEST_REGISTRATION_STATE (20) ---> RIL [RID 0, token id 76, data len 0]
01-25 20:17:56.449  1355  1356 D RILC    : qmi_ril(0/1355): [main] qmi_ril_fw_create_android_live_params_copy: a-r-id 20, a-data 0, a-data-len 0
01-25 20:17:56.449  1355  1356 D RILC    : qmi_ril(0/1355): [main] onRequest: method 3, datalen 0
01-25 20:17:56.449  1355  1356 D RILC    : qmi_ril(0/1355): [main] onRequest: already waiting for exec 0
01-25 20:17:56.449  1355  1356 D RILC    : qmi_ril(0/1355): [main] onRequest: android_request_param_holder 4115bdf8 hex
01-25 20:17:56.449  1355  1356 D RILC    : qmi_ril(0/1355): [main] onRequest: pending req kind 0 hex, awaitingexec req kind 0 hex
01-25 20:17:56.449  1355  1356 D RILC    : qmi_ril(0/1355): [main] onRequest: token under exec 76
01-25 20:17:56.449  1355  1356 D RILC    : qmi_ril(0/1355): [main] onRequest: pre-exec token id 76, a-r-id 20, audit 0, nrender 0
01-25 20:17:56.449  1355  1356 D RILC    : qmi_ril(0/1355): [main] qmi_ril_fw_android_request_render_execution: rendering exec for token id 76
01-25 20:17:56.449  1355  1356 D RILC    : qmi_ril(0/1355): [main] qmi_ril_fw_create_android_live_params_copy: a-r-id 20, a-data 0, a-data-len 0
01-25 20:17:56.449  1355  1356 D RILC    : qmi_ril(0/1355): [main] qmi_ril_fw_android_request_render_execution: routed to dedicated thrd status 0
01-25 20:17:56.449  1355  1356 D RILC    : qmi_ril(0/1355): [main] onRequest: dispatch outcome = 0
01-25 20:17:56.449  1355  1356 D RILC    : qmi_ril(0/1355): [main] onRequest: UI --- RIL_REQUEST_QUERY_NETWORK_SELECTION_MODE (45) ---> RIL [RID 0, token id 77, data len 0]
01-25 20:17:56.449  1355  1356 D RILC    : qmi_ril(0/1355): [main] qmi_ril_fw_create_android_live_params_copy: a-r-id 45, a-data 0, a-data-len 0
01-25 20:17:56.449  1355  1356 D RILC    : qmi_ril(0/1355): [main] onRequest: method 3, datalen 0
01-25 20:17:56.449  1355  1356 D RILC    : qmi_ril(0/1355): [main] onRequest: already waiting for exec 0
01-25 20:17:56.449  1355  1356 D RILC    : qmi_ril(0/1355): [main] onRequest: android_request_param_holder 4115d640 hex
01-25 20:17:56.449  1355  1356 D RILC    : qmi_ril(0/1355): [main] onRequest: pending req kind 0 hex, awaitingexec req kind 0 hex
01-25 20:17:56.449  1355  1356 D RILC    : qmi_ril(0/1355): [main] onRequest: token under exec 77
01-25 20:17:56.449  1355  1356 D RILC    : qmi_ril(0/1355): [main] onRequest: pre-exec token id 77, a-r-id 45, audit 0, nrender 0
01-25 20:17:56.449  1355  1356 D RILC    : qmi_ril(0/1355): [main] qmi_ril_fw_android_request_render_execution: rendering exec for token id 77
01-25 20:17:56.449  1355  1356 D RILC    : qmi_ril(0/1355): [main] qmi_ril_fw_create_android_live_params_copy: a-r-id 45, a-data 0, a-data-len 0
01-25 20:17:56.449  1355  1356 D RILC    : qmi_ril(0/1355): [main] qmi_ril_fw_android_request_render_execution: routed to dedicated thrd status 0
01-25 20:17:56.449  1355  1356 D RILC    : qmi_ril(0/1355): [main] onRequest: dispatch outcome = 0
01-25 20:17:56.449  1355  4228 I RILC    : qmi_ril(0/1355): [cmd-21(664)] qmi_ril_fw_dedicated_request_exec_thread:  ..operational state 3
01-25 20:17:56.449  1355  4228 D RILC    : qmi_ril(0/1355): [cmd-21(664)] qmi_ril_android_pending_unsol_resp_lock: [DEADLOCK-DEBUG] qmi_ril_android_pending_unsol_resp_lock - Before Count  : 0
01-25 20:17:56.449  1355  4228 I RILC    : qmi_ril(0/1355): [cmd-21(664)] qmi_ril_suppress_android_unsol_resp: suppressing android_unsol_resp 1002
01-25 20:17:56.449  1355  4228 D RILC    : qmi_ril(0/1355): [cmd-21(664)] qmi_ril_android_pending_unsol_resp_unlock: [DEADLOCK-DEBUG] qmi_ril_android_pending_unsol_resp_unlock - Before Count  : 1
01-25 20:17:56.449  1355  4228 D RILC    : qmi_ril(0/1355): [cmd-21(664)] qmi_ril_android_pending_unsol_resp_lock: [DEADLOCK-DEBUG] qmi_ril_android_pending_unsol_resp_lock - Before Count  : 0
01-25 20:17:56.449  1355  4228 I RILC    : qmi_ril(0/1355): [cmd-21(664)] qmi_ril_suppress_android_unsol_resp: suppressing android_unsol_resp 1035
01-25 20:17:56.449  1355  4228 D RILC    : qmi_ril(0/1355): [cmd-21(664)] qmi_ril_android_pending_unsol_resp_unlock: [DEADLOCK-DEBUG] qmi_ril_android_pending_unsol_resp_unlock - Before Count  : 1
01-25 20:17:56.449  1355  4228 I RILC    : qmi_ril(0/1355): [cmd-21(664)] qcril_qmi_get_pref_data_tech: before translation : is_current 1 network_type 0 rat_mask 1 db_so_mask 0 pref_data_tech UNKNOWN
01-25 20:17:56.449  1355  4228 I RILC    : qmi_ril(0/1355): [cmd-21(664)] qcril_qmi_convert_rat_mask_to_technology: technology UMTS
01-25 20:17:56.449  1355  4228 I RILC    : qmi_ril(0/1355): [cmd-21(664)] qcril_qmi_get_pref_data_tech: after translation : is_current 1 network_type 0 rat_mask 1 db_so_mask 0 pref_data_tech UMTS technology 3
01-25 20:17:56.449  1355  4228 I RILC    : qmi_ril(0/1355): [cmd-21(664)] qmi_ril_nw_reg_extend_pref_data_tech_cl: is extrapolation 0, cache is valid 0, cache rat 0, oprt valid 1, oprt 0, card status 3, card ever present 1, ban 0, mpv 1, mp 28
01-25 20:17:56.449  1355  4228 I RILC    : qmi_ril(0/1355): [cmd-21(664)] qmi_ril_nw_reg_extend_pref_data_tech_cl: need reset 0
01-25 20:17:56.449  1355  4228 I RILC    : qmi_ril(0/1355): [cmd-21(664)] qmi_ril_nw_reg_extend_pref_data_tech_cl: RAT 3, is current 1, is_extrapolation 0, is_extrap_roaming 0
01-25 20:17:56.449  1355  4228 I RILC    : qmi_ril(0/1355): [cmd-21(664)] qcril_qmi_nas_request_data_registration_state: .. request need 0, drte 3, pref data tech UMTS
01-25 20:17:56.449  1355  4228 I RILC    : qmi_ril(0/1355): [cmd-21(664)] qcril_qmi_nas_request_data_registration_state:  ... status info: cdma 0 hdr 0 gsm 1 wcdma 1 tdscdma 0 lte 1 cdma 0 hdr 0 gsm 0 wcdma 1 tdscdma 0 lte 0
01-25 20:17:56.449  1355  4228 I RILC    : qmi_ril(0/1355): [cmd-21(664)] qcril_qmi_nas_request_data_registration_state: CnE module available, is current 1, pref data tech UMTS
01-25 20:17:56.449  1355  4228 I RILC    : qmi_ril(0/1355): [cmd-21(664)] qcril_qmi_nas_request_data_registration_state: with current status
01-25 20:17:56.449  1355  4228 I RILC    : qmi_ril(0/1355): [cmd-21(664)] qcril_qmi_nas_request_data_registration_state: data in service on UMTS
01-25 20:17:56.449  1355  4228 I RILC    : qmi_ril(0/1355): [cmd-21(664)] qcril_qmi_nas_request_data_registration_state: data roam status latest 1 / 1 under tmr 0xb6, is extrap 0, extrap_roaming 0, a/m nw sel 0
01-25 20:17:56.449  1355  4228 I RILC    : qmi_ril(0/1355): [cmd-21(664)] qcril_qmi_nas_request_data_registration_state: need reset roaming tmr 1, need spawn roaming tmr 1
01-25 20:17:56.449  1355  4228 D RILC    : qmi_ril(0/1355): [cmd-21(664)] qcril_cancel_timed_callback: Cancel timer with ID 182
01-25 20:17:56.449  1355  4228 D RILC    : qmi_ril(0/1355): [cmd-21(664)] qcril_setup_timed_callback: Set timer with ID 183
01-25 20:17:56.449  1355  4228 I RILC    : qmi_ril(0/1355): [cmd-21(664)] qcril_qmi_nas_request_data_registration_state: ... cur reg state 1(1)
01-25 20:17:56.449  1355  1356 V RILC    : processWakeupCallback
01-25 20:17:56.449  1355  4228 D RILC    : qmi_ril(0/1355): [cmd-21(664)] qcril_qmi_nas_request_data_registration_state: pref_data.is_current = 1
01-25 20:17:56.449  1355  4228 I RILC    : qmi_ril(0/1355): [cmd-21(664)] qcril_qmi_nas_request_data_registration_state: ... cur tech 3
01-25 20:17:56.449  1355  4228 I RILC    : qmi_ril(0/1355): [cmd-21(664)] qcril_qmi_nas_request_data_registration_state: .. prestored reg snapshot valid 0 while cur reg 1
01-25 20:17:56.449  1355  4228 I RILC    : qmi_ril(0/1355): [cmd-21(664)] qcril_qmi_nas_request_data_registration_state: considered data technology valid 1, value 3
01-25 20:17:56.449  1355  4228 I RILC    : qmi_ril(0/1355): [cmd-21(664)] qcril_qmi_nas_request_data_registration_state: reported data technology 3
01-25 20:17:56.449  1355  4230 I RILC    : qmi_ril(0/1355): [cmd-45(120)] qmi_ril_fw_dedicated_request_exec_thread:  ..operational state 3
01-25 20:17:56.449  1355  4228 D RILC    : qmi_ril(0/1355): [cmd-21(664)] qcril_send_request_response: UI <--- RIL_REQUEST_DATA_REGISTRATION_STATE (21) Complete --- RIL [RID 0, Token id 75, Success, Len 24 ]
01-25 20:17:56.449  1355  4228 D RILC    : qmi_ril(0/1355): [cmd-21(664)] qmi_ril_fw_send_request_response_epilog: token under exec 75, completion token id 75
01-25 20:17:56.449  1355  4228 D RILC    : qmi_ril(0/1355): [cmd-21(664)] qmi_ril_fw_send_request_response_epilog: postage resp to token id 75, a-r-id 21 (intermed. 21)
01-25 20:17:56.449  1355  4230 I RILC    : qmi_ril(0/1355): [cmd-45(120)] qcril_qmi_nas_query_network_selection_mode: NAS_CACHE_LOCKED
01-25 20:17:56.449  1355  4228 D RILC    : RIL onRequestComplete: Command channel closed
01-25 20:17:56.449  1355  4230 I RILC    : qmi_ril(0/1355): [cmd-45(120)] qcril_qmi_nas_query_network_selection_mode: NAS_CACHE_UNLOCKED
01-25 20:17:56.449  1355  4230 I RILC    : qmi_ril(0/1355): [cmd-45(120)] qcril_qmi_nas_query_network_selection_mode: is_cached=1
01-25 20:17:56.449  1355  4230 I RILC    : qmi_ril(0/1355): [cmd-45(120)] qcril_qmi_nas_query_network_selection_mode: network_selection_mode: 0, ril_req_res: 0
01-25 20:17:56.449  1355  4228 D RILC    : qmi_ril(0/1355): [cmd-21(664)] qmi_ril_android_pending_unsol_resp_lock: [DEADLOCK-DEBUG] qmi_ril_android_pending_unsol_resp_lock - Before Count  : 0
01-25 20:17:56.449  1355  4228 I RILC    : qmi_ril(0/1355): [cmd-21(664)] qmi_ril_unsuppress_android_unsol_resp: unsuppressing android_unsol_resp 1002
01-25 20:17:56.449  1355  4230 D RILC    : qmi_ril(0/1355): [cmd-45(120)] qcril_send_request_response: UI <--- RIL_REQUEST_QUERY_NETWORK_SELECTION_MODE (45) Complete --- RIL [RID 0, Token id 77, Success, Len 4 ]
01-25 20:17:56.449  1355  4229 I RILC    : qmi_ril(0/1355): [cmd-20(8)] qmi_ril_fw_dedicated_request_exec_thread:  ..operational state 3
01-25 20:17:56.449  1355  4229 I RILC    : qmi_ril(0/1355): [cmd-20(8)] qcril_qmi_nas_request_registration_state: .. is ICS 1
01-25 20:17:56.449  1355  4229 D RILC    : qmi_ril(0/1355): [cmd-20(8)] qmi_ril_android_pending_unsol_resp_lock: [DEADLOCK-DEBUG] qmi_ril_android_pending_unsol_resp_lock - Before Count  : 1
01-25 20:17:56.449  1355  4230 D RILC    : qmi_ril(0/1355): [cmd-45(120)] qmi_ril_fw_send_request_response_epilog: token under exec 77, completion token id 77
01-25 20:17:56.449  1355  4228 I RILC    : qmi_ril(0/1355): [cmd-21(664)] qmi_ril_unsuppress_android_unsol_resp: unsol_resp 1002 previous locker number 1
01-25 20:17:56.449  1355  4228 D RILC    : qmi_ril(0/1355): [cmd-21(664)] qmi_ril_android_pending_unsol_resp_unlock: [DEADLOCK-DEBUG] qmi_ril_android_pending_unsol_resp_unlock - Before Count  : 1
01-25 20:17:56.449  1355  4230 D RILC    : qmi_ril(0/1355): [cmd-45(120)] qmi_ril_fw_send_request_response_epilog: postage resp to token id 77, a-r-id 45 (intermed. 45)
01-25 20:17:56.449  1355  4228 D RILC    : qmi_ril(0/1355): [cmd-21(664)] qmi_ril_android_pending_unsol_resp_lock: [DEADLOCK-DEBUG] qmi_ril_android_pending_unsol_resp_lock - Before Count  : 0
01-25 20:17:56.449  1355  4230 D RILC    : RIL onRequestComplete: Command channel closed
01-25 20:17:56.449  1355  4228 I RILC    : qmi_ril(0/1355): [cmd-21(664)] qmi_ril_unsuppress_android_unsol_resp: unsuppressing android_unsol_resp 1035
01-25 20:17:56.449  1355  4228 I RILC    : qmi_ril(0/1355): [cmd-21(664)] qmi_ril_unsuppress_android_unsol_resp: unsol_resp 1035 previous locker number 1
01-25 20:17:56.449  1355  4228 D RILC    : qmi_ril(0/1355): [cmd-21(664)] qmi_ril_android_pending_unsol_resp_unlock: [DEADLOCK-DEBUG] qmi_ril_android_pending_unsol_resp_unlock - Before Count  : 1
01-25 20:17:56.449  1355  4230 D RILC    : qmi_ril(0/1355): [cmd-45(120)] qmi_ril_fw_destroy_android_live_params_copy: a-r-id 45, appron 3
01-25 20:17:56.449  1355  4229 I RILC    : qmi_ril(0/1355): [cmd-20(8)] qmi_ril_suppress_android_unsol_resp: suppressing android_unsol_resp 1002
01-25 20:17:56.449  1355  4229 D RILC    : qmi_ril(0/1355): [cmd-20(8)] qmi_ril_android_pending_unsol_resp_unlock: [DEADLOCK-DEBUG] qmi_ril_android_pending_unsol_resp_unlock - Before Count  : 1
01-25 20:17:56.449  1355  4230 I RILC    : qmi_ril(0/1355): [cmd-45(120)] qmi_ril_fw_dedicated_request_exec_thread:  ..exec res 0
01-25 20:17:56.449  1355  4228 D RILC    : qmi_ril(0/1355): [cmd-21(664)] qmi_ril_fw_destroy_android_live_params_copy: a-r-id 21, appron 3
01-25 20:17:56.449  1355  4229 D RILC    : qmi_ril(0/1355): [cmd-20(8)] qmi_ril_android_pending_unsol_resp_lock: [DEADLOCK-DEBUG] qmi_ril_android_pending_unsol_resp_lock - Before Count  : 0
01-25 20:17:56.449  1355  4229 I RILC    : qmi_ril(0/1355): [cmd-20(8)] qmi_ril_suppress_android_unsol_resp: suppressing android_unsol_resp 1035
01-25 20:17:56.449  1355  4229 D RILC    : qmi_ril(0/1355): [cmd-20(8)] qmi_ril_android_pending_unsol_resp_unlock: [DEADLOCK-DEBUG] qmi_ril_android_pending_unsol_resp_unlock - Before Count  : 1
01-25 20:17:56.449  1355  4229 I RILC    : qmi_ril(0/1355): [cmd-20(8)] qcril_qmi_nas_request_registration_state: .. request need 0, vrte 3, irte 0
01-25 20:17:56.449  1355  4229 I RILC    : qmi_ril(0/1355): [cmd-20(8)] qcril_qmi_nas_request_registration_state:  ... so far ss, vrte 3, 3
01-25 20:17:56.449  1355  4229 I RILC    : qmi_ril(0/1355): [cmd-20(8)] qcril_qmi_nas_request_registration_state:  ... so far in_service 1
01-25 20:17:56.449  1355  4229 I RILC    : qmi_ril(0/1355): [cmd-20(8)] qcril_qmi_nas_request_registration_state: ccs_supported 0
01-25 20:17:56.449  1355  4229 I RILC    : qmi_ril(0/1355): [cmd-20(8)] qcril_qmi_nas_request_registration_state: simul_voice_and_data_capability valid 0, value 0
01-25 20:17:56.449  1355  4229 I RILC    : qmi_ril(0/1355): [cmd-20(8)] qcril_qmi_nas_request_registration_state: reported data technology 3
01-25 20:17:56.449  1355  4229 I RILC    : qmi_ril(0/1355): [cmd-20(8)] qcril_qmi_nas_request_registration_state: .. in transfer reg reject 0
01-25 20:17:56.449  1355  4229 D RILC    : qmi_ril(0/1355): [cmd-20(8)] qcril_send_request_response: UI <--- RIL_REQUEST_REGISTRATION_STATE (20) Complete --- RIL [RID 0, Token id 76, Success, Len 60 ]
01-25 20:17:56.449  1355  4229 D RILC    : qmi_ril(0/1355): [cmd-20(8)] qmi_ril_fw_send_request_response_epilog: token under exec 76, completion token id 76
01-25 20:17:56.449  1355  4229 D RILC    : qmi_ril(0/1355): [cmd-20(8)] qmi_ril_fw_send_request_response_epilog: postage resp to token id 76, a-r-id 20 (intermed. 20)
01-25 20:17:56.449  1355  4229 D RILC    : RIL onRequestComplete: Command channel closed
01-25 20:17:56.449  1355  4229 D RILC    : qmi_ril(0/1355): [cmd-20(8)] qmi_ril_android_pending_unsol_resp_lock: [DEADLOCK-DEBUG] qmi_ril_android_pending_unsol_resp_lock - Before Count  : 0
01-25 20:17:56.449  1355  4229 I RILC    : qmi_ril(0/1355): [cmd-20(8)] qmi_ril_unsuppress_android_unsol_resp: unsuppressing android_unsol_resp 1002
01-25 20:17:56.449  1355  4229 I RILC    : qmi_ril(0/1355): [cmd-20(8)] qmi_ril_unsuppress_android_unsol_resp: unsol_resp 1002 previous locker number 1
