01-06 20:15:49.036   241   374 D RILC    : qmi_ril(0/241): [event] qcril_event_main: RID 0 MID 0 De-queued event QCRIL_EVT_QMI_NAS_SIG_STRENGTH_UPDATE (655370)(obj 0x420a7478)
01-06 20:15:49.036   241   374 D RILC    : qmi_ril(0/241): [event] qcril_process_event: RIL <--- QCRIL_EVT_QMI_NAS_SIG_STRENGTH_UPDATE(655370), RID 0, MID 0 --- AMSS
01-06 20:15:49.036   241   374 I RILC    : qmi_ril(0/241): [event] qcril_qmi_nas_fetch_signal_strength_observations: validity sign info GSM 0, WCDMA 0, TDSCDMA 0, 1x 0, HRPD 0, LTE 0
01-06 20:15:49.036   241   374 I RILC    : qmi_ril(0/241): [event] qcril_qmi_nas_fetch_signal_strength_observations: validity err rate GSM 0, WCDMA 1, TDSCDMA 0
01-06 20:15:49.036   241   374 I RILC    : qmi_ril(0/241): [event] qcril_qmi_nas_fetch_signal_strength_observations: ..qmi_request_need_sig_info-1, qmi_request_need_err_rate-0
01-06 20:15:49.036   585   585 D RIL-QMI : qmuxd: RX 47 bytes on fd=22 from qmux_client_id=2
01-06 20:15:49.036   585   585 E RIL-RAWDATA: service_ID = 3, message_ID = 4f 
01-06 20:15:49.036   585   585 E RIL-RAWDATA: 01 0C 00 00 03 01 00 3B 01 4F 00 ..
01-06 20:15:49.036   585   585 E RIL-QMI : [SMDPORT] >> BEFORE, Write SMD Port [fd = 10] [msg_len = 13]
01-06 20:15:49.036   585   585 E RIL-QMI : [SMDPORT] << AFTER, Write SMD Port [rc = 0]
01-06 20:15:49.036   585   684 E RIL-RAWDATA: service_ID = 3, message_ID = 4f 
01-06 20:15:49.036   585   684 E RIL-RAWDATA: 01 1E 00 80 03 01 02 3B 01 4F 00 ..
01-06 20:15:49.036   585   684 D RIL-QMI : qmuxd: TX message on fd=22, to clientID = 2, len=65
01-06 20:15:49.036   241   374 I RILC    : qmi_ril(0/241): [event] qcril_qmi_util_convert_qmi_response_codes_to_ril_result_ex: ctx check 0
01-06 20:15:49.036   241   374 I RILC    : qmi_ril(0/241): [event] qcril_qmi_nas_fetch_signal_strength_observations: ..sign info fetch res 0, 0, 0
01-06 20:15:49.036   241   374 I RILC    : qmi_ril(0/241): [event] qcril_qmi_nas_propagate_known_signal_strength_ind: .. subfetch sig strength info 0
01-06 20:15:49.036   241   374 I RILC    : qmi_ril(0/241): [event] qcril_qmi_nas_propagate_known_signal_strength_ind: .. conf res 0
01-06 20:15:49.036   241   374 D RILC    : qmi_ril(0/241): [event] qcril_send_unsol_response: [DEADLOCK-DEBUG] >> get the peding LOCK - qcril_send_unsol_response 
01-06 20:15:49.036   241   374 D RILC    : qmi_ril(0/241): [event] qmi_ril_android_pending_unsol_resp_lock: [DEADLOCK-DEBUG] qmi_ril_android_pending_unsol_resp_lock - Before Count  : 0
01-06 20:15:49.036   241   374 D RILC    : qmi_ril(0/241): [event] qcril_send_unsol_response_epilog: UI <--- RIL_UNSOL_SIGNAL_STRENGTH (1009) --- RIL [RID 0, Len 52, (null)]
01-06 20:15:49.036   241   374 D RILC    : qmi_ril(0/241): [event] qcril_send_unsol_response: [DEADLOCK-DEBUG] << get the peding UNLOCK - qcril_send_unsol_response 
01-06 20:15:49.036   241   374 D RILC    : qmi_ril(0/241): [event] qmi_ril_android_pending_unsol_resp_unlock: [DEADLOCK-DEBUG] qmi_ril_android_pending_unsol_resp_unlock - Before Count  : 1
01-06 20:15:49.036   241   374 I RILC    : qmi_ril(0/241): [event] qcril_process_event: Exit QCRIL_EVT_QMI_NAS_SIG_STRENGTH_UPDATE, err_no 0
01-06 20:15:49.036   241   374 D RILC    : qmi_ril(0/241): [event] qcril_event_main: Waiting...
01-06 20:15:49.036   975  1039 D RILJ    : responseSignalStength BEFORE: mode=raw gsmDbm=1041 gsmEcio=0 lteSignalStrength=99 lteRsrp=2147483647 lteRsrq=2147483647 lteRssnr=2147483647 lteCqi=2147483647
01-06 20:15:49.036   975  1039 D RILJ    : responseSignalStength AFTER: mode=raw gsmDbm=17 gsmEcio=-1 lteSignalStrength=-1 lteRsrp=-1 lteRsrq=-1 lteRssnr=-1 lteCqi=-1
01-06 20:16:06.045   585   684 E RIL-RAWDATA: service_ID = 3, message_ID = 51 
01-06 20:16:06.045   585   684 E RIL-RAWDATA: 01 12 00 80 03 01 04 00 00 51 00 ..
01-06 20:16:06.045   585   684 D RIL-QMI : qmuxd: TX message on fd=22, to clientID = 2, len=53
01-06 20:16:06.045   241   735 I RILC    : qmi_ril(0/241): [qmi_cb] qcril_qmi_nas_unsolicited_indication_cb: invoked msg 0x51
01-06 20:16:06.045   241   735 I RILC    : qmi_ril(0/241): [qmi_cb] qcril_qmi_nas_is_considered_registered: .. cache valid 1
01-06 20:16:06.045   241   735 I RILC    : qmi_ril(0/241): [qmi_cb] qcril_qmi_nas_is_considered_registered: .. cache valid 1
01-06 20:16:06.045   241   735 D RILC    : qmi_ril(0/241): [qmi_cb] qcril_event_queue: Event [QCRIL_EVT_QMI_NAS_SIG_STRENGTH_UPDATE, a000a] data was NULL
01-06 20:16:06.045   241   735 D RILC    : qmi_ril(0/241): [qmi_cb] qcril_event_queue: RID 0 MID 0 Queued event QCRIL_EVT_QMI_NAS_SIG_STRENGTH_UPDATE (0 bytes)(obj 0x420a7478)
01-06 20:16:06.045   241   735 I RILC    : qmi_ril(0/241): [qmi_cb] qcril_qmi_nas_unsolicited_indication_cb: .. operational state 3
01-06 20:16:06.045   241   374 D RILC    : qmi_ril(0/241): [event] qcril_event_main: 1 items on queue
01-06 20:16:06.045   241   374 D RILC    : qmi_ril(0/241): [event] qcril_event_main: RID 0 MID 0 De-queued event QCRIL_EVT_QMI_NAS_SIG_STRENGTH_UPDATE (655370)(obj 0x420a7478)
01-06 20:16:06.045   241   374 D RILC    : qmi_ril(0/241): [event] qcril_process_event: RIL <--- QCRIL_EVT_QMI_NAS_SIG_STRENGTH_UPDATE(655370), RID 0, MID 0 --- AMSS
01-06 20:16:06.045   241   374 I RILC    : qmi_ril(0/241): [event] qcril_qmi_nas_fetch_signal_strength_observations: validity sign info GSM 0, WCDMA 0, TDSCDMA 0, 1x 0, HRPD 0, LTE 0
01-06 20:16:06.045   241   374 I RILC    : qmi_ril(0/241): [event] qcril_qmi_nas_fetch_signal_strength_observations: validity err rate GSM 0, WCDMA 1, TDSCDMA 0
01-06 20:16:06.045   241   374 I RILC    : qmi_ril(0/241): [event] qcril_qmi_nas_fetch_signal_strength_observations: ..qmi_request_need_sig_info-1, qmi_request_need_err_rate-0
01-06 20:16:06.045   585   585 D RIL-QMI : qmuxd: RX 47 bytes on fd=22 from qmux_client_id=2
01-06 20:16:06.045   585   585 E RIL-RAWDATA: service_ID = 3, message_ID = 4f 
01-06 20:16:06.045   585   585 E RIL-RAWDATA: 01 0C 00 00 03 01 00 3C 01 4F 00 ..
01-06 20:16:06.045   585   585 E RIL-QMI : [SMDPORT] >> BEFORE, Write SMD Port [fd = 10] [msg_len = 13]
01-06 20:16:06.045   585   585 E RIL-QMI : [SMDPORT] << AFTER, Write SMD Port [rc = 0]
01-06 20:16:06.045   585   684 E RIL-RAWDATA: service_ID = 3, message_ID = 4f 
01-06 20:16:06.045   585   684 E RIL-RAWDATA: 01 1E 00 80 03 01 02 3C 01 4F 00 ..
01-06 20:16:06.045   585   684 D RIL-QMI : qmuxd: TX message on fd=22, to clientID = 2, len=65
01-06 20:16:06.045   241   374 I RILC    : qmi_ril(0/241): [event] qcril_qmi_util_convert_qmi_response_codes_to_ril_result_ex: ctx check 0
01-06 20:16:06.045   241   374 I RILC    : qmi_ril(0/241): [event] qcril_qmi_nas_fetch_signal_strength_observations: ..sign info fetch res 0, 0, 0
01-06 20:16:06.045   241   374 I RILC    : qmi_ril(0/241): [event] qcril_qmi_nas_propagate_known_signal_strength_ind: .. subfetch sig strength info 0
01-06 20:16:06.045   241   374 I RILC    : qmi_ril(0/241): [event] qcril_qmi_nas_propagate_known_signal_strength_ind: .. conf res 0
01-06 20:16:06.045   241   374 D RILC    : qmi_ril(0/241): [event] qcril_send_unsol_response: [DEADLOCK-DEBUG] >> get the peding LOCK - qcril_send_unsol_response 
01-06 20:16:06.045   241   374 D RILC    : qmi_ril(0/241): [event] qmi_ril_android_pending_unsol_resp_lock: [DEADLOCK-DEBUG] qmi_ril_android_pending_unsol_resp_lock - Before Count  : 0
01-06 20:16:06.045   241   374 D RILC    : qmi_ril(0/241): [event] qcril_send_unsol_response_epilog: UI <--- RIL_UNSOL_SIGNAL_STRENGTH (1009) --- RIL [RID 0, Len 52, (null)]
01-06 20:16:06.045   241   374 D RILC    : qmi_ril(0/241): [event] qcril_send_unsol_response: [DEADLOCK-DEBUG] << get the peding UNLOCK - qcril_send_unsol_response 
01-06 20:16:06.045   241   374 D RILC    : qmi_ril(0/241): [event] qmi_ril_android_pending_unsol_resp_unlock: [DEADLOCK-DEBUG] qmi_ril_android_pending_unsol_resp_unlock - Before Count  : 1
01-06 20:16:06.045   241   374 I RILC    : qmi_ril(0/241): [event] qcril_process_event: Exit QCRIL_EVT_QMI_NAS_SIG_STRENGTH_UPDATE, err_no 0
01-06 20:16:06.045   241   374 D RILC    : qmi_ril(0/241): [event] qcril_event_main: Waiting...
01-06 20:16:06.045   975  1039 D RILJ    : responseSignalStength BEFORE: mode=raw gsmDbm=1297 gsmEcio=0 lteSignalStrength=99 lteRsrp=2147483647 lteRsrq=2147483647 lteRssnr=2147483647 lteCqi=2147483647
01-06 20:16:06.045   975  1039 D RILJ    : responseSignalStength AFTER: mode=raw gsmDbm=17 gsmEcio=-1 lteSignalStrength=-1 lteRsrp=-1 lteRsrq=-1 lteRssnr=-1 lteCqi=-1
01-06 20:16:10.039   585   684 E RIL-RAWDATA: service_ID = 3, message_ID = 51 
01-06 20:16:10.039   585   684 E RIL-RAWDATA: 01 12 00 80 03 01 04 00 00 51 00 ..
01-06 20:16:10.039   585   684 D RIL-QMI : qmuxd: TX message on fd=22, to clientID = 2, len=53
01-06 20:16:10.039   241   735 I RILC    : qmi_ril(0/241): [qmi_cb] qcril_qmi_nas_unsolicited_indication_cb: invoked msg 0x51
01-06 20:16:10.039   241   735 I RILC    : qmi_ril(0/241): [qmi_cb] qcril_qmi_nas_is_considered_registered: .. cache valid 1
01-06 20:16:10.039   241   735 I RILC    : qmi_ril(0/241): [qmi_cb] qcril_qmi_nas_is_considered_registered: .. cache valid 1
01-06 20:16:10.039   241   735 D RILC    : qmi_ril(0/241): [qmi_cb] qcril_event_queue: Event [QCRIL_EVT_QMI_NAS_SIG_STRENGTH_UPDATE, a000a] data was NULL
01-06 20:16:10.039   241   735 D RILC    : qmi_ril(0/241): [qmi_cb] qcril_event_queue: RID 0 MID 0 Queued event QCRIL_EVT_QMI_NAS_SIG_STRENGTH_UPDATE (0 bytes)(obj 0x420a7478)
01-06 20:16:10.039   241   735 I RILC    : qmi_ril(0/241): [qmi_cb] qcril_qmi_nas_unsolicited_indication_cb: .. operational state 3
01-06 20:16:10.039   241   374 D RILC    : qmi_ril(0/241): [event] qcril_event_main: 1 items on queue
01-06 20:16:10.039   241   374 D RILC    : qmi_ril(0/241): [event] qcril_event_main: RID 0 MID 0 De-queued event QCRIL_EVT_QMI_NAS_SIG_STRENGTH_UPDATE (655370)(obj 0x420a7478)
01-06 20:16:10.039   241   374 D RILC    : qmi_ril(0/241): [event] qcril_process_event: RIL <--- QCRIL_EVT_QMI_NAS_SIG_STRENGTH_UPDATE(655370), RID 0, MID 0 --- AMSS
01-06 20:16:10.039   241   374 I RILC    : qmi_ril(0/241): [event] qcril_qmi_nas_fetch_signal_strength_observations: validity sign info GSM 0, WCDMA 0, TDSCDMA 0, 1x 0, HRPD 0, LTE 0
01-06 20:16:10.039   241   374 I RILC    : qmi_ril(0/241): [event] qcril_qmi_nas_fetch_signal_strength_observations: validity err rate GSM 0, WCDMA 1, TDSCDMA 0
01-06 20:16:10.039   241   374 I RILC    : qmi_ril(0/241): [event] qcril_qmi_nas_fetch_signal_strength_observations: ..qmi_request_need_sig_info-1, qmi_request_need_err_rate-0
01-06 20:16:10.039   585   585 D RIL-QMI : qmuxd: RX 47 bytes on fd=22 from qmux_client_id=2
01-06 20:16:10.039   585   585 E RIL-RAWDATA: service_ID = 3, message_ID = 4f 
01-06 20:16:10.039   585   585 E RIL-RAWDATA: 01 0C 00 00 03 01 00 3D 01 4F 00 ..
01-06 20:16:10.039   585   585 E RIL-QMI : [SMDPORT] >> BEFORE, Write SMD Port [fd = 10] [msg_len = 13]
01-06 20:16:10.039   585   585 E RIL-QMI : [SMDPORT] << AFTER, Write SMD Port [rc = 0]
01-06 20:16:10.039   585   684 E RIL-RAWDATA: service_ID = 3, message_ID = 4f 
01-06 20:16:10.039   585   684 E RIL-RAWDATA: 01 1E 00 80 03 01 02 3D 01 4F 00 ..
01-06 20:16:10.039   585   684 D RIL-QMI : qmuxd: TX message on fd=22, to clientID = 2, len=65
01-06 20:16:10.039   241   374 I RILC    : qmi_ril(0/241): [event] qcril_qmi_util_convert_qmi_response_codes_to_ril_result_ex: ctx check 0
01-06 20:16:10.039   241   374 I RILC    : qmi_ril(0/241): [event] qcril_qmi_nas_fetch_signal_strength_observations: ..sign info fetch res 0, 0, 0
01-06 20:16:10.039   241   374 I RILC    : qmi_ril(0/241): [event] qcril_qmi_nas_propagate_known_signal_strength_ind: .. subfetch sig strength info 0
01-06 20:16:10.039   241   374 I RILC    : qmi_ril(0/241): [event] qcril_qmi_nas_propagate_known_signal_strength_ind: .. conf res 0
01-06 20:16:10.039   241   374 D RILC    : qmi_ril(0/241): [event] qcril_send_unsol_response: [DEADLOCK-DEBUG] >> get the peding LOCK - qcril_send_unsol_response 
01-06 20:16:10.039   241   374 D RILC    : qmi_ril(0/241): [event] qmi_ril_android_pending_unsol_resp_lock: [DEADLOCK-DEBUG] qmi_ril_android_pending_unsol_resp_lock - Before Count  : 0
01-06 20:16:10.039   241   374 D RILC    : qmi_ril(0/241): [event] qcril_send_unsol_response_epilog: UI <--- RIL_UNSOL_SIGNAL_STRENGTH (1009) --- RIL [RID 0, Len 52, (null)]
01-06 20:16:10.039   241   374 D RILC    : qmi_ril(0/241): [event] qcril_send_unsol_response: [DEADLOCK-DEBUG] << get the peding UNLOCK - qcril_send_unsol_response 
01-06 20:16:10.039   241   374 D RILC    : qmi_ril(0/241): [event] qmi_ril_android_pending_unsol_resp_unlock: [DEADLOCK-DEBUG] qmi_ril_android_pending_unsol_resp_unlock - Before Count  : 1
01-06 20:16:10.039   241   374 I RILC    : qmi_ril(0/241): [event] qcril_process_event: Exit QCRIL_EVT_QMI_NAS_SIG_STRENGTH_UPDATE, err_no 0
01-06 20:16:10.039   241   374 D RILC    : qmi_ril(0/241): [event] qcril_event_main: Waiting...
01-06 20:16:10.039   975  1039 D RILJ    : responseSignalStength BEFORE: mode=raw gsmDbm=1299 gsmEcio=0 lteSignalStrength=99 lteRsrp=2147483647 lteRsrq=2147483647 lteRssnr=2147483647 lteCqi=2147483647
01-06 20:16:10.039   975  1039 D RILJ    : responseSignalStength AFTER: mode=raw gsmDbm=19 gsmEcio=-1 lteSignalStrength=-1 lteRsrp=-1 lteRsrq=-1 lteRssnr=-1 lteCqi=-1
01-06 20:16:21.151   585   684 E RIL-RAWDATA: service_ID = 3, message_ID = 51 
01-06 20:16:21.151   585   684 E RIL-RAWDATA: 01 12 00 80 03 01 04 00 00 51 00 ..
01-06 20:16:21.151   585   684 D RIL-QMI : qmuxd: TX message on fd=22, to clientID = 2, len=53
01-06 20:16:21.151   241   735 I RILC    : qmi_ril(0/241): [qmi_cb] qcril_qmi_nas_unsolicited_indication_cb: invoked msg 0x51
01-06 20:16:21.151   241   735 I RILC    : qmi_ril(0/241): [qmi_cb] qcril_qmi_nas_is_considered_registered: .. cache valid 1
01-06 20:16:21.151   241   735 I RILC    : qmi_ril(0/241): [qmi_cb] qcril_qmi_nas_is_considered_registered: .. cache valid 1
01-06 20:16:21.151   241   735 D RILC    : qmi_ril(0/241): [qmi_cb] qcril_event_queue: Event [QCRIL_EVT_QMI_NAS_SIG_STRENGTH_UPDATE, a000a] data was NULL
01-06 20:16:21.151   241   735 D RILC    : qmi_ril(0/241): [qmi_cb] qcril_event_queue: RID 0 MID 0 Queued event QCRIL_EVT_QMI_NAS_SIG_STRENGTH_UPDATE (0 bytes)(obj 0x420a7478)
01-06 20:16:21.151   241   735 I RILC    : qmi_ril(0/241): [qmi_cb] qcril_qmi_nas_unsolicited_indication_cb: .. operational state 3
01-06 20:16:21.151   241   374 D RILC    : qmi_ril(0/241): [event] qcril_event_main: 1 items on queue
01-06 20:16:21.151   241   374 D RILC    : qmi_ril(0/241): [event] qcril_event_main: RID 0 MID 0 De-queued event QCRIL_EVT_QMI_NAS_SIG_STRENGTH_UPDATE (655370)(obj 0x420a7478)
01-06 20:16:21.151   241   374 D RILC    : qmi_ril(0/241): [event] qcril_process_event: RIL <--- QCRIL_EVT_QMI_NAS_SIG_STRENGTH_UPDATE(655370), RID 0, MID 0 --- AMSS
01-06 20:16:21.151   241   374 I RILC    : qmi_ril(0/241): [event] qcril_qmi_nas_fetch_signal_strength_observations: validity sign info GSM 0, WCDMA 0, TDSCDMA 0, 1x 0, HRPD 0, LTE 0
01-06 20:16:21.151   241   374 I RILC    : qmi_ril(0/241): [event] qcril_qmi_nas_fetch_signal_strength_observations: validity err rate GSM 0, WCDMA 1, TDSCDMA 0
01-06 20:16:21.151   241   374 I RILC    : qmi_ril(0/241): [event] qcril_qmi_nas_fetch_signal_strength_observations: ..qmi_request_need_sig_info-1, qmi_request_need_err_rate-0
01-06 20:16:21.151   585   585 D RIL-QMI : qmuxd: RX 47 bytes on fd=22 from qmux_client_id=2
01-06 20:16:21.151   585   585 E RIL-RAWDATA: service_ID = 3, message_ID = 4f 
01-06 20:16:21.151   585   585 E RIL-RAWDATA: 01 0C 00 00 03 01 00 3E 01 4F 00 ..
01-06 20:16:21.151   585   585 E RIL-QMI : [SMDPORT] >> BEFORE, Write SMD Port [fd = 10] [msg_len = 13]
01-06 20:16:21.151   585   585 E RIL-QMI : [SMDPORT] << AFTER, Write SMD Port [rc = 0]
01-06 20:16:21.151   585   684 E RIL-RAWDATA: service_ID = 3, message_ID = 4f 
01-06 20:16:21.151   585   684 E RIL-RAWDATA: 01 1E 00 80 03 01 02 3E 01 4F 00 ..
01-06 20:16:21.151   585   684 D RIL-QMI : qmuxd: TX message on fd=22, to clientID = 2, len=65
01-06 20:16:21.151   241   374 I RILC    : qmi_ril(0/241): [event] qcril_qmi_util_convert_qmi_response_codes_to_ril_result_ex: ctx check 0
01-06 20:16:21.151   241   374 I RILC    : qmi_ril(0/241): [event] qcril_qmi_nas_fetch_signal_strength_observations: ..sign info fetch res 0, 0, 0
01-06 20:16:21.151   241   374 I RILC    : qmi_ril(0/241): [event] qcril_qmi_nas_propagate_known_signal_strength_ind: .. subfetch sig strength info 0
01-06 20:16:21.151   241   374 I RILC    : qmi_ril(0/241): [event] qcril_qmi_nas_propagate_known_signal_strength_ind: .. conf res 0
01-06 20:16:21.151   241   374 D RILC    : qmi_ril(0/241): [event] qcril_send_unsol_response: [DEADLOCK-DEBUG] >> get the peding LOCK - qcril_send_unsol_response 
01-06 20:16:21.151   241   374 D RILC    : qmi_ril(0/241): [event] qmi_ril_android_pending_unsol_resp_lock: [DEADLOCK-DEBUG] qmi_ril_android_pending_unsol_resp_lock - Before Count  : 0
01-06 20:16:21.151   241   374 D RILC    : qmi_ril(0/241): [event] qcril_send_unsol_response_epilog: UI <--- RIL_UNSOL_SIGNAL_STRENGTH (1009) --- RIL [RID 0, Len 52, (null)]
01-06 20:16:21.151   241   374 D RILC    : qmi_ril(0/241): [event] qcril_send_unsol_response: [DEADLOCK-DEBUG] << get the peding UNLOCK - qcril_send_unsol_response 
01-06 20:16:21.151   241   374 D RILC    : qmi_ril(0/241): [event] qmi_ril_android_pending_unsol_resp_unlock: [DEADLOCK-DEBUG] qmi_ril_android_pending_unsol_resp_unlock - Before Count  : 1
01-06 20:16:21.151   241   374 I RILC    : qmi_ril(0/241): [event] qcril_process_event: Exit QCRIL_EVT_QMI_NAS_SIG_STRENGTH_UPDATE, err_no 0
01-06 20:16:21.151   241   374 D RILC    : qmi_ril(0/241): [event] qcril_event_main: Waiting...
01-06 20:16:21.151   975  1039 D RILJ    : responseSignalStength BEFORE: mode=raw gsmDbm=1302 gsmEcio=0 lteSignalStrength=99 lteRsrp=2147483647 lteRsrq=2147483647 lteRssnr=2147483647 lteCqi=2147483647
01-06 20:16:21.151   975  1039 D RILJ    : responseSignalStength AFTER: mode=raw gsmDbm=22 gsmEcio=-1 lteSignalStrength=-1 lteRsrp=-1 lteRsrq=-1 lteRssnr=-1 lteCqi=-1
