01-06 20:15:56.815 17181 17208 D ROBOT_UTIL_ALF: -->com.facebook.feed.ui.footer.DefaultFeedbackView,[360.0,1123.5],2131362825,feed_story_default_feedback_bar,
01-06 20:15:56.815 17181 17208 D ROBOT_UTIL_ALF: -->android.widget.ImageView,[82.0,343.0],2131363941,url_image_image,
01-06 20:15:56.815 17181 17208 W ResourceType: No known package when getting name for resource number 0xffffffff
01-06 20:15:56.815 17181 17208 D ROBOT_UTIL_ALF: -->android.widget.LinearLayout,[360.0,759.0],-1,
01-06 20:15:56.815 17181 17208 W ResourceType: No known package when getting name for resource number 0xffffffff
01-06 20:15:56.815 17181 17208 D ROBOT_UTIL_ALF: -->android.view.View,[360.0,1091.0],2131362852,feed_bling_bar_spacing_view,
01-06 20:15:56.815 17181 17208 D ROBOT_UTIL_ALF: -->android.view.View,[360.0,1099.5],2131362733,feed_feedback_divider,
01-06 20:15:56.815 17181 17208 D ROBOT_UTIL_ALF: -->com.facebook.feed.ui.footer.FeedbackActionButtonBar,[360.0,1132.0],2131362682,feed_feedback_container,
01-06 20:15:56.815 17181 17208 D ROBOT_UTIL_ALF: -->com.facebook.feed.photos.NewsFeedPhotoGallery,[360.0,759.0],2131362770,feed_story_image_attachments,
01-06 20:15:56.815 17181 17208 D ROBOT_UTIL_ALF: -->com.facebook.feed.ui.footer.FeedbackCustomPressStateButton,[136.0,1132.0],2131362696,feed_feedback_like_container,
01-06 20:15:56.815 17181 17208 D ROBOT_UTIL_ALF: -->com.facebook.feed.ui.footer.FeedbackCustomPressStateButton,[360.0,1132.0],2131362698,feed_feedback_comment_container,
01-06 20:15:56.815 17181 17208 D ROBOT_UTIL_ALF: -->com.facebook.feed.ui.footer.FeedbackCustomPressStateButton,[584.0,1132.0],2131362699,feed_feedback_share_container,
01-06 20:15:56.815 17181 17208 D ROBOT_UTIL_ALF: -->android.widget.FrameLayout,[360.0,759.0],2131362760,feed_gallery_item_image_container,
01-06 20:15:56.815 17181 17208 D ROBOT_UTIL_ALF: -->android.widget.FrameLayout,[1000.0,759.0],2131362760,feed_gallery_item_image_container,
01-06 20:15:56.815 17181 17208 D ROBOT_UTIL_ALF: -->android.widget.ImageView,[108.5,1131.5],2131362694,feed_feedback_action_button_icon,
01-06 20:15:56.815 17181 17208 D ROBOT_UTIL_ALF: -->android.widget.TextView,[157.5,1132.0],2131362695,feed_feedback_action_button_text,Like,
01-06 20:15:56.815 17181 17208 D ROBOT_UTIL_ALF: -->android.widget.ImageView,[301.5,1131.5],2131362694,feed_feedback_action_button_icon,
01-06 20:15:56.825 17181 17208 D ROBOT_UTIL_ALF: -->android.widget.TextView,[379.0,1132.0],2131362695,feed_feedback_action_button_text,Comment,
01-06 20:15:56.825 17181 17208 D ROBOT_UTIL_ALF: -->android.widget.ImageView,[547.5,1132.0],2131362694,feed_feedback_action_button_icon,
01-06 20:15:56.825 17181 17208 D ROBOT_UTIL_ALF: -->android.widget.TextView,[606.5,1132.0],2131362695,feed_feedback_action_button_text,Share,
01-06 20:15:56.825 17181 17208 D ROBOT_UTIL_ALF: -->com.facebook.widget.images.UrlImage,[360.0,757.0],2131362761,feed_gallery_item_image,
01-06 20:15:56.825 17181 17208 D ROBOT_UTIL_ALF: -->com.facebook.widget.images.UrlImage,[1000.0,757.0],2131362761,feed_gallery_item_image,
01-06 20:15:56.825 17181 17208 D ROBOT_UTIL_ALF: -->com.facebook.widget.images.ImageViewTouchBase,[360.0,757.0],2131363941,url_image_image,
01-06 20:15:56.825 17181 17208 W ResourceType: No known package when getting name for resource number 0xffffffff
01-06 20:15:56.825 17181 17208 D ROBOT_UTIL_ALF: -->android.widget.FrameLayout,[360.0,757.0],-1,
01-06 20:15:56.825 17181 17208 W ResourceType: No known package when getting name for resource number 0xffffffff
01-06 20:15:56.825 17181 17208 D ROBOT_UTIL_ALF: -->com.facebook.widget.images.ImageViewTouchBase,[1000.0,757.0],2131363941,url_image_image,
01-06 20:15:56.825 17181 17208 W ResourceType: No known package when getting name for resource number 0xffffffff
01-06 20:15:56.825 17181 17208 D ROBOT_UTIL_ALF: -->android.widget.FrameLayout,[1000.0,757.0],-1,
01-06 20:15:56.825 17181 17208 W ResourceType: No known package when getting name for resource number 0xffffffff
01-06 20:15:56.825 17181 17208 D ROBOT_ALF: it contains: Alfred RobustNet added 2 new photos.
01-06 20:15:56.825 17181 17208 D ROBOT_ALF: title contains: Alfred RobustNet added 2 new photos.
01-06 20:15:56.825 17181 17208 D ROBOT_ALF: info contains: Just Now 
01-06 20:15:56.925 16677 16677 D AROCollectorTraceService: received battery level: 100
01-06 20:15:56.925 16677 16677 D AROCollectorTraceService: received battery temp: 32C
01-06 20:15:56.925 16677 16677 D AROCollectorTraceService: received power source true
01-06 20:15:56.925 16677 16677 D ARODataCollector: writeToFlurry()hashMapToWriteTo()-wrote flurry-hashmap: Battery-key: time-hashmap value: Mon Jan 06 20:15:56 EST 2014-existingState: NA
01-06 20:15:56.925 16677 16677 D ARODataCollector: writeToFlurry()hashMapToWriteTo()-wrote flurry-hashmap: Battery-key: status-hashmap value: level: 100% temp: 32C power source: true-existingState: level: 100% temp: 31C power source: true
01-06 20:15:56.925 16677 16677 D AROCollectorTraceService: writeToFlurryAndMaintainStateAndLogEvent()-flurry state updated to: level: 100% temp: 32C power source: true and logged now
01-06 20:15:57.275 16677 17084 W Settings: Setting airplane_mode_on has moved from android.provider.Settings.System to android.provider.Settings.Global, returning read-only value.
01-06 20:15:57.315   659  1237 E LocSvc_adapter: I/<--- void globalEventCb(locClientHandleType, uint32_t, locClientEventIndUnionType, void*) line 88 QMI_LOC_EVENT_NMEA_IND_V02
01-06 20:15:57.315   659  1187 E LocSvc_eng: I/<=== nmea_cb line 1683 0x7336f260
01-06 20:15:57.315   659  1237 E LocSvc_adapter: I/<--- void globalEventCb(locClientHandleType, uint32_t, locClientEventIndUnionType, void*) line 88 QMI_LOC_EVENT_NMEA_IND_V02
01-06 20:15:57.315   659  1187 E LocSvc_eng: I/<=== nmea_cb line 1683 0x735806b8
01-06 20:15:57.325   659  1237 E LocSvc_adapter: I/<--- void globalEventCb(locClientHandleType, uint32_t, locClientEventIndUnionType, void*) line 88 QMI_LOC_EVENT_NMEA_IND_V02
01-06 20:15:57.325   659  1187 E LocSvc_eng: I/<=== nmea_cb line 1683 0x735806b8
01-06 20:15:57.325   659  1237 E LocSvc_adapter: I/<--- void globalEventCb(locClientHandleType, uint32_t, locClientEventIndUnionType, void*) line 88 QMI_LOC_EVENT_NMEA_IND_V02
01-06 20:15:57.325   659  1187 E LocSvc_eng: I/<=== nmea_cb line 1683 0x7336f260
01-06 20:15:57.325   659  1237 E LocSvc_adapter: I/<--- void globalEventCb(locClientHandleType, uint32_t, locClientEventIndUnionType, void*) line 88 QMI_LOC_EVENT_GNSS_SV_INFO_IND_V02
01-06 20:15:57.325   659  1237 E LocSvc_adapter: I/num sv: 12    ephemeris mask: 40960    almanac mask: a000    used in fix mask: 0
01-06 20:15:57.325   659  1237 E LocSvc_adapter:       sv: prn         snr       elevation      azimuth
01-06 20:15:57.325   659  1237 E LocSvc_adapter: I/   0:   14    14.300000    20.000000    113.000000
01-06 20:15:57.325   659  1237 E LocSvc_adapter: I/<--- void globalEventCb(locClientHandleType, uint32_t, locClientEventIndUnionType, void*) line 88 QMI_LOC_EVENT_NMEA_IND_V02
01-06 20:15:57.325   659  1187 E LocSvc_eng: I/<=== nmea_cb line 1683 0x72456bf8
01-06 20:15:57.325   659  1237 E LocSvc_adapter: I/<--- void globalEventCb(locClientHandleType, uint32_t, locClientEventIndUnionType, void*) line 88 QMI_LOC_EVENT_NMEA_IND_V02
01-06 20:15:57.325   659  1187 E LocSvc_eng: I/<=== nmea_cb line 1683 0x72456bf8
01-06 20:15:57.325   659  1237 E LocSvc_adapter: I/<--- void globalEventCb(locClientHandleType, uint32_t, locClientEventIndUnionType, void*) line 88 QMI_LOC_EVENT_NMEA_IND_V02
01-06 20:15:57.325   659  1187 E LocSvc_eng: I/<=== nmea_cb line 1683 0x72456bf8
01-06 20:15:57.325   659  1237 E LocSvc_adapter: I/<--- void globalEventCb(locClientHandleType, uint32_t, locClientEventIndUnionType, void*) line 88 QMI_LOC_EVENT_NMEA_IND_V02
01-06 20:15:57.325   659  1187 E LocSvc_eng: I/<=== nmea_cb line 1683 0x72456bf8
01-06 20:15:57.325   659  1237 E LocSvc_adapter: I/<--- void globalEventCb(locClientHandleType, uint32_t, locClientEventIndUnionType, void*) line 88 QMI_LOC_EVENT_NMEA_IND_V02
01-06 20:15:57.325   659  1187 E LocSvc_eng: I/<=== nmea_cb line 1683 0x72456bf8
01-06 20:15:57.335   659  1237 E LocSvc_adapter: I/<--- void globalEventCb(locClientHandleType, uint32_t, locClientEventIndUnionType, void*) line 88 QMI_LOC_EVENT_NMEA_IND_V02
01-06 20:15:57.335   659  1187 E LocSvc_eng: I/<=== nmea_cb line 1683 0x72456bf8
01-06 20:15:57.335   659  1237 E LocSvc_adapter: I/<--- void globalEventCb(locClientHandleType, uint32_t, locClientEventIndUnionType, void*) line 88 QMI_LOC_EVENT_POSITION_REPORT_IND_V02
01-06 20:15:57.526   604   604 I rmt_storage: rmt_storage_rw_iovec_cb: /boot/modem_fs2: clnt_h=0x2: req_h=0xf msg_id=3: R/W request received
01-06 20:15:57.526   604   604 I rmt_storage: wakelock acquired: 1, error no: 110
01-06 20:15:57.526   604   656 I rmt_storage: rmt_storage_client_thread: /boot/modem_fs2: clnt_h=0x2 Unblock worker thread (th_id: 1091657448)
01-06 20:15:57.766   604   656 I rmt_storage: rmt_storage_client_thread: /boot/modem_fs2: clnt_h=0x2: req_h=0xf msg_id=3: Bytes written = 3145216
01-06 20:15:57.766   604   656 I rmt_storage: rmt_storage_client_thread: /boot/modem_fs2: clnt_h=0x2: req_h=0xf msg_id=3: Bytes written = 512
01-06 20:15:57.766   604   656 I rmt_storage: rmt_storage_client_thread: /boot/modem_fs2: clnt_h=0x2: req_h=0xf msg_id=3: Send response: res=0 err=0
01-06 20:15:57.766   604   656 I rmt_storage: rmt_storage_client_thread: /boot/modem_fs2: clnt_h=0x2 About to block rmt_storage client thread (th_id: 1091657448) wakelock released: 1, error no: 0
01-06 20:15:57.766   604   656 I rmt_storage: 
01-06 20:15:57.956 17141 17141 I TCPDUMP : Packets Captured ID =1739
01-06 20:15:58.056 17141 17141 I TCPDUMP : Packets Captured ID =1740
01-06 20:15:58.136  1288  1293 E MP-Decision: DOWN Ld:0 Ns:1.100000 Ts:190 rq:0.000000 seq:206.000000
01-06 20:15:58.156 17141 17141 I TCPDUMP : Packets Captured ID =1741
01-06 20:15:58.226 16677 16681 D dalvikvm: GC_CONCURRENT freed 381K, 27% free 3162K/4280K, paused 3ms+2ms, total 22ms
01-06 20:15:58.276 16677 17084 W Settings: Setting airplane_mode_on has moved from android.provider.Settings.System to android.provider.Settings.Global, returning read-only value.
01-06 20:15:58.326   659  1237 E LocSvc_adapter: I/<--- void globalEventCb(locClientHandleType, uint32_t, locClientEventIndUnionType, void*) line 88 QMI_LOC_EVENT_NMEA_IND_V02
01-06 20:15:58.326   659  1187 E LocSvc_eng: I/<=== nmea_cb line 1683 0x7336f260
01-06 20:15:58.326   659  1237 E LocSvc_adapter: I/<--- void globalEventCb(locClientHandleType, uint32_t, locClientEventIndUnionType, void*) line 88 QMI_LOC_EVENT_NMEA_IND_V02
01-06 20:15:58.326   659  1187 E LocSvc_eng: I/<=== nmea_cb line 1683 0x735806b8
01-06 20:15:58.326   659  1237 E LocSvc_adapter: I/<--- void globalEventCb(locClientHandleType, uint32_t, locClientEventIndUnionType, void*) line 88 QMI_LOC_EVENT_NMEA_IND_V02
01-06 20:15:58.326   659  1187 E LocSvc_eng: I/<=== nmea_cb line 1683 0x735806b8
01-06 20:15:58.326   659  1237 E LocSvc_adapter: I/<--- void globalEventCb(locClientHandleType, uint32_t, locClientEventIndUnionType, void*) line 88 QMI_LOC_EVENT_NMEA_IND_V02
01-06 20:15:58.326   659  1187 E LocSvc_eng: I/<=== nmea_cb line 1683 0x7336f260
01-06 20:15:58.326   659  1237 E LocSvc_adapter: I/<--- void globalEventCb(locClientHandleType, uint32_t, locClientEventIndUnionType, void*) line 88 QMI_LOC_EVENT_GNSS_SV_INFO_IND_V02
01-06 20:15:58.326   659  1237 E LocSvc_adapter: I/num sv: 12    ephemeris mask: 40960    almanac mask: a000    used in fix mask: 0
01-06 20:15:58.326   659  1237 E LocSvc_adapter:       sv: prn         snr       elevation      azimuth
01-06 20:15:58.326   659  1237 E LocSvc_adapter: I/   0:   14    14.300000    20.000000    113.000000
01-06 20:15:58.336   659  1237 E LocSvc_adapter: I/<--- void globalEventCb(locClientHandleType, uint32_t, locClientEventIndUnionType, void*) line 88 QMI_LOC_EVENT_NMEA_IND_V02
01-06 20:15:58.336   659  1187 E LocSvc_eng: I/<=== nmea_cb line 1683 0x72456bf8
01-06 20:15:58.346   659  1237 E LocSvc_adapter: I/<--- void globalEventCb(locClientHandleType, uint32_t, locClientEventIndUnionType, void*) line 88 QMI_LOC_EVENT_NMEA_IND_V02
01-06 20:15:58.346   659  1187 E LocSvc_eng: I/<=== nmea_cb line 1683 0x72456bf8
01-06 20:15:58.346   659  1237 E LocSvc_adapter: I/<--- void globalEventCb(locClientHandleType, uint32_t, locClientEventIndUnionType, void*) line 88 QMI_LOC_EVENT_NMEA_IND_V02
01-06 20:15:58.346   659  1187 E LocSvc_eng: I/<=== nmea_cb line 1683 0x72456bf8
01-06 20:15:58.346   659  1237 E LocSvc_adapter: I/<--- void globalEventCb(locClientHandleType, uint32_t, locClientEventIndUnionType, void*) line 88 QMI_LOC_EVENT_NMEA_IND_V02
01-06 20:15:58.356   659  1187 E LocSvc_eng: I/<=== nmea_cb line 1683 0x72456bf8
01-06 20:15:58.356   659  1237 E LocSvc_adapter: I/<--- void globalEventCb(locClientHandleType, uint32_t, locClientEventIndUnionType, void*) line 88 QMI_LOC_EVENT_NMEA_IND_V02
01-06 20:15:58.356   659  1187 E LocSvc_eng: I/<=== nmea_cb line 1683 0x72456bf8
01-06 20:15:58.356   659  1237 E LocSvc_adapter: I/<--- void globalEventCb(locClientHandleType, uint32_t, locClientEventIndUnionType, void*) line 88 QMI_LOC_EVENT_NMEA_IND_V02
01-06 20:15:58.356   659  1187 E LocSvc_eng: I/<=== nmea_cb line 1683 0x72456bf8
01-06 20:15:58.356   659  1237 E LocSvc_adapter: I/<--- void globalEventCb(locClientHandleType, uint32_t, locClientEventIndUnionType, void*) line 88 QMI_LOC_EVENT_POSITION_REPORT_IND_V02
01-06 20:15:59.267 16677 17084 W Settings: Setting airplane_mode_on has moved from android.provider.Settings.System to android.provider.Settings.Global, returning read-only value.
01-06 20:15:59.317   659  1237 E LocSvc_adapter: I/<--- void globalEventCb(locClientHandleType, uint32_t, locClientEventIndUnionType, void*) line 88 QMI_LOC_EVENT_NMEA_IND_V02
01-06 20:15:59.317   659  1187 E LocSvc_eng: I/<=== nmea_cb line 1683 0x7336f260
01-06 20:15:59.317   659  1237 E LocSvc_adapter: I/<--- void globalEventCb(locClientHandleType, uint32_t, locClientEventIndUnionType, void*) line 88 QMI_LOC_EVENT_NMEA_IND_V02
01-06 20:15:59.317   659  1187 E LocSvc_eng: I/<=== nmea_cb line 1683 0x735806b8
01-06 20:15:59.327   659  1237 E LocSvc_adapter: I/<--- void globalEventCb(locClientHandleType, uint32_t, locClientEventIndUnionType, void*) line 88 QMI_LOC_EVENT_NMEA_IND_V02
01-06 20:15:59.327   659  1187 E LocSvc_eng: I/<=== nmea_cb line 1683 0x735806b8
01-06 20:15:59.327   659  1237 E LocSvc_adapter: I/<--- void globalEventCb(locClientHandleType, uint32_t, locClientEventIndUnionType, void*) line 88 QMI_LOC_EVENT_NMEA_IND_V02
01-06 20:15:59.327   659  1187 E LocSvc_eng: I/<=== nmea_cb line 1683 0x7336f260
01-06 20:15:59.327   659  1237 E LocSvc_adapter: I/<--- void globalEventCb(locClientHandleType, uint32_t, locClientEventIndUnionType, void*) line 88 QMI_LOC_EVENT_GNSS_SV_INFO_IND_V02
01-06 20:15:59.327   659  1237 E LocSvc_adapter: I/num sv: 12    ephemeris mask: 40960    almanac mask: a000    used in fix mask: 0
01-06 20:15:59.327   659  1237 E LocSvc_adapter:       sv: prn         snr       elevation      azimuth
01-06 20:15:59.337   659  1237 E LocSvc_adapter: I/   0:   14    14.300000    20.000000    113.000000
01-06 20:15:59.337   659  1237 E LocSvc_adapter: I/   2:   70    14.200000    53.000000    182.000000
01-06 20:15:59.337   659  1237 E LocSvc_adapter: I/<--- void globalEventCb(locClientHandleType, uint32_t, locClientEventIndUnionType, void*) line 88 QMI_LOC_EVENT_NMEA_IND_V02
01-06 20:15:59.337   659  1187 E LocSvc_eng: I/<=== nmea_cb line 1683 0x72456bf8
01-06 20:15:59.337   659  1237 E LocSvc_adapter: I/<--- void globalEventCb(locClientHandleType, uint32_t, locClientEventIndUnionType, void*) line 88 QMI_LOC_EVENT_NMEA_IND_V02
01-06 20:15:59.347   659  1187 E LocSvc_eng: I/<=== nmea_cb line 1683 0x72456bf8
01-06 20:15:59.347   659  1237 E LocSvc_adapter: I/<--- void globalEventCb(locClientHandleType, uint32_t, locClientEventIndUnionType, void*) line 88 QMI_LOC_EVENT_NMEA_IND_V02
01-06 20:15:59.347   659  1187 E LocSvc_eng: I/<=== nmea_cb line 1683 0x72456bf8
01-06 20:15:59.347   659  1237 E LocSvc_adapter: I/<--- void globalEventCb(locClientHandleType, uint32_t, locClientEventIndUnionType, void*) line 88 QMI_LOC_EVENT_NMEA_IND_V02
01-06 20:15:59.347   659  1187 E LocSvc_eng: I/<=== nmea_cb line 1683 0x72456bf8
01-06 20:15:59.347   659  1237 E LocSvc_adapter: I/<--- void globalEventCb(locClientHandleType, uint32_t, locClientEventIndUnionType, void*) line 88 QMI_LOC_EVENT_NMEA_IND_V02
01-06 20:15:59.347   659  1187 E LocSvc_eng: I/<=== nmea_cb line 1683 0x72456bf8
01-06 20:15:59.347   659  1237 E LocSvc_adapter: I/<--- void globalEventCb(locClientHandleType, uint32_t, locClientEventIndUnionType, void*) line 88 QMI_LOC_EVENT_NMEA_IND_V02
01-06 20:15:59.358   659  1187 E LocSvc_eng: I/<=== nmea_cb line 1683 0x72456bf8
01-06 20:15:59.358   659  1237 E LocSvc_adapter: I/<--- void globalEventCb(locClientHandleType, uint32_t, locClientEventIndUnionType, void*) line 88 QMI_LOC_EVENT_POSITION_REPORT_IND_V02
01-06 20:15:59.788 17141 17141 I TCPDUMP : Packets Captured ID =1742
01-06 20:16:00.268 16677 17084 W Settings: Setting airplane_mode_on has moved from android.provider.Settings.System to android.provider.Settings.Global, returning read-only value.
01-06 20:16:00.319   659  1237 E LocSvc_adapter: I/<--- void globalEventCb(locClientHandleType, uint32_t, locClientEventIndUnionType, void*) line 88 QMI_LOC_EVENT_NMEA_IND_V02
01-06 20:16:00.319   659  1187 E LocSvc_eng: I/<=== nmea_cb line 1683 0x7336f260
01-06 20:16:00.329   659  1237 E LocSvc_adapter: I/<--- void globalEventCb(locClientHandleType, uint32_t, locClientEventIndUnionType, void*) line 88 QMI_LOC_EVENT_NMEA_IND_V02
01-06 20:16:00.329   659  1187 E LocSvc_eng: I/<=== nmea_cb line 1683 0x735806b8
01-06 20:16:00.329   659  1237 E LocSvc_adapter: I/<--- void globalEventCb(locClientHandleType, uint32_t, locClientEventIndUnionType, void*) line 88 QMI_LOC_EVENT_NMEA_IND_V02
01-06 20:16:00.329   659  1187 E LocSvc_eng: I/<=== nmea_cb line 1683 0x735806b8
01-06 20:16:00.339   659  1237 E LocSvc_adapter: I/<--- void globalEventCb(locClientHandleType, uint32_t, locClientEventIndUnionType, void*) line 88 QMI_LOC_EVENT_NMEA_IND_V02
01-06 20:16:00.339   659  1187 E LocSvc_eng: I/<=== nmea_cb line 1683 0x7336f260
01-06 20:16:00.339   659  1237 E LocSvc_adapter: I/<--- void globalEventCb(locClientHandleType, uint32_t, locClientEventIndUnionType, void*) line 88 QMI_LOC_EVENT_GNSS_SV_INFO_IND_V02
01-06 20:16:00.339   659  1237 E LocSvc_adapter: I/num sv: 12    ephemeris mask: 40960    almanac mask: a000    used in fix mask: 0
01-06 20:16:00.339   659  1237 E LocSvc_adapter:       sv: prn         snr       elevation      azimuth
01-06 20:16:00.339   659  1237 E LocSvc_adapter: I/   0:   14    14.300000    20.000000    113.000000
01-06 20:16:00.339   659  1237 E LocSvc_adapter: I/   2:   70    14.200000    53.000000    182.000000
01-06 20:16:00.349   659  1237 E LocSvc_adapter: I/<--- void globalEventCb(locClientHandleType, uint32_t, locClientEventIndUnionType, void*) line 88 QMI_LOC_EVENT_NMEA_IND_V02
01-06 20:16:00.349   659  1187 E LocSvc_eng: I/<=== nmea_cb line 1683 0x72456bf8
01-06 20:16:00.349   659  1237 E LocSvc_adapter: I/<--- void globalEventCb(locClientHandleType, uint32_t, locClientEventIndUnionType, void*) line 88 QMI_LOC_EVENT_NMEA_IND_V02
01-06 20:16:00.349   659  1187 E LocSvc_eng: I/<=== nmea_cb line 1683 0x72456bf8
01-06 20:16:00.349   659  1237 E LocSvc_adapter: I/<--- void globalEventCb(locClientHandleType, uint32_t, locClientEventIndUnionType, void*) line 88 QMI_LOC_EVENT_NMEA_IND_V02
01-06 20:16:00.349   659  1187 E LocSvc_eng: I/<=== nmea_cb line 1683 0x72456bf8
01-06 20:16:00.359   659  1237 E LocSvc_adapter: I/<--- void globalEventCb(locClientHandleType, uint32_t, locClientEventIndUnionType, void*) line 88 QMI_LOC_EVENT_NMEA_IND_V02
01-06 20:16:00.359   659  1187 E LocSvc_eng: I/<=== nmea_cb line 1683 0x72456bf8
01-06 20:16:00.359   659  1237 E LocSvc_adapter: I/<--- void globalEventCb(locClientHandleType, uint32_t, locClientEventIndUnionType, void*) line 88 QMI_LOC_EVENT_NMEA_IND_V02
01-06 20:16:00.359   659  1187 E LocSvc_eng: I/<=== nmea_cb line 1683 0x72456bf8
01-06 20:16:00.359   659  1237 E LocSvc_adapter: I/<--- void globalEventCb(locClientHandleType, uint32_t, locClientEventIndUnionType, void*) line 88 QMI_LOC_EVENT_NMEA_IND_V02
01-06 20:16:00.359   659  1187 E LocSvc_eng: I/<=== nmea_cb line 1683 0x72456bf8
01-06 20:16:00.359   659  1237 E LocSvc_adapter: I/<--- void globalEventCb(locClientHandleType, uint32_t, locClientEventIndUnionType, void*) line 88 QMI_LOC_EVENT_POSITION_REPORT_IND_V02
01-06 20:16:01.270 16677 17084 W Settings: Setting airplane_mode_on has moved from android.provider.Settings.System to android.provider.Settings.Global, returning read-only value.
01-06 20:16:01.320   659  1237 E LocSvc_adapter: I/<--- void globalEventCb(locClientHandleType, uint32_t, locClientEventIndUnionType, void*) line 88 QMI_LOC_EVENT_NMEA_IND_V02
01-06 20:16:01.320   659  1187 E LocSvc_eng: I/<=== nmea_cb line 1683 0x7336f260
01-06 20:16:01.330   659  1237 E LocSvc_adapter: I/<--- void globalEventCb(locClientHandleType, uint32_t, locClientEventIndUnionType, void*) line 88 QMI_LOC_EVENT_NMEA_IND_V02
01-06 20:16:01.330   659  1187 E LocSvc_eng: I/<=== nmea_cb line 1683 0x735806b8
01-06 20:16:01.330   659  1237 E LocSvc_adapter: I/<--- void globalEventCb(locClientHandleType, uint32_t, locClientEventIndUnionType, void*) line 88 QMI_LOC_EVENT_NMEA_IND_V02
01-06 20:16:01.330   659  1187 E LocSvc_eng: I/<=== nmea_cb line 1683 0x735806b8
01-06 20:16:01.340   659  1237 E LocSvc_adapter: I/<--- void globalEventCb(locClientHandleType, uint32_t, locClientEventIndUnionType, void*) line 88 QMI_LOC_EVENT_NMEA_IND_V02
01-06 20:16:01.340   659  1187 E LocSvc_eng: I/<=== nmea_cb line 1683 0x7336f260
01-06 20:16:01.340   659  1237 E LocSvc_adapter: I/<--- void globalEventCb(locClientHandleType, uint32_t, locClientEventIndUnionType, void*) line 88 QMI_LOC_EVENT_GNSS_SV_INFO_IND_V02
01-06 20:16:01.340   659  1237 E LocSvc_adapter: I/num sv: 12    ephemeris mask: 40960    almanac mask: a000    used in fix mask: 0
01-06 20:16:01.340   659  1237 E LocSvc_adapter:       sv: prn         snr       elevation      azimuth
01-06 20:16:01.340   659  1237 E LocSvc_adapter: I/   0:   14    14.300000    20.000000    113.000000
01-06 20:16:01.340   659  1237 E LocSvc_adapter: I/   2:   70    14.200000    53.000000    182.000000
01-06 20:16:01.340   659  1237 E LocSvc_adapter: I/<--- void globalEventCb(locClientHandleType, uint32_t, locClientEventIndUnionType, void*) line 88 QMI_LOC_EVENT_NMEA_IND_V02
01-06 20:16:01.350   659  1187 E LocSvc_eng: I/<=== nmea_cb line 1683 0x72456bf8
01-06 20:16:01.350   659  1237 E LocSvc_adapter: I/<--- void globalEventCb(locClientHandleType, uint32_t, locClientEventIndUnionType, void*) line 88 QMI_LOC_EVENT_NMEA_IND_V02
01-06 20:16:01.350   659  1187 E LocSvc_eng: I/<=== nmea_cb line 1683 0x72456bf8
01-06 20:16:01.350   659  1237 E LocSvc_adapter: I/<--- void globalEventCb(locClientHandleType, uint32_t, locClientEventIndUnionType, void*) line 88 QMI_LOC_EVENT_NMEA_IND_V02
01-06 20:16:01.350   659  1187 E LocSvc_eng: I/<=== nmea_cb line 1683 0x72456bf8
01-06 20:16:01.350   659  1237 E LocSvc_adapter: I/<--- void globalEventCb(locClientHandleType, uint32_t, locClientEventIndUnionType, void*) line 88 QMI_LOC_EVENT_NMEA_IND_V02
01-06 20:16:01.350   659  1187 E LocSvc_eng: I/<=== nmea_cb line 1683 0x72456bf8
01-06 20:16:01.360   659  1237 E LocSvc_adapter: I/<--- void globalEventCb(locClientHandleType, uint32_t, locClientEventIndUnionType, void*) line 88 QMI_LOC_EVENT_NMEA_IND_V02
01-06 20:16:01.360   659  1187 E LocSvc_eng: I/<=== nmea_cb line 1683 0x72456bf8
01-06 20:16:01.360   659  1237 E LocSvc_adapter: I/<--- void globalEventCb(locClientHandleType, uint32_t, locClientEventIndUnionType, void*) line 88 QMI_LOC_EVENT_NMEA_IND_V02
01-06 20:16:01.360   659  1187 E LocSvc_eng: I/<=== nmea_cb line 1683 0x72456bf8
01-06 20:16:01.360   659  1237 E LocSvc_adapter: I/<--- void globalEventCb(locClientHandleType, uint32_t, locClientEventIndUnionType, void*) line 88 QMI_LOC_EVENT_POSITION_REPORT_IND_V02
01-06 20:16:02.271 16677 17084 W Settings: Setting airplane_mode_on has moved from android.provider.Settings.System to android.provider.Settings.Global, returning read-only value.
01-06 20:16:02.321   659  1237 E LocSvc_adapter: I/<--- void globalEventCb(locClientHandleType, uint32_t, locClientEventIndUnionType, void*) line 88 QMI_LOC_EVENT_NMEA_IND_V02
01-06 20:16:02.321   659  1187 E LocSvc_eng: I/<=== nmea_cb line 1683 0x7336f260
01-06 20:16:02.321   659  1237 E LocSvc_adapter: I/<--- void globalEventCb(locClientHandleType, uint32_t, locClientEventIndUnionType, void*) line 88 QMI_LOC_EVENT_NMEA_IND_V02
01-06 20:16:02.321   659  1187 E LocSvc_eng: I/<=== nmea_cb line 1683 0x735806b8
01-06 20:16:02.321   659  1237 E LocSvc_adapter: I/<--- void globalEventCb(locClientHandleType, uint32_t, locClientEventIndUnionType, void*) line 88 QMI_LOC_EVENT_NMEA_IND_V02
01-06 20:16:02.331   659  1187 E LocSvc_eng: I/<=== nmea_cb line 1683 0x735806b8
01-06 20:16:02.331   659  1237 E LocSvc_adapter: I/<--- void globalEventCb(locClientHandleType, uint32_t, locClientEventIndUnionType, void*) line 88 QMI_LOC_EVENT_NMEA_IND_V02
01-06 20:16:02.331   659  1187 E LocSvc_eng: I/<=== nmea_cb line 1683 0x72456bf8
01-06 20:16:02.331   659  1237 E LocSvc_adapter: I/<--- void globalEventCb(locClientHandleType, uint32_t, locClientEventIndUnionType, void*) line 88 QMI_LOC_EVENT_GNSS_SV_INFO_IND_V02
01-06 20:16:02.331   659  1237 E LocSvc_adapter: I/num sv: 11    ephemeris mask: 40960    almanac mask: a000    used in fix mask: 0
01-06 20:16:02.331   659  1237 E LocSvc_adapter:       sv: prn         snr       elevation      azimuth
01-06 20:16:02.341   659  1237 E LocSvc_adapter: I/   0:   14    14.300000    20.000000    113.000000
01-06 20:16:02.341   659  1237 E LocSvc_adapter: I/   2:   70    14.200000    53.000000    182.000000
01-06 20:16:02.341   659  1237 E LocSvc_adapter: I/<--- void globalEventCb(locClientHandleType, uint32_t, locClientEventIndUnionType, void*) line 88 QMI_LOC_EVENT_NMEA_IND_V02
01-06 20:16:02.341   659  1187 E LocSvc_eng: I/<=== nmea_cb line 1683 0x72456bf8
01-06 20:16:02.351   659  1237 E LocSvc_adapter: I/<--- void globalEventCb(locClientHandleType, uint32_t, locClientEventIndUnionType, void*) line 88 QMI_LOC_EVENT_NMEA_IND_V02
01-06 20:16:02.351   659  1187 E LocSvc_eng: I/<=== nmea_cb line 1683 0x72456bf8
01-06 20:16:02.351   659  1237 E LocSvc_adapter: I/<--- void globalEventCb(locClientHandleType, uint32_t, locClientEventIndUnionType, void*) line 88 QMI_LOC_EVENT_NMEA_IND_V02
01-06 20:16:02.351   659  1187 E LocSvc_eng: I/<=== nmea_cb line 1683 0x72456bf8
01-06 20:16:02.351   659  1237 E LocSvc_adapter: I/<--- void globalEventCb(locClientHandleType, uint32_t, locClientEventIndUnionType, void*) line 88 QMI_LOC_EVENT_NMEA_IND_V02
01-06 20:16:02.351   659  1187 E LocSvc_eng: I/<=== nmea_cb line 1683 0x72456bf8
01-06 20:16:02.351   659  1237 E LocSvc_adapter: I/<--- void globalEventCb(locClientHandleType, uint32_t, locClientEventIndUnionType, void*) line 88 QMI_LOC_EVENT_NMEA_IND_V02
01-06 20:16:02.351   659  1187 E LocSvc_eng: I/<=== nmea_cb line 1683 0x72456bf8
01-06 20:16:02.361   659  1237 E LocSvc_adapter: I/<--- void globalEventCb(locClientHandleType, uint32_t, locClientEventIndUnionType, void*) line 88 QMI_LOC_EVENT_NMEA_IND_V02
01-06 20:16:02.361   659  1187 E LocSvc_eng: I/<=== nmea_cb line 1683 0x72456bf8
01-06 20:16:02.361   659  1237 E LocSvc_adapter: I/<--- void globalEventCb(locClientHandleType, uint32_t, locClientEventIndUnionType, void*) line 88 QMI_LOC_EVENT_POSITION_REPORT_IND_V02
01-06 20:16:03.272 16677 17084 W Settings: Setting airplane_mode_on has moved from android.provider.Settings.System to android.provider.Settings.Global, returning read-only value.
01-06 20:16:03.322   659  1237 E LocSvc_adapter: I/<--- void globalEventCb(locClientHandleType, uint32_t, locClientEventIndUnionType, void*) line 88 QMI_LOC_EVENT_NMEA_IND_V02
01-06 20:16:03.322   659  1187 E LocSvc_eng: I/<=== nmea_cb line 1683 0x7336f260
01-06 20:16:03.322   659  1237 E LocSvc_adapter: I/<--- void globalEventCb(locClientHandleType, uint32_t, locClientEventIndUnionType, void*) line 88 QMI_LOC_EVENT_NMEA_IND_V02
01-06 20:16:03.322   659  1187 E LocSvc_eng: I/<=== nmea_cb line 1683 0x735806b8
01-06 20:16:03.332   659  1237 E LocSvc_adapter: I/<--- void globalEventCb(locClientHandleType, uint32_t, locClientEventIndUnionType, void*) line 88 QMI_LOC_EVENT_NMEA_IND_V02
01-06 20:16:03.332   659  1187 E LocSvc_eng: I/<=== nmea_cb line 1683 0x735806b8
01-06 20:16:03.332   659  1237 E LocSvc_adapter: I/<--- void globalEventCb(locClientHandleType, uint32_t, locClientEventIndUnionType, void*) line 88 QMI_LOC_EVENT_NMEA_IND_V02
01-06 20:16:03.332   659  1187 E LocSvc_eng: I/<=== nmea_cb line 1683 0x7336f260
01-06 20:16:03.332   659  1237 E LocSvc_adapter: I/<--- void globalEventCb(locClientHandleType, uint32_t, locClientEventIndUnionType, void*) line 88 QMI_LOC_EVENT_GNSS_SV_INFO_IND_V02
01-06 20:16:03.342   659  1237 E LocSvc_adapter: I/num sv: 12    ephemeris mask: 40960    almanac mask: a000    used in fix mask: 0
01-06 20:16:03.342   659  1237 E LocSvc_adapter:       sv: prn         snr       elevation      azimuth
01-06 20:16:03.342   659  1237 E LocSvc_adapter: I/   0:   14    14.300000    20.000000    113.000000
01-06 20:16:03.342   659  1237 E LocSvc_adapter: I/   2:   70    14.200000    53.000000    182.000000
01-06 20:16:03.342   659  1237 E LocSvc_adapter: I/<--- void globalEventCb(locClientHandleType, uint32_t, locClientEventIndUnionType, void*) line 88 QMI_LOC_EVENT_NMEA_IND_V02
01-06 20:16:03.342   659  1187 E LocSvc_eng: I/<=== nmea_cb line 1683 0x72456bf8
01-06 20:16:03.342   659  1237 E LocSvc_adapter: I/<--- void globalEventCb(locClientHandleType, uint32_t, locClientEventIndUnionType, void*) line 88 QMI_LOC_EVENT_NMEA_IND_V02
01-06 20:16:03.342   659  1187 E LocSvc_eng: I/<=== nmea_cb line 1683 0x72456bf8
01-06 20:16:03.342   659  1237 E LocSvc_adapter: I/<--- void globalEventCb(locClientHandleType, uint32_t, locClientEventIndUnionType, void*) line 88 QMI_LOC_EVENT_NMEA_IND_V02
01-06 20:16:03.342   659  1187 E LocSvc_eng: I/<=== nmea_cb line 1683 0x72456bf8
01-06 20:16:03.342   659  1237 E LocSvc_adapter: I/<--- void globalEventCb(locClientHandleType, uint32_t, locClientEventIndUnionType, void*) line 88 QMI_LOC_EVENT_NMEA_IND_V02
01-06 20:16:03.342   659  1187 E LocSvc_eng: I/<=== nmea_cb line 1683 0x72456bf8
01-06 20:16:03.352   659  1237 E LocSvc_adapter: I/<--- void globalEventCb(locClientHandleType, uint32_t, locClientEventIndUnionType, void*) line 88 QMI_LOC_EVENT_NMEA_IND_V02
01-06 20:16:03.352   659  1187 E LocSvc_eng: I/<=== nmea_cb line 1683 0x72456bf8
01-06 20:16:03.352   659  1237 E LocSvc_adapter: I/<--- void globalEventCb(locClientHandleType, uint32_t, locClientEventIndUnionType, void*) line 88 QMI_LOC_EVENT_NMEA_IND_V02
01-06 20:16:03.352   659  1187 E LocSvc_eng: I/<=== nmea_cb line 1683 0x72456bf8
01-06 20:16:03.352   659  1237 E LocSvc_adapter: I/<--- void globalEventCb(locClientHandleType, uint32_t, locClientEventIndUnionType, void*) line 88 QMI_LOC_EVENT_POSITION_REPORT_IND_V02
01-06 20:16:04.273 16677 17084 W Settings: Setting airplane_mode_on has moved from android.provider.Settings.System to android.provider.Settings.Global, returning read-only value.
01-06 20:16:04.323   659  1237 E LocSvc_adapter: I/<--- void globalEventCb(locClientHandleType, uint32_t, locClientEventIndUnionType, void*) line 88 QMI_LOC_EVENT_NMEA_IND_V02
01-06 20:16:04.323   659  1187 E LocSvc_eng: I/<=== nmea_cb line 1683 0x7336f260
01-06 20:16:04.323   659  1237 E LocSvc_adapter: I/<--- void globalEventCb(locClientHandleType, uint32_t, locClientEventIndUnionType, void*) line 88 QMI_LOC_EVENT_NMEA_IND_V02
01-06 20:16:04.323   659  1187 E LocSvc_eng: I/<=== nmea_cb line 1683 0x735806b8
01-06 20:16:04.333   659  1237 E LocSvc_adapter: I/<--- void globalEventCb(locClientHandleType, uint32_t, locClientEventIndUnionType, void*) line 88 QMI_LOC_EVENT_NMEA_IND_V02
01-06 20:16:04.333   659  1187 E LocSvc_eng: I/<=== nmea_cb line 1683 0x735806b8
01-06 20:16:04.333   659  1237 E LocSvc_adapter: I/<--- void globalEventCb(locClientHandleType, uint32_t, locClientEventIndUnionType, void*) line 88 QMI_LOC_EVENT_NMEA_IND_V02
01-06 20:16:04.333   659  1187 E LocSvc_eng: I/<=== nmea_cb line 1683 0x7336f260
01-06 20:16:04.333   659  1237 E LocSvc_adapter: I/<--- void globalEventCb(locClientHandleType, uint32_t, locClientEventIndUnionType, void*) line 88 QMI_LOC_EVENT_GNSS_SV_INFO_IND_V02
01-06 20:16:04.333   659  1237 E LocSvc_adapter: I/num sv: 12    ephemeris mask: 40960    almanac mask: a000    used in fix mask: 0
01-06 20:16:04.333   659  1237 E LocSvc_adapter:       sv: prn         snr       elevation      azimuth
01-06 20:16:04.333   659  1237 E LocSvc_adapter: I/   0:   14    14.300000    20.000000    113.000000
01-06 20:16:04.333   659  1237 E LocSvc_adapter: I/   2:   70    14.200000    53.000000    182.000000
01-06 20:16:04.343   659  1237 E LocSvc_adapter: I/<--- void globalEventCb(locClientHandleType, uint32_t, locClientEventIndUnionType, void*) line 88 QMI_LOC_EVENT_NMEA_IND_V02
01-06 20:16:04.343   659  1187 E LocSvc_eng: I/<=== nmea_cb line 1683 0x72456bf8
01-06 20:16:04.343   659  1237 E LocSvc_adapter: I/<--- void globalEventCb(locClientHandleType, uint32_t, locClientEventIndUnionType, void*) line 88 QMI_LOC_EVENT_NMEA_IND_V02
01-06 20:16:04.343   659  1187 E LocSvc_eng: I/<=== nmea_cb line 1683 0x72456bf8
01-06 20:16:04.353   659  1237 E LocSvc_adapter: I/<--- void globalEventCb(locClientHandleType, uint32_t, locClientEventIndUnionType, void*) line 88 QMI_LOC_EVENT_NMEA_IND_V02
01-06 20:16:04.353   659  1187 E LocSvc_eng: I/<=== nmea_cb line 1683 0x72456bf8
01-06 20:16:04.353   659  1237 E LocSvc_adapter: I/<--- void globalEventCb(locClientHandleType, uint32_t, locClientEventIndUnionType, void*) line 88 QMI_LOC_EVENT_NMEA_IND_V02
01-06 20:16:04.353   659  1187 E LocSvc_eng: I/<=== nmea_cb line 1683 0x72456bf8
01-06 20:16:04.353   659  1237 E LocSvc_adapter: I/<--- void globalEventCb(locClientHandleType, uint32_t, locClientEventIndUnionType, void*) line 88 QMI_LOC_EVENT_NMEA_IND_V02
01-06 20:16:04.353   659  1187 E LocSvc_eng: I/<=== nmea_cb line 1683 0x72456bf8
01-06 20:16:04.353   659  1237 E LocSvc_adapter: I/<--- void globalEventCb(locClientHandleType, uint32_t, locClientEventIndUnionType, void*) line 88 QMI_LOC_EVENT_NMEA_IND_V02
01-06 20:16:04.363   659  1187 E LocSvc_eng: I/<=== nmea_cb line 1683 0x72456bf8
01-06 20:16:04.363   659  1237 E LocSvc_adapter: I/<--- void globalEventCb(locClientHandleType, uint32_t, locClientEventIndUnionType, void*) line 88 QMI_LOC_EVENT_POSITION_REPORT_IND_V02
01-06 20:16:05.274 16677 17084 W Settings: Setting airplane_mode_on has moved from android.provider.Settings.System to android.provider.Settings.Global, returning read-only value.
01-06 20:16:05.324   659  1237 E LocSvc_adapter: I/<--- void globalEventCb(locClientHandleType, uint32_t, locClientEventIndUnionType, void*) line 88 QMI_LOC_EVENT_NMEA_IND_V02
01-06 20:16:05.324   659  1187 E LocSvc_eng: I/<=== nmea_cb line 1683 0x7336f260
01-06 20:16:05.334   659  1237 E LocSvc_adapter: I/<--- void globalEventCb(locClientHandleType, uint32_t, locClientEventIndUnionType, void*) line 88 QMI_LOC_EVENT_NMEA_IND_V02
01-06 20:16:05.334   659  1187 E LocSvc_eng: I/<=== nmea_cb line 1683 0x735806b8
01-06 20:16:05.334   659  1237 E LocSvc_adapter: I/<--- void globalEventCb(locClientHandleType, uint32_t, locClientEventIndUnionType, void*) line 88 QMI_LOC_EVENT_NMEA_IND_V02
01-06 20:16:05.334   659  1187 E LocSvc_eng: I/<=== nmea_cb line 1683 0x735806b8
01-06 20:16:05.334   659  1237 E LocSvc_adapter: I/<--- void globalEventCb(locClientHandleType, uint32_t, locClientEventIndUnionType, void*) line 88 QMI_LOC_EVENT_NMEA_IND_V02
01-06 20:16:05.334   659  1187 E LocSvc_eng: I/<=== nmea_cb line 1683 0x7336f260
01-06 20:16:05.344   659  1237 E LocSvc_adapter: I/<--- void globalEventCb(locClientHandleType, uint32_t, locClientEventIndUnionType, void*) line 88 QMI_LOC_EVENT_GNSS_SV_INFO_IND_V02
01-06 20:16:05.344   659  1237 E LocSvc_adapter: I/num sv: 12    ephemeris mask: 40960    almanac mask: a000    used in fix mask: 0
01-06 20:16:05.344   659  1237 E LocSvc_adapter:       sv: prn         snr       elevation      azimuth
01-06 20:16:05.344   659  1237 E LocSvc_adapter: I/   0:   14    14.300000    20.000000    113.000000
01-06 20:16:05.344   659  1237 E LocSvc_adapter: I/   2:   70    14.200000    53.000000    182.000000
01-06 20:16:05.344   659  1237 E LocSvc_adapter: I/<--- void globalEventCb(locClientHandleType, uint32_t, locClientEventIndUnionType, void*) line 88 QMI_LOC_EVENT_NMEA_IND_V02
01-06 20:16:05.354   659  1187 E LocSvc_eng: I/<=== nmea_cb line 1683 0x72456bf8
01-06 20:16:05.354   659  1237 E LocSvc_adapter: I/<--- void globalEventCb(locClientHandleType, uint32_t, locClientEventIndUnionType, void*) line 88 QMI_LOC_EVENT_NMEA_IND_V02
01-06 20:16:05.354   659  1187 E LocSvc_eng: I/<=== nmea_cb line 1683 0x72456bf8
01-06 20:16:05.354   659  1237 E LocSvc_adapter: I/<--- void globalEventCb(locClientHandleType, uint32_t, locClientEventIndUnionType, void*) line 88 QMI_LOC_EVENT_NMEA_IND_V02
01-06 20:16:05.354   659  1187 E LocSvc_eng: I/<=== nmea_cb line 1683 0x72456bf8
01-06 20:16:05.354   659  1237 E LocSvc_adapter: I/<--- void globalEventCb(locClientHandleType, uint32_t, locClientEventIndUnionType, void*) line 88 QMI_LOC_EVENT_NMEA_IND_V02
01-06 20:16:05.354   659  1187 E LocSvc_eng: I/<=== nmea_cb line 1683 0x72456bf8
01-06 20:16:05.364   659  1237 E LocSvc_adapter: I/<--- void globalEventCb(locClientHandleType, uint32_t, locClientEventIndUnionType, void*) line 88 QMI_LOC_EVENT_NMEA_IND_V02
01-06 20:16:05.364   659  1187 E LocSvc_eng: I/<=== nmea_cb line 1683 0x72456bf8
01-06 20:16:05.364   659  1237 E LocSvc_adapter: I/<--- void globalEventCb(locClientHandleType, uint32_t, locClientEventIndUnionType, void*) line 88 QMI_LOC_EVENT_NMEA_IND_V02
01-06 20:16:05.364   659  1187 E LocSvc_eng: I/<=== nmea_cb line 1683 0x72456bf8
01-06 20:16:05.364   659  1237 E LocSvc_adapter: I/<--- void globalEventCb(locClientHandleType, uint32_t, locClientEventIndUnionType, void*) line 88 QMI_LOC_EVENT_POSITION_REPORT_IND_V02
01-06 20:16:06.275 16677 17084 W Settings: Setting airplane_mode_on has moved from android.provider.Settings.System to android.provider.Settings.Global, returning read-only value.
01-06 20:16:06.325   659  1237 E LocSvc_adapter: I/<--- void globalEventCb(locClientHandleType, uint32_t, locClientEventIndUnionType, void*) line 88 QMI_LOC_EVENT_NMEA_IND_V02
01-06 20:16:06.325   659  1187 E LocSvc_eng: I/<=== nmea_cb line 1683 0x7336f260
01-06 20:16:06.325   659  1237 E LocSvc_adapter: I/<--- void globalEventCb(locClientHandleType, uint32_t, locClientEventIndUnionType, void*) line 88 QMI_LOC_EVENT_NMEA_IND_V02
01-06 20:16:06.325   659  1187 E LocSvc_eng: I/<=== nmea_cb line 1683 0x735806b8
01-06 20:16:06.325   659  1237 E LocSvc_adapter: I/<--- void globalEventCb(locClientHandleType, uint32_t, locClientEventIndUnionType, void*) line 88 QMI_LOC_EVENT_NMEA_IND_V02
01-06 20:16:06.325   659  1187 E LocSvc_eng: I/<=== nmea_cb line 1683 0x735806b8
01-06 20:16:06.335   659  1237 E LocSvc_adapter: I/<--- void globalEventCb(locClientHandleType, uint32_t, locClientEventIndUnionType, void*) line 88 QMI_LOC_EVENT_NMEA_IND_V02
01-06 20:16:06.335   659  1187 E LocSvc_eng: I/<=== nmea_cb line 1683 0x7336f260
01-06 20:16:06.335   659  1237 E LocSvc_adapter: I/<--- void globalEventCb(locClientHandleType, uint32_t, locClientEventIndUnionType, void*) line 88 QMI_LOC_EVENT_GNSS_SV_INFO_IND_V02
01-06 20:16:06.335   659  1237 E LocSvc_adapter: I/num sv: 12    ephemeris mask: 40960    almanac mask: a000    used in fix mask: 2000
01-06 20:16:06.335   659  1237 E LocSvc_adapter:       sv: prn         snr       elevation      azimuth
01-06 20:16:06.335   659  1237 E LocSvc_adapter: I/   0:   14    15.000000    20.000000    113.000000
01-06 20:16:06.335   659  1237 E LocSvc_adapter: I/   2:   70    14.200000    53.000000    182.000000
01-06 20:16:06.345   659  1237 E LocSvc_adapter: I/<--- void globalEventCb(locClientHandleType, uint32_t, locClientEventIndUnionType, void*) line 88 QMI_LOC_EVENT_NMEA_IND_V02
01-06 20:16:06.345   659  1187 E LocSvc_eng: I/<=== nmea_cb line 1683 0x72456bf8
01-06 20:16:06.345   659  1237 E LocSvc_adapter: I/<--- void globalEventCb(locClientHandleType, uint32_t, locClientEventIndUnionType, void*) line 88 QMI_LOC_EVENT_NMEA_IND_V02
01-06 20:16:06.345   659  1187 E LocSvc_eng: I/<=== nmea_cb line 1683 0x72456bf8
01-06 20:16:06.345   659  1237 E LocSvc_adapter: I/<--- void globalEventCb(locClientHandleType, uint32_t, locClientEventIndUnionType, void*) line 88 QMI_LOC_EVENT_NMEA_IND_V02
01-06 20:16:06.345   659  1187 E LocSvc_eng: I/<=== nmea_cb line 1683 0x72456bf8
01-06 20:16:06.355   659  1237 E LocSvc_adapter: I/<--- void globalEventCb(locClientHandleType, uint32_t, locClientEventIndUnionType, void*) line 88 QMI_LOC_EVENT_NMEA_IND_V02
01-06 20:16:06.355   659  1187 E LocSvc_eng: I/<=== nmea_cb line 1683 0x72456bf8
01-06 20:16:06.355   659  1237 E LocSvc_adapter: I/<--- void globalEventCb(locClientHandleType, uint32_t, locClientEventIndUnionType, void*) line 88 QMI_LOC_EVENT_NMEA_IND_V02
01-06 20:16:06.355   659  1187 E LocSvc_eng: I/<=== nmea_cb line 1683 0x72456bf8
01-06 20:16:06.355   659  1237 E LocSvc_adapter: I/<--- void globalEventCb(locClientHandleType, uint32_t, locClientEventIndUnionType, void*) line 88 QMI_LOC_EVENT_NMEA_IND_V02
01-06 20:16:06.355   659  1187 E LocSvc_eng: I/<=== nmea_cb line 1683 0x72456bf8
01-06 20:16:06.355   659  1237 E LocSvc_adapter: I/<--- void globalEventCb(locClientHandleType, uint32_t, locClientEventIndUnionType, void*) line 88 QMI_LOC_EVENT_POSITION_REPORT_IND_V02
01-06 20:16:06.866 17181 17208 W ResourceType: No known package when getting name for resource number 0xffffffff
01-06 20:16:06.866 17181 17208 W ResourceType: No known package when getting name for resource number 0xffffffff
01-06 20:16:06.866 17181 17208 W ResourceType: No known package when getting name for resource number 0xffffffff
01-06 20:16:06.876 17181 17208 W ResourceType: No known package when getting name for resource number 0xffffffff
01-06 20:16:06.876 17181 17208 W ResourceType: No known package when getting name for resource number 0xffffffff
01-06 20:16:06.876 17181 17208 W ResourceType: No known package when getting name for resource number 0xffffffff
01-06 20:16:06.876 17181 17208 W ResourceType: No known package when getting name for resource number 0xffffffff
01-06 20:16:06.876 17181 17208 W ResourceType: No known package when getting name for resource number 0xffffffff
01-06 20:16:06.876 17181 17208 W ResourceType: No known package when getting name for resource number 0xffffffff
01-06 20:16:07.226 16677 16681 D dalvikvm: GC_CONCURRENT freed 385K, 27% free 3164K/4280K, paused 4ms+2ms, total 28ms
01-06 20:16:07.276 16677 17084 W Settings: Setting airplane_mode_on has moved from android.provider.Settings.System to android.provider.Settings.Global, returning read-only value.
01-06 20:16:07.326   659  1237 E LocSvc_adapter: I/<--- void globalEventCb(locClientHandleType, uint32_t, locClientEventIndUnionType, void*) line 88 QMI_LOC_EVENT_NMEA_IND_V02
01-06 20:16:07.326   659  1187 E LocSvc_eng: I/<=== nmea_cb line 1683 0x7336f260
01-06 20:16:07.336   659  1237 E LocSvc_adapter: I/<--- void globalEventCb(locClientHandleType, uint32_t, locClientEventIndUnionType, void*) line 88 QMI_LOC_EVENT_NMEA_IND_V02
01-06 20:16:07.336   659  1187 E LocSvc_eng: I/<=== nmea_cb line 1683 0x735806b8
01-06 20:16:07.336   659  1237 E LocSvc_adapter: I/<--- void globalEventCb(locClientHandleType, uint32_t, locClientEventIndUnionType, void*) line 88 QMI_LOC_EVENT_NMEA_IND_V02
01-06 20:16:07.336   659  1187 E LocSvc_eng: I/<=== nmea_cb line 1683 0x735806b8
01-06 20:16:07.336   659  1237 E LocSvc_adapter: I/<--- void globalEventCb(locClientHandleType, uint32_t, locClientEventIndUnionType, void*) line 88 QMI_LOC_EVENT_NMEA_IND_V02
01-06 20:16:07.346   659  1187 E LocSvc_eng: I/<=== nmea_cb line 1683 0x7336f260
01-06 20:16:07.346   659  1237 E LocSvc_adapter: I/<--- void globalEventCb(locClientHandleType, uint32_t, locClientEventIndUnionType, void*) line 88 QMI_LOC_EVENT_GNSS_SV_INFO_IND_V02
01-06 20:16:07.346   659  1237 E LocSvc_adapter: I/num sv: 12    ephemeris mask: 40960    almanac mask: a000    used in fix mask: 2000
01-06 20:16:07.346   659  1237 E LocSvc_adapter:       sv: prn         snr       elevation      azimuth
01-06 20:16:07.346   659  1237 E LocSvc_adapter: I/   0:   14    15.700000    20.000000    113.000000
01-06 20:16:07.346   659  1237 E LocSvc_adapter: I/   2:   70    14.200000    53.000000    182.000000
01-06 20:16:07.346   659  1237 E LocSvc_adapter: I/<--- void globalEventCb(locClientHandleType, uint32_t, locClientEventIndUnionType, void*) line 88 QMI_LOC_EVENT_NMEA_IND_V02
01-06 20:16:07.356   659  1187 E LocSvc_eng: I/<=== nmea_cb line 1683 0x72456bf8
01-06 20:16:07.356   659  1237 E LocSvc_adapter: I/<--- void globalEventCb(locClientHandleType, uint32_t, locClientEventIndUnionType, void*) line 88 QMI_LOC_EVENT_NMEA_IND_V02
01-06 20:16:07.356   659  1187 E LocSvc_eng: I/<=== nmea_cb line 1683 0x72456bf8
01-06 20:16:07.356   659  1237 E LocSvc_adapter: I/<--- void globalEventCb(locClientHandleType, uint32_t, locClientEventIndUnionType, void*) line 88 QMI_LOC_EVENT_NMEA_IND_V02
01-06 20:16:07.356   659  1187 E LocSvc_eng: I/<=== nmea_cb line 1683 0x72456bf8
01-06 20:16:07.356   659  1237 E LocSvc_adapter: I/<--- void globalEventCb(locClientHandleType, uint32_t, locClientEventIndUnionType, void*) line 88 QMI_LOC_EVENT_NMEA_IND_V02
01-06 20:16:07.356   659  1187 E LocSvc_eng: I/<=== nmea_cb line 1683 0x72456bf8
01-06 20:16:07.366   659  1237 E LocSvc_adapter: I/<--- void globalEventCb(locClientHandleType, uint32_t, locClientEventIndUnionType, void*) line 88 QMI_LOC_EVENT_NMEA_IND_V02
01-06 20:16:07.366   659  1187 E LocSvc_eng: I/<=== nmea_cb line 1683 0x72456bf8
01-06 20:16:07.366   659  1237 E LocSvc_adapter: I/<--- void globalEventCb(locClientHandleType, uint32_t, locClientEventIndUnionType, void*) line 88 QMI_LOC_EVENT_NMEA_IND_V02
01-06 20:16:07.366   659  1187 E LocSvc_eng: I/<=== nmea_cb line 1683 0x72456bf8
01-06 20:16:07.366   659  1237 E LocSvc_adapter: I/<--- void globalEventCb(locClientHandleType, uint32_t, locClientEventIndUnionType, void*) line 88 QMI_LOC_EVENT_POSITION_REPORT_IND_V02
01-06 20:16:08.067 17181 17208 W ResourceType: No known package when getting name for resource number 0xffffffff
01-06 20:16:08.067 17181 17208 W ResourceType: No known package when getting name for resource number 0xffffffff
01-06 20:16:08.077 17181 17208 W ResourceType: No known package when getting name for resource number 0xffffffff
01-06 20:16:08.077 17181 17208 W ResourceType: No known package when getting name for resource number 0xffffffff
01-06 20:16:08.077 17181 17208 W ResourceType: No known package when getting name for resource number 0xffffffff
01-06 20:16:08.087 17181 17208 W ResourceType: No known package when getting name for resource number 0xffffffff
01-06 20:16:08.087 17181 17208 W ResourceType: No known package when getting name for resource number 0xffffffff
01-06 20:16:08.087 17181 17208 W ResourceType: No known package when getting name for resource number 0xffffffff
01-06 20:16:08.087 17181 17208 W ResourceType: No known package when getting name for resource number 0xffffffff
01-06 20:16:08.097 17181 17208 W ResourceType: No known package when getting name for resource number 0xffffffff
01-06 20:16:08.097 17181 17208 W ResourceType: No known package when getting name for resource number 0xffffffff
01-06 20:16:08.097 17181 17208 W ResourceType: No known package when getting name for resource number 0xffffffff
01-06 20:16:08.097 17181 17208 W ResourceType: No known package when getting name for resource number 0xffffffff
01-06 20:16:08.097 17181 17208 W ResourceType: No known package when getting name for resource number 0xffffffff
01-06 20:16:08.107 17181 17208 W ResourceType: No known package when getting name for resource number 0xffffffff
01-06 20:16:08.107 17181 17208 W ResourceType: No known package when getting name for resource number 0xffffffff
01-06 20:16:08.107 17181 17208 W ResourceType: No known package when getting name for resource number 0xffffffff
01-06 20:16:08.117 17181 17208 W ResourceType: No known package when getting name for resource number 0xffffffff
01-06 20:16:08.117 17181 17208 W ResourceType: No known package when getting name for resource number 0xffffffff
01-06 20:16:08.147 17181 17208 W ResourceType: No known package when getting name for resource number 0xffffffff
01-06 20:16:08.147 17181 17208 W ResourceType: No known package when getting name for resource number 0xffffffff
01-06 20:16:08.157 17181 17208 W ResourceType: No known package when getting name for resource number 0xffffffff
01-06 20:16:08.157 17181 17208 W ResourceType: No known package when getting name for resource number 0xffffffff
01-06 20:16:08.157 17181 17208 W ResourceType: No known package when getting name for resource number 0xffffffff
01-06 20:16:08.157 17181 17208 W ResourceType: No known package when getting name for resource number 0xffffffff
01-06 20:16:08.167 17181 17208 W ResourceType: No known package when getting name for resource number 0xffffffff
01-06 20:16:08.167 17181 17208 W ResourceType: No known package when getting name for resource number 0xffffffff
01-06 20:16:08.167 17181 17208 W ResourceType: No known package when getting name for resource number 0xffffffff
