01-06 20:15:56.114 17181 17208 D ROBOT_UTIL_ALF: -->com.facebook.feed.ui.footer.FeedbackCustomPressStateButton,[360.0,1132.0],2131362698,feed_feedback_comment_container,
01-06 20:15:56.114 17181 17208 D ROBOT_UTIL_ALF: -->com.facebook.feed.ui.footer.FeedbackCustomPressStateButton,[584.0,1132.0],2131362699,feed_feedback_share_container,
01-06 20:15:56.114 17181 17208 D ROBOT_UTIL_ALF: -->android.widget.FrameLayout,[360.0,759.0],2131362760,feed_gallery_item_image_container,
01-06 20:15:56.114 17181 17208 D ROBOT_UTIL_ALF: -->android.widget.FrameLayout,[1000.0,759.0],2131362760,feed_gallery_item_image_container,
01-06 20:15:56.114 17181 17208 D ROBOT_UTIL_ALF: -->android.widget.ImageView,[108.5,1131.5],2131362694,feed_feedback_action_button_icon,
01-06 20:15:56.114 17181 17208 D ROBOT_UTIL_ALF: -->android.widget.TextView,[157.5,1132.0],2131362695,feed_feedback_action_button_text,Like,
01-06 20:15:56.114 17181 17208 D ROBOT_UTIL_ALF: -->android.widget.ImageView,[301.5,1131.5],2131362694,feed_feedback_action_button_icon,
01-06 20:15:56.124 17181 17208 D ROBOT_UTIL_ALF: -->android.widget.TextView,[379.0,1132.0],2131362695,feed_feedback_action_button_text,Comment,
01-06 20:15:56.124 17181 17208 D ROBOT_UTIL_ALF: -->android.widget.ImageView,[547.5,1132.0],2131362694,feed_feedback_action_button_icon,
01-06 20:15:56.124 17181 17208 D ROBOT_UTIL_ALF: -->android.widget.TextView,[606.5,1132.0],2131362695,feed_feedback_action_button_text,Share,
01-06 20:15:56.124 17181 17208 D ROBOT_UTIL_ALF: -->com.facebook.widget.images.UrlImage,[360.0,757.0],2131362761,feed_gallery_item_image,
01-06 20:15:56.124 17181 17208 D ROBOT_UTIL_ALF: -->com.facebook.widget.images.UrlImage,[1000.0,757.0],2131362761,feed_gallery_item_image,
01-06 20:15:56.124 17181 17208 D ROBOT_UTIL_ALF: -->com.facebook.widget.images.ImageViewTouchBase,[360.0,757.0],2131363941,url_image_image,
01-06 20:15:56.124 17181 17208 W ResourceType: No known package when getting name for resource number 0xffffffff
01-06 20:15:56.124 17181 17208 D ROBOT_UTIL_ALF: -->android.widget.FrameLayout,[360.0,757.0],-1,
01-06 20:15:56.124 17181 17208 W ResourceType: No known package when getting name for resource number 0xffffffff
01-06 20:15:56.124 17181 17208 D ROBOT_UTIL_ALF: -->com.facebook.widget.images.ImageViewTouchBase,[1000.0,757.0],2131363941,url_image_image,
01-06 20:15:56.124 17181 17208 W ResourceType: No known package when getting name for resource number 0xffffffff
01-06 20:15:56.134 17181 17208 D ROBOT_UTIL_ALF: -->android.widget.FrameLayout,[1000.0,757.0],-1,
01-06 20:15:56.134 17181 17208 W ResourceType: No known package when getting name for resource number 0xffffffff
01-06 20:15:56.164 17181 17208 W ResourceType: No known package when getting name for resource number 0xffffffff
01-06 20:15:56.164 17181 17208 D ROBOT_UTIL_ALF: -->com.facebook.widget.recycle.RecycleViewWrapper,[360.0,724.5],-1,
01-06 20:15:56.164 17181 17208 W ResourceType: No known package when getting name for resource number 0xffffffff
01-06 20:15:56.164 17181 17208 W ResourceType: No known package when getting name for resource number 0xffffffff
01-06 20:15:56.164 17181 17208 D ROBOT_UTIL_ALF: -->com.facebook.feed.ui.FeedStoryView,[360.0,724.5],-1,
01-06 20:15:56.164 17181 17208 W ResourceType: No known package when getting name for resource number 0xffffffff
01-06 20:15:56.174 17181 17208 D ROBOT_UTIL_ALF: -->android.view.View,[360.0,277.0],2131362794,feed_story_top_padding,
01-06 20:15:56.174 17181 17208 D ROBOT_UTIL_ALF: -->com.facebook.feed.ui.StoryHeaderSection,[360.0,350.0],2131362795,feed_story_header,
01-06 20:15:56.174 17181 17208 D ROBOT_UTIL_ALF: -->com.facebook.feed.ui.attachments.StoryAttachmentsSection,[360.0,757.0],2131362797,feed_story_attachments,
01-06 20:15:56.174 17181 17208 D ROBOT_UTIL_ALF: -->com.facebook.feed.ui.footer.StoryFooterSection,[360.0,1123.5],2131362804,feed_story_footer,
01-06 20:15:56.174 17181 17208 D ROBOT_UTIL_ALF: -->android.view.View,[360.0,1172.0],2131362805,feed_story_bottom_padding,
01-06 20:15:56.174 17181 17208 D ROBOT_UTIL_ALF: -->com.facebook.widget.images.UrlImage,[82.0,343.0],2131362826,feed_story_primary_actor,
01-06 20:15:56.174 17181 17208 D ROBOT_UTIL_ALF: -->android.widget.ImageView,[657.0,315.0],2131362426,feed_story_menu_button,
01-06 20:15:56.174 17181 17208 D ROBOT_UTIL_ALF: -->com.facebook.feed.ui.StoryContentTextView,[377.0,345.0],2131362828,feed_story_title,Alfred RobustNet added 2 new photos.,
01-06 20:15:56.174 17181 17208 D ROBOT_UTIL_ALF: -->android.widget.TextView,[198.5,395.0],2131362829,feed_story_info,Just Now ,
01-06 20:15:56.174 17181 17208 W ResourceType: No known package when getting name for resource number 0xffffffff
01-06 20:15:56.184 17181 17208 D ROBOT_UTIL_ALF: -->com.facebook.feed.ui.attachments.StoryAttachmentViewAlbum,[360.0,757.0],-1,
01-06 20:15:56.184 17181 17208 W ResourceType: No known package when getting name for resource number 0xffffffff
01-06 20:15:56.184 17181 17208 D ROBOT_UTIL_ALF: -->com.facebook.feed.ui.footer.DefaultFeedbackView,[360.0,1123.5],2131362825,feed_story_default_feedback_bar,
01-06 20:15:56.184 17181 17208 D ROBOT_UTIL_ALF: -->android.widget.ImageView,[82.0,343.0],2131363941,url_image_image,
01-06 20:15:56.184 17181 17208 W ResourceType: No known package when getting name for resource number 0xffffffff
01-06 20:15:56.184 17181 17208 D ROBOT_UTIL_ALF: -->android.widget.LinearLayout,[360.0,759.0],-1,
01-06 20:15:56.184 17181 17208 W ResourceType: No known package when getting name for resource number 0xffffffff
01-06 20:15:56.184 17181 17208 D ROBOT_UTIL_ALF: -->android.view.View,[360.0,1091.0],2131362852,feed_bling_bar_spacing_view,
01-06 20:15:56.184 17181 17208 D ROBOT_UTIL_ALF: -->android.view.View,[360.0,1099.5],2131362733,feed_feedback_divider,
01-06 20:15:56.184 17181 17208 D ROBOT_UTIL_ALF: -->com.facebook.feed.ui.footer.FeedbackActionButtonBar,[360.0,1132.0],2131362682,feed_feedback_container,
01-06 20:15:56.184 17181 17208 D ROBOT_UTIL_ALF: -->com.facebook.feed.photos.NewsFeedPhotoGallery,[360.0,759.0],2131362770,feed_story_image_attachments,
01-06 20:15:56.184 17181 17208 D ROBOT_UTIL_ALF: -->com.facebook.feed.ui.footer.FeedbackCustomPressStateButton,[136.0,1132.0],2131362696,feed_feedback_like_container,
01-06 20:15:56.194 17181 17208 D ROBOT_UTIL_ALF: -->com.facebook.feed.ui.footer.FeedbackCustomPressStateButton,[360.0,1132.0],2131362698,feed_feedback_comment_container,
01-06 20:15:56.194 17181 17208 D ROBOT_UTIL_ALF: -->com.facebook.feed.ui.footer.FeedbackCustomPressStateButton,[584.0,1132.0],2131362699,feed_feedback_share_container,
01-06 20:15:56.194 17181 17208 D ROBOT_UTIL_ALF: -->android.widget.FrameLayout,[360.0,759.0],2131362760,feed_gallery_item_image_container,
01-06 20:15:56.194 17181 17208 D ROBOT_UTIL_ALF: -->android.widget.FrameLayout,[1000.0,759.0],2131362760,feed_gallery_item_image_container,
01-06 20:15:56.194 17181 17208 D ROBOT_UTIL_ALF: -->android.widget.ImageView,[108.5,1131.5],2131362694,feed_feedback_action_button_icon,
01-06 20:15:56.194 17181 17208 D ROBOT_UTIL_ALF: -->android.widget.TextView,[157.5,1132.0],2131362695,feed_feedback_action_button_text,Like,
01-06 20:15:56.204 17181 17208 D ROBOT_UTIL_ALF: -->android.widget.ImageView,[301.5,1131.5],2131362694,feed_feedback_action_button_icon,
01-06 20:15:56.204 17181 17208 D ROBOT_UTIL_ALF: -->android.widget.TextView,[379.0,1132.0],2131362695,feed_feedback_action_button_text,Comment,
01-06 20:15:56.204 17181 17208 D ROBOT_UTIL_ALF: -->android.widget.ImageView,[547.5,1132.0],2131362694,feed_feedback_action_button_icon,
01-06 20:15:56.204 17181 17208 D ROBOT_UTIL_ALF: -->android.widget.TextView,[606.5,1132.0],2131362695,feed_feedback_action_button_text,Share,
01-06 20:15:56.204 17181 17208 D ROBOT_UTIL_ALF: -->com.facebook.widget.images.UrlImage,[360.0,757.0],2131362761,feed_gallery_item_image,
01-06 20:15:56.204 17181 17208 D ROBOT_UTIL_ALF: -->com.facebook.widget.images.UrlImage,[1000.0,757.0],2131362761,feed_gallery_item_image,
01-06 20:15:56.204 17181 17208 D ROBOT_UTIL_ALF: -->com.facebook.widget.images.ImageViewTouchBase,[360.0,757.0],2131363941,url_image_image,
01-06 20:15:56.204 17181 17208 W ResourceType: No known package when getting name for resource number 0xffffffff
01-06 20:15:56.204 17181 17208 D ROBOT_UTIL_ALF: -->android.widget.FrameLayout,[360.0,757.0],-1,
01-06 20:15:56.204 17181 17208 W ResourceType: No known package when getting name for resource number 0xffffffff
01-06 20:15:56.204 17181 17208 D ROBOT_UTIL_ALF: -->com.facebook.widget.images.ImageViewTouchBase,[1000.0,757.0],2131363941,url_image_image,
01-06 20:15:56.204 17181 17208 W ResourceType: No known package when getting name for resource number 0xffffffff
01-06 20:15:56.214 17181 17208 D ROBOT_UTIL_ALF: -->android.widget.FrameLayout,[1000.0,757.0],-1,
01-06 20:15:56.214 17181 17208 W ResourceType: No known package when getting name for resource number 0xffffffff
01-06 20:15:56.244 17181 17208 W ResourceType: No known package when getting name for resource number 0xffffffff
01-06 20:15:56.244 17181 17208 D ROBOT_UTIL_ALF: -->com.facebook.widget.recycle.RecycleViewWrapper,[360.0,1029.5],-1,
01-06 20:15:56.244 17181 17208 W ResourceType: No known package when getting name for resource number 0xffffffff
01-06 20:15:56.244 17181 17208 W ResourceType: No known package when getting name for resource number 0xffffffff
01-06 20:15:56.244 17181 17208 D ROBOT_UTIL_ALF: -->com.facebook.feed.ui.FeedStoryView,[360.0,1029.5],-1,
01-06 20:15:56.244 17181 17208 W ResourceType: No known package when getting name for resource number 0xffffffff
01-06 20:15:56.244 17181 17208 D ROBOT_UTIL_ALF: -->android.view.View,[360.0,739.0],2131362794,feed_story_top_padding,
01-06 20:15:56.244 17181 17208 D ROBOT_UTIL_ALF: -->com.facebook.feed.ui.StoryHeaderSection,[360.0,812.0],2131362795,feed_story_header,
01-06 20:15:56.254 17181 17208 D ROBOT_UTIL_ALF: -->com.facebook.feed.ui.StoryContentTextView,[360.0,891.0],2131362796,feed_story_message,For the second time in two years, the department of homeland security has lost their records that I'm studying in the US. At least I'm through,  I guess.,
01-06 20:15:56.254 17181 17208 D ROBOT_UTIL_ALF: -->com.facebook.feed.ui.footer.StoryFooterSection,[360.0,1239.5],2131362804,feed_story_footer,
01-06 20:15:56.254 17181 17208 D ROBOT_UTIL_ALF: -->com.facebook.widget.images.UrlImage,[82.0,805.0],2131362826,feed_story_primary_actor,
01-06 20:15:56.254 17181 17208 D ROBOT_UTIL_ALF: -->android.widget.ImageView,[657.0,777.0],2131362426,feed_story_menu_button,
01-06 20:15:56.254 17181 17208 D ROBOT_UTIL_ALF: -->com.facebook.feed.ui.StoryContentTextView,[377.0,807.0],2131362828,feed_story_title,Sanae Rosen,
01-06 20:15:56.254 17181 17208 D ROBOT_UTIL_ALF: -->android.widget.TextView,[215.0,857.0],2131362829,feed_story_info,Sun at 10:01AM ,
01-06 20:15:56.254 17181 17208 D ROBOT_UTIL_ALF: -->com.facebook.feed.ui.footer.DefaultFeedbackView,[360.0,1239.5],2131362825,feed_story_default_feedback_bar,
01-06 20:15:56.254 17181 17208 D ROBOT_UTIL_ALF: -->android.widget.ImageView,[82.0,805.0],2131363941,url_image_image,
01-06 20:15:56.274 17141 17141 I TCPDUMP : Packets Captured ID =1535
01-06 20:15:56.284 16677 17084 W Settings: Setting airplane_mode_on has moved from android.provider.Settings.System to android.provider.Settings.Global, returning read-only value.
01-06 20:15:56.294 17181 17208 W ResourceType: No known package when getting name for resource number 0xffffffff
01-06 20:15:56.294 17181 17208 D ROBOT_UTIL_ALF: -->com.facebook.widget.recycle.RecycleViewWrapper,[360.0,1410.5],-1,
01-06 20:15:56.294 17181 17208 W ResourceType: No known package when getting name for resource number 0xffffffff
01-06 20:15:56.294 17181 17208 W ResourceType: No known package when getting name for resource number 0xffffffff
01-06 20:15:56.294 17181 17208 D ROBOT_UTIL_ALF: -->com.facebook.feed.ui.FeedStoryView,[360.0,1410.5],-1,
01-06 20:15:56.294 17181 17208 W ResourceType: No known package when getting name for resource number 0xffffffff
01-06 20:15:56.294 17181 17208 D ROBOT_UTIL_ALF: -->android.view.View,[360.0,1187.0],2131362794,feed_story_top_padding,
01-06 20:15:56.294 17181 17208 D ROBOT_UTIL_ALF: -->com.facebook.feed.ui.StoryHeaderSection,[360.0,1244.0],2131362795,feed_story_header,
01-06 20:15:56.294 17181 17208 D ROBOT_UTIL_ALF: -->com.facebook.widget.images.UrlImage,[82.0,1253.0],2131362826,feed_story_primary_actor,
01-06 20:15:56.294 17181 17208 D ROBOT_UTIL_ALF: -->android.widget.ImageView,[657.0,1225.0],2131362426,feed_story_menu_button,
01-06 20:15:56.294 17181 17208 D ROBOT_UTIL_ALF: -->com.facebook.feed.ui.StoryContentTextView,[218.0,1237.0],2131362828,feed_story_title,Sanae Rosen,
01-06 20:15:56.294 17181 17208 D ROBOT_UTIL_ALF: -->android.widget.TextView,[237.0,1269.0],2131362829,feed_story_info,Sun at 10:01AM ,
01-06 20:15:56.304 17181 17208 D ROBOT_UTIL_ALF: -->android.widget.ImageView,[82.0,1253.0],2131363941,url_image_image,
01-06 20:15:56.304 17181 17208 D ROBOT_ALF: new feeds! new: 1
01-06 20:15:56.324 17181 17208 W ResourceType: No known package when getting name for resource number 0xffffffff
01-06 20:15:56.334 17181 17208 W ResourceType: No known package when getting name for resource number 0xffffffff
01-06 20:15:56.334 17181 17208 W ResourceType: No known package when getting name for resource number 0xffffffff
01-06 20:15:56.334 17181 17208 W ResourceType: No known package when getting name for resource number 0xffffffff
01-06 20:15:56.334 17181 17208 W ResourceType: No known package when getting name for resource number 0xffffffff
01-06 20:15:56.334 17181 17208 W ResourceType: No known package when getting name for resource number 0xffffffff
01-06 20:15:56.344 17181 17208 W ResourceType: No known package when getting name for resource number 0xffffffff
01-06 20:15:56.344 17181 17208 W ResourceType: No known package when getting name for resource number 0xffffffff
01-06 20:15:56.344 17181 17208 W ResourceType: No known package when getting name for resource number 0xffffffff
01-06 20:15:56.344 17181 17208 D ROBOT_ALF: child at 0: com.facebook.widget.recycle.RecycleViewWrapper{42426d28 V.E..... ........ 0,0-720,112}
01-06 20:15:56.344   659  1237 E LocSvc_adapter: I/<--- void globalEventCb(locClientHandleType, uint32_t, locClientEventIndUnionType, void*) line 88 QMI_LOC_EVENT_NMEA_IND_V02
01-06 20:15:56.344   659  1187 E LocSvc_eng: I/<=== nmea_cb line 1683 0x734f6390
01-06 20:15:56.364   659  1237 E LocSvc_adapter: I/<--- void globalEventCb(locClientHandleType, uint32_t, locClientEventIndUnionType, void*) line 88 QMI_LOC_EVENT_NMEA_IND_V02
01-06 20:15:56.364   659  1187 E LocSvc_eng: I/<=== nmea_cb line 1683 0x735806b8
01-06 20:15:56.364   659  1237 E LocSvc_adapter: I/<--- void globalEventCb(locClientHandleType, uint32_t, locClientEventIndUnionType, void*) line 88 QMI_LOC_EVENT_NMEA_IND_V02
01-06 20:15:56.364   659  1237 E LocSvc_adapter: I/<--- void globalEventCb(locClientHandleType, uint32_t, locClientEventIndUnionType, void*) line 88 QMI_LOC_EVENT_NMEA_IND_V02
01-06 20:15:56.364   659  1237 E LocSvc_adapter: I/<--- void globalEventCb(locClientHandleType, uint32_t, locClientEventIndUnionType, void*) line 88 QMI_LOC_EVENT_GNSS_SV_INFO_IND_V02
01-06 20:15:56.364   659  1237 E LocSvc_adapter: I/num sv: 12    ephemeris mask: 40960    almanac mask: a000    used in fix mask: 0
01-06 20:15:56.364   659  1237 E LocSvc_adapter:       sv: prn         snr       elevation      azimuth
01-06 20:15:56.364   659  1237 E LocSvc_adapter: I/   0:   14    14.300000    20.000000    113.000000
01-06 20:15:56.364   659  1237 E LocSvc_adapter: I/<--- void globalEventCb(locClientHandleType, uint32_t, locClientEventIndUnionType, void*) line 88 QMI_LOC_EVENT_NMEA_IND_V02
01-06 20:15:56.364   659  1237 E LocSvc_adapter: I/<--- void globalEventCb(locClientHandleType, uint32_t, locClientEventIndUnionType, void*) line 88 QMI_LOC_EVENT_NMEA_IND_V02
01-06 20:15:56.364   659  1237 E LocSvc_adapter: I/<--- void globalEventCb(locClientHandleType, uint32_t, locClientEventIndUnionType, void*) line 88 QMI_LOC_EVENT_NMEA_IND_V02
01-06 20:15:56.364   659  1237 E LocSvc_adapter: I/<--- void globalEventCb(locClientHandleType, uint32_t, locClientEventIndUnionType, void*) line 88 QMI_LOC_EVENT_NMEA_IND_V02
01-06 20:15:56.364   659  1237 E LocSvc_adapter: I/<--- void globalEventCb(locClientHandleType, uint32_t, locClientEventIndUnionType, void*) line 88 QMI_LOC_EVENT_NMEA_IND_V02
01-06 20:15:56.364   659  1237 E LocSvc_adapter: I/<--- void globalEventCb(locClientHandleType, uint32_t, locClientEventIndUnionType, void*) line 88 QMI_LOC_EVENT_NMEA_IND_V02
01-06 20:15:56.364   659  1237 E LocSvc_adapter: I/<--- void globalEventCb(locClientHandleType, uint32_t, locClientEventIndUnionType, void*) line 88 QMI_LOC_EVENT_POSITION_REPORT_IND_V02
01-06 20:15:56.364   659  1187 E LocSvc_eng: I/<=== nmea_cb line 1683 0x729ef7a8
01-06 20:15:56.364   659  1187 E LocSvc_eng: I/<=== nmea_cb line 1683 0x734f6390
01-06 20:15:56.374   659  1187 E LocSvc_eng: I/<=== nmea_cb line 1683 0x72fbe890
01-06 20:15:56.374   659  1187 E LocSvc_eng: I/<=== nmea_cb line 1683 0x7315b5a0
01-06 20:15:56.374   659  1187 E LocSvc_eng: I/<=== nmea_cb line 1683 0x72341d20
01-06 20:15:56.374   659  1187 E LocSvc_eng: I/<=== nmea_cb line 1683 0x734ef2a0
01-06 20:15:56.374   659  1187 E LocSvc_eng: I/<=== nmea_cb line 1683 0x726059e8
01-06 20:15:56.374   659  1187 E LocSvc_eng: I/<=== nmea_cb line 1683 0x7277e5a8
01-06 20:15:56.384 17181 17208 W ResourceType: No known package when getting name for resource number 0xffffffff
01-06 20:15:56.384 17181 17208 D ROBOT_UTIL_ALF: -->com.facebook.widget.recycle.RecycleViewWrapper,[360.0,214.0],-1,
01-06 20:15:56.384 17181 17208 W ResourceType: No known package when getting name for resource number 0xffffffff
01-06 20:15:56.384 17181 17208 W ResourceType: No known package when getting name for resource number 0xffffffff
01-06 20:15:56.384 17181 17208 D ROBOT_UTIL_ALF: -->android.widget.LinearLayout,[360.0,214.0],-1,
01-06 20:15:56.384 17181 17208 W ResourceType: No known package when getting name for resource number 0xffffffff
01-06 20:15:56.384 17181 17208 D ROBOT_UTIL_ALF: -->android.view.View,[360.0,206.0],2131362861,feed_top_padding_ptr_spacer,
01-06 20:15:56.384 17181 17208 D ROBOT_UTIL_ALF: -->android.view.View,[360.0,262.0],2131362862,feed_top_padding_first_story_spacer,
01-06 20:15:56.384 17181 17208 D ROBOT_UTIL_ALF: OMG, cannot find view for class name:com.facebook.feed.ui.StoryContentTextView
01-06 20:15:56.414 17181 17208 W ResourceType: No known package when getting name for resource number 0xffffffff
01-06 20:15:56.414 17181 17208 D ROBOT_UTIL_ALF: -->com.facebook.widget.recycle.RecycleViewWrapper,[360.0,214.0],-1,
01-06 20:15:56.414 17181 17208 W ResourceType: No known package when getting name for resource number 0xffffffff
01-06 20:15:56.414 17181 17208 W ResourceType: No known package when getting name for resource number 0xffffffff
01-06 20:15:56.414 17181 17208 D ROBOT_UTIL_ALF: -->android.widget.LinearLayout,[360.0,214.0],-1,
01-06 20:15:56.414 17181 17208 W ResourceType: No known package when getting name for resource number 0xffffffff
01-06 20:15:56.414 17181 17208 D ROBOT_UTIL_ALF: -->android.view.View,[360.0,206.0],2131362861,feed_top_padding_ptr_spacer,
01-06 20:15:56.414 17181 17208 D ROBOT_UTIL_ALF: -->android.view.View,[360.0,262.0],2131362862,feed_top_padding_first_story_spacer,
01-06 20:15:56.414 17181 17208 D ROBOT_UTIL_ALF: OMG, cannot find view for class name:com.facebook.feed.ui.StoryContentTextView
01-06 20:15:56.444 17181 17208 W ResourceType: No known package when getting name for resource number 0xffffffff
01-06 20:15:56.444 17181 17208 D ROBOT_UTIL_ALF: -->com.facebook.widget.recycle.RecycleViewWrapper,[360.0,214.0],-1,
01-06 20:15:56.444 17181 17208 W ResourceType: No known package when getting name for resource number 0xffffffff
01-06 20:15:56.444 17181 17208 W ResourceType: No known package when getting name for resource number 0xffffffff
01-06 20:15:56.444 17181 17208 D ROBOT_UTIL_ALF: -->android.widget.LinearLayout,[360.0,214.0],-1,
01-06 20:15:56.444 17181 17208 W ResourceType: No known package when getting name for resource number 0xffffffff
01-06 20:15:56.444 17181 17208 D ROBOT_UTIL_ALF: -->android.view.View,[360.0,206.0],2131362861,feed_top_padding_ptr_spacer,
01-06 20:15:56.444 17181 17208 D ROBOT_UTIL_ALF: -->android.view.View,[360.0,262.0],2131362862,feed_top_padding_first_story_spacer,
01-06 20:15:56.454 17181 17208 D ROBOT_UTIL_ALF: OMG, cannot find view for class name:android.widget.TextView
01-06 20:15:56.454 17181 17208 D ROBOT_ALF: child at 1: com.facebook.widget.recycle.RecycleViewWrapper{424838f8 V.E..... ........ 0,111-720,1022}
01-06 20:15:56.484 17141 17141 I TCPDUMP : Packets Captured ID =1536
01-06 20:15:56.484 17141 17141 I TCPDUMP : Packets Captured ID =1537
01-06 20:15:56.484 17141 17141 I TCPDUMP : Packets Captured ID =1538
01-06 20:15:56.484 17141 17141 I TCPDUMP : Packets Captured ID =1539
01-06 20:15:56.484 17141 17141 I TCPDUMP : Packets Captured ID =1540
01-06 20:15:56.484 17141 17141 I TCPDUMP : Packets Captured ID =1541
01-06 20:15:56.484 17181 17208 W ResourceType: No known package when getting name for resource number 0xffffffff
01-06 20:15:56.484 17181 17208 D ROBOT_UTIL_ALF: -->com.facebook.widget.recycle.RecycleViewWrapper,[360.0,724.5],-1,
01-06 20:15:56.484 17181 17208 W ResourceType: No known package when getting name for resource number 0xffffffff
01-06 20:15:56.484 17181 17208 W ResourceType: No known package when getting name for resource number 0xffffffff
01-06 20:15:56.484 17181 17208 D ROBOT_UTIL_ALF: -->com.facebook.feed.ui.FeedStoryView,[360.0,724.5],-1,
01-06 20:15:56.484 17181 17208 W ResourceType: No known package when getting name for resource number 0xffffffff
01-06 20:15:56.484 17181 17208 D ROBOT_UTIL_ALF: -->android.view.View,[360.0,277.0],2131362794,feed_story_top_padding,
01-06 20:15:56.484 17181 17208 D ROBOT_UTIL_ALF: -->com.facebook.feed.ui.StoryHeaderSection,[360.0,350.0],2131362795,feed_story_header,
01-06 20:15:56.484 17181 17208 D ROBOT_UTIL_ALF: -->com.facebook.feed.ui.attachments.StoryAttachmentsSection,[360.0,757.0],2131362797,feed_story_attachments,
01-06 20:15:56.484 17181 17208 D ROBOT_UTIL_ALF: -->com.facebook.feed.ui.footer.StoryFooterSection,[360.0,1123.5],2131362804,feed_story_footer,
01-06 20:15:56.484 17181 17208 D ROBOT_UTIL_ALF: -->android.view.View,[360.0,1172.0],2131362805,feed_story_bottom_padding,
01-06 20:15:56.484 17181 17208 D ROBOT_UTIL_ALF: -->com.facebook.widget.images.UrlImage,[82.0,343.0],2131362826,feed_story_primary_actor,
01-06 20:15:56.484 17181 17208 D ROBOT_UTIL_ALF: -->android.widget.ImageView,[657.0,315.0],2131362426,feed_story_menu_button,
01-06 20:15:56.494 17181 17208 D ROBOT_UTIL_ALF: -->com.facebook.feed.ui.StoryContentTextView,[377.0,345.0],2131362828,feed_story_title,Alfred RobustNet added 2 new photos.,
01-06 20:15:56.494 17181 17208 D ROBOT_UTIL_ALF: -->android.widget.TextView,[198.5,395.0],2131362829,feed_story_info,Just Now ,
01-06 20:15:56.494 17181 17208 W ResourceType: No known package when getting name for resource number 0xffffffff
01-06 20:15:56.494 17181 17208 D ROBOT_UTIL_ALF: -->com.facebook.feed.ui.attachments.StoryAttachmentViewAlbum,[360.0,757.0],-1,
01-06 20:15:56.494 17181 17208 W ResourceType: No known package when getting name for resource number 0xffffffff
01-06 20:15:56.494 17181 17208 D ROBOT_UTIL_ALF: -->com.facebook.feed.ui.footer.DefaultFeedbackView,[360.0,1123.5],2131362825,feed_story_default_feedback_bar,
01-06 20:15:56.504 17181 17208 D ROBOT_UTIL_ALF: -->android.widget.ImageView,[82.0,343.0],2131363941,url_image_image,
01-06 20:15:56.504 17181 17208 W ResourceType: No known package when getting name for resource number 0xffffffff
01-06 20:15:56.504 17181 17208 D ROBOT_UTIL_ALF: -->android.widget.LinearLayout,[360.0,759.0],-1,
01-06 20:15:56.504 17181 17208 W ResourceType: No known package when getting name for resource number 0xffffffff
01-06 20:15:56.504 17181 17208 D ROBOT_UTIL_ALF: -->android.view.View,[360.0,1091.0],2131362852,feed_bling_bar_spacing_view,
01-06 20:15:56.504 17181 17208 D ROBOT_UTIL_ALF: -->android.view.View,[360.0,1099.5],2131362733,feed_feedback_divider,
01-06 20:15:56.504 17181 17208 D ROBOT_UTIL_ALF: -->com.facebook.feed.ui.footer.FeedbackActionButtonBar,[360.0,1132.0],2131362682,feed_feedback_container,
01-06 20:15:56.504 17181 17208 D ROBOT_UTIL_ALF: -->com.facebook.feed.photos.NewsFeedPhotoGallery,[360.0,759.0],2131362770,feed_story_image_attachments,
01-06 20:15:56.504 17181 17208 D ROBOT_UTIL_ALF: -->com.facebook.feed.ui.footer.FeedbackCustomPressStateButton,[136.0,1132.0],2131362696,feed_feedback_like_container,
01-06 20:15:56.504 17181 17208 D ROBOT_UTIL_ALF: -->com.facebook.feed.ui.footer.FeedbackCustomPressStateButton,[360.0,1132.0],2131362698,feed_feedback_comment_container,
01-06 20:15:56.504 17181 17208 D ROBOT_UTIL_ALF: -->com.facebook.feed.ui.footer.FeedbackCustomPressStateButton,[584.0,1132.0],2131362699,feed_feedback_share_container,
01-06 20:15:56.504 17181 17208 D ROBOT_UTIL_ALF: -->android.widget.FrameLayout,[360.0,759.0],2131362760,feed_gallery_item_image_container,
01-06 20:15:56.504 17181 17208 D ROBOT_UTIL_ALF: -->android.widget.FrameLayout,[1000.0,759.0],2131362760,feed_gallery_item_image_container,
01-06 20:15:56.504 17181 17208 D ROBOT_UTIL_ALF: -->android.widget.ImageView,[108.5,1131.5],2131362694,feed_feedback_action_button_icon,
01-06 20:15:56.504 17181 17208 D ROBOT_UTIL_ALF: -->android.widget.TextView,[157.5,1132.0],2131362695,feed_feedback_action_button_text,Like,
01-06 20:15:56.504 17181 17208 D ROBOT_UTIL_ALF: -->android.widget.ImageView,[301.5,1131.5],2131362694,feed_feedback_action_button_icon,
01-06 20:15:56.504 17181 17208 D ROBOT_UTIL_ALF: -->android.widget.TextView,[379.0,1132.0],2131362695,feed_feedback_action_button_text,Comment,
01-06 20:15:56.504 17181 17208 D ROBOT_UTIL_ALF: -->android.widget.ImageView,[547.5,1132.0],2131362694,feed_feedback_action_button_icon,
01-06 20:15:56.504 17181 17208 D ROBOT_UTIL_ALF: -->android.widget.TextView,[606.5,1132.0],2131362695,feed_feedback_action_button_text,Share,
01-06 20:15:56.504 17181 17208 D ROBOT_UTIL_ALF: -->com.facebook.widget.images.UrlImage,[360.0,757.0],2131362761,feed_gallery_item_image,
01-06 20:15:56.504 17181 17208 D ROBOT_UTIL_ALF: -->com.facebook.widget.images.UrlImage,[1000.0,757.0],2131362761,feed_gallery_item_image,
01-06 20:15:56.514 17181 17208 D ROBOT_UTIL_ALF: -->com.facebook.widget.images.ImageViewTouchBase,[360.0,757.0],2131363941,url_image_image,
01-06 20:15:56.514 17181 17208 W ResourceType: No known package when getting name for resource number 0xffffffff
01-06 20:15:56.514 17181 17208 D ROBOT_UTIL_ALF: -->android.widget.FrameLayout,[360.0,757.0],-1,
01-06 20:15:56.514 17181 17208 W ResourceType: No known package when getting name for resource number 0xffffffff
01-06 20:15:56.514 17181 17208 D ROBOT_UTIL_ALF: -->com.facebook.widget.images.ImageViewTouchBase,[1000.0,757.0],2131363941,url_image_image,
01-06 20:15:56.514 17181 17208 W ResourceType: No known package when getting name for resource number 0xffffffff
01-06 20:15:56.514 17181 17208 D ROBOT_UTIL_ALF: -->android.widget.FrameLayout,[1000.0,757.0],-1,
01-06 20:15:56.514 17181 17208 W ResourceType: No known package when getting name for resource number 0xffffffff
01-06 20:15:56.565 17141 17141 I TCPDUMP : Packets Captured ID =1542
01-06 20:15:56.625 17141 17141 I TCPDUMP : Packets Captured ID =1543
01-06 20:15:56.625 17141 17141 I TCPDUMP : Packets Captured ID =1544
01-06 20:15:56.625 17141 17141 I TCPDUMP : Packets Captured ID =1545
01-06 20:15:56.625 17141 17141 I TCPDUMP : Packets Captured ID =1546
01-06 20:15:56.625 17141 17141 I TCPDUMP : Packets Captured ID =1547
01-06 20:15:56.625 17141 17141 I TCPDUMP : Packets Captured ID =1548
01-06 20:15:56.625 17141 17141 I TCPDUMP : Packets Captured ID =1549
01-06 20:15:56.625 17141 17141 I TCPDUMP : Packets Captured ID =1550
01-06 20:15:56.625 17141 17141 I TCPDUMP : Packets Captured ID =1551
01-06 20:15:56.625 17141 17141 I TCPDUMP : Packets Captured ID =1552
01-06 20:15:56.625 17141 17141 I TCPDUMP : Packets Captured ID =1553
01-06 20:15:56.625 17141 17141 I TCPDUMP : Packets Captured ID =1554
01-06 20:15:56.625 17141 17141 I TCPDUMP : Packets Captured ID =1555
01-06 20:15:56.625 17141 17141 I TCPDUMP : Packets Captured ID =1556
01-06 20:15:56.625 17141 17141 I TCPDUMP : Packets Captured ID =1557
01-06 20:15:56.625 17141 17141 I TCPDUMP : Packets Captured ID =1558
01-06 20:15:56.625 17141 17141 I TCPDUMP : Packets Captured ID =1559
01-06 20:15:56.625 17141 17141 I TCPDUMP : Packets Captured ID =1560
01-06 20:15:56.625 17141 17141 I TCPDUMP : Packets Captured ID =1561
01-06 20:15:56.625 17141 17141 I TCPDUMP : Packets Captured ID =1562
01-06 20:15:56.625 17141 17141 I TCPDUMP : Packets Captured ID =1563
01-06 20:15:56.625 17141 17141 I TCPDUMP : Packets Captured ID =1564
01-06 20:15:56.625 17141 17141 I TCPDUMP : Packets Captured ID =1565
01-06 20:15:56.625 17141 17141 I TCPDUMP : Packets Captured ID =1566
01-06 20:15:56.625 17141 17141 I TCPDUMP : Packets Captured ID =1567
01-06 20:15:56.625 17141 17141 I TCPDUMP : Packets Captured ID =1568
01-06 20:15:56.625 17141 17141 I TCPDUMP : Packets Captured ID =1569
01-06 20:15:56.625 17141 17141 I TCPDUMP : Packets Captured ID =1570
01-06 20:15:56.625 17141 17141 I TCPDUMP : Packets Captured ID =1571
01-06 20:15:56.625 17141 17141 I TCPDUMP : Packets Captured ID =1572
01-06 20:15:56.625 17141 17141 I TCPDUMP : Packets Captured ID =1573
01-06 20:15:56.625 17141 17141 I TCPDUMP : Packets Captured ID =1574
01-06 20:15:56.625 17141 17141 I TCPDUMP : Packets Captured ID =1575
01-06 20:15:56.625 17141 17141 I TCPDUMP : Packets Captured ID =1576
01-06 20:15:56.625 17141 17141 I TCPDUMP : Packets Captured ID =1577
01-06 20:15:56.625 17141 17141 I TCPDUMP : Packets Captured ID =1578
01-06 20:15:56.625 17141 17141 I TCPDUMP : Packets Captured ID =1579
01-06 20:15:56.625 17141 17141 I TCPDUMP : Packets Captured ID =1580
01-06 20:15:56.625 17141 17141 I TCPDUMP : Packets Captured ID =1581
01-06 20:15:56.625 17141 17141 I TCPDUMP : Packets Captured ID =1582
01-06 20:15:56.625 17141 17141 I TCPDUMP : Packets Captured ID =1583
01-06 20:15:56.625 17141 17141 I TCPDUMP : Packets Captured ID =1584
01-06 20:15:56.625 17141 17141 I TCPDUMP : Packets Captured ID =1585
01-06 20:15:56.625 17141 17141 I TCPDUMP : Packets Captured ID =1586
01-06 20:15:56.625 17141 17141 I TCPDUMP : Packets Captured ID =1587
01-06 20:15:56.625 17141 17141 I TCPDUMP : Packets Captured ID =1588
01-06 20:15:56.625 17141 17141 I TCPDUMP : Packets Captured ID =1589
01-06 20:15:56.625 17141 17141 I TCPDUMP : Packets Captured ID =1590
01-06 20:15:56.625 17141 17141 I TCPDUMP : Packets Captured ID =1591
01-06 20:15:56.625 17141 17141 I TCPDUMP : Packets Captured ID =1592
01-06 20:15:56.625 17141 17141 I TCPDUMP : Packets Captured ID =1593
01-06 20:15:56.625 17141 17141 I TCPDUMP : Packets Captured ID =1594
01-06 20:15:56.625 17141 17141 I TCPDUMP : Packets Captured ID =1595
01-06 20:15:56.625 17141 17141 I TCPDUMP : Packets Captured ID =1596
01-06 20:15:56.625 17141 17141 I TCPDUMP : Packets Captured ID =1597
01-06 20:15:56.635 17141 17141 I TCPDUMP : Packets Captured ID =1598
01-06 20:15:56.635 17141 17141 I TCPDUMP : Packets Captured ID =1599
01-06 20:15:56.635 17141 17141 I TCPDUMP : Packets Captured ID =1600
01-06 20:15:56.635 17141 17141 I TCPDUMP : Packets Captured ID =1601
01-06 20:15:56.635 17141 17141 I TCPDUMP : Packets Captured ID =1602
01-06 20:15:56.635 17141 17141 I TCPDUMP : Packets Captured ID =1603
01-06 20:15:56.635 17141 17141 I TCPDUMP : Packets Captured ID =1604
01-06 20:15:56.635 17141 17141 I TCPDUMP : Packets Captured ID =1605
01-06 20:15:56.645 17141 17141 I TCPDUMP : Packets Captured ID =1606
01-06 20:15:56.645 17141 17141 I TCPDUMP : Packets Captured ID =1607
01-06 20:15:56.645 17141 17141 I TCPDUMP : Packets Captured ID =1608
01-06 20:15:56.645 17141 17141 I TCPDUMP : Packets Captured ID =1609
01-06 20:15:56.645 17141 17141 I TCPDUMP : Packets Captured ID =1610
01-06 20:15:56.645 17141 17141 I TCPDUMP : Packets Captured ID =1611
01-06 20:15:56.645 17141 17141 I TCPDUMP : Packets Captured ID =1612
01-06 20:15:56.645 17141 17141 I TCPDUMP : Packets Captured ID =1613
01-06 20:15:56.645 17141 17141 I TCPDUMP : Packets Captured ID =1614
01-06 20:15:56.645 17141 17141 I TCPDUMP : Packets Captured ID =1615
01-06 20:15:56.645 17141 17141 I TCPDUMP : Packets Captured ID =1616
01-06 20:15:56.655 17141 17141 I TCPDUMP : Packets Captured ID =1617
01-06 20:15:56.655 17141 17141 I TCPDUMP : Packets Captured ID =1618
01-06 20:15:56.655 17141 17141 I TCPDUMP : Packets Captured ID =1619
01-06 20:15:56.655 17141 17141 I TCPDUMP : Packets Captured ID =1620
01-06 20:15:56.655 17181 17184 D dalvikvm: GC_CONCURRENT freed 6059K, 30% free 20176K/28796K, paused 17ms+17ms, total 165ms
01-06 20:15:56.655 17181 17208 D dalvikvm: WAIT_FOR_CONCURRENT_GC blocked 140ms
01-06 20:15:56.655 17181 17287 D dalvikvm: WAIT_FOR_CONCURRENT_GC blocked 140ms
01-06 20:15:56.655 17181 17319 D dalvikvm: WAIT_FOR_CONCURRENT_GC blocked 129ms
01-06 20:15:56.655 17141 17141 I TCPDUMP : Packets Captured ID =1621
01-06 20:15:56.655 17141 17141 I TCPDUMP : Packets Captured ID =1622
01-06 20:15:56.665 17181 17328 D dalvikvm: WAIT_FOR_CONCURRENT_GC blocked 36ms
01-06 20:15:56.665 17141 17141 I TCPDUMP : Packets Captured ID =1623
01-06 20:15:56.665 17141 17141 I TCPDUMP : Packets Captured ID =1624
01-06 20:15:56.665 17141 17141 I TCPDUMP : Packets Captured ID =1625
01-06 20:15:56.665 17141 17141 I TCPDUMP : Packets Captured ID =1626
01-06 20:15:56.665 17141 17141 I TCPDUMP : Packets Captured ID =1627
01-06 20:15:56.665 17141 17141 I TCPDUMP : Packets Captured ID =1628
01-06 20:15:56.665 17141 17141 I TCPDUMP : Packets Captured ID =1629
01-06 20:15:56.665 17141 17141 I TCPDUMP : Packets Captured ID =1630
01-06 20:15:56.665 17141 17141 I TCPDUMP : Packets Captured ID =1631
01-06 20:15:56.665 17141 17141 I TCPDUMP : Packets Captured ID =1632
01-06 20:15:56.665 17141 17141 I TCPDUMP : Packets Captured ID =1633
01-06 20:15:56.665 17141 17141 I TCPDUMP : Packets Captured ID =1634
01-06 20:15:56.675 17141 17141 I TCPDUMP : Packets Captured ID =1635
01-06 20:15:56.675 17141 17141 I TCPDUMP : Packets Captured ID =1636
01-06 20:15:56.675 17141 17141 I TCPDUMP : Packets Captured ID =1637
01-06 20:15:56.675 17141 17141 I TCPDUMP : Packets Captured ID =1638
01-06 20:15:56.675 17141 17141 I TCPDUMP : Packets Captured ID =1639
01-06 20:15:56.675 17141 17141 I TCPDUMP : Packets Captured ID =1640
01-06 20:15:56.675 17141 17141 I TCPDUMP : Packets Captured ID =1641
01-06 20:15:56.675 17141 17141 I TCPDUMP : Packets Captured ID =1642
01-06 20:15:56.685 17141 17141 I TCPDUMP : Packets Captured ID =1643
01-06 20:15:56.685 17141 17141 I TCPDUMP : Packets Captured ID =1644
01-06 20:15:56.685 17141 17141 I TCPDUMP : Packets Captured ID =1645
01-06 20:15:56.685 17141 17141 I TCPDUMP : Packets Captured ID =1646
01-06 20:15:56.695 17141 17141 I TCPDUMP : Packets Captured ID =1647
01-06 20:15:56.695 17141 17141 I TCPDUMP : Packets Captured ID =1648
01-06 20:15:56.695 17141 17141 I TCPDUMP : Packets Captured ID =1649
01-06 20:15:56.695 17141 17141 I TCPDUMP : Packets Captured ID =1650
01-06 20:15:56.695 17141 17141 I TCPDUMP : Packets Captured ID =1651
01-06 20:15:56.695 17141 17141 I TCPDUMP : Packets Captured ID =1652
01-06 20:15:56.705 17141 17141 I TCPDUMP : Packets Captured ID =1653
01-06 20:15:56.705 17141 17141 I TCPDUMP : Packets Captured ID =1654
01-06 20:15:56.705 17141 17141 I TCPDUMP : Packets Captured ID =1655
01-06 20:15:56.705 17141 17141 I TCPDUMP : Packets Captured ID =1656
01-06 20:15:56.705 17141 17141 I TCPDUMP : Packets Captured ID =1657
01-06 20:15:56.705 17141 17141 I TCPDUMP : Packets Captured ID =1658
01-06 20:15:56.705 17181 17208 W ResourceType: No known package when getting name for resource number 0xffffffff
01-06 20:15:56.705 17181 17208 D ROBOT_UTIL_ALF: -->com.facebook.widget.recycle.RecycleViewWrapper,[360.0,724.5],-1,
01-06 20:15:56.705 17181 17208 W ResourceType: No known package when getting name for resource number 0xffffffff
01-06 20:15:56.705 17181 17208 W ResourceType: No known package when getting name for resource number 0xffffffff
01-06 20:15:56.705 17181 17208 D ROBOT_UTIL_ALF: -->com.facebook.feed.ui.FeedStoryView,[360.0,724.5],-1,
01-06 20:15:56.705 17181 17208 W ResourceType: No known package when getting name for resource number 0xffffffff
01-06 20:15:56.705 17181 17208 D ROBOT_UTIL_ALF: -->android.view.View,[360.0,277.0],2131362794,feed_story_top_padding,
01-06 20:15:56.705 17181 17208 D ROBOT_UTIL_ALF: -->com.facebook.feed.ui.StoryHeaderSection,[360.0,350.0],2131362795,feed_story_header,
01-06 20:15:56.715 17181 17208 D ROBOT_UTIL_ALF: -->com.facebook.feed.ui.attachments.StoryAttachmentsSection,[360.0,757.0],2131362797,feed_story_attachments,
01-06 20:15:56.715 17181 17208 D ROBOT_UTIL_ALF: -->com.facebook.feed.ui.footer.StoryFooterSection,[360.0,1123.5],2131362804,feed_story_footer,
01-06 20:15:56.715 17181 17208 D ROBOT_UTIL_ALF: -->android.view.View,[360.0,1172.0],2131362805,feed_story_bottom_padding,
01-06 20:15:56.715 17141 17141 I TCPDUMP : Packets Captured ID =1659
01-06 20:15:56.715 17141 17141 I TCPDUMP : Packets Captured ID =1660
01-06 20:15:56.715 17181 17208 D ROBOT_UTIL_ALF: -->com.facebook.widget.images.UrlImage,[82.0,343.0],2131362826,feed_story_primary_actor,
01-06 20:15:56.715 17141 17141 I TCPDUMP : Packets Captured ID =1661
01-06 20:15:56.715 17141 17141 I TCPDUMP : Packets Captured ID =1662
01-06 20:15:56.715 17181 17208 D ROBOT_UTIL_ALF: -->android.widget.ImageView,[657.0,315.0],2131362426,feed_story_menu_button,
01-06 20:15:56.715 17181 17208 D ROBOT_UTIL_ALF: -->com.facebook.feed.ui.StoryContentTextView,[377.0,345.0],2131362828,feed_story_title,Alfred RobustNet added 2 new photos.,
01-06 20:15:56.715 17181 17208 D ROBOT_UTIL_ALF: -->android.widget.TextView,[198.5,395.0],2131362829,feed_story_info,Just Now ,
01-06 20:15:56.715 17141 17141 I TCPDUMP : Packets Captured ID =1663
01-06 20:15:56.715 17181 17208 W ResourceType: No known package when getting name for resource number 0xffffffff
01-06 20:15:56.715 17141 17141 I TCPDUMP : Packets Captured ID =1664
01-06 20:15:56.715 17181 17208 D ROBOT_UTIL_ALF: -->com.facebook.feed.ui.attachments.StoryAttachmentViewAlbum,[360.0,757.0],-1,
01-06 20:15:56.715 17181 17208 W ResourceType: No known package when getting name for resource number 0xffffffff
01-06 20:15:56.725 17141 17141 I TCPDUMP : Packets Captured ID =1665
01-06 20:15:56.725 17141 17141 I TCPDUMP : Packets Captured ID =1666
01-06 20:15:56.725 17141 17141 I TCPDUMP : Packets Captured ID =1667
01-06 20:15:56.725 17141 17141 I TCPDUMP : Packets Captured ID =1668
01-06 20:15:56.725 17181 17208 D ROBOT_UTIL_ALF: -->com.facebook.feed.ui.footer.DefaultFeedbackView,[360.0,1123.5],2131362825,feed_story_default_feedback_bar,
01-06 20:15:56.725 17181 17208 D ROBOT_UTIL_ALF: -->android.widget.ImageView,[82.0,343.0],2131363941,url_image_image,
01-06 20:15:56.725 17181 17208 W ResourceType: No known package when getting name for resource number 0xffffffff
01-06 20:15:56.725 17181 17208 D ROBOT_UTIL_ALF: -->android.widget.LinearLayout,[360.0,759.0],-1,
01-06 20:15:56.725 17181 17208 W ResourceType: No known package when getting name for resource number 0xffffffff
01-06 20:15:56.725 17141 17141 I TCPDUMP : Packets Captured ID =1669
01-06 20:15:56.725 17141 17141 I TCPDUMP : Packets Captured ID =1670
01-06 20:15:56.725 17181 17208 D ROBOT_UTIL_ALF: -->android.view.View,[360.0,1091.0],2131362852,feed_bling_bar_spacing_view,
01-06 20:15:56.725 17141 17141 I TCPDUMP : Packets Captured ID =1671
01-06 20:15:56.725 17141 17141 I TCPDUMP : Packets Captured ID =1672
01-06 20:15:56.725 17181 17208 D ROBOT_UTIL_ALF: -->android.view.View,[360.0,1099.5],2131362733,feed_feedback_divider,
01-06 20:15:56.725 17181 17208 D ROBOT_UTIL_ALF: -->com.facebook.feed.ui.footer.FeedbackActionButtonBar,[360.0,1132.0],2131362682,feed_feedback_container,
01-06 20:15:56.735 17181 17208 D ROBOT_UTIL_ALF: -->com.facebook.feed.photos.NewsFeedPhotoGallery,[360.0,759.0],2131362770,feed_story_image_attachments,
01-06 20:15:56.735 17181 17208 D ROBOT_UTIL_ALF: -->com.facebook.feed.ui.footer.FeedbackCustomPressStateButton,[136.0,1132.0],2131362696,feed_feedback_like_container,
01-06 20:15:56.735 17181 17208 D ROBOT_UTIL_ALF: -->com.facebook.feed.ui.footer.FeedbackCustomPressStateButton,[360.0,1132.0],2131362698,feed_feedback_comment_container,
01-06 20:15:56.735 17141 17141 I TCPDUMP : Packets Captured ID =1673
01-06 20:15:56.735 17181 17208 D ROBOT_UTIL_ALF: -->com.facebook.feed.ui.footer.FeedbackCustomPressStateButton,[584.0,1132.0],2131362699,feed_feedback_share_container,
01-06 20:15:56.735 17141 17141 I TCPDUMP : Packets Captured ID =1674
01-06 20:15:56.735 17181 17208 D ROBOT_UTIL_ALF: -->android.widget.FrameLayout,[360.0,759.0],2131362760,feed_gallery_item_image_container,
01-06 20:15:56.735 17141 17141 I TCPDUMP : Packets Captured ID =1675
01-06 20:15:56.735 17141 17141 I TCPDUMP : Packets Captured ID =1676
01-06 20:15:56.735 17141 17141 I TCPDUMP : Packets Captured ID =1677
01-06 20:15:56.735 17181 17208 D ROBOT_UTIL_ALF: -->android.widget.FrameLayout,[1000.0,759.0],2131362760,feed_gallery_item_image_container,
01-06 20:15:56.745 17141 17141 I TCPDUMP : Packets Captured ID =1678
01-06 20:15:56.745 17181 17208 D ROBOT_UTIL_ALF: -->android.widget.ImageView,[108.5,1131.5],2131362694,feed_feedback_action_button_icon,
01-06 20:15:56.745 17181 17208 D ROBOT_UTIL_ALF: -->android.widget.TextView,[157.5,1132.0],2131362695,feed_feedback_action_button_text,Like,
01-06 20:15:56.745 17181 17208 D ROBOT_UTIL_ALF: -->android.widget.ImageView,[301.5,1131.5],2131362694,feed_feedback_action_button_icon,
01-06 20:15:56.745 17181 17208 D ROBOT_UTIL_ALF: -->android.widget.TextView,[379.0,1132.0],2131362695,feed_feedback_action_button_text,Comment,
01-06 20:15:56.745 17141 17141 I TCPDUMP : Packets Captured ID =1679
01-06 20:15:56.745 17141 17141 I TCPDUMP : Packets Captured ID =1680
01-06 20:15:56.745 17181 17208 D ROBOT_UTIL_ALF: -->android.widget.ImageView,[547.5,1132.0],2131362694,feed_feedback_action_button_icon,
01-06 20:15:56.745 17181 17208 D ROBOT_UTIL_ALF: -->android.widget.TextView,[606.5,1132.0],2131362695,feed_feedback_action_button_text,Share,
01-06 20:15:56.745 17181 17208 D ROBOT_UTIL_ALF: -->com.facebook.widget.images.UrlImage,[360.0,757.0],2131362761,feed_gallery_item_image,
01-06 20:15:56.745 17141 17141 I TCPDUMP : Packets Captured ID =1681
01-06 20:15:56.745 17141 17141 I TCPDUMP : Packets Captured ID =1682
01-06 20:15:56.745 17141 17141 I TCPDUMP : Packets Captured ID =1683
01-06 20:15:56.745 17141 17141 I TCPDUMP : Packets Captured ID =1684
01-06 20:15:56.755 17141 17141 I TCPDUMP : Packets Captured ID =1685
01-06 20:15:56.755 17181 17208 D ROBOT_UTIL_ALF: -->com.facebook.widget.images.UrlImage,[1000.0,757.0],2131362761,feed_gallery_item_image,
01-06 20:15:56.755 17141 17141 I TCPDUMP : Packets Captured ID =1686
01-06 20:15:56.755 17141 17141 I TCPDUMP : Packets Captured ID =1687
01-06 20:15:56.755 17141 17141 I TCPDUMP : Packets Captured ID =1688
01-06 20:15:56.755 17141 17141 I TCPDUMP : Packets Captured ID =1689
01-06 20:15:56.755 17141 17141 I TCPDUMP : Packets Captured ID =1690
01-06 20:15:56.755 17141 17141 I TCPDUMP : Packets Captured ID =1691
01-06 20:15:56.755 17141 17141 I TCPDUMP : Packets Captured ID =1692
01-06 20:15:56.755 17141 17141 I TCPDUMP : Packets Captured ID =1693
01-06 20:15:56.755 17141 17141 I TCPDUMP : Packets Captured ID =1694
01-06 20:15:56.755 17181 17208 D ROBOT_UTIL_ALF: -->com.facebook.widget.images.ImageViewTouchBase,[360.0,757.0],2131363941,url_image_image,
01-06 20:15:56.755 17141 17141 I TCPDUMP : Packets Captured ID =1695
01-06 20:15:56.755 17181 17208 W ResourceType: No known package when getting name for resource number 0xffffffff
01-06 20:15:56.755 17141 17141 I TCPDUMP : Packets Captured ID =1696
01-06 20:15:56.755 17141 17141 I TCPDUMP : Packets Captured ID =1697
01-06 20:15:56.755 17141 17141 I TCPDUMP : Packets Captured ID =1698
01-06 20:15:56.755 17141 17141 I TCPDUMP : Packets Captured ID =1699
01-06 20:15:56.755 17141 17141 I TCPDUMP : Packets Captured ID =1700
01-06 20:15:56.755 17181 17208 D ROBOT_UTIL_ALF: -->android.widget.FrameLayout,[360.0,757.0],-1,
01-06 20:15:56.755 17181 17208 W ResourceType: No known package when getting name for resource number 0xffffffff
01-06 20:15:56.755 17181 17208 D ROBOT_UTIL_ALF: -->com.facebook.widget.images.ImageViewTouchBase,[1000.0,757.0],2131363941,url_image_image,
01-06 20:15:56.755 17181 17208 W ResourceType: No known package when getting name for resource number 0xffffffff
01-06 20:15:56.755 17181 17208 D ROBOT_UTIL_ALF: -->android.widget.FrameLayout,[1000.0,757.0],-1,
01-06 20:15:56.755 17181 17208 W ResourceType: No known package when getting name for resource number 0xffffffff
01-06 20:15:56.765 17141 17141 I TCPDUMP : Packets Captured ID =1701
01-06 20:15:56.765 17141 17141 I TCPDUMP : Packets Captured ID =1702
01-06 20:15:56.765 17141 17141 I TCPDUMP : Packets Captured ID =1703
01-06 20:15:56.765 17141 17141 I TCPDUMP : Packets Captured ID =1704
01-06 20:15:56.765 17141 17141 I TCPDUMP : Packets Captured ID =1705
01-06 20:15:56.765 17141 17141 I TCPDUMP : Packets Captured ID =1706
01-06 20:15:56.765 17141 17141 I TCPDUMP : Packets Captured ID =1707
01-06 20:15:56.765 17141 17141 I TCPDUMP : Packets Captured ID =1708
01-06 20:15:56.765 17141 17141 I TCPDUMP : Packets Captured ID =1709
01-06 20:15:56.765 17141 17141 I TCPDUMP : Packets Captured ID =1710
01-06 20:15:56.765 17141 17141 I TCPDUMP : Packets Captured ID =1711
01-06 20:15:56.765 17141 17141 I TCPDUMP : Packets Captured ID =1712
01-06 20:15:56.775 17141 17141 I TCPDUMP : Packets Captured ID =1713
01-06 20:15:56.775 17141 17141 I TCPDUMP : Packets Captured ID =1714
01-06 20:15:56.775 17141 17141 I TCPDUMP : Packets Captured ID =1715
01-06 20:15:56.775 17141 17141 I TCPDUMP : Packets Captured ID =1716
01-06 20:15:56.775 17141 17141 I TCPDUMP : Packets Captured ID =1717
01-06 20:15:56.775 17141 17141 I TCPDUMP : Packets Captured ID =1718
01-06 20:15:56.775 17141 17141 I TCPDUMP : Packets Captured ID =1719
01-06 20:15:56.775 17141 17141 I TCPDUMP : Packets Captured ID =1720
01-06 20:15:56.775 17141 17141 I TCPDUMP : Packets Captured ID =1721
01-06 20:15:56.775 17141 17141 I TCPDUMP : Packets Captured ID =1722
01-06 20:15:56.775 17141 17141 I TCPDUMP : Packets Captured ID =1723
01-06 20:15:56.775 17141 17141 I TCPDUMP : Packets Captured ID =1724
01-06 20:15:56.775 17141 17141 I TCPDUMP : Packets Captured ID =1725
01-06 20:15:56.775 17141 17141 I TCPDUMP : Packets Captured ID =1726
01-06 20:15:56.785 17141 17141 I TCPDUMP : Packets Captured ID =1727
01-06 20:15:56.785 17141 17141 I TCPDUMP : Packets Captured ID =1728
01-06 20:15:56.785 17141 17141 I TCPDUMP : Packets Captured ID =1729
01-06 20:15:56.785 17141 17141 I TCPDUMP : Packets Captured ID =1730
01-06 20:15:56.785 17141 17141 I TCPDUMP : Packets Captured ID =1731
01-06 20:15:56.795 17141 17141 I TCPDUMP : Packets Captured ID =1732
01-06 20:15:56.795 17141 17141 I TCPDUMP : Packets Captured ID =1733
01-06 20:15:56.795 17141 17141 I TCPDUMP : Packets Captured ID =1734
01-06 20:15:56.805 17181 17208 W ResourceType: No known package when getting name for resource number 0xffffffff
01-06 20:15:56.805 17181 17208 D ROBOT_UTIL_ALF: -->com.facebook.widget.recycle.RecycleViewWrapper,[360.0,724.5],-1,
01-06 20:15:56.805 17181 17208 W ResourceType: No known package when getting name for resource number 0xffffffff
01-06 20:15:56.805 17181 17208 W ResourceType: No known package when getting name for resource number 0xffffffff
01-06 20:15:56.805 17181 17208 D ROBOT_UTIL_ALF: -->com.facebook.feed.ui.FeedStoryView,[360.0,724.5],-1,
01-06 20:15:56.805 17181 17208 W ResourceType: No known package when getting name for resource number 0xffffffff
01-06 20:15:56.805 17181 17208 D ROBOT_UTIL_ALF: -->android.view.View,[360.0,277.0],2131362794,feed_story_top_padding,
01-06 20:15:56.805 17181 17208 D ROBOT_UTIL_ALF: -->com.facebook.feed.ui.StoryHeaderSection,[360.0,350.0],2131362795,feed_story_header,
01-06 20:15:56.805 17181 17208 D ROBOT_UTIL_ALF: -->com.facebook.feed.ui.attachments.StoryAttachmentsSection,[360.0,757.0],2131362797,feed_story_attachments,
01-06 20:15:56.805 17141 17141 I TCPDUMP : Packets Captured ID =1735
01-06 20:15:56.805 17141 17141 I TCPDUMP : Packets Captured ID =1736
01-06 20:15:56.805 17181 17208 D ROBOT_UTIL_ALF: -->com.facebook.feed.ui.footer.StoryFooterSection,[360.0,1123.5],2131362804,feed_story_footer,
01-06 20:15:56.805 17181 17208 D ROBOT_UTIL_ALF: -->android.view.View,[360.0,1172.0],2131362805,feed_story_bottom_padding,
01-06 20:15:56.805 17181 17208 D ROBOT_UTIL_ALF: -->com.facebook.widget.images.UrlImage,[82.0,343.0],2131362826,feed_story_primary_actor,
01-06 20:15:56.805 17141 17141 I TCPDUMP : Packets Captured ID =1737
01-06 20:15:56.805 17141 17141 I TCPDUMP : Packets Captured ID =1738
01-06 20:15:56.805 17181 17208 D ROBOT_UTIL_ALF: -->android.widget.ImageView,[657.0,315.0],2131362426,feed_story_menu_button,
01-06 20:15:56.805 17181 17208 D ROBOT_UTIL_ALF: -->com.facebook.feed.ui.StoryContentTextView,[377.0,345.0],2131362828,feed_story_title,Alfred RobustNet added 2 new photos.,
01-06 20:15:56.805 17181 17208 D ROBOT_UTIL_ALF: -->android.widget.TextView,[198.5,395.0],2131362829,feed_story_info,Just Now ,
01-06 20:15:56.815 17181 17208 W ResourceType: No known package when getting name for resource number 0xffffffff
01-06 20:15:56.815 17181 17208 D ROBOT_UTIL_ALF: -->com.facebook.feed.ui.attachments.StoryAttachmentViewAlbum,[360.0,757.0],-1,
01-06 20:15:56.815 17181 17208 W ResourceType: No known package when getting name for resource number 0xffffffff
