01-06 20:15:48.976 17181 17208 D ROBOT_UTIL_ALF: -->android.widget.ImageView,[108.5,683.5],2131362694,feed_feedback_action_button_icon,
01-06 20:15:48.976 17181 17208 D ROBOT_UTIL_ALF: -->android.widget.TextView,[157.5,684.0],2131362695,feed_feedback_action_button_text,Like,
01-06 20:15:48.976 17181 17208 D ROBOT_UTIL_ALF: -->android.widget.ImageView,[301.5,683.5],2131362694,feed_feedback_action_button_icon,
01-06 20:15:48.976 17181 17208 D ROBOT_UTIL_ALF: -->android.widget.TextView,[379.0,684.0],2131362695,feed_feedback_action_button_text,Comment,
01-06 20:15:48.976 17181 17208 D ROBOT_UTIL_ALF: -->android.widget.ImageView,[547.5,684.0],2131362694,feed_feedback_action_button_icon,
01-06 20:15:48.976 17181 17208 D ROBOT_UTIL_ALF: -->android.widget.TextView,[606.5,684.0],2131362695,feed_feedback_action_button_text,Share,
01-06 20:15:49.036 17181 17208 W ResourceType: No known package when getting name for resource number 0xffffffff
01-06 20:15:49.036 17181 17208 W ResourceType: No known package when getting name for resource number 0xffffffff
01-06 20:15:49.036 17181 17208 W ResourceType: No known package when getting name for resource number 0xffffffff
01-06 20:15:49.036 17181 17208 W ResourceType: No known package when getting name for resource number 0xffffffff
01-06 20:15:49.047 17181 17208 W ResourceType: No known package when getting name for resource number 0xffffffff
01-06 20:15:49.047 17181 17208 W ResourceType: No known package when getting name for resource number 0xffffffff
01-06 20:15:49.047 17181 17208 W ResourceType: No known package when getting name for resource number 0xffffffff
01-06 20:15:49.047 17181 17208 W ResourceType: No known package when getting name for resource number 0xffffffff
01-06 20:15:49.047 17181 17208 W ResourceType: No known package when getting name for resource number 0xffffffff
01-06 20:15:49.167 17181 17184 D dalvikvm: GC_CONCURRENT freed 5691K, 32% free 19640K/28796K, paused 12ms+13ms, total 159ms
01-06 20:15:49.167 17181 17181 D dalvikvm: WAIT_FOR_CONCURRENT_GC blocked 127ms
01-06 20:15:49.167 17181 17208 D dalvikvm: WAIT_FOR_CONCURRENT_GC blocked 127ms
01-06 20:15:49.167 17181 17319 D dalvikvm: WAIT_FOR_CONCURRENT_GC blocked 119ms
01-06 20:15:49.197 17181 17208 W ResourceType: No known package when getting name for resource number 0xffffffff
01-06 20:15:49.197 17181 17208 D ROBOT_UTIL_ALF: -->com.facebook.widget.recycle.RecycleViewWrapper,[360.0,214.0],-1,
01-06 20:15:49.197 17181 17208 W ResourceType: No known package when getting name for resource number 0xffffffff
01-06 20:15:49.197 17181 17208 W ResourceType: No known package when getting name for resource number 0xffffffff
01-06 20:15:49.197 17181 17208 D ROBOT_UTIL_ALF: -->android.widget.LinearLayout,[360.0,214.0],-1,
01-06 20:15:49.197 17181 17208 W ResourceType: No known package when getting name for resource number 0xffffffff
01-06 20:15:49.197 17181 17208 D ROBOT_UTIL_ALF: -->android.view.View,[360.0,206.0],2131362861,feed_top_padding_ptr_spacer,
01-06 20:15:49.197 17181 17208 D ROBOT_UTIL_ALF: -->android.view.View,[360.0,262.0],2131362862,feed_top_padding_first_story_spacer,
01-06 20:15:49.197 17181 17208 D ROBOT_UTIL_ALF: OMG, cannot find view for class name:com.facebook.feed.ui.StoryContentTextView
01-06 20:15:49.217 16677 16681 D dalvikvm: GC_CONCURRENT freed 414K, 27% free 3150K/4280K, paused 10ms+2ms, total 25ms
01-06 20:15:49.237 17181 17208 W ResourceType: No known package when getting name for resource number 0xffffffff
01-06 20:15:49.237 17181 17208 D ROBOT_UTIL_ALF: -->com.facebook.widget.recycle.RecycleViewWrapper,[360.0,214.0],-1,
01-06 20:15:49.237 17181 17208 W ResourceType: No known package when getting name for resource number 0xffffffff
01-06 20:15:49.237 17181 17208 W ResourceType: No known package when getting name for resource number 0xffffffff
01-06 20:15:49.237 17181 17208 D ROBOT_UTIL_ALF: -->android.widget.LinearLayout,[360.0,214.0],-1,
01-06 20:15:49.237 17181 17208 W ResourceType: No known package when getting name for resource number 0xffffffff
01-06 20:15:49.237 17181 17208 D ROBOT_UTIL_ALF: -->android.view.View,[360.0,206.0],2131362861,feed_top_padding_ptr_spacer,
01-06 20:15:49.237 17181 17208 D ROBOT_UTIL_ALF: -->android.view.View,[360.0,262.0],2131362862,feed_top_padding_first_story_spacer,
01-06 20:15:49.237 17181 17208 D ROBOT_UTIL_ALF: OMG, cannot find view for class name:android.widget.TextView
01-06 20:15:49.267 16677 17084 W Settings: Setting airplane_mode_on has moved from android.provider.Settings.System to android.provider.Settings.Global, returning read-only value.
01-06 20:15:49.277 17181 17208 W ResourceType: No known package when getting name for resource number 0xffffffff
01-06 20:15:49.277 17181 17208 D ROBOT_UTIL_ALF: -->com.facebook.widget.recycle.RecycleViewWrapper,[360.0,500.5],-1,
01-06 20:15:49.277 17181 17208 W ResourceType: No known package when getting name for resource number 0xffffffff
01-06 20:15:49.277 17181 17208 W ResourceType: No known package when getting name for resource number 0xffffffff
01-06 20:15:49.277 17181 17208 D ROBOT_UTIL_ALF: -->com.facebook.feed.ui.FeedStoryView,[360.0,500.5],-1,
01-06 20:15:49.277 17181 17208 W ResourceType: No known package when getting name for resource number 0xffffffff
01-06 20:15:49.277 17181 17208 D ROBOT_UTIL_ALF: -->android.view.View,[360.0,277.0],2131362794,feed_story_top_padding,
01-06 20:15:49.277 17181 17208 D ROBOT_UTIL_ALF: -->com.facebook.feed.ui.StoryHeaderSection,[360.0,334.0],2131362795,feed_story_header,
01-06 20:15:49.277 17181 17208 D ROBOT_UTIL_ALF: -->com.facebook.feed.ui.StoryContentTextView,[360.0,483.0],2131362796,feed_story_message,For the second time in two years, the department of homeland security has lost their records that I'm studying in the US. At least I'm through,  I guess.,
01-06 20:15:49.287 17181 17208 D ROBOT_UTIL_ALF: -->com.facebook.feed.ui.footer.StoryFooterSection,[360.0,643.5],2131362804,feed_story_footer,
01-06 20:15:49.287 17181 17208 D ROBOT_UTIL_ALF: -->android.view.View,[360.0,724.0],2131362805,feed_story_bottom_padding,
01-06 20:15:49.287 17181 17208 D ROBOT_UTIL_ALF: -->com.facebook.widget.images.UrlImage,[82.0,343.0],2131362826,feed_story_primary_actor,
01-06 20:15:49.287 17181 17208 D ROBOT_UTIL_ALF: -->android.widget.ImageView,[657.0,315.0],2131362426,feed_story_menu_button,
01-06 20:15:49.287 17181 17208 D ROBOT_UTIL_ALF: -->com.facebook.feed.ui.StoryContentTextView,[218.0,327.0],2131362828,feed_story_title,Sanae Rosen,
01-06 20:15:49.287 17181 17208 D ROBOT_UTIL_ALF: -->android.widget.TextView,[237.0,359.0],2131362829,feed_story_info,Sun at 10:01AM ,
01-06 20:15:49.287 17181 17208 D ROBOT_UTIL_ALF: -->com.facebook.feed.ui.footer.DefaultFeedbackView,[360.0,643.5],2131362825,feed_story_default_feedback_bar,
01-06 20:15:49.287 17181 17208 D ROBOT_UTIL_ALF: -->android.widget.ImageView,[82.0,343.0],2131363941,url_image_image,
01-06 20:15:49.287 17181 17208 D ROBOT_UTIL_ALF: -->android.widget.LinearLayout,[156.5,603.0],2131362863,feed_feedback_bling_bar,
01-06 20:15:49.297 17181 17208 D ROBOT_UTIL_ALF: -->android.view.View,[360.0,643.0],2131362852,feed_bling_bar_spacing_view,
01-06 20:15:49.297 17181 17208 D ROBOT_UTIL_ALF: -->android.view.View,[360.0,651.5],2131362733,feed_feedback_divider,
01-06 20:15:49.297 17181 17208 D ROBOT_UTIL_ALF: -->com.facebook.feed.ui.footer.FeedbackActionButtonBar,[360.0,684.0],2131362682,feed_feedback_container,
01-06 20:15:49.297 17181 17208 D ROBOT_UTIL_ALF: -->android.widget.LinearLayout,[156.5,603.0],2131362864,feed_feedback_bling_bar_container,
01-06 20:15:49.297 17181 17208 D ROBOT_UTIL_ALF: -->com.facebook.feed.ui.footer.FeedbackCustomPressStateButton,[136.0,684.0],2131362696,feed_feedback_like_container,
01-06 20:15:49.297 17181 17208 D ROBOT_UTIL_ALF: -->com.facebook.feed.ui.footer.FeedbackCustomPressStateButton,[360.0,684.0],2131362698,feed_feedback_comment_container,
01-06 20:15:49.297 17181 17208 D ROBOT_UTIL_ALF: -->com.facebook.feed.ui.footer.FeedbackCustomPressStateButton,[584.0,684.0],2131362699,feed_feedback_share_container,
01-06 20:15:49.307 17181 17208 D ROBOT_UTIL_ALF: -->android.widget.TextView,[77.0,603.0],2131362865,feed_feedback_likers_text,1 like,
01-06 20:15:49.307 17181 17208 D ROBOT_UTIL_ALF: -->android.widget.TextView,[197.5,603.0],2131362867,feed_feedback_commenters_text,9 comments,
01-06 20:15:49.307 17181 17208 D ROBOT_UTIL_ALF: -->android.widget.ImageView,[108.5,683.5],2131362694,feed_feedback_action_button_icon,
01-06 20:15:49.307 17181 17208 D ROBOT_UTIL_ALF: -->android.widget.TextView,[157.5,684.0],2131362695,feed_feedback_action_button_text,Like,
01-06 20:15:49.307 17181 17208 D ROBOT_UTIL_ALF: -->android.widget.ImageView,[301.5,683.5],2131362694,feed_feedback_action_button_icon,
01-06 20:15:49.307 17181 17208 D ROBOT_UTIL_ALF: -->android.widget.TextView,[379.0,684.0],2131362695,feed_feedback_action_button_text,Comment,
01-06 20:15:49.307 17181 17208 D ROBOT_UTIL_ALF: -->android.widget.ImageView,[547.5,684.0],2131362694,feed_feedback_action_button_icon,
01-06 20:15:49.307 17181 17208 D ROBOT_UTIL_ALF: -->android.widget.TextView,[606.5,684.0],2131362695,feed_feedback_action_button_text,Share,
01-06 20:15:49.317   659  1237 E LocSvc_adapter: I/<--- void globalEventCb(locClientHandleType, uint32_t, locClientEventIndUnionType, void*) line 88 QMI_LOC_EVENT_NMEA_IND_V02
01-06 20:15:49.317   659  1187 E LocSvc_eng: I/<=== nmea_cb line 1683 0x72c74b80
01-06 20:15:49.317   659  1237 E LocSvc_adapter: I/<--- void globalEventCb(locClientHandleType, uint32_t, locClientEventIndUnionType, void*) line 88 QMI_LOC_EVENT_NMEA_IND_V02
01-06 20:15:49.317   659  1187 E LocSvc_eng: I/<=== nmea_cb line 1683 0x7421f468
01-06 20:15:49.317   659  1237 E LocSvc_adapter: I/<--- void globalEventCb(locClientHandleType, uint32_t, locClientEventIndUnionType, void*) line 88 QMI_LOC_EVENT_NMEA_IND_V02
01-06 20:15:49.317   659  1187 E LocSvc_eng: I/<=== nmea_cb line 1683 0x7421f468
01-06 20:15:49.317   659  1237 E LocSvc_adapter: I/<--- void globalEventCb(locClientHandleType, uint32_t, locClientEventIndUnionType, void*) line 88 QMI_LOC_EVENT_NMEA_IND_V02
01-06 20:15:49.317   659  1187 E LocSvc_eng: I/<=== nmea_cb line 1683 0x72c74b80
01-06 20:15:49.327   659  1237 E LocSvc_adapter: I/<--- void globalEventCb(locClientHandleType, uint32_t, locClientEventIndUnionType, void*) line 88 QMI_LOC_EVENT_GNSS_SV_INFO_IND_V02
01-06 20:15:49.327   659  1237 E LocSvc_adapter: I/num sv: 12    ephemeris mask: 40960    almanac mask: a000    used in fix mask: 0
01-06 20:15:49.327   659  1237 E LocSvc_adapter:       sv: prn         snr       elevation      azimuth
01-06 20:15:49.357 17181 17208 W ResourceType: No known package when getting name for resource number 0xffffffff
01-06 20:15:49.357 17181 17208 D ROBOT_UTIL_ALF: -->com.facebook.widget.recycle.RecycleViewWrapper,[360.0,500.5],-1,
01-06 20:15:49.357 17181 17208 W ResourceType: No known package when getting name for resource number 0xffffffff
01-06 20:15:49.357 17181 17208 W ResourceType: No known package when getting name for resource number 0xffffffff
01-06 20:15:49.357 17181 17208 D ROBOT_UTIL_ALF: -->com.facebook.feed.ui.FeedStoryView,[360.0,500.5],-1,
01-06 20:15:49.357 17181 17208 W ResourceType: No known package when getting name for resource number 0xffffffff
01-06 20:15:49.357 17181 17208 D ROBOT_UTIL_ALF: -->android.view.View,[360.0,277.0],2131362794,feed_story_top_padding,
01-06 20:15:49.357 17181 17208 D ROBOT_UTIL_ALF: -->com.facebook.feed.ui.StoryHeaderSection,[360.0,334.0],2131362795,feed_story_header,
01-06 20:15:49.357 17181 17208 D ROBOT_UTIL_ALF: -->com.facebook.feed.ui.StoryContentTextView,[360.0,483.0],2131362796,feed_story_message,For the second time in two years, the department of homeland security has lost their records that I'm studying in the US. At least I'm through,  I guess.,
01-06 20:15:49.357 17181 17208 D ROBOT_UTIL_ALF: -->com.facebook.feed.ui.footer.StoryFooterSection,[360.0,643.5],2131362804,feed_story_footer,
01-06 20:15:49.367 17181 17208 D ROBOT_UTIL_ALF: -->android.view.View,[360.0,724.0],2131362805,feed_story_bottom_padding,
01-06 20:15:49.367 17181 17208 D ROBOT_UTIL_ALF: -->com.facebook.widget.images.UrlImage,[82.0,343.0],2131362826,feed_story_primary_actor,
01-06 20:15:49.367 17181 17208 D ROBOT_UTIL_ALF: -->android.widget.ImageView,[657.0,315.0],2131362426,feed_story_menu_button,
01-06 20:15:49.367 17181 17208 D ROBOT_UTIL_ALF: -->com.facebook.feed.ui.StoryContentTextView,[218.0,327.0],2131362828,feed_story_title,Sanae Rosen,
01-06 20:15:49.367 17181 17208 D ROBOT_UTIL_ALF: -->android.widget.TextView,[237.0,359.0],2131362829,feed_story_info,Sun at 10:01AM ,
01-06 20:15:49.367 17181 17208 D ROBOT_UTIL_ALF: -->com.facebook.feed.ui.footer.DefaultFeedbackView,[360.0,643.5],2131362825,feed_story_default_feedback_bar,
01-06 20:15:49.367 17181 17208 D ROBOT_UTIL_ALF: -->android.widget.ImageView,[82.0,343.0],2131363941,url_image_image,
01-06 20:15:49.367 17181 17208 D ROBOT_UTIL_ALF: -->android.widget.LinearLayout,[156.5,603.0],2131362863,feed_feedback_bling_bar,
01-06 20:15:49.367 17181 17208 D ROBOT_UTIL_ALF: -->android.view.View,[360.0,643.0],2131362852,feed_bling_bar_spacing_view,
01-06 20:15:49.367 17181 17208 D ROBOT_UTIL_ALF: -->android.view.View,[360.0,651.5],2131362733,feed_feedback_divider,
01-06 20:15:49.367 17181 17208 D ROBOT_UTIL_ALF: -->com.facebook.feed.ui.footer.FeedbackActionButtonBar,[360.0,684.0],2131362682,feed_feedback_container,
01-06 20:15:49.367 17181 17208 D ROBOT_UTIL_ALF: -->android.widget.LinearLayout,[156.5,603.0],2131362864,feed_feedback_bling_bar_container,
01-06 20:15:49.367 17181 17208 D ROBOT_UTIL_ALF: -->com.facebook.feed.ui.footer.FeedbackCustomPressStateButton,[136.0,684.0],2131362696,feed_feedback_like_container,
01-06 20:15:49.367   659  1237 E LocSvc_adapter: I/<--- void globalEventCb(locClientHandleType, uint32_t, locClientEventIndUnionType, void*) line 88 QMI_LOC_EVENT_NMEA_IND_V02
01-06 20:15:49.367   659  1187 E LocSvc_eng: I/<=== nmea_cb line 1683 0x731692b8
01-06 20:15:49.367   659  1237 E LocSvc_adapter: I/<--- void globalEventCb(locClientHandleType, uint32_t, locClientEventIndUnionType, void*) line 88 QMI_LOC_EVENT_NMEA_IND_V02
01-06 20:15:49.367   659  1187 E LocSvc_eng: I/<=== nmea_cb line 1683 0x7369b638
01-06 20:15:49.367   659  1237 E LocSvc_adapter: I/<--- void globalEventCb(locClientHandleType, uint32_t, locClientEventIndUnionType, void*) line 88 QMI_LOC_EVENT_NMEA_IND_V02
01-06 20:15:49.367   659  1187 E LocSvc_eng: I/<=== nmea_cb line 1683 0x7304ce20
01-06 20:15:49.367   659  1237 E LocSvc_adapter: I/<--- void globalEventCb(locClientHandleType, uint32_t, locClientEventIndUnionType, void*) line 88 QMI_LOC_EVENT_NMEA_IND_V02
01-06 20:15:49.367   659  1187 E LocSvc_eng: I/<=== nmea_cb line 1683 0x7304ce20
01-06 20:15:49.367   659  1237 E LocSvc_adapter: I/<--- void globalEventCb(locClientHandleType, uint32_t, locClientEventIndUnionType, void*) line 88 QMI_LOC_EVENT_NMEA_IND_V02
01-06 20:15:49.367   659  1187 E LocSvc_eng: I/<=== nmea_cb line 1683 0x731692b8
01-06 20:15:49.367   659  1237 E LocSvc_adapter: I/<--- void globalEventCb(locClientHandleType, uint32_t, locClientEventIndUnionType, void*) line 88 QMI_LOC_EVENT_NMEA_IND_V02
01-06 20:15:49.367   659  1187 E LocSvc_eng: I/<=== nmea_cb line 1683 0x7369b638
01-06 20:15:49.367   659  1237 E LocSvc_adapter: I/<--- void globalEventCb(locClientHandleType, uint32_t, locClientEventIndUnionType, void*) line 88 QMI_LOC_EVENT_POSITION_REPORT_IND_V02
01-06 20:15:49.367 17181 17208 D ROBOT_UTIL_ALF: -->com.facebook.feed.ui.footer.FeedbackCustomPressStateButton,[360.0,684.0],2131362698,feed_feedback_comment_container,
01-06 20:15:49.377 17181 17208 D ROBOT_UTIL_ALF: -->com.facebook.feed.ui.footer.FeedbackCustomPressStateButton,[584.0,684.0],2131362699,feed_feedback_share_container,
01-06 20:15:49.377 17181 17208 D ROBOT_UTIL_ALF: -->android.widget.TextView,[77.0,603.0],2131362865,feed_feedback_likers_text,1 like,
01-06 20:15:49.377 17181 17208 D ROBOT_UTIL_ALF: -->android.widget.TextView,[197.5,603.0],2131362867,feed_feedback_commenters_text,9 comments,
01-06 20:15:49.377 17181 17208 D ROBOT_UTIL_ALF: -->android.widget.ImageView,[108.5,683.5],2131362694,feed_feedback_action_button_icon,
01-06 20:15:49.377 17181 17208 D ROBOT_UTIL_ALF: -->android.widget.TextView,[157.5,684.0],2131362695,feed_feedback_action_button_text,Like,
01-06 20:15:49.377 17181 17208 D ROBOT_UTIL_ALF: -->android.widget.ImageView,[301.5,683.5],2131362694,feed_feedback_action_button_icon,
01-06 20:15:49.377 17181 17208 D ROBOT_UTIL_ALF: -->android.widget.TextView,[379.0,684.0],2131362695,feed_feedback_action_button_text,Comment,
01-06 20:15:49.377 17181 17208 D ROBOT_UTIL_ALF: -->android.widget.ImageView,[547.5,684.0],2131362694,feed_feedback_action_button_icon,
01-06 20:15:49.377 17181 17208 D ROBOT_UTIL_ALF: -->android.widget.TextView,[606.5,684.0],2131362695,feed_feedback_action_button_text,Share,
01-06 20:15:49.397 17141 17141 I TCPDUMP : Packets Captured ID =1322
01-06 20:15:49.397 17141 17141 I TCPDUMP : Packets Captured ID =1323
01-06 20:15:49.397 17141 17141 I TCPDUMP : Packets Captured ID =1324
01-06 20:15:49.397 17141 17141 I TCPDUMP : Packets Captured ID =1325
01-06 20:15:49.407 17141 17141 I TCPDUMP : Packets Captured ID =1326
01-06 20:15:49.407 17141 17141 I TCPDUMP : Packets Captured ID =1327
01-06 20:15:49.407 17181 17208 W ResourceType: No known package when getting name for resource number 0xffffffff
01-06 20:15:49.407 17141 17141 I TCPDUMP : Packets Captured ID =1328
01-06 20:15:49.407 17141 17141 I TCPDUMP : Packets Captured ID =1329
01-06 20:15:49.407 17181 17208 W ResourceType: No known package when getting name for resource number 0xffffffff
01-06 20:15:49.407 17141 17141 I TCPDUMP : Packets Captured ID =1330
01-06 20:15:49.407 17141 17141 I TCPDUMP : Packets Captured ID =1331
01-06 20:15:49.407 17181 17208 W ResourceType: No known package when getting name for resource number 0xffffffff
01-06 20:15:49.417 17181 17208 W ResourceType: No known package when getting name for resource number 0xffffffff
01-06 20:15:49.417 17181 17208 W ResourceType: No known package when getting name for resource number 0xffffffff
01-06 20:15:49.417 17181 17208 W ResourceType: No known package when getting name for resource number 0xffffffff
01-06 20:15:49.417 17181 17208 W ResourceType: No known package when getting name for resource number 0xffffffff
01-06 20:15:49.427 17181 17208 W ResourceType: No known package when getting name for resource number 0xffffffff
01-06 20:15:49.427 17181 17208 W ResourceType: No known package when getting name for resource number 0xffffffff
01-06 20:15:49.437 17141 17141 I TCPDUMP : Packets Captured ID =1332
01-06 20:15:49.437 17141 17141 I TCPDUMP : Packets Captured ID =1333
01-06 20:15:49.437 17141 17141 I TCPDUMP : Packets Captured ID =1334
01-06 20:15:49.437 17141 17141 I TCPDUMP : Packets Captured ID =1335
01-06 20:15:49.437 17141 17141 I TCPDUMP : Packets Captured ID =1336
01-06 20:15:49.437 17141 17141 I TCPDUMP : Packets Captured ID =1337
01-06 20:15:49.437 17141 17141 I TCPDUMP : Packets Captured ID =1338
01-06 20:15:49.437 17141 17141 I TCPDUMP : Packets Captured ID =1339
01-06 20:15:49.437 17141 17141 I TCPDUMP : Packets Captured ID =1340
01-06 20:15:49.437 17141 17141 I TCPDUMP : Packets Captured ID =1341
01-06 20:15:49.437 17141 17141 I TCPDUMP : Packets Captured ID =1342
01-06 20:15:49.437 17141 17141 I TCPDUMP : Packets Captured ID =1343
01-06 20:15:49.437 17141 17141 I TCPDUMP : Packets Captured ID =1344
01-06 20:15:49.447 17141 17141 I TCPDUMP : Packets Captured ID =1345
01-06 20:15:49.447 17141 17141 I TCPDUMP : Packets Captured ID =1346
01-06 20:15:49.447 17141 17141 I TCPDUMP : Packets Captured ID =1347
01-06 20:15:49.447 17141 17141 I TCPDUMP : Packets Captured ID =1348
01-06 20:15:49.447 17141 17141 I TCPDUMP : Packets Captured ID =1349
01-06 20:15:49.447 17141 17141 I TCPDUMP : Packets Captured ID =1350
01-06 20:15:49.447 17141 17141 I TCPDUMP : Packets Captured ID =1351
01-06 20:15:49.447 17141 17141 I TCPDUMP : Packets Captured ID =1352
01-06 20:15:49.447 17141 17141 I TCPDUMP : Packets Captured ID =1353
01-06 20:15:49.447 17141 17141 I TCPDUMP : Packets Captured ID =1354
01-06 20:15:49.467 17141 17141 I TCPDUMP : Packets Captured ID =1355
01-06 20:15:49.467 17141 17141 I TCPDUMP : Packets Captured ID =1356
01-06 20:15:49.467 17141 17141 I TCPDUMP : Packets Captured ID =1357
01-06 20:15:49.467 17181 17208 W ResourceType: No known package when getting name for resource number 0xffffffff
01-06 20:15:49.467 17181 17208 D ROBOT_UTIL_ALF: -->com.facebook.widget.recycle.RecycleViewWrapper,[360.0,214.0],-1,
01-06 20:15:49.467 17181 17208 W ResourceType: No known package when getting name for resource number 0xffffffff
01-06 20:15:49.467 17181 17208 W ResourceType: No known package when getting name for resource number 0xffffffff
01-06 20:15:49.467 17181 17208 D ROBOT_UTIL_ALF: -->android.widget.LinearLayout,[360.0,214.0],-1,
01-06 20:15:49.467 17181 17208 W ResourceType: No known package when getting name for resource number 0xffffffff
01-06 20:15:49.467 17181 17208 D ROBOT_UTIL_ALF: -->android.view.View,[360.0,206.0],2131362861,feed_top_padding_ptr_spacer,
01-06 20:15:49.467 17181 17208 D ROBOT_UTIL_ALF: -->android.view.View,[360.0,262.0],2131362862,feed_top_padding_first_story_spacer,
01-06 20:15:49.467 17181 17208 D ROBOT_UTIL_ALF: OMG, cannot find view for class name:com.facebook.feed.ui.StoryContentTextView
01-06 20:15:49.467 17141 17141 I TCPDUMP : Packets Captured ID =1358
01-06 20:15:49.467 17141 17141 I TCPDUMP : Packets Captured ID =1359
01-06 20:15:49.467 17141 17141 I TCPDUMP : Packets Captured ID =1360
01-06 20:15:49.467 17141 17141 I TCPDUMP : Packets Captured ID =1361
01-06 20:15:49.467 17141 17141 I TCPDUMP : Packets Captured ID =1362
01-06 20:15:49.467 17141 17141 I TCPDUMP : Packets Captured ID =1363
01-06 20:15:49.477 17141 17141 I TCPDUMP : Packets Captured ID =1364
01-06 20:15:49.477 17141 17141 I TCPDUMP : Packets Captured ID =1365
01-06 20:15:49.477 17141 17141 I TCPDUMP : Packets Captured ID =1366
01-06 20:15:49.477 17141 17141 I TCPDUMP : Packets Captured ID =1367
01-06 20:15:49.477 17141 17141 I TCPDUMP : Packets Captured ID =1368
01-06 20:15:49.477 17141 17141 I TCPDUMP : Packets Captured ID =1369
01-06 20:15:49.477 17141 17141 I TCPDUMP : Packets Captured ID =1370
01-06 20:15:49.477 17141 17141 I TCPDUMP : Packets Captured ID =1371
01-06 20:15:49.477 17141 17141 I TCPDUMP : Packets Captured ID =1372
01-06 20:15:49.477 17141 17141 I TCPDUMP : Packets Captured ID =1373
01-06 20:15:49.477 17141 17141 I TCPDUMP : Packets Captured ID =1374
01-06 20:15:49.477 17141 17141 I TCPDUMP : Packets Captured ID =1375
01-06 20:15:49.477 17141 17141 I TCPDUMP : Packets Captured ID =1376
01-06 20:15:49.477 17141 17141 I TCPDUMP : Packets Captured ID =1377
01-06 20:15:49.477 17141 17141 I TCPDUMP : Packets Captured ID =1378
01-06 20:15:49.477 17141 17141 I TCPDUMP : Packets Captured ID =1379
01-06 20:15:49.477 17141 17141 I TCPDUMP : Packets Captured ID =1380
01-06 20:15:49.477 17141 17141 I TCPDUMP : Packets Captured ID =1381
01-06 20:15:49.477 17141 17141 I TCPDUMP : Packets Captured ID =1382
01-06 20:15:49.477 17141 17141 I TCPDUMP : Packets Captured ID =1383
01-06 20:15:49.477 17141 17141 I TCPDUMP : Packets Captured ID =1384
01-06 20:15:49.477 17141 17141 I TCPDUMP : Packets Captured ID =1385
01-06 20:15:49.477 17141 17141 I TCPDUMP : Packets Captured ID =1386
01-06 20:15:49.477 17141 17141 I TCPDUMP : Packets Captured ID =1387
01-06 20:15:49.487 17141 17141 I TCPDUMP : Packets Captured ID =1388
01-06 20:15:49.487 17141 17141 I TCPDUMP : Packets Captured ID =1389
01-06 20:15:49.487 17141 17141 I TCPDUMP : Packets Captured ID =1390
01-06 20:15:49.487 17141 17141 I TCPDUMP : Packets Captured ID =1391
01-06 20:15:49.487 17141 17141 I TCPDUMP : Packets Captured ID =1392
01-06 20:15:49.487 17141 17141 I TCPDUMP : Packets Captured ID =1393
01-06 20:15:49.487 17141 17141 I TCPDUMP : Packets Captured ID =1394
01-06 20:15:49.497 17141 17141 I TCPDUMP : Packets Captured ID =1395
01-06 20:15:49.497 17141 17141 I TCPDUMP : Packets Captured ID =1396
01-06 20:15:49.497 17141 17141 I TCPDUMP : Packets Captured ID =1397
01-06 20:15:49.497 17141 17141 I TCPDUMP : Packets Captured ID =1398
01-06 20:15:49.497 17141 17141 I TCPDUMP : Packets Captured ID =1399
01-06 20:15:49.497 17141 17141 I TCPDUMP : Packets Captured ID =1400
01-06 20:15:49.497 17141 17141 I TCPDUMP : Packets Captured ID =1401
01-06 20:15:49.497 17141 17141 I TCPDUMP : Packets Captured ID =1402
01-06 20:15:49.497 17141 17141 I TCPDUMP : Packets Captured ID =1403
01-06 20:15:49.497 17141 17141 I TCPDUMP : Packets Captured ID =1404
01-06 20:15:49.497 17141 17141 I TCPDUMP : Packets Captured ID =1405
01-06 20:15:49.507 17141 17141 I TCPDUMP : Packets Captured ID =1406
01-06 20:15:49.507 17141 17141 I TCPDUMP : Packets Captured ID =1407
01-06 20:15:49.507 17141 17141 I TCPDUMP : Packets Captured ID =1408
01-06 20:15:49.507 17141 17141 I TCPDUMP : Packets Captured ID =1409
01-06 20:15:49.507 17141 17141 I TCPDUMP : Packets Captured ID =1410
01-06 20:15:49.507 17141 17141 I TCPDUMP : Packets Captured ID =1411
01-06 20:15:49.507 17141 17141 I TCPDUMP : Packets Captured ID =1412
01-06 20:15:49.507 17141 17141 I TCPDUMP : Packets Captured ID =1413
01-06 20:15:49.507 17141 17141 I TCPDUMP : Packets Captured ID =1414
01-06 20:15:49.507 17141 17141 I TCPDUMP : Packets Captured ID =1415
01-06 20:15:49.507 17141 17141 I TCPDUMP : Packets Captured ID =1416
01-06 20:15:49.507 17141 17141 I TCPDUMP : Packets Captured ID =1417
01-06 20:15:49.507 17141 17141 I TCPDUMP : Packets Captured ID =1418
01-06 20:15:49.507 17141 17141 I TCPDUMP : Packets Captured ID =1419
01-06 20:15:49.507 17141 17141 I TCPDUMP : Packets Captured ID =1420
01-06 20:15:49.507 17141 17141 I TCPDUMP : Packets Captured ID =1421
01-06 20:15:49.507 17141 17141 I TCPDUMP : Packets Captured ID =1422
01-06 20:15:49.507 17141 17141 I TCPDUMP : Packets Captured ID =1423
01-06 20:15:49.507 17141 17141 I TCPDUMP : Packets Captured ID =1424
01-06 20:15:49.507 17141 17141 I TCPDUMP : Packets Captured ID =1425
01-06 20:15:49.507 17141 17141 I TCPDUMP : Packets Captured ID =1426
01-06 20:15:49.507 17141 17141 I TCPDUMP : Packets Captured ID =1427
01-06 20:15:49.517 17181 17208 W ResourceType: No known package when getting name for resource number 0xffffffff
01-06 20:15:49.517 17181 17208 D ROBOT_UTIL_ALF: -->com.facebook.widget.recycle.RecycleViewWrapper,[360.0,214.0],-1,
01-06 20:15:49.517 17181 17208 W ResourceType: No known package when getting name for resource number 0xffffffff
01-06 20:15:49.517 17181 17208 W ResourceType: No known package when getting name for resource number 0xffffffff
01-06 20:15:49.517 17181 17208 D ROBOT_UTIL_ALF: -->android.widget.LinearLayout,[360.0,214.0],-1,
01-06 20:15:49.517 17181 17208 W ResourceType: No known package when getting name for resource number 0xffffffff
01-06 20:15:49.517 17181 17208 D ROBOT_UTIL_ALF: -->android.view.View,[360.0,206.0],2131362861,feed_top_padding_ptr_spacer,
01-06 20:15:49.517 17181 17208 D ROBOT_UTIL_ALF: -->android.view.View,[360.0,262.0],2131362862,feed_top_padding_first_story_spacer,
01-06 20:15:49.517 17181 17208 D ROBOT_UTIL_ALF: OMG, cannot find view for class name:android.widget.TextView
01-06 20:15:49.527 17141 17141 I TCPDUMP : Packets Captured ID =1428
01-06 20:15:49.527 17141 17141 I TCPDUMP : Packets Captured ID =1429
01-06 20:15:49.537 17141 17141 I TCPDUMP : Packets Captured ID =1430
01-06 20:15:49.537 17141 17141 I TCPDUMP : Packets Captured ID =1431
01-06 20:15:49.537 17141 17141 I TCPDUMP : Packets Captured ID =1432
01-06 20:15:49.547 17141 17141 I TCPDUMP : Packets Captured ID =1433
01-06 20:15:49.547 17141 17141 I TCPDUMP : Packets Captured ID =1434
01-06 20:15:49.547 17181 17208 W ResourceType: No known package when getting name for resource number 0xffffffff
01-06 20:15:49.547 17181 17208 D ROBOT_UTIL_ALF: -->com.facebook.widget.recycle.RecycleViewWrapper,[360.0,500.5],-1,
01-06 20:15:49.547 17181 17208 W ResourceType: No known package when getting name for resource number 0xffffffff
01-06 20:15:49.547 17181 17208 W ResourceType: No known package when getting name for resource number 0xffffffff
01-06 20:15:49.547 17181 17208 D ROBOT_UTIL_ALF: -->com.facebook.feed.ui.FeedStoryView,[360.0,500.5],-1,
01-06 20:15:49.547 17181 17208 W ResourceType: No known package when getting name for resource number 0xffffffff
01-06 20:15:49.547 17181 17208 D ROBOT_UTIL_ALF: -->android.view.View,[360.0,277.0],2131362794,feed_story_top_padding,
01-06 20:15:49.547 17181 17208 D ROBOT_UTIL_ALF: -->com.facebook.feed.ui.StoryHeaderSection,[360.0,334.0],2131362795,feed_story_header,
01-06 20:15:49.547 17181 17208 D ROBOT_UTIL_ALF: -->com.facebook.feed.ui.StoryContentTextView,[360.0,483.0],2131362796,feed_story_message,For the second time in two years, the department of homeland security has lost their records that I'm studying in the US. At least I'm through,  I guess.,
01-06 20:15:49.547 17181 17208 D ROBOT_UTIL_ALF: -->com.facebook.feed.ui.footer.StoryFooterSection,[360.0,643.5],2131362804,feed_story_footer,
01-06 20:15:49.547 17181 17208 D ROBOT_UTIL_ALF: -->android.view.View,[360.0,724.0],2131362805,feed_story_bottom_padding,
01-06 20:15:49.547 17181 17208 D ROBOT_UTIL_ALF: -->com.facebook.widget.images.UrlImage,[82.0,343.0],2131362826,feed_story_primary_actor,
01-06 20:15:49.557 17181 17208 D ROBOT_UTIL_ALF: -->android.widget.ImageView,[657.0,315.0],2131362426,feed_story_menu_button,
01-06 20:15:49.557 17181 17208 D ROBOT_UTIL_ALF: -->com.facebook.feed.ui.StoryContentTextView,[218.0,327.0],2131362828,feed_story_title,Sanae Rosen,
01-06 20:15:49.557 17181 17208 D ROBOT_UTIL_ALF: -->android.widget.TextView,[237.0,359.0],2131362829,feed_story_info,Sun at 10:01AM ,
01-06 20:15:49.557 17181 17208 D ROBOT_UTIL_ALF: -->com.facebook.feed.ui.footer.DefaultFeedbackView,[360.0,643.5],2131362825,feed_story_default_feedback_bar,
01-06 20:15:49.557 17181 17208 D ROBOT_UTIL_ALF: -->android.widget.ImageView,[82.0,343.0],2131363941,url_image_image,
01-06 20:15:49.557 17181 17208 D ROBOT_UTIL_ALF: -->android.widget.LinearLayout,[156.5,603.0],2131362863,feed_feedback_bling_bar,
01-06 20:15:49.557 17181 17208 D ROBOT_UTIL_ALF: -->android.view.View,[360.0,643.0],2131362852,feed_bling_bar_spacing_view,
01-06 20:15:49.557 17181 17208 D ROBOT_UTIL_ALF: -->android.view.View,[360.0,651.5],2131362733,feed_feedback_divider,
01-06 20:15:49.557 17181 17208 D ROBOT_UTIL_ALF: -->com.facebook.feed.ui.footer.FeedbackActionButtonBar,[360.0,684.0],2131362682,feed_feedback_container,
01-06 20:15:49.557 17181 17208 D ROBOT_UTIL_ALF: -->android.widget.LinearLayout,[156.5,603.0],2131362864,feed_feedback_bling_bar_container,
01-06 20:15:49.557 17181 17208 D ROBOT_UTIL_ALF: -->com.facebook.feed.ui.footer.FeedbackCustomPressStateButton,[136.0,684.0],2131362696,feed_feedback_like_container,
01-06 20:15:49.557 17181 17208 D ROBOT_UTIL_ALF: -->com.facebook.feed.ui.footer.FeedbackCustomPressStateButton,[360.0,684.0],2131362698,feed_feedback_comment_container,
01-06 20:15:49.557 17181 17208 D ROBOT_UTIL_ALF: -->com.facebook.feed.ui.footer.FeedbackCustomPressStateButton,[584.0,684.0],2131362699,feed_feedback_share_container,
01-06 20:15:49.557 17181 17208 D ROBOT_UTIL_ALF: -->android.widget.TextView,[77.0,603.0],2131362865,feed_feedback_likers_text,1 like,
01-06 20:15:49.557 17141 17141 I TCPDUMP : Packets Captured ID =1435
01-06 20:15:49.557 17141 17141 I TCPDUMP : Packets Captured ID =1436
01-06 20:15:49.557 17181 17208 D ROBOT_UTIL_ALF: -->android.widget.TextView,[197.5,603.0],2131362867,feed_feedback_commenters_text,9 comments,
01-06 20:15:49.557 17181 17208 D ROBOT_UTIL_ALF: -->android.widget.ImageView,[108.5,683.5],2131362694,feed_feedback_action_button_icon,
01-06 20:15:49.557 17181 17208 D ROBOT_UTIL_ALF: -->android.widget.TextView,[157.5,684.0],2131362695,feed_feedback_action_button_text,Like,
01-06 20:15:49.557 17181 17208 D ROBOT_UTIL_ALF: -->android.widget.ImageView,[301.5,683.5],2131362694,feed_feedback_action_button_icon,
01-06 20:15:49.557 17181 17208 D ROBOT_UTIL_ALF: -->android.widget.TextView,[379.0,684.0],2131362695,feed_feedback_action_button_text,Comment,
01-06 20:15:49.557 17181 17208 D ROBOT_UTIL_ALF: -->android.widget.ImageView,[547.5,684.0],2131362694,feed_feedback_action_button_icon,
01-06 20:15:49.567 17181 17208 D ROBOT_UTIL_ALF: -->android.widget.TextView,[606.5,684.0],2131362695,feed_feedback_action_button_text,Share,
01-06 20:15:49.577 17141 17141 I TCPDUMP : Packets Captured ID =1437
01-06 20:15:49.577 17141 17141 I TCPDUMP : Packets Captured ID =1438
01-06 20:15:49.587 17141 17141 I TCPDUMP : Packets Captured ID =1439
01-06 20:15:49.587 17141 17141 I TCPDUMP : Packets Captured ID =1440
01-06 20:15:49.587 17181 17208 W ResourceType: No known package when getting name for resource number 0xffffffff
01-06 20:15:49.587 17181 17208 D ROBOT_UTIL_ALF: -->com.facebook.widget.recycle.RecycleViewWrapper,[360.0,500.5],-1,
01-06 20:15:49.587 17181 17208 W ResourceType: No known package when getting name for resource number 0xffffffff
01-06 20:15:49.587 17181 17208 W ResourceType: No known package when getting name for resource number 0xffffffff
01-06 20:15:49.587 17181 17208 D ROBOT_UTIL_ALF: -->com.facebook.feed.ui.FeedStoryView,[360.0,500.5],-1,
01-06 20:15:49.587 17181 17208 W ResourceType: No known package when getting name for resource number 0xffffffff
01-06 20:15:49.587 17181 17208 D ROBOT_UTIL_ALF: -->android.view.View,[360.0,277.0],2131362794,feed_story_top_padding,
01-06 20:15:49.587 17181 17208 D ROBOT_UTIL_ALF: -->com.facebook.feed.ui.StoryHeaderSection,[360.0,334.0],2131362795,feed_story_header,
01-06 20:15:49.587 17181 17208 D ROBOT_UTIL_ALF: -->com.facebook.feed.ui.StoryContentTextView,[360.0,483.0],2131362796,feed_story_message,For the second time in two years, the department of homeland security has lost their records that I'm studying in the US. At least I'm through,  I guess.,
01-06 20:15:49.597 17181 17208 D ROBOT_UTIL_ALF: -->com.facebook.feed.ui.footer.StoryFooterSection,[360.0,643.5],2131362804,feed_story_footer,
01-06 20:15:49.597 17181 17208 D ROBOT_UTIL_ALF: -->android.view.View,[360.0,724.0],2131362805,feed_story_bottom_padding,
01-06 20:15:49.597 17181 17208 D ROBOT_UTIL_ALF: -->com.facebook.widget.images.UrlImage,[82.0,343.0],2131362826,feed_story_primary_actor,
01-06 20:15:49.597 17181 17208 D ROBOT_UTIL_ALF: -->android.widget.ImageView,[657.0,315.0],2131362426,feed_story_menu_button,
01-06 20:15:49.597 17181 17208 D ROBOT_UTIL_ALF: -->com.facebook.feed.ui.StoryContentTextView,[218.0,327.0],2131362828,feed_story_title,Sanae Rosen,
01-06 20:15:49.597 17181 17208 D ROBOT_UTIL_ALF: -->android.widget.TextView,[237.0,359.0],2131362829,feed_story_info,Sun at 10:01AM ,
01-06 20:15:49.597 17181 17208 D ROBOT_UTIL_ALF: -->com.facebook.feed.ui.footer.DefaultFeedbackView,[360.0,643.5],2131362825,feed_story_default_feedback_bar,
01-06 20:15:49.597 17181 17208 D ROBOT_UTIL_ALF: -->android.widget.ImageView,[82.0,343.0],2131363941,url_image_image,
01-06 20:15:49.597 17181 17208 D ROBOT_UTIL_ALF: -->android.widget.LinearLayout,[156.5,603.0],2131362863,feed_feedback_bling_bar,
01-06 20:15:49.597 17181 17208 D ROBOT_UTIL_ALF: -->android.view.View,[360.0,643.0],2131362852,feed_bling_bar_spacing_view,
01-06 20:15:49.597 17181 17208 D ROBOT_UTIL_ALF: -->android.view.View,[360.0,651.5],2131362733,feed_feedback_divider,
01-06 20:15:49.597 17181 17208 D ROBOT_UTIL_ALF: -->com.facebook.feed.ui.footer.FeedbackActionButtonBar,[360.0,684.0],2131362682,feed_feedback_container,
01-06 20:15:49.597 17181 17208 D ROBOT_UTIL_ALF: -->android.widget.LinearLayout,[156.5,603.0],2131362864,feed_feedback_bling_bar_container,
01-06 20:15:49.597 17181 17208 D ROBOT_UTIL_ALF: -->com.facebook.feed.ui.footer.FeedbackCustomPressStateButton,[136.0,684.0],2131362696,feed_feedback_like_container,
01-06 20:15:49.597 17141 17141 I TCPDUMP : Packets Captured ID =1441
01-06 20:15:49.597 17141 17141 I TCPDUMP : Packets Captured ID =1442
01-06 20:15:49.597 17181 17208 D ROBOT_UTIL_ALF: -->com.facebook.feed.ui.footer.FeedbackCustomPressStateButton,[360.0,684.0],2131362698,feed_feedback_comment_container,
01-06 20:15:49.597 17181 17208 D ROBOT_UTIL_ALF: -->com.facebook.feed.ui.footer.FeedbackCustomPressStateButton,[584.0,684.0],2131362699,feed_feedback_share_container,
01-06 20:15:49.597 17181 17208 D ROBOT_UTIL_ALF: -->android.widget.TextView,[77.0,603.0],2131362865,feed_feedback_likers_text,1 like,
01-06 20:15:49.597 17181 17208 D ROBOT_UTIL_ALF: -->android.widget.TextView,[197.5,603.0],2131362867,feed_feedback_commenters_text,9 comments,
01-06 20:15:49.597 17181 17208 D ROBOT_UTIL_ALF: -->android.widget.ImageView,[108.5,683.5],2131362694,feed_feedback_action_button_icon,
01-06 20:15:49.607 17181 17208 D ROBOT_UTIL_ALF: -->android.widget.TextView,[157.5,684.0],2131362695,feed_feedback_action_button_text,Like,
01-06 20:15:49.607 17181 17208 D ROBOT_UTIL_ALF: -->android.widget.ImageView,[301.5,683.5],2131362694,feed_feedback_action_button_icon,
01-06 20:15:49.607 17181 17208 D ROBOT_UTIL_ALF: -->android.widget.TextView,[379.0,684.0],2131362695,feed_feedback_action_button_text,Comment,
01-06 20:15:49.607 17181 17208 D ROBOT_UTIL_ALF: -->android.widget.ImageView,[547.5,684.0],2131362694,feed_feedback_action_button_icon,
01-06 20:15:49.607 17181 17208 D ROBOT_UTIL_ALF: -->android.widget.TextView,[606.5,684.0],2131362695,feed_feedback_action_button_text,Share,
01-06 20:15:49.607 17141 17141 I TCPDUMP : Packets Captured ID =1443
01-06 20:15:49.607 17141 17141 I TCPDUMP : Packets Captured ID =1444
01-06 20:15:49.627 17141 17141 I TCPDUMP : Packets Captured ID =1445
01-06 20:15:49.627 17141 17141 I TCPDUMP : Packets Captured ID =1446
01-06 20:15:49.627 17181 17208 W ResourceType: No known package when getting name for resource number 0xffffffff
01-06 20:15:49.627 17181 17208 W ResourceType: No known package when getting name for resource number 0xffffffff
01-06 20:15:49.637 17181 17208 W ResourceType: No known package when getting name for resource number 0xffffffff
01-06 20:15:49.637 17181 17208 W ResourceType: No known package when getting name for resource number 0xffffffff
01-06 20:15:49.637 17181 17208 W ResourceType: No known package when getting name for resource number 0xffffffff
01-06 20:15:49.637 17181 17208 W ResourceType: No known package when getting name for resource number 0xffffffff
01-06 20:15:49.637 17181 17208 W ResourceType: No known package when getting name for resource number 0xffffffff
01-06 20:15:49.637 17141 17141 I TCPDUMP : Packets Captured ID =1447
01-06 20:15:49.637 17141 17141 I TCPDUMP : Packets Captured ID =1448
01-06 20:15:49.637 17181 17208 W ResourceType: No known package when getting name for resource number 0xffffffff
01-06 20:15:49.637 17181 17208 W ResourceType: No known package when getting name for resource number 0xffffffff
01-06 20:15:49.647 17141 17141 I TCPDUMP : Packets Captured ID =1449
01-06 20:15:49.647 17141 17141 I TCPDUMP : Packets Captured ID =1450
01-06 20:15:49.667 17141 17141 I TCPDUMP : Packets Captured ID =1451
01-06 20:15:49.667 17141 17141 I TCPDUMP : Packets Captured ID =1452
01-06 20:15:49.667 17181 17208 W ResourceType: No known package when getting name for resource number 0xffffffff
01-06 20:15:49.667 17181 17208 D ROBOT_UTIL_ALF: -->com.facebook.widget.recycle.RecycleViewWrapper,[360.0,214.0],-1,
01-06 20:15:49.667 17181 17208 W ResourceType: No known package when getting name for resource number 0xffffffff
01-06 20:15:49.667 17181 17208 W ResourceType: No known package when getting name for resource number 0xffffffff
01-06 20:15:49.667 17181 17208 D ROBOT_UTIL_ALF: -->android.widget.LinearLayout,[360.0,214.0],-1,
01-06 20:15:49.667 17181 17208 W ResourceType: No known package when getting name for resource number 0xffffffff
01-06 20:15:49.667 17181 17208 D ROBOT_UTIL_ALF: -->android.view.View,[360.0,206.0],2131362861,feed_top_padding_ptr_spacer,
01-06 20:15:49.667 17181 17208 D ROBOT_UTIL_ALF: -->android.view.View,[360.0,262.0],2131362862,feed_top_padding_first_story_spacer,
01-06 20:15:49.667 17181 17208 D ROBOT_UTIL_ALF: OMG, cannot find view for class name:com.facebook.feed.ui.StoryContentTextView
01-06 20:15:49.677 17141 17141 I TCPDUMP : Packets Captured ID =1453
01-06 20:15:49.677 17141 17141 I TCPDUMP : Packets Captured ID =1454
01-06 20:15:49.697 17181 17208 W ResourceType: No known package when getting name for resource number 0xffffffff
01-06 20:15:49.697 17181 17208 D ROBOT_UTIL_ALF: -->com.facebook.widget.recycle.RecycleViewWrapper,[360.0,214.0],-1,
01-06 20:15:49.697 17181 17208 W ResourceType: No known package when getting name for resource number 0xffffffff
01-06 20:15:49.697 17181 17208 W ResourceType: No known package when getting name for resource number 0xffffffff
01-06 20:15:49.697 17181 17208 D ROBOT_UTIL_ALF: -->android.widget.LinearLayout,[360.0,214.0],-1,
01-06 20:15:49.697 17181 17208 W ResourceType: No known package when getting name for resource number 0xffffffff
01-06 20:15:49.697 17181 17208 D ROBOT_UTIL_ALF: -->android.view.View,[360.0,206.0],2131362861,feed_top_padding_ptr_spacer,
01-06 20:15:49.697 17181 17208 D ROBOT_UTIL_ALF: -->android.view.View,[360.0,262.0],2131362862,feed_top_padding_first_story_spacer,
01-06 20:15:49.697 17181 17208 D ROBOT_UTIL_ALF: OMG, cannot find view for class name:android.widget.TextView
01-06 20:15:49.707 17141 17141 I TCPDUMP : Packets Captured ID =1455
01-06 20:15:49.707 17141 17141 I TCPDUMP : Packets Captured ID =1456
01-06 20:15:49.707 17141 17141 I TCPDUMP : Packets Captured ID =1457
01-06 20:15:49.717 17141 17141 I TCPDUMP : Packets Captured ID =1458
01-06 20:15:49.717 17141 17141 I TCPDUMP : Packets Captured ID =1459
01-06 20:15:49.717 17141 17141 I TCPDUMP : Packets Captured ID =1460
01-06 20:15:49.727 17181 17208 W ResourceType: No known package when getting name for resource number 0xffffffff
01-06 20:15:49.727 17181 17208 D ROBOT_UTIL_ALF: -->com.facebook.widget.recycle.RecycleViewWrapper,[360.0,500.5],-1,
01-06 20:15:49.727 17181 17208 W ResourceType: No known package when getting name for resource number 0xffffffff
01-06 20:15:49.727 17181 17208 W ResourceType: No known package when getting name for resource number 0xffffffff
01-06 20:15:49.727 17181 17208 D ROBOT_UTIL_ALF: -->com.facebook.feed.ui.FeedStoryView,[360.0,500.5],-1,
01-06 20:15:49.727 17181 17208 W ResourceType: No known package when getting name for resource number 0xffffffff
01-06 20:15:49.727 17181 17208 D ROBOT_UTIL_ALF: -->android.view.View,[360.0,277.0],2131362794,feed_story_top_padding,
01-06 20:15:49.727 17181 17208 D ROBOT_UTIL_ALF: -->com.facebook.feed.ui.StoryHeaderSection,[360.0,334.0],2131362795,feed_story_header,
01-06 20:15:49.727 17181 17208 D ROBOT_UTIL_ALF: -->com.facebook.feed.ui.StoryContentTextView,[360.0,483.0],2131362796,feed_story_message,For the second time in two years, the department of homeland security has lost their records that I'm studying in the US. At least I'm through,  I guess.,
01-06 20:15:49.727 17181 17208 D ROBOT_UTIL_ALF: -->com.facebook.feed.ui.footer.StoryFooterSection,[360.0,643.5],2131362804,feed_story_footer,
01-06 20:15:49.737 17181 17208 D ROBOT_UTIL_ALF: -->android.view.View,[360.0,724.0],2131362805,feed_story_bottom_padding,
01-06 20:15:49.737 17181 17208 D ROBOT_UTIL_ALF: -->com.facebook.widget.images.UrlImage,[82.0,343.0],2131362826,feed_story_primary_actor,
01-06 20:15:49.737 17181 17208 D ROBOT_UTIL_ALF: -->android.widget.ImageView,[657.0,315.0],2131362426,feed_story_menu_button,
01-06 20:15:49.737 17181 17208 D ROBOT_UTIL_ALF: -->com.facebook.feed.ui.StoryContentTextView,[218.0,327.0],2131362828,feed_story_title,Sanae Rosen,
01-06 20:15:49.737 17181 17208 D ROBOT_UTIL_ALF: -->android.widget.TextView,[237.0,359.0],2131362829,feed_story_info,Sun at 10:01AM ,
01-06 20:15:49.737 17181 17208 D ROBOT_UTIL_ALF: -->com.facebook.feed.ui.footer.DefaultFeedbackView,[360.0,643.5],2131362825,feed_story_default_feedback_bar,
01-06 20:15:49.737 17181 17208 D ROBOT_UTIL_ALF: -->android.widget.ImageView,[82.0,343.0],2131363941,url_image_image,
01-06 20:15:49.737 17181 17208 D ROBOT_UTIL_ALF: -->android.widget.LinearLayout,[156.5,603.0],2131362863,feed_feedback_bling_bar,
01-06 20:15:49.737 17181 17208 D ROBOT_UTIL_ALF: -->android.view.View,[360.0,643.0],2131362852,feed_bling_bar_spacing_view,
01-06 20:15:49.737 17181 17208 D ROBOT_UTIL_ALF: -->android.view.View,[360.0,651.5],2131362733,feed_feedback_divider,
01-06 20:15:49.737 17181 17208 D ROBOT_UTIL_ALF: -->com.facebook.feed.ui.footer.FeedbackActionButtonBar,[360.0,684.0],2131362682,feed_feedback_container,
01-06 20:15:49.737 17181 17208 D ROBOT_UTIL_ALF: -->android.widget.LinearLayout,[156.5,603.0],2131362864,feed_feedback_bling_bar_container,
01-06 20:15:49.737 17181 17208 D ROBOT_UTIL_ALF: -->com.facebook.feed.ui.footer.FeedbackCustomPressStateButton,[136.0,684.0],2131362696,feed_feedback_like_container,
01-06 20:15:49.737 17181 17208 D ROBOT_UTIL_ALF: -->com.facebook.feed.ui.footer.FeedbackCustomPressStateButton,[360.0,684.0],2131362698,feed_feedback_comment_container,
01-06 20:15:49.737 17181 17208 D ROBOT_UTIL_ALF: -->com.facebook.feed.ui.footer.FeedbackCustomPressStateButton,[584.0,684.0],2131362699,feed_feedback_share_container,
01-06 20:15:49.747 17181 17208 D ROBOT_UTIL_ALF: -->android.widget.TextView,[77.0,603.0],2131362865,feed_feedback_likers_text,1 like,
01-06 20:15:49.747 17181 17208 D ROBOT_UTIL_ALF: -->android.widget.TextView,[197.5,603.0],2131362867,feed_feedback_commenters_text,9 comments,
01-06 20:15:49.747 17181 17208 D ROBOT_UTIL_ALF: -->android.widget.ImageView,[108.5,683.5],2131362694,feed_feedback_action_button_icon,
01-06 20:15:49.747 17181 17208 D ROBOT_UTIL_ALF: -->android.widget.TextView,[157.5,684.0],2131362695,feed_feedback_action_button_text,Like,
01-06 20:15:49.747 17181 17208 D ROBOT_UTIL_ALF: -->android.widget.ImageView,[301.5,683.5],2131362694,feed_feedback_action_button_icon,
01-06 20:15:49.747 17181 17208 D ROBOT_UTIL_ALF: -->android.widget.TextView,[379.0,684.0],2131362695,feed_feedback_action_button_text,Comment,
01-06 20:15:49.747 17141 17141 I TCPDUMP : Packets Captured ID =1461
01-06 20:15:49.747 17181 17208 D ROBOT_UTIL_ALF: -->android.widget.ImageView,[547.5,684.0],2131362694,feed_feedback_action_button_icon,
01-06 20:15:49.747 17141 17141 I TCPDUMP : Packets Captured ID =1462
01-06 20:15:49.747 17141 17141 I TCPDUMP : Packets Captured ID =1463
01-06 20:15:49.747 17181 17208 D ROBOT_UTIL_ALF: -->android.widget.TextView,[606.5,684.0],2131362695,feed_feedback_action_button_text,Share,
01-06 20:15:49.767 17181 17208 W ResourceType: No known package when getting name for resource number 0xffffffff
01-06 20:15:49.767 17181 17208 D ROBOT_UTIL_ALF: -->com.facebook.widget.recycle.RecycleViewWrapper,[360.0,500.5],-1,
01-06 20:15:49.777 17181 17208 W ResourceType: No known package when getting name for resource number 0xffffffff
01-06 20:15:49.777 17181 17208 W ResourceType: No known package when getting name for resource number 0xffffffff
01-06 20:15:49.777 17181 17208 D ROBOT_UTIL_ALF: -->com.facebook.feed.ui.FeedStoryView,[360.0,500.5],-1,
01-06 20:15:49.777 17181 17208 W ResourceType: No known package when getting name for resource number 0xffffffff
01-06 20:15:49.777 17181 17208 D ROBOT_UTIL_ALF: -->android.view.View,[360.0,277.0],2131362794,feed_story_top_padding,
01-06 20:15:49.777 17181 17208 D ROBOT_UTIL_ALF: -->com.facebook.feed.ui.StoryHeaderSection,[360.0,334.0],2131362795,feed_story_header,
01-06 20:15:49.777 17181 17208 D ROBOT_UTIL_ALF: -->com.facebook.feed.ui.StoryContentTextView,[360.0,483.0],2131362796,feed_story_message,For the second time in two years, the department of homeland security has lost their records that I'm studying in the US. At least I'm through,  I guess.,
01-06 20:15:49.777 17141 17141 I TCPDUMP : Packets Captured ID =1464
01-06 20:15:49.777 17141 17141 I TCPDUMP : Packets Captured ID =1465
01-06 20:15:49.777 17141 17141 I TCPDUMP : Packets Captured ID =1466
01-06 20:15:49.777 17181 17208 D ROBOT_UTIL_ALF: -->com.facebook.feed.ui.footer.StoryFooterSection,[360.0,643.5],2131362804,feed_story_footer,
01-06 20:15:49.777 17181 17208 D ROBOT_UTIL_ALF: -->android.view.View,[360.0,724.0],2131362805,feed_story_bottom_padding,
01-06 20:15:49.777 17181 17208 D ROBOT_UTIL_ALF: -->com.facebook.widget.images.UrlImage,[82.0,343.0],2131362826,feed_story_primary_actor,
01-06 20:15:49.777 17181 17208 D ROBOT_UTIL_ALF: -->android.widget.ImageView,[657.0,315.0],2131362426,feed_story_menu_button,
01-06 20:15:49.777 17181 17208 D ROBOT_UTIL_ALF: -->com.facebook.feed.ui.StoryContentTextView,[218.0,327.0],2131362828,feed_story_title,Sanae Rosen,
01-06 20:15:49.777 17181 17208 D ROBOT_UTIL_ALF: -->android.widget.TextView,[237.0,359.0],2131362829,feed_story_info,Sun at 10:01AM ,
01-06 20:15:49.777 17181 17208 D ROBOT_UTIL_ALF: -->com.facebook.feed.ui.footer.DefaultFeedbackView,[360.0,643.5],2131362825,feed_story_default_feedback_bar,
01-06 20:15:49.777 17181 17208 D ROBOT_UTIL_ALF: -->android.widget.ImageView,[82.0,343.0],2131363941,url_image_image,
01-06 20:15:49.777 17181 17208 D ROBOT_UTIL_ALF: -->android.widget.LinearLayout,[156.5,603.0],2131362863,feed_feedback_bling_bar,
01-06 20:15:49.777 17181 17208 D ROBOT_UTIL_ALF: -->android.view.View,[360.0,643.0],2131362852,feed_bling_bar_spacing_view,
01-06 20:15:49.777 17181 17208 D ROBOT_UTIL_ALF: -->android.view.View,[360.0,651.5],2131362733,feed_feedback_divider,
01-06 20:15:49.777 17181 17208 D ROBOT_UTIL_ALF: -->com.facebook.feed.ui.footer.FeedbackActionButtonBar,[360.0,684.0],2131362682,feed_feedback_container,
01-06 20:15:49.787 17181 17208 D ROBOT_UTIL_ALF: -->android.widget.LinearLayout,[156.5,603.0],2131362864,feed_feedback_bling_bar_container,
