01-06 20:15:54.512 17181 17208 W ResourceType: No known package when getting name for resource number 0xffffffff
01-06 20:15:54.512 17181 17208 W ResourceType: No known package when getting name for resource number 0xffffffff
01-06 20:15:54.512 17181 17208 W ResourceType: No known package when getting name for resource number 0xffffffff
01-06 20:15:54.512 17181 17208 W ResourceType: No known package when getting name for resource number 0xffffffff
01-06 20:15:54.512 17181 17208 W ResourceType: No known package when getting name for resource number 0xffffffff
01-06 20:15:54.512 17181 17208 W ResourceType: No known package when getting name for resource number 0xffffffff
01-06 20:15:54.522 17181 17208 W ResourceType: No known package when getting name for resource number 0xffffffff
01-06 20:15:54.522 17181 17208 W ResourceType: No known package when getting name for resource number 0xffffffff
01-06 20:15:54.522 17181 17208 W ResourceType: No known package when getting name for resource number 0xffffffff
01-06 20:15:54.522 17181 17208 W ResourceType: No known package when getting name for resource number 0xffffffff
01-06 20:15:54.522 17181 17208 W ResourceType: No known package when getting name for resource number 0xffffffff
01-06 20:15:54.552 17181 17208 W ResourceType: No known package when getting name for resource number 0xffffffff
01-06 20:15:54.552 17181 17208 W ResourceType: No known package when getting name for resource number 0xffffffff
01-06 20:15:54.552 17181 17208 W ResourceType: No known package when getting name for resource number 0xffffffff
01-06 20:15:54.582 17181 17208 W ResourceType: No known package when getting name for resource number 0xffffffff
01-06 20:15:54.582 17181 17208 W ResourceType: No known package when getting name for resource number 0xffffffff
01-06 20:15:54.582 17181 17208 W ResourceType: No known package when getting name for resource number 0xffffffff
01-06 20:15:54.582 17181 17208 W ResourceType: No known package when getting name for resource number 0xffffffff
01-06 20:15:54.582 17181 17208 W ResourceType: No known package when getting name for resource number 0xffffffff
01-06 20:15:54.592 17181 17208 W ResourceType: No known package when getting name for resource number 0xffffffff
01-06 20:15:54.592 17181 17208 W ResourceType: No known package when getting name for resource number 0xffffffff
01-06 20:15:54.592 17181 17208 W ResourceType: No known package when getting name for resource number 0xffffffff
01-06 20:15:54.592 17181 17208 W ResourceType: No known package when getting name for resource number 0xffffffff
01-06 20:15:54.602 17181 17208 W ResourceType: No known package when getting name for resource number 0xffffffff
01-06 20:15:54.602 17181 17208 W ResourceType: No known package when getting name for resource number 0xffffffff
01-06 20:15:54.602 17181 17208 W ResourceType: No known package when getting name for resource number 0xffffffff
01-06 20:15:54.602 17181 17208 W ResourceType: No known package when getting name for resource number 0xffffffff
01-06 20:15:54.602 17181 17208 W ResourceType: No known package when getting name for resource number 0xffffffff
01-06 20:15:54.602 17181 17208 W ResourceType: No known package when getting name for resource number 0xffffffff
01-06 20:15:54.602 17181 17208 W ResourceType: No known package when getting name for resource number 0xffffffff
01-06 20:15:54.602 17181 17208 W ResourceType: No known package when getting name for resource number 0xffffffff
01-06 20:15:54.622 17181 17208 W ResourceType: No known package when getting name for resource number 0xffffffff
01-06 20:15:54.622 17181 17208 W ResourceType: No known package when getting name for resource number 0xffffffff
01-06 20:15:54.622 17141 17141 I TCPDUMP : Packets Captured ID =1516
01-06 20:15:54.632 17181 17208 W ResourceType: No known package when getting name for resource number 0xffffffff
01-06 20:15:54.662 17181 17208 W ResourceType: No known package when getting name for resource number 0xffffffff
01-06 20:15:54.662 17181 17208 W ResourceType: No known package when getting name for resource number 0xffffffff
01-06 20:15:54.673 17181 17208 W ResourceType: No known package when getting name for resource number 0xffffffff
01-06 20:15:54.673 17181 17208 W ResourceType: No known package when getting name for resource number 0xffffffff
01-06 20:15:54.673 17181 17208 W ResourceType: No known package when getting name for resource number 0xffffffff
01-06 20:15:54.673 17181 17208 W ResourceType: No known package when getting name for resource number 0xffffffff
01-06 20:15:54.683 17181 17208 W ResourceType: No known package when getting name for resource number 0xffffffff
01-06 20:15:54.683 17181 17208 W ResourceType: No known package when getting name for resource number 0xffffffff
01-06 20:15:54.683 17181 17208 W ResourceType: No known package when getting name for resource number 0xffffffff
01-06 20:15:54.683 17181 17208 W ResourceType: No known package when getting name for resource number 0xffffffff
01-06 20:15:54.683 17181 17208 W ResourceType: No known package when getting name for resource number 0xffffffff
01-06 20:15:54.683 17181 17208 W ResourceType: No known package when getting name for resource number 0xffffffff
01-06 20:15:54.693 17181 17208 W ResourceType: No known package when getting name for resource number 0xffffffff
01-06 20:15:54.693 17181 17208 W ResourceType: No known package when getting name for resource number 0xffffffff
01-06 20:15:54.693 17181 17208 W ResourceType: No known package when getting name for resource number 0xffffffff
01-06 20:15:54.693 17181 17208 W ResourceType: No known package when getting name for resource number 0xffffffff
01-06 20:15:54.693 17181 17208 W ResourceType: No known package when getting name for resource number 0xffffffff
01-06 20:15:54.723 17181 17208 W ResourceType: No known package when getting name for resource number 0xffffffff
01-06 20:15:54.723 17141 17141 I TCPDUMP : Packets Captured ID =1517
01-06 20:15:54.723 17141 17141 I TCPDUMP : Packets Captured ID =1518
01-06 20:15:54.723 17141 17141 I TCPDUMP : Packets Captured ID =1519
01-06 20:15:54.723 17141 17141 I TCPDUMP : Packets Captured ID =1520
01-06 20:15:54.723 17141 17141 I TCPDUMP : Packets Captured ID =1521
01-06 20:15:54.723 17141 17141 I TCPDUMP : Packets Captured ID =1522
01-06 20:15:54.723 17141 17141 I TCPDUMP : Packets Captured ID =1523
01-06 20:15:54.723 17141 17141 I TCPDUMP : Packets Captured ID =1524
01-06 20:15:54.723 17181 17208 W ResourceType: No known package when getting name for resource number 0xffffffff
01-06 20:15:54.723 17141 17141 I TCPDUMP : Packets Captured ID =1525
01-06 20:15:54.723 17141 17141 I TCPDUMP : Packets Captured ID =1526
01-06 20:15:54.723 17141 17141 I TCPDUMP : Packets Captured ID =1527
01-06 20:15:54.723 17141 17141 I TCPDUMP : Packets Captured ID =1528
01-06 20:15:54.723 17141 17141 I TCPDUMP : Packets Captured ID =1529
01-06 20:15:54.723 17141 17141 I TCPDUMP : Packets Captured ID =1530
01-06 20:15:54.733 17141 17141 I TCPDUMP : Packets Captured ID =1531
01-06 20:15:54.733 17181 17208 W ResourceType: No known package when getting name for resource number 0xffffffff
01-06 20:15:54.863 17181 17184 D dalvikvm: GC_CONCURRENT freed 5488K, 30% free 20247K/28796K, paused 9ms+18ms, total 157ms
01-06 20:15:54.863 17181 17208 D dalvikvm: WAIT_FOR_CONCURRENT_GC blocked 122ms
01-06 20:15:54.863 17181 17319 D dalvikvm: WAIT_FOR_CONCURRENT_GC blocked 78ms
01-06 20:15:54.883 17181 17208 W ResourceType: No known package when getting name for resource number 0xffffffff
01-06 20:15:54.883 17181 17208 W ResourceType: No known package when getting name for resource number 0xffffffff
01-06 20:15:54.883 17181 17208 W ResourceType: No known package when getting name for resource number 0xffffffff
01-06 20:15:54.883 17181 17208 W ResourceType: No known package when getting name for resource number 0xffffffff
01-06 20:15:54.883 17181 17208 W ResourceType: No known package when getting name for resource number 0xffffffff
01-06 20:15:54.893 17181 17208 W ResourceType: No known package when getting name for resource number 0xffffffff
01-06 20:15:54.893 17181 17208 W ResourceType: No known package when getting name for resource number 0xffffffff
01-06 20:15:54.893 17181 17208 W ResourceType: No known package when getting name for resource number 0xffffffff
01-06 20:15:54.893 17181 17208 W ResourceType: No known package when getting name for resource number 0xffffffff
01-06 20:15:54.903 17181 17208 W ResourceType: No known package when getting name for resource number 0xffffffff
01-06 20:15:54.903 17181 17208 W ResourceType: No known package when getting name for resource number 0xffffffff
01-06 20:15:54.903 17181 17208 W ResourceType: No known package when getting name for resource number 0xffffffff
01-06 20:15:54.903 17181 17208 W ResourceType: No known package when getting name for resource number 0xffffffff
01-06 20:15:54.903 17181 17208 W ResourceType: No known package when getting name for resource number 0xffffffff
01-06 20:15:54.903 17181 17208 W ResourceType: No known package when getting name for resource number 0xffffffff
01-06 20:15:54.903 17181 17208 W ResourceType: No known package when getting name for resource number 0xffffffff
01-06 20:15:54.903 17181 17208 W ResourceType: No known package when getting name for resource number 0xffffffff
01-06 20:15:54.923 17181 17208 W ResourceType: No known package when getting name for resource number 0xffffffff
01-06 20:15:54.923 17181 17208 W ResourceType: No known package when getting name for resource number 0xffffffff
01-06 20:15:54.933 17181 17208 W ResourceType: No known package when getting name for resource number 0xffffffff
01-06 20:15:54.963 17181 17208 W ResourceType: No known package when getting name for resource number 0xffffffff
01-06 20:15:54.963 17181 17208 W ResourceType: No known package when getting name for resource number 0xffffffff
01-06 20:15:54.963 17181 17208 W ResourceType: No known package when getting name for resource number 0xffffffff
01-06 20:15:54.963 17181 17208 W ResourceType: No known package when getting name for resource number 0xffffffff
01-06 20:15:54.963 17181 17208 W ResourceType: No known package when getting name for resource number 0xffffffff
01-06 20:15:54.963 17181 17208 W ResourceType: No known package when getting name for resource number 0xffffffff
01-06 20:15:54.963 17181 17208 W ResourceType: No known package when getting name for resource number 0xffffffff
01-06 20:15:54.973 17181 17208 W ResourceType: No known package when getting name for resource number 0xffffffff
01-06 20:15:54.973 17181 17208 W ResourceType: No known package when getting name for resource number 0xffffffff
01-06 20:15:54.973 17181 17208 W ResourceType: No known package when getting name for resource number 0xffffffff
01-06 20:15:54.973 17181 17208 W ResourceType: No known package when getting name for resource number 0xffffffff
01-06 20:15:54.973 17181 17208 W ResourceType: No known package when getting name for resource number 0xffffffff
01-06 20:15:54.973 17181 17208 W ResourceType: No known package when getting name for resource number 0xffffffff
01-06 20:15:54.973 17181 17208 W ResourceType: No known package when getting name for resource number 0xffffffff
01-06 20:15:54.973 17181 17208 W ResourceType: No known package when getting name for resource number 0xffffffff
01-06 20:15:54.973 17181 17208 W ResourceType: No known package when getting name for resource number 0xffffffff
01-06 20:15:54.973 17181 17208 W ResourceType: No known package when getting name for resource number 0xffffffff
01-06 20:15:54.993 17181 17208 W ResourceType: No known package when getting name for resource number 0xffffffff
01-06 20:15:54.993 17181 17208 W ResourceType: No known package when getting name for resource number 0xffffffff
01-06 20:15:54.993 17181 17208 W ResourceType: No known package when getting name for resource number 0xffffffff
01-06 20:15:55.023 17181 17208 W ResourceType: No known package when getting name for resource number 0xffffffff
01-06 20:15:55.023 17181 17208 W ResourceType: No known package when getting name for resource number 0xffffffff
01-06 20:15:55.023 17181 17208 W ResourceType: No known package when getting name for resource number 0xffffffff
01-06 20:15:55.023 17181 17208 W ResourceType: No known package when getting name for resource number 0xffffffff
01-06 20:15:55.023 17181 17208 W ResourceType: No known package when getting name for resource number 0xffffffff
01-06 20:15:55.033 17181 17208 W ResourceType: No known package when getting name for resource number 0xffffffff
01-06 20:15:55.033 17181 17208 W ResourceType: No known package when getting name for resource number 0xffffffff
01-06 20:15:55.033 17181 17208 W ResourceType: No known package when getting name for resource number 0xffffffff
01-06 20:15:55.033 17181 17208 W ResourceType: No known package when getting name for resource number 0xffffffff
01-06 20:15:55.033 17181 17208 W ResourceType: No known package when getting name for resource number 0xffffffff
01-06 20:15:55.033 17181 17208 W ResourceType: No known package when getting name for resource number 0xffffffff
01-06 20:15:55.033 17181 17208 W ResourceType: No known package when getting name for resource number 0xffffffff
01-06 20:15:55.033 17181 17208 W ResourceType: No known package when getting name for resource number 0xffffffff
01-06 20:15:55.033 17181 17208 W ResourceType: No known package when getting name for resource number 0xffffffff
01-06 20:15:55.043 17181 17208 W ResourceType: No known package when getting name for resource number 0xffffffff
01-06 20:15:55.043 17181 17208 W ResourceType: No known package when getting name for resource number 0xffffffff
01-06 20:15:55.043 17181 17208 W ResourceType: No known package when getting name for resource number 0xffffffff
01-06 20:15:55.053 17181 17208 W ResourceType: No known package when getting name for resource number 0xffffffff
01-06 20:15:55.053 17181 17208 W ResourceType: No known package when getting name for resource number 0xffffffff
01-06 20:15:55.053 17181 17208 W ResourceType: No known package when getting name for resource number 0xffffffff
01-06 20:15:55.093 17181 17208 W ResourceType: No known package when getting name for resource number 0xffffffff
01-06 20:15:55.093 17181 17208 W ResourceType: No known package when getting name for resource number 0xffffffff
01-06 20:15:55.093 17181 17208 W ResourceType: No known package when getting name for resource number 0xffffffff
01-06 20:15:55.093 17181 17208 W ResourceType: No known package when getting name for resource number 0xffffffff
01-06 20:15:55.093 17181 17208 W ResourceType: No known package when getting name for resource number 0xffffffff
01-06 20:15:55.093 17181 17208 W ResourceType: No known package when getting name for resource number 0xffffffff
01-06 20:15:55.103 17181 17208 W ResourceType: No known package when getting name for resource number 0xffffffff
01-06 20:15:55.103 17181 17208 W ResourceType: No known package when getting name for resource number 0xffffffff
01-06 20:15:55.103 17181 17208 W ResourceType: No known package when getting name for resource number 0xffffffff
01-06 20:15:55.103 17181 17208 W ResourceType: No known package when getting name for resource number 0xffffffff
01-06 20:15:55.103 17181 17208 W ResourceType: No known package when getting name for resource number 0xffffffff
01-06 20:15:55.103 17181 17208 W ResourceType: No known package when getting name for resource number 0xffffffff
01-06 20:15:55.103 17181 17208 W ResourceType: No known package when getting name for resource number 0xffffffff
01-06 20:15:55.103 17181 17208 W ResourceType: No known package when getting name for resource number 0xffffffff
01-06 20:15:55.103 17181 17208 W ResourceType: No known package when getting name for resource number 0xffffffff
01-06 20:15:55.103 17181 17208 W ResourceType: No known package when getting name for resource number 0xffffffff
01-06 20:15:55.103 17181 17208 W ResourceType: No known package when getting name for resource number 0xffffffff
01-06 20:15:55.123 17181 17208 W ResourceType: No known package when getting name for resource number 0xffffffff
01-06 20:15:55.123 17181 17208 W ResourceType: No known package when getting name for resource number 0xffffffff
01-06 20:15:55.123 17181 17208 W ResourceType: No known package when getting name for resource number 0xffffffff
01-06 20:15:55.153 17181 17208 W ResourceType: No known package when getting name for resource number 0xffffffff
01-06 20:15:55.153 17181 17208 W ResourceType: No known package when getting name for resource number 0xffffffff
01-06 20:15:55.153 17181 17208 W ResourceType: No known package when getting name for resource number 0xffffffff
01-06 20:15:55.153 17181 17208 W ResourceType: No known package when getting name for resource number 0xffffffff
01-06 20:15:55.153 17181 17208 W ResourceType: No known package when getting name for resource number 0xffffffff
01-06 20:15:55.153 17181 17208 W ResourceType: No known package when getting name for resource number 0xffffffff
01-06 20:15:55.153 17181 17208 W ResourceType: No known package when getting name for resource number 0xffffffff
01-06 20:15:55.163 17181 17208 W ResourceType: No known package when getting name for resource number 0xffffffff
01-06 20:15:55.163 17181 17208 W ResourceType: No known package when getting name for resource number 0xffffffff
01-06 20:15:55.163 17181 17208 W ResourceType: No known package when getting name for resource number 0xffffffff
01-06 20:15:55.163 17181 17208 W ResourceType: No known package when getting name for resource number 0xffffffff
01-06 20:15:55.163 17181 17208 W ResourceType: No known package when getting name for resource number 0xffffffff
01-06 20:15:55.163 17181 17208 W ResourceType: No known package when getting name for resource number 0xffffffff
01-06 20:15:55.163 17181 17208 W ResourceType: No known package when getting name for resource number 0xffffffff
01-06 20:15:55.163 17181 17208 W ResourceType: No known package when getting name for resource number 0xffffffff
01-06 20:15:55.163 17181 17208 W ResourceType: No known package when getting name for resource number 0xffffffff
01-06 20:15:55.163 17181 17208 W ResourceType: No known package when getting name for resource number 0xffffffff
01-06 20:15:55.183 17181 17208 W ResourceType: No known package when getting name for resource number 0xffffffff
01-06 20:15:55.183 17181 17208 W ResourceType: No known package when getting name for resource number 0xffffffff
01-06 20:15:55.183 17181 17208 W ResourceType: No known package when getting name for resource number 0xffffffff
01-06 20:15:55.213 17181 17208 W ResourceType: No known package when getting name for resource number 0xffffffff
01-06 20:15:55.213 17181 17208 W ResourceType: No known package when getting name for resource number 0xffffffff
01-06 20:15:55.213 17181 17208 W ResourceType: No known package when getting name for resource number 0xffffffff
01-06 20:15:55.213 17181 17208 W ResourceType: No known package when getting name for resource number 0xffffffff
01-06 20:15:55.213 17181 17208 W ResourceType: No known package when getting name for resource number 0xffffffff
01-06 20:15:55.213 17181 17208 W ResourceType: No known package when getting name for resource number 0xffffffff
01-06 20:15:55.213 17181 17208 W ResourceType: No known package when getting name for resource number 0xffffffff
01-06 20:15:55.223 17181 17208 W ResourceType: No known package when getting name for resource number 0xffffffff
01-06 20:15:55.223 17181 17208 W ResourceType: No known package when getting name for resource number 0xffffffff
01-06 20:15:55.223 17181 17208 W ResourceType: No known package when getting name for resource number 0xffffffff
01-06 20:15:55.223 17181 17208 W ResourceType: No known package when getting name for resource number 0xffffffff
01-06 20:15:55.223 17181 17208 W ResourceType: No known package when getting name for resource number 0xffffffff
01-06 20:15:55.223 17181 17208 W ResourceType: No known package when getting name for resource number 0xffffffff
01-06 20:15:55.223 17181 17208 W ResourceType: No known package when getting name for resource number 0xffffffff
01-06 20:15:55.223 17181 17208 W ResourceType: No known package when getting name for resource number 0xffffffff
01-06 20:15:55.223 17181 17208 W ResourceType: No known package when getting name for resource number 0xffffffff
01-06 20:15:55.223 17181 17208 W ResourceType: No known package when getting name for resource number 0xffffffff
01-06 20:15:55.233 17181 17208 W ResourceType: No known package when getting name for resource number 0xffffffff
01-06 20:15:55.243 17181 17208 W ResourceType: No known package when getting name for resource number 0xffffffff
01-06 20:15:55.243 17181 17208 W ResourceType: No known package when getting name for resource number 0xffffffff
01-06 20:15:55.263 17181 17208 W ResourceType: No known package when getting name for resource number 0xffffffff
01-06 20:15:55.263 17181 17208 W ResourceType: No known package when getting name for resource number 0xffffffff
01-06 20:15:55.273 17181 17208 W ResourceType: No known package when getting name for resource number 0xffffffff
01-06 20:15:55.273 17181 17208 W ResourceType: No known package when getting name for resource number 0xffffffff
01-06 20:15:55.273 17181 17208 W ResourceType: No known package when getting name for resource number 0xffffffff
01-06 20:15:55.273 17181 17208 W ResourceType: No known package when getting name for resource number 0xffffffff
01-06 20:15:55.273 17181 17208 W ResourceType: No known package when getting name for resource number 0xffffffff
01-06 20:15:55.273 16677 17084 W Settings: Setting airplane_mode_on has moved from android.provider.Settings.System to android.provider.Settings.Global, returning read-only value.
01-06 20:15:55.273 17181 17208 W ResourceType: No known package when getting name for resource number 0xffffffff
01-06 20:15:55.273 17181 17208 W ResourceType: No known package when getting name for resource number 0xffffffff
01-06 20:15:55.283 17181 17208 W ResourceType: No known package when getting name for resource number 0xffffffff
01-06 20:15:55.283 17181 17208 W ResourceType: No known package when getting name for resource number 0xffffffff
01-06 20:15:55.283 17181 17208 W ResourceType: No known package when getting name for resource number 0xffffffff
01-06 20:15:55.283 17181 17208 W ResourceType: No known package when getting name for resource number 0xffffffff
01-06 20:15:55.283 17181 17208 W ResourceType: No known package when getting name for resource number 0xffffffff
01-06 20:15:55.283 17181 17208 W ResourceType: No known package when getting name for resource number 0xffffffff
01-06 20:15:55.283 17181 17208 W ResourceType: No known package when getting name for resource number 0xffffffff
01-06 20:15:55.283 17181 17208 W ResourceType: No known package when getting name for resource number 0xffffffff
01-06 20:15:55.293 17181 17208 W ResourceType: No known package when getting name for resource number 0xffffffff
01-06 20:15:55.293 17181 17208 W ResourceType: No known package when getting name for resource number 0xffffffff
01-06 20:15:55.303 17181 17208 W ResourceType: No known package when getting name for resource number 0xffffffff
01-06 20:15:55.313   659  1237 E LocSvc_adapter: I/<--- void globalEventCb(locClientHandleType, uint32_t, locClientEventIndUnionType, void*) line 88 QMI_LOC_EVENT_NMEA_IND_V02
01-06 20:15:55.313   659  1187 E LocSvc_eng: I/<=== nmea_cb line 1683 0x726059e8
01-06 20:15:55.323   659  1237 E LocSvc_adapter: I/<--- void globalEventCb(locClientHandleType, uint32_t, locClientEventIndUnionType, void*) line 88 QMI_LOC_EVENT_NMEA_IND_V02
01-06 20:15:55.323   659  1187 E LocSvc_eng: I/<=== nmea_cb line 1683 0x73246838
01-06 20:15:55.323   659  1237 E LocSvc_adapter: I/<--- void globalEventCb(locClientHandleType, uint32_t, locClientEventIndUnionType, void*) line 88 QMI_LOC_EVENT_NMEA_IND_V02
01-06 20:15:55.323   659  1237 E LocSvc_adapter: I/<--- void globalEventCb(locClientHandleType, uint32_t, locClientEventIndUnionType, void*) line 88 QMI_LOC_EVENT_NMEA_IND_V02
01-06 20:15:55.323   659  1187 E LocSvc_eng: I/<=== nmea_cb line 1683 0x73246838
01-06 20:15:55.323   659  1237 E LocSvc_adapter: I/<--- void globalEventCb(locClientHandleType, uint32_t, locClientEventIndUnionType, void*) line 88 QMI_LOC_EVENT_GNSS_SV_INFO_IND_V02
01-06 20:15:55.323   659  1237 E LocSvc_adapter: I/num sv: 12    ephemeris mask: 40960    almanac mask: a000    used in fix mask: 0
01-06 20:15:55.323   659  1237 E LocSvc_adapter:       sv: prn         snr       elevation      azimuth
01-06 20:15:55.323   659  1237 E LocSvc_adapter: I/   0:   14    14.300000    20.000000    113.000000
01-06 20:15:55.323   659  1237 E LocSvc_adapter: I/<--- void globalEventCb(locClientHandleType, uint32_t, locClientEventIndUnionType, void*) line 88 QMI_LOC_EVENT_NMEA_IND_V02
01-06 20:15:55.323   659  1237 E LocSvc_adapter: I/<--- void globalEventCb(locClientHandleType, uint32_t, locClientEventIndUnionType, void*) line 88 QMI_LOC_EVENT_NMEA_IND_V02
01-06 20:15:55.323   659  1237 E LocSvc_adapter: I/<--- void globalEventCb(locClientHandleType, uint32_t, locClientEventIndUnionType, void*) line 88 QMI_LOC_EVENT_NMEA_IND_V02
01-06 20:15:55.323   659  1237 E LocSvc_adapter: I/<--- void globalEventCb(locClientHandleType, uint32_t, locClientEventIndUnionType, void*) line 88 QMI_LOC_EVENT_NMEA_IND_V02
01-06 20:15:55.323   659  1237 E LocSvc_adapter: I/<--- void globalEventCb(locClientHandleType, uint32_t, locClientEventIndUnionType, void*) line 88 QMI_LOC_EVENT_NMEA_IND_V02
01-06 20:15:55.323   659  1237 E LocSvc_adapter: I/<--- void globalEventCb(locClientHandleType, uint32_t, locClientEventIndUnionType, void*) line 88 QMI_LOC_EVENT_NMEA_IND_V02
01-06 20:15:55.323   659  1187 E LocSvc_eng: I/<=== nmea_cb line 1683 0x726059e8
01-06 20:15:55.323   659  1187 E LocSvc_eng: I/<=== nmea_cb line 1683 0x740d0978
01-06 20:15:55.323 17181 17208 W ResourceType: No known package when getting name for resource number 0xffffffff
01-06 20:15:55.323 17181 17208 W ResourceType: No known package when getting name for resource number 0xffffffff
01-06 20:15:55.333   659  1187 E LocSvc_eng: I/<=== nmea_cb line 1683 0x732ad7f8
01-06 20:15:55.333   659  1187 E LocSvc_eng: I/<=== nmea_cb line 1683 0x7315b530
01-06 20:15:55.333   659  1187 E LocSvc_eng: I/<=== nmea_cb line 1683 0x73199240
01-06 20:15:55.333   659  1187 E LocSvc_eng: I/<=== nmea_cb line 1683 0x7342c7a0
01-06 20:15:55.333   659  1187 E LocSvc_eng: I/<=== nmea_cb line 1683 0x734f6390
01-06 20:15:55.333 17181 17208 W ResourceType: No known package when getting name for resource number 0xffffffff
01-06 20:15:55.333 17181 17208 W ResourceType: No known package when getting name for resource number 0xffffffff
01-06 20:15:55.333 17181 17208 W ResourceType: No known package when getting name for resource number 0xffffffff
01-06 20:15:55.333 17181 17208 W ResourceType: No known package when getting name for resource number 0xffffffff
01-06 20:15:55.333 17181 17208 W ResourceType: No known package when getting name for resource number 0xffffffff
01-06 20:15:55.333 17181 17208 W ResourceType: No known package when getting name for resource number 0xffffffff
01-06 20:15:55.343 17181 17208 W ResourceType: No known package when getting name for resource number 0xffffffff
01-06 20:15:55.343 17181 17208 W ResourceType: No known package when getting name for resource number 0xffffffff
01-06 20:15:55.343 17181 17208 W ResourceType: No known package when getting name for resource number 0xffffffff
01-06 20:15:55.343 17181 17208 W ResourceType: No known package when getting name for resource number 0xffffffff
01-06 20:15:55.343   659  1237 E LocSvc_adapter: I/<--- void globalEventCb(locClientHandleType, uint32_t, locClientEventIndUnionType, void*) line 88 QMI_LOC_EVENT_POSITION_REPORT_IND_V02
01-06 20:15:55.343 17181 17208 W ResourceType: No known package when getting name for resource number 0xffffffff
01-06 20:15:55.343 17181 17208 W ResourceType: No known package when getting name for resource number 0xffffffff
01-06 20:15:55.343 17181 17208 W ResourceType: No known package when getting name for resource number 0xffffffff
01-06 20:15:55.343 17181 17208 W ResourceType: No known package when getting name for resource number 0xffffffff
01-06 20:15:55.343 17181 17208 W ResourceType: No known package when getting name for resource number 0xffffffff
01-06 20:15:55.363 17181 17208 W ResourceType: No known package when getting name for resource number 0xffffffff
01-06 20:15:55.363 17181 17208 W ResourceType: No known package when getting name for resource number 0xffffffff
01-06 20:15:55.363 17181 17208 W ResourceType: No known package when getting name for resource number 0xffffffff
01-06 20:15:55.393 17181 17208 W ResourceType: No known package when getting name for resource number 0xffffffff
01-06 20:15:55.393 17181 17208 W ResourceType: No known package when getting name for resource number 0xffffffff
01-06 20:15:55.393 17181 17208 W ResourceType: No known package when getting name for resource number 0xffffffff
01-06 20:15:55.393 17181 17208 W ResourceType: No known package when getting name for resource number 0xffffffff
01-06 20:15:55.393 17181 17208 W ResourceType: No known package when getting name for resource number 0xffffffff
01-06 20:15:55.393 17181 17208 W ResourceType: No known package when getting name for resource number 0xffffffff
01-06 20:15:55.393 17181 17208 W ResourceType: No known package when getting name for resource number 0xffffffff
01-06 20:15:55.403 17181 17208 W ResourceType: No known package when getting name for resource number 0xffffffff
01-06 20:15:55.403 17181 17208 W ResourceType: No known package when getting name for resource number 0xffffffff
01-06 20:15:55.403 17181 17208 W ResourceType: No known package when getting name for resource number 0xffffffff
01-06 20:15:55.403 17181 17208 W ResourceType: No known package when getting name for resource number 0xffffffff
01-06 20:15:55.403 17181 17208 W ResourceType: No known package when getting name for resource number 0xffffffff
01-06 20:15:55.403 17181 17208 W ResourceType: No known package when getting name for resource number 0xffffffff
01-06 20:15:55.403 17181 17208 W ResourceType: No known package when getting name for resource number 0xffffffff
01-06 20:15:55.403 17181 17208 W ResourceType: No known package when getting name for resource number 0xffffffff
01-06 20:15:55.403 17181 17208 W ResourceType: No known package when getting name for resource number 0xffffffff
01-06 20:15:55.403 17181 17208 W ResourceType: No known package when getting name for resource number 0xffffffff
01-06 20:15:55.413 17181 17208 W ResourceType: No known package when getting name for resource number 0xffffffff
01-06 20:15:55.423 17181 17208 W ResourceType: No known package when getting name for resource number 0xffffffff
01-06 20:15:55.423 17181 17208 W ResourceType: No known package when getting name for resource number 0xffffffff
01-06 20:15:55.443 17181 17208 W ResourceType: No known package when getting name for resource number 0xffffffff
01-06 20:15:55.443 17181 17208 W ResourceType: No known package when getting name for resource number 0xffffffff
01-06 20:15:55.453 17181 17208 W ResourceType: No known package when getting name for resource number 0xffffffff
01-06 20:15:55.453 17181 17208 W ResourceType: No known package when getting name for resource number 0xffffffff
01-06 20:15:55.453 17181 17208 W ResourceType: No known package when getting name for resource number 0xffffffff
01-06 20:15:55.453 17181 17208 W ResourceType: No known package when getting name for resource number 0xffffffff
01-06 20:15:55.453 17181 17208 W ResourceType: No known package when getting name for resource number 0xffffffff
01-06 20:15:55.453 17181 17208 W ResourceType: No known package when getting name for resource number 0xffffffff
01-06 20:15:55.453 17181 17208 W ResourceType: No known package when getting name for resource number 0xffffffff
01-06 20:15:55.463 17181 17208 W ResourceType: No known package when getting name for resource number 0xffffffff
01-06 20:15:55.463 17181 17208 W ResourceType: No known package when getting name for resource number 0xffffffff
01-06 20:15:55.463 17181 17208 W ResourceType: No known package when getting name for resource number 0xffffffff
01-06 20:15:55.463 17181 17208 W ResourceType: No known package when getting name for resource number 0xffffffff
01-06 20:15:55.463 17181 17208 W ResourceType: No known package when getting name for resource number 0xffffffff
01-06 20:15:55.463 17181 17208 W ResourceType: No known package when getting name for resource number 0xffffffff
01-06 20:15:55.463 17181 17208 W ResourceType: No known package when getting name for resource number 0xffffffff
01-06 20:15:55.463 17181 17208 W ResourceType: No known package when getting name for resource number 0xffffffff
01-06 20:15:55.473 17181 17208 W ResourceType: No known package when getting name for resource number 0xffffffff
01-06 20:15:55.483 17181 17208 W ResourceType: No known package when getting name for resource number 0xffffffff
01-06 20:15:55.483 17181 17208 W ResourceType: No known package when getting name for resource number 0xffffffff
01-06 20:15:55.503 17181 17208 W ResourceType: No known package when getting name for resource number 0xffffffff
01-06 20:15:55.503 17181 17208 W ResourceType: No known package when getting name for resource number 0xffffffff
01-06 20:15:55.503 17181 17208 W ResourceType: No known package when getting name for resource number 0xffffffff
01-06 20:15:55.503 17181 17208 W ResourceType: No known package when getting name for resource number 0xffffffff
01-06 20:15:55.513 17181 17208 W ResourceType: No known package when getting name for resource number 0xffffffff
01-06 20:15:55.513 17181 17208 W ResourceType: No known package when getting name for resource number 0xffffffff
01-06 20:15:55.513 17181 17208 W ResourceType: No known package when getting name for resource number 0xffffffff
01-06 20:15:55.513 17181 17208 W ResourceType: No known package when getting name for resource number 0xffffffff
01-06 20:15:55.513 17181 17208 W ResourceType: No known package when getting name for resource number 0xffffffff
01-06 20:15:55.513 17181 17208 W ResourceType: No known package when getting name for resource number 0xffffffff
01-06 20:15:55.513 17181 17208 W ResourceType: No known package when getting name for resource number 0xffffffff
01-06 20:15:55.513 17181 17208 W ResourceType: No known package when getting name for resource number 0xffffffff
01-06 20:15:55.513 17181 17208 W ResourceType: No known package when getting name for resource number 0xffffffff
01-06 20:15:55.523 17181 17208 W ResourceType: No known package when getting name for resource number 0xffffffff
01-06 20:15:55.523 17181 17208 W ResourceType: No known package when getting name for resource number 0xffffffff
01-06 20:15:55.523 17181 17208 W ResourceType: No known package when getting name for resource number 0xffffffff
01-06 20:15:55.523 17181 17208 W ResourceType: No known package when getting name for resource number 0xffffffff
01-06 20:15:55.533 17181 17208 W ResourceType: No known package when getting name for resource number 0xffffffff
01-06 20:15:55.533 17181 17208 W ResourceType: No known package when getting name for resource number 0xffffffff
01-06 20:15:55.543 17181 17208 W ResourceType: No known package when getting name for resource number 0xffffffff
01-06 20:15:55.573 17181 17208 W ResourceType: No known package when getting name for resource number 0xffffffff
01-06 20:15:55.573 17181 17208 W ResourceType: No known package when getting name for resource number 0xffffffff
01-06 20:15:55.573 17181 17208 W ResourceType: No known package when getting name for resource number 0xffffffff
01-06 20:15:55.573 17181 17208 W ResourceType: No known package when getting name for resource number 0xffffffff
01-06 20:15:55.573 17181 17208 W ResourceType: No known package when getting name for resource number 0xffffffff
01-06 20:15:55.573 17181 17208 W ResourceType: No known package when getting name for resource number 0xffffffff
01-06 20:15:55.583 17181 17208 W ResourceType: No known package when getting name for resource number 0xffffffff
01-06 20:15:55.694 17141 17141 I TCPDUMP : Packets Captured ID =1532
01-06 20:15:55.694 17141 17141 I TCPDUMP : Packets Captured ID =1533
01-06 20:15:55.724 17181 17184 D dalvikvm: GC_CONCURRENT freed 5988K, 30% free 20247K/28796K, paused 6ms+19ms, total 170ms
01-06 20:15:55.724 17181 17208 D dalvikvm: WAIT_FOR_CONCURRENT_GC blocked 146ms
01-06 20:15:55.724 17181 17319 D dalvikvm: WAIT_FOR_CONCURRENT_GC blocked 114ms
01-06 20:15:55.724 17181 17369 D dalvikvm: WAIT_FOR_CONCURRENT_GC blocked 26ms
01-06 20:15:55.734 17181 17208 W ResourceType: No known package when getting name for resource number 0xffffffff
01-06 20:15:55.734 17181 17208 W ResourceType: No known package when getting name for resource number 0xffffffff
01-06 20:15:55.734 17181 17208 W ResourceType: No known package when getting name for resource number 0xffffffff
01-06 20:15:55.734 17181 17208 W ResourceType: No known package when getting name for resource number 0xffffffff
01-06 20:15:55.734 17181 17208 W ResourceType: No known package when getting name for resource number 0xffffffff
01-06 20:15:55.734 17181 17208 W ResourceType: No known package when getting name for resource number 0xffffffff
01-06 20:15:55.734 17181 17208 W ResourceType: No known package when getting name for resource number 0xffffffff
01-06 20:15:55.744 17181 17208 W ResourceType: No known package when getting name for resource number 0xffffffff
01-06 20:15:55.744 17181 17208 W ResourceType: No known package when getting name for resource number 0xffffffff
01-06 20:15:55.744 17181 17208 W ResourceType: No known package when getting name for resource number 0xffffffff
01-06 20:15:55.764 17181 17208 W ResourceType: No known package when getting name for resource number 0xffffffff
01-06 20:15:55.764 17181 17208 W ResourceType: No known package when getting name for resource number 0xffffffff
01-06 20:15:55.774 17181 17208 W ResourceType: No known package when getting name for resource number 0xffffffff
01-06 20:15:55.804 17181 17208 W ResourceType: No known package when getting name for resource number 0xffffffff
01-06 20:15:55.814 17181 17208 W ResourceType: No known package when getting name for resource number 0xffffffff
01-06 20:15:55.814 17181 17208 W ResourceType: No known package when getting name for resource number 0xffffffff
01-06 20:15:55.814 17181 17208 W ResourceType: No known package when getting name for resource number 0xffffffff
01-06 20:15:55.824 17181 17208 W ResourceType: No known package when getting name for resource number 0xffffffff
01-06 20:15:55.824 17181 17208 W ResourceType: No known package when getting name for resource number 0xffffffff
01-06 20:15:55.824 17181 17208 W ResourceType: No known package when getting name for resource number 0xffffffff
01-06 20:15:55.824 17181 17208 W ResourceType: No known package when getting name for resource number 0xffffffff
01-06 20:15:55.824 17181 17208 W ResourceType: No known package when getting name for resource number 0xffffffff
01-06 20:15:55.824 17181 17208 W ResourceType: No known package when getting name for resource number 0xffffffff
01-06 20:15:55.824 17181 17208 W ResourceType: No known package when getting name for resource number 0xffffffff
01-06 20:15:55.824 17181 17208 W ResourceType: No known package when getting name for resource number 0xffffffff
01-06 20:15:55.834 17181 17208 W ResourceType: No known package when getting name for resource number 0xffffffff
01-06 20:15:55.834 17181 17208 W ResourceType: No known package when getting name for resource number 0xffffffff
01-06 20:15:55.834 17181 17208 W ResourceType: No known package when getting name for resource number 0xffffffff
01-06 20:15:55.834 17181 17208 W ResourceType: No known package when getting name for resource number 0xffffffff
01-06 20:15:55.834 17181 17208 W ResourceType: No known package when getting name for resource number 0xffffffff
01-06 20:15:55.844 17181 17208 W ResourceType: No known package when getting name for resource number 0xffffffff
01-06 20:15:55.844 17181 17208 W ResourceType: No known package when getting name for resource number 0xffffffff
01-06 20:15:55.854 17181 17208 W ResourceType: No known package when getting name for resource number 0xffffffff
01-06 20:15:55.884 17181 17208 W ResourceType: No known package when getting name for resource number 0xffffffff
01-06 20:15:55.884 17181 17208 W ResourceType: No known package when getting name for resource number 0xffffffff
01-06 20:15:55.884 17181 17208 W ResourceType: No known package when getting name for resource number 0xffffffff
01-06 20:15:55.884 17181 17208 W ResourceType: No known package when getting name for resource number 0xffffffff
01-06 20:15:55.884 17181 17208 W ResourceType: No known package when getting name for resource number 0xffffffff
01-06 20:15:55.884 17181 17208 W ResourceType: No known package when getting name for resource number 0xffffffff
01-06 20:15:55.884 17181 17208 W ResourceType: No known package when getting name for resource number 0xffffffff
01-06 20:15:55.894 17181 17208 W ResourceType: No known package when getting name for resource number 0xffffffff
01-06 20:15:55.894 17181 17208 W ResourceType: No known package when getting name for resource number 0xffffffff
01-06 20:15:55.894 17181 17208 W ResourceType: No known package when getting name for resource number 0xffffffff
01-06 20:15:55.894 17181 17208 W ResourceType: No known package when getting name for resource number 0xffffffff
01-06 20:15:55.894 17181 17208 W ResourceType: No known package when getting name for resource number 0xffffffff
01-06 20:15:55.894 17181 17208 W ResourceType: No known package when getting name for resource number 0xffffffff
01-06 20:15:55.894 17181 17208 W ResourceType: No known package when getting name for resource number 0xffffffff
01-06 20:15:55.894 17181 17208 W ResourceType: No known package when getting name for resource number 0xffffffff
01-06 20:15:55.894 17181 17208 W ResourceType: No known package when getting name for resource number 0xffffffff
01-06 20:15:55.894 17181 17208 W ResourceType: No known package when getting name for resource number 0xffffffff
01-06 20:15:55.914 17181 17208 W ResourceType: No known package when getting name for resource number 0xffffffff
01-06 20:15:55.914 17181 17208 W ResourceType: No known package when getting name for resource number 0xffffffff
01-06 20:15:55.914 17181 17208 W ResourceType: No known package when getting name for resource number 0xffffffff
01-06 20:15:55.964 17181 17208 W ResourceType: No known package when getting name for resource number 0xffffffff
01-06 20:15:55.964 17181 17208 W ResourceType: No known package when getting name for resource number 0xffffffff
01-06 20:15:55.964 17181 17208 W ResourceType: No known package when getting name for resource number 0xffffffff
01-06 20:15:55.964 17181 17208 W ResourceType: No known package when getting name for resource number 0xffffffff
01-06 20:15:55.974 17181 17208 W ResourceType: No known package when getting name for resource number 0xffffffff
01-06 20:15:55.974 17141 17141 I TCPDUMP : Packets Captured ID =1534
01-06 20:15:55.974 17181 17208 W ResourceType: No known package when getting name for resource number 0xffffffff
01-06 20:15:55.974 17181 17208 W ResourceType: No known package when getting name for resource number 0xffffffff
01-06 20:15:55.984 17181 17208 W ResourceType: No known package when getting name for resource number 0xffffffff
01-06 20:15:55.984 17181 17208 W ResourceType: No known package when getting name for resource number 0xffffffff
01-06 20:15:56.014 17181 17208 W ResourceType: No known package when getting name for resource number 0xffffffff
01-06 20:15:56.014 17181 17208 D ROBOT_UTIL_ALF: -->com.facebook.widget.recycle.RecycleViewWrapper,[360.0,214.0],-1,
01-06 20:15:56.014 17181 17208 W ResourceType: No known package when getting name for resource number 0xffffffff
01-06 20:15:56.014 17181 17208 W ResourceType: No known package when getting name for resource number 0xffffffff
01-06 20:15:56.014 17181 17208 D ROBOT_UTIL_ALF: -->android.widget.LinearLayout,[360.0,214.0],-1,
01-06 20:15:56.014 17181 17208 W ResourceType: No known package when getting name for resource number 0xffffffff
01-06 20:15:56.014 17181 17208 D ROBOT_UTIL_ALF: -->android.view.View,[360.0,206.0],2131362861,feed_top_padding_ptr_spacer,
01-06 20:15:56.014 17181 17208 D ROBOT_UTIL_ALF: -->android.view.View,[360.0,262.0],2131362862,feed_top_padding_first_story_spacer,
01-06 20:15:56.014 17181 17208 D ROBOT_UTIL_ALF: OMG, cannot find view for class name:com.facebook.feed.ui.StoryContentTextView
01-06 20:15:56.044 17181 17208 W ResourceType: No known package when getting name for resource number 0xffffffff
01-06 20:15:56.044 17181 17208 D ROBOT_UTIL_ALF: -->com.facebook.widget.recycle.RecycleViewWrapper,[360.0,214.0],-1,
01-06 20:15:56.044 17181 17208 W ResourceType: No known package when getting name for resource number 0xffffffff
01-06 20:15:56.044 17181 17208 W ResourceType: No known package when getting name for resource number 0xffffffff
01-06 20:15:56.044 17181 17208 D ROBOT_UTIL_ALF: -->android.widget.LinearLayout,[360.0,214.0],-1,
01-06 20:15:56.044 17181 17208 W ResourceType: No known package when getting name for resource number 0xffffffff
01-06 20:15:56.044 17181 17208 D ROBOT_UTIL_ALF: -->android.view.View,[360.0,206.0],2131362861,feed_top_padding_ptr_spacer,
01-06 20:15:56.044 17181 17208 D ROBOT_UTIL_ALF: -->android.view.View,[360.0,262.0],2131362862,feed_top_padding_first_story_spacer,
01-06 20:15:56.044 17181 17208 D ROBOT_UTIL_ALF: OMG, cannot find view for class name:android.widget.TextView
01-06 20:15:56.074 17181 17208 W ResourceType: No known package when getting name for resource number 0xffffffff
01-06 20:15:56.074 17181 17208 D ROBOT_UTIL_ALF: -->com.facebook.widget.recycle.RecycleViewWrapper,[360.0,724.5],-1,
01-06 20:15:56.074 17181 17208 W ResourceType: No known package when getting name for resource number 0xffffffff
01-06 20:15:56.084 17181 17208 W ResourceType: No known package when getting name for resource number 0xffffffff
01-06 20:15:56.084 17181 17208 D ROBOT_UTIL_ALF: -->com.facebook.feed.ui.FeedStoryView,[360.0,724.5],-1,
01-06 20:15:56.084 17181 17208 W ResourceType: No known package when getting name for resource number 0xffffffff
01-06 20:15:56.094 17181 17208 D ROBOT_UTIL_ALF: -->android.view.View,[360.0,277.0],2131362794,feed_story_top_padding,
01-06 20:15:56.094 17181 17208 D ROBOT_UTIL_ALF: -->com.facebook.feed.ui.StoryHeaderSection,[360.0,350.0],2131362795,feed_story_header,
01-06 20:15:56.094 17181 17208 D ROBOT_UTIL_ALF: -->com.facebook.feed.ui.attachments.StoryAttachmentsSection,[360.0,757.0],2131362797,feed_story_attachments,
01-06 20:15:56.094 17181 17208 D ROBOT_UTIL_ALF: -->com.facebook.feed.ui.footer.StoryFooterSection,[360.0,1123.5],2131362804,feed_story_footer,
01-06 20:15:56.094 17181 17208 D ROBOT_UTIL_ALF: -->android.view.View,[360.0,1172.0],2131362805,feed_story_bottom_padding,
01-06 20:15:56.094 17181 17208 D ROBOT_UTIL_ALF: -->com.facebook.widget.images.UrlImage,[82.0,343.0],2131362826,feed_story_primary_actor,
01-06 20:15:56.094 17181 17208 D ROBOT_UTIL_ALF: -->android.widget.ImageView,[657.0,315.0],2131362426,feed_story_menu_button,
01-06 20:15:56.104 17181 17208 D ROBOT_UTIL_ALF: -->com.facebook.feed.ui.StoryContentTextView,[377.0,345.0],2131362828,feed_story_title,Alfred RobustNet added 2 new photos.,
01-06 20:15:56.104 17181 17208 D ROBOT_UTIL_ALF: -->android.widget.TextView,[198.5,395.0],2131362829,feed_story_info,Just Now ,
01-06 20:15:56.104 17181 17208 W ResourceType: No known package when getting name for resource number 0xffffffff
01-06 20:15:56.104 17181 17208 D ROBOT_UTIL_ALF: -->com.facebook.feed.ui.attachments.StoryAttachmentViewAlbum,[360.0,757.0],-1,
01-06 20:15:56.104 17181 17208 W ResourceType: No known package when getting name for resource number 0xffffffff
01-06 20:15:56.104 17181 17208 D ROBOT_UTIL_ALF: -->com.facebook.feed.ui.footer.DefaultFeedbackView,[360.0,1123.5],2131362825,feed_story_default_feedback_bar,
01-06 20:15:56.104 17181 17208 D ROBOT_UTIL_ALF: -->android.widget.ImageView,[82.0,343.0],2131363941,url_image_image,
01-06 20:15:56.104 17181 17208 W ResourceType: No known package when getting name for resource number 0xffffffff
01-06 20:15:56.104 17181 17208 D ROBOT_UTIL_ALF: -->android.widget.LinearLayout,[360.0,759.0],-1,
01-06 20:15:56.104 17181 17208 W ResourceType: No known package when getting name for resource number 0xffffffff
01-06 20:15:56.104 17181 17208 D ROBOT_UTIL_ALF: -->android.view.View,[360.0,1091.0],2131362852,feed_bling_bar_spacing_view,
01-06 20:15:56.104 17181 17208 D ROBOT_UTIL_ALF: -->android.view.View,[360.0,1099.5],2131362733,feed_feedback_divider,
01-06 20:15:56.114 17181 17208 D ROBOT_UTIL_ALF: -->com.facebook.feed.ui.footer.FeedbackActionButtonBar,[360.0,1132.0],2131362682,feed_feedback_container,
01-06 20:15:56.114 17181 17208 D ROBOT_UTIL_ALF: -->com.facebook.feed.photos.NewsFeedPhotoGallery,[360.0,759.0],2131362770,feed_story_image_attachments,
01-06 20:15:56.114 17181 17208 D ROBOT_UTIL_ALF: -->com.facebook.feed.ui.footer.FeedbackCustomPressStateButton,[136.0,1132.0],2131362696,feed_feedback_like_container,
