01-06 20:16:17.687   659  1727 I am_destroy_service: [0,1109939664,edu.umich.robustnet.aroandappcontroller/.main.AROCollectorService,16677]
01-06 20:16:17.687   659   676 I notification_cancel: [edu.umich.robustnet.aroandappcontroller,1,NULL,0,0,0]
01-06 20:16:17.687   659   659 I am_finish_activity: [0,1101130576,13,edu.umich.robustnet.aroandappcontroller/.activities.AROCollectorHomeActivity,app-request]
01-06 20:16:17.697 16677 16677 I am_on_paused_called: [0,edu.umich.robustnet.aroandappcontroller.activities.AROCollectorHomeActivity]
01-06 20:16:17.697   659  1086 I am_restart_activity: [0,1104960456,13,edu.umich.robustnet.aroandappcontroller/.activities.AROCollectorCompletedActivity]
01-06 20:16:17.777   659  1727 I notification_cancel: [edu.umich.robustnet.aroandappcontroller,1,NULL,0,0,64]
01-06 20:16:17.787   659   671 I notification_cancel: [edu.umich.robustnet.aroandappcontroller,1,NULL,0,0,64]
01-06 20:16:17.817   659  3936 I notification_cancel: [com.android.systemui,252119,NULL,-1,0,64]
01-06 20:16:17.907 16677 16677 I am_on_resume_called: [0,edu.umich.robustnet.aroandappcontroller.activities.AROCollectorCompletedActivity]
01-06 20:16:18.017   659   675 I am_activity_launch_time: [0,1104960456,edu.umich.robustnet.aroandappcontroller/.activities.AROCollectorCompletedActivity,321,321]
01-06 20:16:18.358   659   673 I am_destroy_activity: [0,1101130576,13,edu.umich.robustnet.aroandappcontroller/.activities.AROCollectorHomeActivity,finish-imm]
01-06 20:16:19.929   659  1023 I am_create_service: [0,1111490360,com.facebook.katana/com.facebook.push.mqtt.MqttPushService,act=Orca.START,17650]
01-06 20:16:20.180   659  1086 I am_create_service: [0,1111279504,com.facebook.katana/com.facebook.fbservice.service.DefaultBlueService,,17650]
01-06 20:16:20.210   659   874 I am_proc_start: [0,17703,10081,com.facebook.katana:providers,content provider,com.facebook.katana/.provider.GraphQLNotificationsContentProvider]
01-06 20:16:20.240   659  3937 I am_proc_bound: [0,17703,com.facebook.katana:providers]
01-06 20:16:20.260   659  1086 I am_create_service: [0,1108930520,com.facebook.katana/.service.FacebookService,,17650]
01-06 20:16:20.260   659   670 I notification_cancel: [com.facebook.katana,7,NULL,0,0,64]
01-06 20:16:20.260   659  3936 I notification_cancel: [com.facebook.katana,10004,NULL,0,0,64]
01-06 20:16:20.270   659   659 I am_create_service: [0,1108080536,com.facebook.katana/.service.vault.VaultManagerService,,17650]
01-06 20:16:20.350   659  1728 I am_create_service: [0,1106889848,com.facebook.katana/.service.AttributionIdService,,17650]
01-06 20:16:20.490 17650 17693 I content_query_sample: [content://com.facebook.katana.experiments/quick_experiment,uid/name/groupName/hash/loggingEnabled/locale/exposureTTL/customContentJSON/dataSource/meta_info,dataSource=? and uid=?,,112,,23]
01-06 20:16:20.550   659   670 I am_destroy_service: [0,1106889848,com.facebook.katana/.service.AttributionIdService,17650]
01-06 20:16:20.971   659   659 I notification_cancel: [com.facebook.katana,33,NULL,0,0,64]
01-06 20:16:21.101 17650 17698 I dvm_lock_sample: [com.facebook.katana,0,AsyncTask #2,809,FbSharedPreferencesImpl.java,660,-,660,100]
01-06 20:16:21.101 17650 17699 I dvm_lock_sample: [com.facebook.katana,0,AsyncTask #3,793,FbSharedPreferencesImpl.java,660,-,660,100]
01-06 20:16:21.101 17650 17700 I dvm_lock_sample: [com.facebook.katana,0,AsyncTask #4,844,FbSharedPreferencesImpl.java,660,-,660,100]
01-06 20:16:21.101 17650 17695 I dvm_lock_sample: [com.facebook.katana,0,AsyncTask #1,835,FbSharedPreferencesImpl.java,660,-,660,100]
01-06 20:16:21.141 17650 17696 I content_query_sample: [content://com.facebook.katana.properties/properties/com.facebook.orca.database.ThreadsDatabaseSupplier/properties,value,key=?,,444,,89]
01-06 20:16:21.371   659   896 I am_destroy_service: [0,1108080536,com.facebook.katana/.service.vault.VaultManagerService,17650]
01-06 20:16:21.471 17650 17734 I content_query_sample: [content://com.facebook.katana.messages/thread_summaries,thread_id/thread_fbid/action_id/refetch_action_id/last_visible_action_id/name/participants/former_participants/object_participants/senders/single_recipient_thread/single_recipient_user_key/snippet/snippet_sender/admin_snippet/timestamp_ms/unread/pic_hash/can_reply_to/pic/is_subscribed/folder/draft/last_fetch_time_ms/timestamp_in_folder_ms,(folder=?),timestamp_in_folder_ms DESC LIMIT 21,6,,2]
01-06 20:16:21.701 17650 17702 I content_query_sample: [content://com.facebook.katana.provider.GraphQLNotificationsProvider/gql_notifications?LIMIT=1,cursor,recipient_id=100004638540466,,686,,100]
01-06 20:16:21.821 17650 17734 I content_query_sample: [content://com.facebook.katana.messages/thread_summaries,thread_id/thread_fbid/action_id/refetch_action_id/last_visible_action_id/name/participants/former_participants/object_participants/senders/single_recipient_thread/single_recipient_user_key/snippet/snippet_sender/admin_snippet/timestamp_ms/unread/pic_hash/can_reply_to/pic/is_subscribed/folder/draft/last_fetch_time_ms/timestamp_in_folder_ms,(folder=?),timestamp_in_folder_ms DESC LIMIT 21,24,,5]
01-06 20:16:22.032   659  6072 I am_destroy_service: [0,1108930520,com.facebook.katana/.service.FacebookService,17650]
01-06 20:16:22.102 17650 17696 I content_query_sample: [content://com.facebook.katana.properties/properties/com.facebook.contacts.data.ContactsDatabaseSupplier/contacts_db_properties,value,key=?,,220,,45]
01-06 20:16:22.452   659   874 I am_destroy_service: [0,1111279504,com.facebook.katana/com.facebook.fbservice.service.DefaultBlueService,17650]
01-06 20:16:22.512 17650 17711 I dvm_lock_sample: [com.facebook.katana,0,AsyncTask #5,594,FbSharedPreferencesImpl.java,660,-,660,100]
01-06 20:16:22.522 17650 17698 I dvm_lock_sample: [com.facebook.katana,0,AsyncTask #2,543,FbSharedPreferencesImpl.java,660,-,660,100]
01-06 20:16:22.522 17650 17699 I dvm_lock_sample: [com.facebook.katana,0,AsyncTask #3,423,FbSharedPreferencesImpl.java,660,-,660,84]
01-06 20:16:22.522 17650 17695 I dvm_lock_sample: [com.facebook.katana,0,AsyncTask #1,613,FbSharedPreferencesImpl.java,660,-,660,100]
01-06 20:16:22.913   659   659 I am_finish_activity: [0,1104960456,13,edu.umich.robustnet.aroandappcontroller/.activities.AROCollectorCompletedActivity,app-request]
01-06 20:16:23.013   659   659 I am_pause_activity: [0,1104960456,edu.umich.robustnet.aroandappcontroller/.activities.AROCollectorCompletedActivity]
01-06 20:16:23.013 16677 16677 I am_on_paused_called: [0,edu.umich.robustnet.aroandappcontroller.activities.AROCollectorCompletedActivity]
01-06 20:16:23.013   659   671 I am_resume_activity: [0,1112753880,13,edu.umich.robustnet.aroandappcontroller/.activities.MainActivity]
01-06 20:16:23.033 16677 16677 I am_on_resume_called: [0,edu.umich.robustnet.aroandappcontroller.activities.MainActivity]
01-06 20:16:23.433   659   673 I am_destroy_activity: [0,1104960456,13,edu.umich.robustnet.aroandappcontroller/.activities.AROCollectorCompletedActivity,finish-imm]
